[RockPrecisionFixDiag] Record 1 on Kerbin: scatter on. Heights are distances from the centre of Kerbin, in metres
[RockPrecisionFixDiag]   quad 'Kerbin Xn0113222322': height 601225.582501 m, matrix 601225.582501 m, up 0.000 mm, across 0.000 mm
[RockPrecisionFixDiag]     holder 'Grass00': built, height 601225.582501 m, matrix 601225.582501 m, up 0.000 mm, across 0.000 mm, 0 colliders
[RockPrecisionFixDiag]     holder 'boulder': built, height 601225.582501 m, matrix 601225.582501 m, up 0.000 mm, across 0.000 mm, 4 colliders
[RockPrecisionFixDiag]     holder 'cactus': built, height 601225.582501 m, matrix 601225.582501 m, up 0.000 mm, across 0.000 mm, 3 colliders
[RockPrecisionFixDiag]   quad 'Kerbin Xn0113222320': height 601347.599877 m, matrix 601347.599877 m, up 0.000 mm, across 0.000 mm
[RockPrecisionFixDiag]     holder 'Grass00': built, height 601347.599877 m, matrix 601347.599877 m, up 0.000 mm, across 0.000 mm, 0 colliders
[RockPrecisionFixDiag]     holder 'boulder': built, height 601347.599877 m, matrix 601347.599877 m, up 0.000 mm, across 0.000 mm, 5 colliders
[RockPrecisionFixDiag]     holder 'cactus': built, height 601347.599877 m, matrix 601347.599877 m, up 0.000 mm, across 0.000 mm, 3 colliders
[RockPrecisionFixDiag]   quad 'Kerbin Xn0113222233': height 601569.007093 m, matrix 601569.007093 m, up 0.000 mm, across 0.000 mm
[RockPrecisionFixDiag]     holder 'Grass00': built, height 601569.007093 m, matrix 601569.007093 m, up 0.000 mm, across 0.000 mm, 0 colliders
[RockPrecisionFixDiag]     holder 'boulder': built, height 601569.007093 m, matrix 601569.007093 m, up 0.000 mm, across 0.000 mm, 5 colliders
[RockPrecisionFixDiag]     holder 'cactus': built, height 601569.007093 m, matrix 601569.007093 m, up 0.000 mm, across 0.000 mm, 2 colliders
[RockPrecisionFixDiag]   quad 'Kerbin Xn0113222232': height 601376.321049 m, matrix 601376.321049 m, up 0.000 mm, across 0.000 mm
[RockPrecisionFixDiag]     holder 'Grass00': built, height 601376.321049 m, matrix 601376.321049 m, up 0.000 mm, across 0.000 mm, 0 colliders
[RockPrecisionFixDiag]     holder 'boulder': built, height 601376.321049 m, matrix 601376.321049 m, up 0.000 mm, across 0.000 mm, 5 colliders
[RockPrecisionFixDiag]     holder 'cactus': built, height 601376.321049 m, matrix 601376.321049 m, up 0.000 mm, across 0.000 mm, 3 colliders
[RockPrecisionFixDiag]   quad 'Kerbin Xn0113222231': height 601693.915571 m, matrix 601693.915571 m, up 0.000 mm, across 0.000 mm
[RockPrecisionFixDiag]     holder 'Grass00': built, height 601693.915571 m, matrix 601693.915571 m, up 0.000 mm, across 0.000 mm, 0 colliders
[RockPrecisionFixDiag]     holder 'boulder': built, height 601693.915571 m, matrix 601693.915571 m, up 0.000 mm, across 0.000 mm, 5 colliders
[RockPrecisionFixDiag]     holder 'cactus': built, height 601693.915571 m, matrix 601693.915571 m, up 0.000 mm, across 0.000 mm, 2 colliders
[RockPrecisionFixDiag]   quad 'Kerbin Xn0113222221': height 601485.531536 m, matrix 601485.531536 m, up 0.000 mm, across 0.000 mm
[RockPrecisionFixDiag]     holder 'Grass00': built, height 601485.531536 m, matrix 601485.531536 m, up 0.000 mm, across 0.000 mm, 0 colliders
[RockPrecisionFixDiag]     holder 'boulder': built, height 601485.531536 m, matrix 601485.531536 m, up 0.000 mm, across 0.000 mm, 5 colliders
[RockPrecisionFixDiag]     holder 'cactus': built, height 601485.531536 m, matrix 601485.531536 m, up 0.000 mm, across 0.000 mm, 3 colliders
[RockPrecisionFixDiag]   quad 'Kerbin Xn0113222220': height 601352.622049 m, matrix 601352.622049 m, up 0.000 mm, across 0.000 mm
[RockPrecisionFixDiag]     holder 'Grass00': built, height 601352.622049 m, matrix 601352.630392 m, up +8.343 mm, across 30.116 mm, 0 colliders
[RockPrecisionFixDiag]     holder 'boulder': built, height 601352.622049 m, matrix 601352.630392 m, up +8.343 mm, across 30.116 mm, 5 colliders
[RockPrecisionFixDiag]     holder 'cactus': built, height 601352.622049 m, matrix 601352.630392 m, up +8.343 mm, across 30.116 mm, 3 colliders
[RockPrecisionFixDiag]   quad 'Kerbin Xn0113222213': height 601945.398458 m, matrix 601945.398458 m, up 0.000 mm, across 0.000 mm
[RockPrecisionFixDiag]     holder 'Grass00': built, height 601945.398458 m, matrix 601945.398458 m, up 0.000 mm, across 0.000 mm, 0 colliders
[RockPrecisionFixDiag]     holder 'boulder': built, height 601945.398458 m, matrix 601945.398458 m, up 0.000 mm, across 0.000 mm, 6 colliders
[RockPrecisionFixDiag]     holder 'cactus': built, height 601945.398458 m, matrix 601945.398458 m, up 0.000 mm, across 0.000 mm, 2 colliders
[RockPrecisionFixDiag]   quad 'Kerbin Xn0113222212': height 601669.632784 m, matrix 601669.632784 m, up 0.000 mm, across 0.000 mm
[RockPrecisionFixDiag]     holder 'Grass00': built, height 601669.632784 m, matrix 601669.632784 m, up 0.000 mm, across 0.000 mm, 0 colliders
[RockPrecisionFixDiag]     holder 'boulder': built, height 601669.632784 m, matrix 601669.632784 m, up 0.000 mm, across 0.000 mm, 6 colliders
[RockPrecisionFixDiag]     holder 'cactus': built, height 601669.632784 m, matrix 601669.632784 m, up 0.000 mm, across 0.000 mm, 2 colliders
[RockPrecisionFixDiag]   quad 'Kerbin Xn0112333313': height 601674.228537 m, matrix 601674.228537 m, up 0.000 mm, across 0.000 mm
[RockPrecisionFixDiag]     holder 'Grass00': built, height 601674.228537 m, matrix 601674.168610 m, up -59.927 mm, across 17.747 mm, 0 colliders
[RockPrecisionFixDiag]     holder 'boulder': built, height 601674.228537 m, matrix 601674.168610 m, up -59.927 mm, across 17.747 mm, 5 colliders
[RockPrecisionFixDiag]     holder 'cactus': built, height 601674.228537 m, matrix 601674.168610 m, up -59.927 mm, across 17.747 mm, 2 colliders
[RockPrecisionFixDiag]   quad 'Kerbin Xn0112333312': height 601368.883995 m, matrix 601368.883995 m, up 0.000 mm, across 0.000 mm
[RockPrecisionFixDiag]     holder 'Grass00': built, height 601368.883995 m, matrix 601368.875691 m, up -8.303 mm, across 30.127 mm, 0 colliders
[RockPrecisionFixDiag]     holder 'boulder': built, height 601368.883995 m, matrix 601368.875691 m, up -8.303 mm, across 30.127 mm, 5 colliders
[RockPrecisionFixDiag]     holder 'cactus': built, height 601368.883995 m, matrix 601368.875691 m, up -8.303 mm, across 30.127 mm, 3 colliders
[RockPrecisionFixDiag]   quad 'Kerbin Xn0112333310': height 601630.520604 m, matrix 601630.520604 m, up 0.000 mm, across 0.000 mm
[RockPrecisionFixDiag]     holder 'Grass00': built, height 601630.520604 m, matrix 601630.520604 m, up 0.000 mm, across 0.000 mm, 0 colliders
[RockPrecisionFixDiag]     holder 'boulder': built, height 601630.520604 m, matrix 601630.520604 m, up 0.000 mm, across 0.000 mm, 5 colliders
[RockPrecisionFixDiag]     holder 'cactus': built, height 601630.520604 m, matrix 601630.520604 m, up 0.000 mm, across 0.000 mm, 2 colliders
[RockPrecisionFixDiag]   quad 'Kerbin Xn0112333311': height 601755.264596 m, matrix 601755.264596 m, up 0.000 mm, across 0.000 mm
[RockPrecisionFixDiag]     holder 'Grass00': built, height 601755.264596 m, matrix 601755.256329 m, up -8.267 mm, across 30.137 mm, 0 colliders
[RockPrecisionFixDiag]     holder 'boulder': built, height 601755.264596 m, matrix 601755.256329 m, up -8.267 mm, across 30.137 mm, 6 colliders
[RockPrecisionFixDiag]     holder 'cactus': built, height 601755.264596 m, matrix 601755.256329 m, up -8.267 mm, across 30.137 mm, 2 colliders
[RockPrecisionFixDiag]   quad 'Kerbin Xn0131000021': height 600958.645911 m, matrix 600958.645911 m, up 0.000 mm, across 0.000 mm
[RockPrecisionFixDiag]     holder 'boulder': built, height 600958.645911 m, matrix 600958.645911 m, up 0.000 mm, across 0.000 mm, 2 colliders
[RockPrecisionFixDiag]     holder 'cactus': built, height 600958.645911 m, matrix 600958.645911 m, up 0.000 mm, across 0.000 mm, 4 colliders
[RockPrecisionFixDiag]   quad 'Kerbin Xn0131000020': height 600869.910316 m, matrix 600869.910316 m, up 0.000 mm, across 0.000 mm
[RockPrecisionFixDiag]     holder 'boulder': built, height 600869.910316 m, matrix 600869.910316 m, up 0.000 mm, across 0.000 mm, 1 colliders
[RockPrecisionFixDiag]     holder 'cactus': built, height 600869.910316 m, matrix 600869.910316 m, up 0.000 mm, across 0.000 mm, 4 colliders
[RockPrecisionFixDiag]   quad 'Kerbin Xn0131000013': height 601212.433256 m, matrix 601212.433256 m, up 0.000 mm, across 0.000 mm
[RockPrecisionFixDiag]     holder 'boulder': built, height 601212.433256 m, matrix 601212.433256 m, up 0.000 mm, across 0.000 mm, 4 colliders
[RockPrecisionFixDiag]     holder 'cactus': built, height 601212.433256 m, matrix 601212.433256 m, up 0.000 mm, across 0.000 mm, 3 colliders
[RockPrecisionFixDiag]   quad 'Kerbin Xn0131000012': height 601130.078064 m, matrix 601130.078064 m, up 0.000 mm, across 0.000 mm
[RockPrecisionFixDiag]     holder 'boulder': built, height 601130.078064 m, matrix 601130.078064 m, up 0.000 mm, across 0.000 mm, 3 colliders
[RockPrecisionFixDiag]     holder 'cactus': built, height 601130.078064 m, matrix 601130.078064 m, up 0.000 mm, across 0.000 mm, 3 colliders
[RockPrecisionFixDiag]   quad 'Kerbin Xn0131000011': height 601416.327936 m, matrix 601416.327936 m, up 0.000 mm, across 0.000 mm
[RockPrecisionFixDiag]     holder 'boulder': built, height 601416.327936 m, matrix 601416.396257 m, up +68.321 mm, across 14.665 mm, 5 colliders
[RockPrecisionFixDiag]     holder 'cactus': built, height 601416.327936 m, matrix 601416.396257 m, up +68.321 mm, across 14.665 mm, 3 colliders
[RockPrecisionFixDiag]   quad 'Kerbin Xn0131000010': height 601086.365678 m, matrix 601086.365678 m, up 0.000 mm, across 0.000 mm
[RockPrecisionFixDiag]     holder 'boulder': built, height 601086.365678 m, matrix 601086.374098 m, up +8.420 mm, across 30.094 mm, 3 colliders
[RockPrecisionFixDiag]     holder 'cactus': built, height 601086.365678 m, matrix 601086.374098 m, up +8.420 mm, across 30.094 mm, 3 colliders
[RockPrecisionFixDiag]   quad 'Kerbin Xn0131000003': height 600905.036986 m, matrix 600905.036986 m, up 0.000 mm, across 0.000 mm
[RockPrecisionFixDiag]     holder 'boulder': built, height 600905.036986 m, matrix 600905.028530 m, up -8.457 mm, across 30.084 mm, 2 colliders
[RockPrecisionFixDiag]     holder 'cactus': built, height 600905.036986 m, matrix 600905.028530 m, up -8.457 mm, across 30.084 mm, 4 colliders
[RockPrecisionFixDiag]   quad 'Kerbin Xn0131000002': height 600912.245379 m, matrix 600912.245379 m, up 0.000 mm, across 0.000 mm
[RockPrecisionFixDiag]     holder 'boulder': built, height 600912.245379 m, matrix 600912.245379 m, up 0.000 mm, across 0.000 mm, 2 colliders
[RockPrecisionFixDiag]     holder 'cactus': built, height 600912.245379 m, matrix 600912.245379 m, up 0.000 mm, across 0.000 mm, 4 colliders
[RockPrecisionFixDiag]   quad 'Kerbin Xn0131000001': height 600935.891215 m, matrix 600935.891215 m, up 0.000 mm, across 0.000 mm
[RockPrecisionFixDiag]     holder 'boulder': built, height 600935.891215 m, matrix 600935.891215 m, up 0.000 mm, across 0.000 mm, 2 colliders
[RockPrecisionFixDiag]     holder 'cactus': built, height 600935.891215 m, matrix 600935.891215 m, up 0.000 mm, across 0.000 mm, 4 colliders
[RockPrecisionFixDiag]   quad 'Kerbin Xn0131000000': height 600989.181778 m, matrix 600989.181778 m, up 0.000 mm, across 0.000 mm
[RockPrecisionFixDiag]     holder 'boulder': built, height 600989.181778 m, matrix 600989.233233 m, up +51.455 mm, across 47.278 mm, 2 colliders
[RockPrecisionFixDiag]     holder 'cactus': built, height 600989.181778 m, matrix 600989.233233 m, up +51.455 mm, across 47.278 mm, 4 colliders
[RockPrecisionFixDiag]   quad 'Kerbin Xn0130111313': height 600855.578331 m, matrix 600855.578331 m, up 0.000 mm, across 0.000 mm
[RockPrecisionFixDiag]     holder 'boulder': built, height 600855.578331 m, matrix 600855.578331 m, up 0.000 mm, across 0.000 mm, 1 colliders
[RockPrecisionFixDiag]     holder 'cactus': built, height 600855.578331 m, matrix 600855.578331 m, up 0.000 mm, across 0.000 mm, 5 colliders
[RockPrecisionFixDiag]   quad 'Kerbin Xn0130111311': height 600902.989402 m, matrix 600902.989402 m, up 0.000 mm, across 0.000 mm
[RockPrecisionFixDiag]     holder 'boulder': built, height 600902.989402 m, matrix 600903.040611 m, up +51.209 mm, across 47.544 mm, 2 colliders
[RockPrecisionFixDiag]     holder 'cactus': built, height 600902.989402 m, matrix 600903.040611 m, up +51.209 mm, across 47.544 mm, 4 colliders
[RockPrecisionFixDiag]   quad 'Kerbin Xn0130111310': height 600877.973687 m, matrix 600877.973687 m, up 0.000 mm, across 0.000 mm
[RockPrecisionFixDiag]     holder 'boulder': built, height 600877.973687 m, matrix 600877.965121 m, up -8.565 mm, across 30.053 mm, 1 colliders
[RockPrecisionFixDiag]     holder 'cactus': built, height 600877.973687 m, matrix 600877.965121 m, up -8.565 mm, across 30.053 mm, 4 colliders
[RockPrecisionFixDiag]   quad 'Kerbin Xn0130111133': height 600849.027775 m, matrix 600849.027775 m, up 0.000 mm, across 0.000 mm
[RockPrecisionFixDiag]     holder 'boulder': built, height 600849.027775 m, matrix 600849.019246 m, up -8.529 mm, across 30.064 mm, 1 colliders
[RockPrecisionFixDiag]     holder 'cactus': built, height 600849.027775 m, matrix 600849.019246 m, up -8.529 mm, across 30.064 mm, 5 colliders
[RockPrecisionFixDiag]   quad 'Kerbin Xn0130111132': height 600833.986548 m, matrix 600833.986548 m, up 0.000 mm, across 0.000 mm
[RockPrecisionFixDiag]     holder 'boulder': built, height 600833.986548 m, matrix 600833.995076 m, up +8.528 mm, across 30.064 mm, 1 colliders
[RockPrecisionFixDiag]     holder 'cactus': built, height 600833.986548 m, matrix 600833.995076 m, up +8.528 mm, across 30.064 mm, 5 colliders
[RockPrecisionFixDiag]   quad 'Kerbin Xn0130111131': height 600852.806050 m, matrix 600852.806050 m, up 0.000 mm, across 0.000 mm
[RockPrecisionFixDiag]     holder 'boulder': built, height 600852.806050 m, matrix 600852.806050 m, up 0.000 mm, across 0.000 mm, 1 colliders
[RockPrecisionFixDiag]     holder 'cactus': built, height 600852.806050 m, matrix 600852.806050 m, up 0.000 mm, across 0.000 mm, 5 colliders
[RockPrecisionFixDiag]   quad 'Kerbin Xn0130111130': height 600812.830267 m, matrix 600812.830267 m, up 0.000 mm, across 0.000 mm
[RockPrecisionFixDiag]     holder 'boulder': built, height 600812.830267 m, matrix 600812.770457 m, up -59.810 mm, across 18.138 mm, 1 colliders
[RockPrecisionFixDiag]     holder 'cactus': built, height 600812.830267 m, matrix 600812.770457 m, up -59.810 mm, across 18.138 mm, 5 colliders
[RockPrecisionFixDiag]   quad 'Kerbin Xn0130111123': height 600834.892065 m, matrix 600834.892065 m, up 0.000 mm, across 0.000 mm
[RockPrecisionFixDiag]     holder 'boulder': built, height 600834.892065 m, matrix 600834.951844 m, up +59.779 mm, across 18.242 mm, 1 colliders
[RockPrecisionFixDiag]     holder 'cactus': built, height 600834.892065 m, matrix 600834.951844 m, up +59.779 mm, across 18.242 mm, 5 colliders
[RockPrecisionFixDiag]   quad 'Kerbin Xn0130111121': height 600808.618438 m, matrix 600808.618438 m, up 0.000 mm, across 0.000 mm
[RockPrecisionFixDiag]     holder 'boulder': built, height 600808.618438 m, matrix 600808.678239 m, up +59.801 mm, across 18.170 mm, 1 colliders
[RockPrecisionFixDiag]     holder 'cactus': built, height 600808.618438 m, matrix 600808.678239 m, up +59.801 mm, across 18.170 mm, 5 colliders
[RockPrecisionFixDiag]   quad 'Kerbin Xn0130111120': height 600854.927149 m, matrix 600854.927149 m, up 0.000 mm, across 0.000 mm
[RockPrecisionFixDiag]     holder 'boulder': built, height 600854.927149 m, matrix 600854.927149 m, up 0.000 mm, across 0.000 mm, 1 colliders
[RockPrecisionFixDiag]     holder 'cactus': built, height 600854.927149 m, matrix 600854.927149 m, up 0.000 mm, across 0.000 mm, 5 colliders
[RockPrecisionFixDiag]   quad 'Kerbin Xn0130111113': height 600899.199160 m, matrix 600899.199160 m, up 0.000 mm, across 0.000 mm
[RockPrecisionFixDiag]     holder 'boulder': built, height 600899.199160 m, matrix 600899.199160 m, up 0.000 mm, across 0.000 mm, 2 colliders
[RockPrecisionFixDiag]     holder 'cactus': built, height 600899.199160 m, matrix 600899.199160 m, up 0.000 mm, across 0.000 mm, 4 colliders
[RockPrecisionFixDiag]   quad 'Kerbin Xn0130111112': height 600873.339306 m, matrix 600873.339306 m, up 0.000 mm, across 0.000 mm
[RockPrecisionFixDiag]     holder 'boulder': built, height 600873.339306 m, matrix 600873.339306 m, up 0.000 mm, across 0.000 mm, 1 colliders
[RockPrecisionFixDiag]     holder 'cactus': built, height 600873.339306 m, matrix 600873.339306 m, up 0.000 mm, across 0.000 mm, 5 colliders
[RockPrecisionFixDiag]   quad 'Kerbin Xn0130111111': height 600977.839057 m, matrix 600977.839057 m, up 0.000 mm, across 0.000 mm
[RockPrecisionFixDiag]     holder 'boulder': built, height 600977.839057 m, matrix 600977.839057 m, up 0.000 mm, across 0.000 mm, 2 colliders
[RockPrecisionFixDiag]     holder 'cactus': built, height 600977.839057 m, matrix 600977.839057 m, up 0.000 mm, across 0.000 mm, 4 colliders
[RockPrecisionFixDiag]   quad 'Kerbin Xn0130111110': height 600978.021287 m, matrix 600978.021287 m, up 0.000 mm, across 0.000 mm
[RockPrecisionFixDiag]     holder 'boulder': built, height 600978.021287 m, matrix 600977.961434 m, up -59.854 mm, across 17.994 mm, 2 colliders
[RockPrecisionFixDiag]     holder 'cactus': built, height 600978.021287 m, matrix 600977.961434 m, up -59.854 mm, across 17.994 mm, 4 colliders
[RockPrecisionFixDiag]   quad 'Kerbin Xn0130111103': height 600866.503508 m, matrix 600866.503508 m, up 0.000 mm, across 0.000 mm
[RockPrecisionFixDiag]     holder 'boulder': built, height 600866.503508 m, matrix 600866.503508 m, up 0.000 mm, across 0.000 mm, 1 colliders
[RockPrecisionFixDiag]     holder 'cactus': built, height 600866.503508 m, matrix 600866.503508 m, up 0.000 mm, across 0.000 mm, 5 colliders
[RockPrecisionFixDiag]   quad 'Kerbin Xn0130111102': height 600918.623470 m, matrix 600918.623470 m, up 0.000 mm, across 0.000 mm
[RockPrecisionFixDiag]     holder 'boulder': built, height 600918.623470 m, matrix 600918.615020 m, up -8.450 mm, across 30.086 mm, 2 colliders
[RockPrecisionFixDiag]     holder 'cactus': built, height 600918.623470 m, matrix 600918.615020 m, up -8.450 mm, across 30.086 mm, 4 colliders
[RockPrecisionFixDiag]   quad 'Kerbin Xn0130111101': height 600993.392337 m, matrix 600993.392337 m, up 0.000 mm, across 0.000 mm
[RockPrecisionFixDiag]     holder 'boulder': built, height 600993.392337 m, matrix 600993.383924 m, up -8.414 mm, across 30.096 mm, 2 colliders
[RockPrecisionFixDiag]     holder 'cactus': built, height 600993.392337 m, matrix 600993.383924 m, up -8.414 mm, across 30.096 mm, 4 colliders
[RockPrecisionFixDiag]   quad 'Kerbin Xn0130111100': height 601026.487041 m, matrix 601026.487041 m, up 0.000 mm, across 0.000 mm
[RockPrecisionFixDiag]     holder 'boulder': built, height 601026.487041 m, matrix 601026.546875 m, up +59.834 mm, across 18.058 mm, 2 colliders
[RockPrecisionFixDiag]     holder 'cactus': built, height 601026.487041 m, matrix 601026.546875 m, up +59.834 mm, across 18.058 mm, 4 colliders
[RockPrecisionFixDiag]   quad 'Kerbin Xn0130111013': height 600985.733412 m, matrix 600985.733412 m, up 0.000 mm, across 0.000 mm
[RockPrecisionFixDiag]     holder 'boulder': built, height 600985.733412 m, matrix 600985.741861 m, up +8.448 mm, across 30.086 mm, 2 colliders
[RockPrecisionFixDiag]     holder 'cactus': built, height 600985.733412 m, matrix 600985.741861 m, up +8.448 mm, across 30.086 mm, 4 colliders
[RockPrecisionFixDiag]   quad 'Kerbin Xn0130111012': height 601133.537089 m, matrix 601133.537089 m, up 0.000 mm, across 0.000 mm
[RockPrecisionFixDiag]     holder 'boulder': built, height 601133.537089 m, matrix 601133.528642 m, up -8.447 mm, across 30.087 mm, 3 colliders
[RockPrecisionFixDiag]     holder 'cactus': built, height 601133.537089 m, matrix 601133.528642 m, up -8.447 mm, across 30.087 mm, 4 colliders
[RockPrecisionFixDiag]   quad 'Kerbin Xn0130111011': height 601059.567071 m, matrix 601059.567071 m, up 0.000 mm, across 0.000 mm
[RockPrecisionFixDiag]     holder 'boulder': built, height 601059.567071 m, matrix 601059.498836 m, up -68.236 mm, across 15.057 mm, 3 colliders
[RockPrecisionFixDiag]     holder 'cactus': built, height 601059.567071 m, matrix 601059.498836 m, up -68.236 mm, across 15.057 mm, 4 colliders
[RockPrecisionFixDiag]   quad 'Kerbin Xn0130111010': height 601192.215031 m, matrix 601192.215031 m, up 0.000 mm, across 0.000 mm
[RockPrecisionFixDiag]     holder 'boulder': built, height 601192.215031 m, matrix 601192.206622 m, up -8.410 mm, across 30.097 mm, 4 colliders
[RockPrecisionFixDiag]     holder 'cactus': built, height 601192.215031 m, matrix 601192.206622 m, up -8.410 mm, across 30.097 mm, 3 colliders
[RockPrecisionFixDiag]   quad 'Kerbin Xn0113222323': height 601112.683133 m, matrix 601112.683133 m, up 0.000 mm, across 0.000 mm
[RockPrecisionFixDiag]     holder 'boulder': built, height 601112.683133 m, matrix 601112.683133 m, up 0.000 mm, across 0.000 mm, 3 colliders
[RockPrecisionFixDiag]     holder 'cactus': built, height 601112.683133 m, matrix 601112.683133 m, up 0.000 mm, across 0.000 mm, 3 colliders
[RockPrecisionFixDiag]   quad 'Kerbin Xn0113222321': height 601162.413402 m, matrix 601162.413402 m, up 0.000 mm, across 0.000 mm
[RockPrecisionFixDiag]     holder 'boulder': built, height 601162.413402 m, matrix 601162.345093 m, up -68.309 mm, across 14.722 mm, 3 colliders
[RockPrecisionFixDiag]     holder 'cactus': built, height 601162.413402 m, matrix 601162.345093 m, up -68.309 mm, across 14.722 mm, 3 colliders
[RockPrecisionFixDiag]   quad 'Kerbin Xn0113222230': height 601758.689714 m, matrix 601758.689714 m, up 0.000 mm, across 0.000 mm
[RockPrecisionFixDiag]     holder 'boulder': built, height 601758.689714 m, matrix 601758.749647 m, up +59.933 mm, across 17.727 mm, 6 colliders
[RockPrecisionFixDiag]     holder 'cactus': built, height 601758.689714 m, matrix 601758.749647 m, up +59.933 mm, across 17.727 mm, 2 colliders
[RockPrecisionFixDiag]   quad 'Kerbin Xn0113222223': height 601071.827722 m, matrix 601071.827722 m, up 0.000 mm, across 0.000 mm
[RockPrecisionFixDiag]     holder 'boulder': built, height 601071.827722 m, matrix 601071.827722 m, up 0.000 mm, across 0.000 mm, 3 colliders
[RockPrecisionFixDiag]     holder 'cactus': built, height 601071.827722 m, matrix 601071.827722 m, up 0.000 mm, across 0.000 mm, 3 colliders
[RockPrecisionFixDiag]   quad 'Kerbin Xn0113222222': height 601107.570759 m, matrix 601107.570759 m, up 0.000 mm, across 0.000 mm
[RockPrecisionFixDiag]     holder 'boulder': built, height 601107.570759 m, matrix 601107.562379 m, up -8.380 mm, across 30.105 mm, 3 colliders
[RockPrecisionFixDiag]     holder 'cactus': built, height 601107.570759 m, matrix 601107.562379 m, up -8.380 mm, across 30.105 mm, 4 colliders
[RockPrecisionFixDiag]   quad 'Kerbin Xn0113222211': height 601803.394723 m, matrix 601803.394723 m, up 0.000 mm, across 0.000 mm
[RockPrecisionFixDiag]     holder 'boulder': built, height 601803.394723 m, matrix 601803.394723 m, up 0.000 mm, across 0.000 mm, 6 colliders
[RockPrecisionFixDiag]     holder 'cactus': built, height 601803.394723 m, matrix 601803.394723 m, up 0.000 mm, across 0.000 mm, 2 colliders
[RockPrecisionFixDiag]   quad 'Kerbin Xn0113222210': height 601456.836648 m, matrix 601456.836648 m, up 0.000 mm, across 0.000 mm
[RockPrecisionFixDiag]     holder 'boulder': built, height 601456.836648 m, matrix 601456.836648 m, up 0.000 mm, across 0.000 mm, 5 colliders
[RockPrecisionFixDiag]     holder 'cactus': built, height 601456.836648 m, matrix 601456.836648 m, up 0.000 mm, across 0.000 mm, 2 colliders
[RockPrecisionFixDiag]   quad 'Kerbin Xn0113222203': height 601861.612924 m, matrix 601861.612924 m, up 0.000 mm, across 0.000 mm
[RockPrecisionFixDiag]     holder 'boulder': built, height 601861.612924 m, matrix 601861.612924 m, up 0.000 mm, across 0.000 mm, 6 colliders
[RockPrecisionFixDiag]     holder 'cactus': built, height 601861.612924 m, matrix 601861.612924 m, up 0.000 mm, across 0.000 mm, 2 colliders
[RockPrecisionFixDiag]   quad 'Kerbin Xn0113222202': height 601968.191342 m, matrix 601968.191342 m, up 0.000 mm, across 0.000 mm
[RockPrecisionFixDiag]     holder 'boulder': built, height 601968.191342 m, matrix 601968.131405 m, up -59.937 mm, across 17.716 mm, 6 colliders
[RockPrecisionFixDiag]     holder 'cactus': built, height 601968.191342 m, matrix 601968.131405 m, up -59.937 mm, across 17.716 mm, 2 colliders
[RockPrecisionFixDiag]   quad 'Kerbin Xn0113222201': height 601546.836194 m, matrix 601546.836194 m, up 0.000 mm, across 0.000 mm
[RockPrecisionFixDiag]     holder 'boulder': built, height 601546.836194 m, matrix 601546.836194 m, up 0.000 mm, across 0.000 mm, 5 colliders
[RockPrecisionFixDiag]     holder 'cactus': built, height 601546.836194 m, matrix 601546.836194 m, up 0.000 mm, across 0.000 mm, 2 colliders
[RockPrecisionFixDiag]   quad 'Kerbin Xn0113222200': height 601585.507855 m, matrix 601585.507855 m, up 0.000 mm, across 0.000 mm
[RockPrecisionFixDiag]     holder 'boulder': built, height 601585.507855 m, matrix 601585.507855 m, up 0.000 mm, across 0.000 mm, 5 colliders
[RockPrecisionFixDiag]     holder 'cactus': built, height 601585.507855 m, matrix 601585.507855 m, up 0.000 mm, across 0.000 mm, 2 colliders
[RockPrecisionFixDiag]   quad 'Kerbin Xn0112333333': height 601089.059343 m, matrix 601089.059343 m, up 0.000 mm, across 0.000 mm
[RockPrecisionFixDiag]     holder 'boulder': built, height 601089.059343 m, matrix 601089.059343 m, up 0.000 mm, across 0.000 mm, 3 colliders
[RockPrecisionFixDiag]     holder 'cactus': built, height 601089.059343 m, matrix 601089.059343 m, up 0.000 mm, across 0.000 mm, 4 colliders
[RockPrecisionFixDiag]   quad 'Kerbin Xn0112333332': height 601097.801262 m, matrix 601097.801262 m, up 0.000 mm, across 0.000 mm
[RockPrecisionFixDiag]     holder 'boulder': built, height 601097.801262 m, matrix 601097.801262 m, up 0.000 mm, across 0.000 mm, 3 colliders
[RockPrecisionFixDiag]     holder 'cactus': built, height 601097.801262 m, matrix 601097.801262 m, up 0.000 mm, across 0.000 mm, 4 colliders
[RockPrecisionFixDiag]   quad 'Kerbin Xn0112333331': height 601185.762796 m, matrix 601185.762796 m, up 0.000 mm, across 0.000 mm
[RockPrecisionFixDiag]     holder 'boulder': built, height 601185.762796 m, matrix 601185.822702 m, up +59.906 mm, across 17.819 mm, 4 colliders
[RockPrecisionFixDiag]     holder 'cactus': built, height 601185.762796 m, matrix 601185.822702 m, up +59.906 mm, across 17.819 mm, 3 colliders
[RockPrecisionFixDiag]   quad 'Kerbin Xn0112333330': height 601168.018616 m, matrix 601168.018616 m, up 0.000 mm, across 0.000 mm
[RockPrecisionFixDiag]     holder 'boulder': built, height 601168.018616 m, matrix 601167.958719 m, up -59.897 mm, across 17.850 mm, 4 colliders
[RockPrecisionFixDiag]     holder 'cactus': built, height 601168.018616 m, matrix 601167.958719 m, up -59.897 mm, across 17.850 mm, 3 colliders
[RockPrecisionFixDiag]   quad 'Kerbin Xn0112333323': height 601127.264052 m, matrix 601127.264052 m, up 0.000 mm, across 0.000 mm
[RockPrecisionFixDiag]     holder 'boulder': built, height 601127.264052 m, matrix 601127.255676 m, up -8.377 mm, across 30.106 mm, 3 colliders
[RockPrecisionFixDiag]     holder 'cactus': built, height 601127.264052 m, matrix 601127.255676 m, up -8.377 mm, across 30.106 mm, 4 colliders
[RockPrecisionFixDiag]   quad 'Kerbin Xn0112333322': height 601135.881309 m, matrix 601135.881309 m, up 0.000 mm, across 0.000 mm
[RockPrecisionFixDiag]     holder 'boulder': built, height 601135.881309 m, matrix 601135.821453 m, up -59.856 mm, across 17.986 mm, 3 colliders
[RockPrecisionFixDiag]     holder 'cactus': built, height 601135.881309 m, matrix 601135.821453 m, up -59.856 mm, across 17.986 mm, 4 colliders
[RockPrecisionFixDiag]   quad 'Kerbin Xn0112333321': height 601223.955339 m, matrix 601223.955339 m, up 0.000 mm, across 0.000 mm
[RockPrecisionFixDiag]     holder 'boulder': built, height 601223.955339 m, matrix 601223.955339 m, up 0.000 mm, across 0.000 mm, 4 colliders
[RockPrecisionFixDiag]     holder 'cactus': built, height 601223.955339 m, matrix 601223.955339 m, up 0.000 mm, across 0.000 mm, 3 colliders
[RockPrecisionFixDiag]   quad 'Kerbin Xn0112333320': height 601279.091320 m, matrix 601279.091320 m, up 0.000 mm, across 0.000 mm
[RockPrecisionFixDiag]     holder 'boulder': built, height 601279.091320 m, matrix 601279.159535 m, up +68.215 mm, across 15.148 mm, 4 colliders
[RockPrecisionFixDiag]     holder 'cactus': built, height 601279.091320 m, matrix 601279.159535 m, up +68.215 mm, across 15.148 mm, 3 colliders
[RockPrecisionFixDiag]   quad 'Kerbin Xn0131001223': height 600819.899054 m, matrix 600819.899054 m, up 0.000 mm, across 0.000 mm
[RockPrecisionFixDiag]     holder 'boulder': built, height 600819.899054 m, matrix 600819.899054 m, up 0.000 mm, across 0.000 mm, 1 colliders
[RockPrecisionFixDiag]     holder 'cactus': built, height 600819.899054 m, matrix 600819.899054 m, up 0.000 mm, across 0.000 mm, 4 colliders
[RockPrecisionFixDiag]   quad 'Kerbin Xn0131001222': height 600792.075654 m, matrix 600792.075654 m, up 0.000 mm, across 0.000 mm
[RockPrecisionFixDiag]     holder 'boulder': built, height 600792.075654 m, matrix 600792.135442 m, up +59.788 mm, across 18.213 mm, 1 colliders
[RockPrecisionFixDiag]     holder 'cactus': built, height 600792.075654 m, matrix 600792.135442 m, up +59.788 mm, across 18.213 mm, 4 colliders
[RockPrecisionFixDiag]   quad 'Kerbin Xn0131001221': height 600920.689065 m, matrix 600920.689065 m, up 0.000 mm, across 0.000 mm
[RockPrecisionFixDiag]     holder 'boulder': built, height 600920.689065 m, matrix 600920.689065 m, up 0.000 mm, across 0.000 mm, 2 colliders
[RockPrecisionFixDiag]     holder 'cactus': built, height 600920.689065 m, matrix 600920.689065 m, up 0.000 mm, across 0.000 mm, 4 colliders
[RockPrecisionFixDiag]   quad 'Kerbin Xn0131001220': height 600872.457367 m, matrix 600872.457367 m, up 0.000 mm, across 0.000 mm
[RockPrecisionFixDiag]     holder 'boulder': built, height 600872.457367 m, matrix 600872.517177 m, up +59.810 mm, across 18.139 mm, 1 colliders
[RockPrecisionFixDiag]     holder 'cactus': built, height 600872.457367 m, matrix 600872.517177 m, up +59.810 mm, across 18.139 mm, 4 colliders
[RockPrecisionFixDiag]   quad 'Kerbin Xn0131001203': height 600985.104098 m, matrix 600985.104098 m, up 0.000 mm, across 0.000 mm
[RockPrecisionFixDiag]     holder 'boulder': built, height 600985.104098 m, matrix 600985.104098 m, up 0.000 mm, across 0.000 mm, 2 colliders
[RockPrecisionFixDiag]     holder 'cactus': built, height 600985.104098 m, matrix 600985.104098 m, up 0.000 mm, across 0.000 mm, 4 colliders
[RockPrecisionFixDiag]   quad 'Kerbin Xn0131001202': height 600926.916776 m, matrix 600926.916776 m, up 0.000 mm, across 0.000 mm
[RockPrecisionFixDiag]     holder 'boulder': built, height 600926.916776 m, matrix 600926.916776 m, up 0.000 mm, across 0.000 mm, 2 colliders
[RockPrecisionFixDiag]     holder 'cactus': built, height 600926.916776 m, matrix 600926.916776 m, up 0.000 mm, across 0.000 mm, 4 colliders
[RockPrecisionFixDiag]   quad 'Kerbin Xn0131001201': height 601005.227043 m, matrix 601005.227043 m, up 0.000 mm, across 0.000 mm
[RockPrecisionFixDiag]     holder 'boulder': built, height 601005.227043 m, matrix 601005.235622 m, up +8.579 mm, across 30.049 mm, 2 colliders
[RockPrecisionFixDiag]     holder 'cactus': built, height 601005.227043 m, matrix 601005.235622 m, up +8.579 mm, across 30.049 mm, 4 colliders
[RockPrecisionFixDiag]   quad 'Kerbin Xn0131001200': height 600904.391082 m, matrix 600904.391082 m, up 0.000 mm, across 0.000 mm
[RockPrecisionFixDiag]     holder 'boulder': built, height 600904.391082 m, matrix 600904.399660 m, up +8.578 mm, across 30.050 mm, 2 colliders
[RockPrecisionFixDiag]     holder 'cactus': built, height 600904.391082 m, matrix 600904.399660 m, up +8.578 mm, across 30.050 mm, 4 colliders
[RockPrecisionFixDiag]   quad 'Kerbin Xn0131000333': height 600808.277735 m, matrix 600808.277735 m, up 0.000 mm, across 0.000 mm
[RockPrecisionFixDiag]     holder 'boulder': built, height 600808.277735 m, matrix 600808.277735 m, up 0.000 mm, across 0.000 mm, 1 colliders
[RockPrecisionFixDiag]     holder 'cactus': built, height 600808.277735 m, matrix 600808.277735 m, up 0.000 mm, across 0.000 mm, 4 colliders
[RockPrecisionFixDiag]   quad 'Kerbin Xn0131000331': height 600865.221289 m, matrix 600865.221289 m, up 0.000 mm, across 0.000 mm
[RockPrecisionFixDiag]     holder 'boulder': built, height 600865.221289 m, matrix 600865.212637 m, up -8.652 mm, across 30.028 mm, 1 colliders
[RockPrecisionFixDiag]     holder 'cactus': built, height 600865.221289 m, matrix 600865.212637 m, up -8.652 mm, across 30.028 mm, 4 colliders
[RockPrecisionFixDiag]   quad 'Kerbin Xn0131000330': height 600830.821168 m, matrix 600830.821168 m, up 0.000 mm, across 0.000 mm
[RockPrecisionFixDiag]     holder 'boulder': built, height 600830.821168 m, matrix 600830.812517 m, up -8.651 mm, across 30.029 mm, 1 colliders
[RockPrecisionFixDiag]     holder 'cactus': built, height 600830.821168 m, matrix 600830.812517 m, up -8.651 mm, across 30.029 mm, 4 colliders
[RockPrecisionFixDiag]   quad 'Kerbin Xn0131000321': height 600851.279716 m, matrix 600851.279716 m, up 0.000 mm, across 0.000 mm
[RockPrecisionFixDiag]     holder 'boulder': built, height 600851.279716 m, matrix 600851.288365 m, up +8.650 mm, across 30.029 mm, 1 colliders
[RockPrecisionFixDiag]     holder 'cactus': built, height 600851.279716 m, matrix 600851.288365 m, up +8.650 mm, across 30.029 mm, 4 colliders
[RockPrecisionFixDiag]   quad 'Kerbin Xn0131000320': height 600840.184379 m, matrix 600840.184379 m, up 0.000 mm, across 0.000 mm
[RockPrecisionFixDiag]     holder 'boulder': built, height 600840.184379 m, matrix 600840.193028 m, up +8.648 mm, across 30.029 mm, 1 colliders
[RockPrecisionFixDiag]     holder 'cactus': built, height 600840.184379 m, matrix 600840.193028 m, up +8.648 mm, across 30.029 mm, 4 colliders
[RockPrecisionFixDiag]   quad 'Kerbin Xn0131000313': height 600907.491997 m, matrix 600907.491997 m, up 0.000 mm, across 0.000 mm
[RockPrecisionFixDiag]     holder 'boulder': built, height 600907.491997 m, matrix 600907.491997 m, up 0.000 mm, across 0.000 mm, 2 colliders
[RockPrecisionFixDiag]     holder 'cactus': built, height 600907.491997 m, matrix 600907.491997 m, up 0.000 mm, across 0.000 mm, 4 colliders
[RockPrecisionFixDiag]   quad 'Kerbin Xn0131000312': height 600900.286283 m, matrix 600900.286283 m, up 0.000 mm, across 0.000 mm
[RockPrecisionFixDiag]     holder 'boulder': built, height 600900.286283 m, matrix 600900.277670 m, up -8.613 mm, across 30.040 mm, 2 colliders
[RockPrecisionFixDiag]     holder 'cactus': built, height 600900.286283 m, matrix 600900.277670 m, up -8.613 mm, across 30.040 mm, 4 colliders
[RockPrecisionFixDiag]   quad 'Kerbin Xn0131000311': height 600947.841269 m, matrix 600947.841269 m, up 0.000 mm, across 0.000 mm
[RockPrecisionFixDiag]     holder 'boulder': built, height 600947.841269 m, matrix 600947.849845 m, up +8.577 mm, across 30.050 mm, 2 colliders
[RockPrecisionFixDiag]     holder 'cactus': built, height 600947.841269 m, matrix 600947.849845 m, up +8.577 mm, across 30.050 mm, 4 colliders
[RockPrecisionFixDiag]   quad 'Kerbin Xn0131000310': height 601008.536457 m, matrix 601008.536457 m, up 0.000 mm, across 0.000 mm
[RockPrecisionFixDiag]     holder 'boulder': built, height 601008.536457 m, matrix 601008.536457 m, up 0.000 mm, across 0.000 mm, 2 colliders
[RockPrecisionFixDiag]     holder 'cactus': built, height 601008.536457 m, matrix 601008.536457 m, up 0.000 mm, across 0.000 mm, 4 colliders
[RockPrecisionFixDiag]   quad 'Kerbin Xn0131000303': height 600952.362187 m, matrix 600952.362187 m, up 0.000 mm, across 0.000 mm
[RockPrecisionFixDiag]     holder 'boulder': built, height 600952.362187 m, matrix 600952.370799 m, up +8.612 mm, across 30.040 mm, 2 colliders
[RockPrecisionFixDiag]     holder 'cactus': built, height 600952.362187 m, matrix 600952.370799 m, up +8.612 mm, across 30.040 mm, 4 colliders
[RockPrecisionFixDiag]   quad 'Kerbin Xn0131000302': height 601004.079132 m, matrix 601004.079132 m, up 0.000 mm, across 0.000 mm
[RockPrecisionFixDiag]     holder 'boulder': built, height 601004.079132 m, matrix 601004.079132 m, up 0.000 mm, across 0.000 mm, 2 colliders
[RockPrecisionFixDiag]     holder 'cactus': built, height 601004.079132 m, matrix 601004.079132 m, up 0.000 mm, across 0.000 mm, 4 colliders
[RockPrecisionFixDiag]   quad 'Kerbin Xn0131000301': height 601064.215488 m, matrix 601064.215488 m, up 0.000 mm, across 0.000 mm
[RockPrecisionFixDiag]     holder 'boulder': built, height 601064.215488 m, matrix 601064.215488 m, up 0.000 mm, across 0.000 mm, 3 colliders
[RockPrecisionFixDiag]     holder 'cactus': built, height 601064.215488 m, matrix 601064.215488 m, up 0.000 mm, across 0.000 mm, 4 colliders
[RockPrecisionFixDiag]   quad 'Kerbin Xn0131000300': height 601085.765879 m, matrix 601085.765879 m, up 0.000 mm, across 0.000 mm
[RockPrecisionFixDiag]     holder 'boulder': built, height 601085.765879 m, matrix 601085.817127 m, up +51.248 mm, across 47.502 mm, 3 colliders
[RockPrecisionFixDiag]     holder 'cactus': built, height 601085.765879 m, matrix 601085.817127 m, up +51.248 mm, across 47.502 mm, 4 colliders
[RockPrecisionFixDiag]   quad 'Kerbin Xn0131000232': height 600824.409269 m, matrix 600824.409269 m, up 0.000 mm, across 0.000 mm
[RockPrecisionFixDiag]     holder 'boulder': built, height 600824.409269 m, matrix 600824.409269 m, up 0.000 mm, across 0.000 mm, 1 colliders
[RockPrecisionFixDiag]     holder 'cactus': built, height 600824.409269 m, matrix 600824.409269 m, up 0.000 mm, across 0.000 mm, 5 colliders
[RockPrecisionFixDiag]   quad 'Kerbin Xn0131000231': height 600891.581772 m, matrix 600891.581772 m, up 0.000 mm, across 0.000 mm
[RockPrecisionFixDiag]     holder 'boulder': built, height 600891.581772 m, matrix 600891.581772 m, up 0.000 mm, across 0.000 mm, 1 colliders
[RockPrecisionFixDiag]     holder 'cactus': built, height 600891.581772 m, matrix 600891.581772 m, up 0.000 mm, across 0.000 mm, 4 colliders
[RockPrecisionFixDiag]   quad 'Kerbin Xn0131000230': height 600849.618482 m, matrix 600849.618482 m, up 0.000 mm, across 0.000 mm
[RockPrecisionFixDiag]     holder 'boulder': built, height 600849.618482 m, matrix 600849.567369 m, up -51.113 mm, across 47.648 mm, 1 colliders
[RockPrecisionFixDiag]     holder 'cactus': built, height 600849.618482 m, matrix 600849.567369 m, up -51.113 mm, across 47.648 mm, 5 colliders
[RockPrecisionFixDiag]   quad 'Kerbin Xn0131000221': height 600808.564691 m, matrix 600808.564691 m, up 0.000 mm, across 0.000 mm
[RockPrecisionFixDiag]     holder 'boulder': built, height 600808.564691 m, matrix 600808.564691 m, up 0.000 mm, across 0.000 mm, 1 colliders
[RockPrecisionFixDiag]     holder 'cactus': built, height 600808.564691 m, matrix 600808.564691 m, up 0.000 mm, across 0.000 mm, 5 colliders
[RockPrecisionFixDiag]   quad 'Kerbin Xn0131000220': height 600784.149635 m, matrix 600784.149635 m, up 0.000 mm, across 0.000 mm
[RockPrecisionFixDiag]     holder 'boulder': built, height 600784.149635 m, matrix 600784.098538 m, up -51.097 mm, across 47.664 mm, 1 colliders
[RockPrecisionFixDiag]     holder 'cactus': built, height 600784.149635 m, matrix 600784.098538 m, up -51.097 mm, across 47.664 mm, 5 colliders
[RockPrecisionFixDiag]   quad 'Kerbin Xn0131000213': height 601026.594478 m, matrix 601026.594478 m, up 0.000 mm, across 0.000 mm
[RockPrecisionFixDiag]     holder 'boulder': built, height 601026.594478 m, matrix 601026.594478 m, up 0.000 mm, across 0.000 mm, 2 colliders
[RockPrecisionFixDiag]     holder 'cactus': built, height 601026.594478 m, matrix 601026.594478 m, up 0.000 mm, across 0.000 mm, 4 colliders
[RockPrecisionFixDiag]   quad 'Kerbin Xn0131000212': height 600871.628960 m, matrix 600871.628960 m, up 0.000 mm, across 0.000 mm
[RockPrecisionFixDiag]     holder 'boulder': built, height 600871.628960 m, matrix 600871.628960 m, up 0.000 mm, across 0.000 mm, 1 colliders
[RockPrecisionFixDiag]     holder 'cactus': built, height 600871.628960 m, matrix 600871.628960 m, up 0.000 mm, across 0.000 mm, 4 colliders
[RockPrecisionFixDiag]   quad 'Kerbin Xn0131000211': height 600993.401582 m, matrix 600993.401582 m, up 0.000 mm, across 0.000 mm
[RockPrecisionFixDiag]     holder 'boulder': built, height 600993.401582 m, matrix 600993.393010 m, up -8.572 mm, across 30.051 mm, 2 colliders
[RockPrecisionFixDiag]     holder 'cactus': built, height 600993.401582 m, matrix 600993.393010 m, up -8.572 mm, across 30.051 mm, 4 colliders
[RockPrecisionFixDiag]   quad 'Kerbin Xn0131000210': height 600936.070331 m, matrix 600936.070331 m, up 0.000 mm, across 0.000 mm
[RockPrecisionFixDiag]     holder 'boulder': built, height 600936.070331 m, matrix 600936.070331 m, up 0.000 mm, across 0.000 mm, 2 colliders
[RockPrecisionFixDiag]     holder 'cactus': built, height 600936.070331 m, matrix 600936.070331 m, up 0.000 mm, across 0.000 mm, 4 colliders
[RockPrecisionFixDiag]   quad 'Kerbin Xn0131000203': height 600862.424306 m, matrix 600862.424306 m, up 0.000 mm, across 0.000 mm
[RockPrecisionFixDiag]     holder 'boulder': built, height 600862.424306 m, matrix 600862.475471 m, up +51.165 mm, across 47.591 mm, 1 colliders
[RockPrecisionFixDiag]     holder 'cactus': built, height 600862.424306 m, matrix 600862.475471 m, up +51.165 mm, across 47.591 mm, 5 colliders
[RockPrecisionFixDiag]   quad 'Kerbin Xn0131000202': height 600874.234915 m, matrix 600874.234915 m, up 0.000 mm, across 0.000 mm
[RockPrecisionFixDiag]     holder 'boulder': built, height 600874.234915 m, matrix 600874.234915 m, up 0.000 mm, across 0.000 mm, 1 colliders
[RockPrecisionFixDiag]     holder 'cactus': built, height 600874.234915 m, matrix 600874.234915 m, up 0.000 mm, across 0.000 mm, 5 colliders
[RockPrecisionFixDiag]   quad 'Kerbin Xn0131000201': height 600899.104220 m, matrix 600899.104220 m, up 0.000 mm, across 0.000 mm
[RockPrecisionFixDiag]     holder 'boulder': built, height 600899.104220 m, matrix 600899.104220 m, up 0.000 mm, across 0.000 mm, 2 colliders
[RockPrecisionFixDiag]     holder 'cactus': built, height 600899.104220 m, matrix 600899.104220 m, up 0.000 mm, across 0.000 mm, 4 colliders
[RockPrecisionFixDiag]   quad 'Kerbin Xn0131000200': height 600926.271744 m, matrix 600926.271744 m, up 0.000 mm, across 0.000 mm
[RockPrecisionFixDiag]     holder 'boulder': built, height 600926.271744 m, matrix 600926.271744 m, up 0.000 mm, across 0.000 mm, 2 colliders
[RockPrecisionFixDiag]     holder 'cactus': built, height 600926.271744 m, matrix 600926.271744 m, up 0.000 mm, across 0.000 mm, 4 colliders
[RockPrecisionFixDiag]   quad 'Kerbin Xn0131000133': height 600990.369433 m, matrix 600990.369433 m, up 0.000 mm, across 0.000 mm
[RockPrecisionFixDiag]     holder 'boulder': built, height 600990.369433 m, matrix 600990.377972 m, up +8.539 mm, across 30.061 mm, 2 colliders
[RockPrecisionFixDiag]     holder 'cactus': built, height 600990.369433 m, matrix 600990.377972 m, up +8.539 mm, across 30.061 mm, 4 colliders
[RockPrecisionFixDiag]   quad 'Kerbin Xn0131000132': height 601062.358617 m, matrix 601062.358617 m, up 0.000 mm, across 0.000 mm
[RockPrecisionFixDiag]     holder 'boulder': built, height 601062.358617 m, matrix 601062.350079 m, up -8.538 mm, across 30.061 mm, 3 colliders
[RockPrecisionFixDiag]     holder 'cactus': built, height 601062.358617 m, matrix 601062.350079 m, up -8.538 mm, across 30.061 mm, 3 colliders
[RockPrecisionFixDiag]   quad 'Kerbin Xn0131000131': height 601072.580743 m, matrix 601072.580743 m, up 0.000 mm, across 0.000 mm
[RockPrecisionFixDiag]     holder 'boulder': built, height 601072.580743 m, matrix 601072.589245 m, up +8.501 mm, across 30.071 mm, 3 colliders
[RockPrecisionFixDiag]     holder 'cactus': built, height 601072.580743 m, matrix 601072.589245 m, up +8.501 mm, across 30.071 mm, 3 colliders
[RockPrecisionFixDiag]   quad 'Kerbin Xn0131000130': height 601111.865078 m, matrix 601111.865078 m, up 0.000 mm, across 0.000 mm
[RockPrecisionFixDiag]     holder 'boulder': built, height 601111.865078 m, matrix 601111.805196 m, up -59.882 mm, across 17.901 mm, 3 colliders
[RockPrecisionFixDiag]     holder 'cactus': built, height 601111.865078 m, matrix 601111.805196 m, up -59.882 mm, across 17.901 mm, 3 colliders
[RockPrecisionFixDiag]   quad 'Kerbin Xn0131000123': height 601141.376101 m, matrix 601141.376101 m, up 0.000 mm, across 0.000 mm
[RockPrecisionFixDiag]     holder 'boulder': built, height 601141.376101 m, matrix 601141.444489 m, up +68.388 mm, across 14.350 mm, 3 colliders
[RockPrecisionFixDiag]     holder 'cactus': built, height 601141.376101 m, matrix 601141.444489 m, up +68.388 mm, across 14.350 mm, 3 colliders
[RockPrecisionFixDiag]   quad 'Kerbin Xn0131000122': height 601093.281901 m, matrix 601093.281901 m, up 0.000 mm, across 0.000 mm
[RockPrecisionFixDiag]     holder 'boulder': built, height 601093.281901 m, matrix 601093.281901 m, up 0.000 mm, across 0.000 mm, 3 colliders
[RockPrecisionFixDiag]     holder 'cactus': built, height 601093.281901 m, matrix 601093.281901 m, up 0.000 mm, across 0.000 mm, 3 colliders
[RockPrecisionFixDiag]   quad 'Kerbin Xn0131000121': height 601186.516102 m, matrix 601186.516102 m, up 0.000 mm, across 0.000 mm
[RockPrecisionFixDiag]     holder 'boulder': built, height 601186.516102 m, matrix 601186.447730 m, up -68.372 mm, across 14.424 mm, 4 colliders
[RockPrecisionFixDiag]     holder 'cactus': built, height 601186.516102 m, matrix 601186.447730 m, up -68.372 mm, across 14.424 mm, 3 colliders
[RockPrecisionFixDiag]   quad 'Kerbin Xn0131000120': height 601168.115366 m, matrix 601168.115366 m, up 0.000 mm, across 0.000 mm
[RockPrecisionFixDiag]     holder 'boulder': built, height 601168.115366 m, matrix 601168.115366 m, up 0.000 mm, across 0.000 mm, 3 colliders
[RockPrecisionFixDiag]     holder 'cactus': built, height 601168.115366 m, matrix 601168.115366 m, up 0.000 mm, across 0.000 mm, 3 colliders
[RockPrecisionFixDiag]   quad 'Kerbin Xn0131000113': height 601088.210707 m, matrix 601088.210707 m, up 0.000 mm, across 0.000 mm
[RockPrecisionFixDiag]     holder 'boulder': built, height 601088.210707 m, matrix 601088.210707 m, up 0.000 mm, across 0.000 mm, 3 colliders
[RockPrecisionFixDiag]     holder 'cactus': built, height 601088.210707 m, matrix 601088.210707 m, up 0.000 mm, across 0.000 mm, 3 colliders
[RockPrecisionFixDiag]   quad 'Kerbin Xn0131000112': height 601054.381379 m, matrix 601054.381379 m, up 0.000 mm, across 0.000 mm
[RockPrecisionFixDiag]     holder 'boulder': built, height 601054.381379 m, matrix 601054.381379 m, up 0.000 mm, across 0.000 mm, 3 colliders
[RockPrecisionFixDiag]     holder 'cactus': built, height 601054.381379 m, matrix 601054.381379 m, up 0.000 mm, across 0.000 mm, 3 colliders
[RockPrecisionFixDiag]   quad 'Kerbin Xn0131000111': height 601081.244159 m, matrix 601081.244159 m, up 0.000 mm, across 0.000 mm
[RockPrecisionFixDiag]     holder 'boulder': built, height 601081.244159 m, matrix 601081.244159 m, up 0.000 mm, across 0.000 mm, 3 colliders
[RockPrecisionFixDiag]     holder 'cactus': built, height 601081.244159 m, matrix 601081.244159 m, up 0.000 mm, across 0.000 mm, 3 colliders
[RockPrecisionFixDiag]   quad 'Kerbin Xn0131000110': height 601078.200508 m, matrix 601078.200508 m, up 0.000 mm, across 0.000 mm
[RockPrecisionFixDiag]     holder 'boulder': built, height 601078.200508 m, matrix 601078.208934 m, up +8.425 mm, across 30.093 mm, 3 colliders
[RockPrecisionFixDiag]     holder 'cactus': built, height 601078.200508 m, matrix 601078.208934 m, up +8.425 mm, across 30.093 mm, 3 colliders
[RockPrecisionFixDiag]   quad 'Kerbin Xn0131000103': height 601216.585148 m, matrix 601216.585148 m, up 0.000 mm, across 0.000 mm
[RockPrecisionFixDiag]     holder 'boulder': built, height 601216.585148 m, matrix 601216.585148 m, up 0.000 mm, across 0.000 mm, 4 colliders
[RockPrecisionFixDiag]     holder 'cactus': built, height 601216.585148 m, matrix 601216.585148 m, up 0.000 mm, across 0.000 mm, 3 colliders
[RockPrecisionFixDiag]   quad 'Kerbin Xn0131000102': height 601341.838343 m, matrix 601341.838343 m, up 0.000 mm, across 0.000 mm
[RockPrecisionFixDiag]     holder 'boulder': built, height 601341.838343 m, matrix 601341.838343 m, up 0.000 mm, across 0.000 mm, 4 colliders
[RockPrecisionFixDiag]     holder 'cactus': built, height 601341.838343 m, matrix 601341.838343 m, up 0.000 mm, across 0.000 mm, 3 colliders
[RockPrecisionFixDiag]   quad 'Kerbin Xn0131000101': height 601086.499816 m, matrix 601086.499816 m, up 0.000 mm, across 0.000 mm
[RockPrecisionFixDiag]     holder 'boulder': built, height 601086.499816 m, matrix 601086.439899 m, up -59.917 mm, across 17.784 mm, 3 colliders
[RockPrecisionFixDiag]     holder 'cactus': built, height 601086.499816 m, matrix 601086.439899 m, up -59.917 mm, across 17.784 mm, 3 colliders
[RockPrecisionFixDiag]   quad 'Kerbin Xn0131000100': height 601304.737526 m, matrix 601304.737526 m, up 0.000 mm, across 0.000 mm
[RockPrecisionFixDiag]     holder 'boulder': built, height 601304.737526 m, matrix 601304.737526 m, up 0.000 mm, across 0.000 mm, 4 colliders
[RockPrecisionFixDiag]     holder 'cactus': built, height 601304.737526 m, matrix 601304.737526 m, up 0.000 mm, across 0.000 mm, 3 colliders
[RockPrecisionFixDiag]   quad 'Kerbin Xn0131000033': height 601046.509137 m, matrix 601046.509137 m, up 0.000 mm, across 0.000 mm
[RockPrecisionFixDiag]     holder 'boulder': built, height 601046.509137 m, matrix 601046.509137 m, up 0.000 mm, across 0.000 mm, 2 colliders
[RockPrecisionFixDiag]     holder 'cactus': built, height 601046.509137 m, matrix 601046.509137 m, up 0.000 mm, across 0.000 mm, 4 colliders
[RockPrecisionFixDiag]   quad 'Kerbin Xn0131000032': height 600971.664530 m, matrix 600971.664530 m, up 0.000 mm, across 0.000 mm
[RockPrecisionFixDiag]     holder 'boulder': built, height 600971.664530 m, matrix 600971.664530 m, up 0.000 mm, across 0.000 mm, 2 colliders
[RockPrecisionFixDiag]     holder 'cactus': built, height 600971.664530 m, matrix 600971.664530 m, up 0.000 mm, across 0.000 mm, 4 colliders
[RockPrecisionFixDiag]   quad 'Kerbin Xn0131000031': height 601049.724622 m, matrix 601049.724622 m, up 0.000 mm, across 0.000 mm
[RockPrecisionFixDiag]     holder 'boulder': built, height 601049.724622 m, matrix 601049.664766 m, up -59.856 mm, across 17.987 mm, 3 colliders
[RockPrecisionFixDiag]     holder 'cactus': built, height 601049.724622 m, matrix 601049.664766 m, up -59.856 mm, across 17.987 mm, 4 colliders
[RockPrecisionFixDiag]   quad 'Kerbin Xn0131000030': height 601029.724489 m, matrix 601029.724489 m, up 0.000 mm, across 0.000 mm
[RockPrecisionFixDiag]     holder 'boulder': built, height 601029.724489 m, matrix 601029.715994 m, up -8.495 mm, across 30.073 mm, 2 colliders
[RockPrecisionFixDiag]     holder 'cactus': built, height 601029.724489 m, matrix 601029.715994 m, up -8.495 mm, across 30.073 mm, 4 colliders
[RockPrecisionFixDiag]   quad 'Kerbin Xn0131000023': height 600962.920997 m, matrix 600962.920997 m, up 0.000 mm, across 0.000 mm
[RockPrecisionFixDiag]     holder 'boulder': built, height 600962.920997 m, matrix 600962.920997 m, up 0.000 mm, across 0.000 mm, 2 colliders
[RockPrecisionFixDiag]     holder 'cactus': built, height 600962.920997 m, matrix 600962.920997 m, up 0.000 mm, across 0.000 mm, 4 colliders
[RockPrecisionFixDiag]   quad 'Kerbin Xn0131000022': height 600885.048698 m, matrix 600885.048698 m, up 0.000 mm, across 0.000 mm
[RockPrecisionFixDiag]     holder 'boulder': built, height 600885.048698 m, matrix 600885.048698 m, up 0.000 mm, across 0.000 mm, 1 colliders
[RockPrecisionFixDiag]     holder 'cactus': built, height 600885.048698 m, matrix 600885.048698 m, up 0.000 mm, across 0.000 mm, 4 colliders
[RockPrecisionFixDiag]   quad 'Kerbin Xn0130111331': height 600738.939697 m, matrix 600738.939697 m, up 0.000 mm, across 0.000 mm
[RockPrecisionFixDiag]     holder 'cactus': built, height 600738.939697 m, matrix 600738.939697 m, up 0.000 mm, across 0.000 mm, 5 colliders
[RockPrecisionFixDiag]   quad 'Kerbin Xn0131002000': height 600670.703173 m, matrix 600670.703173 m, up 0.000 mm, across 0.000 mm
[RockPrecisionFixDiag]     holder 'cactus': built, height 600670.703173 m, matrix 600670.703173 m, up 0.000 mm, across 0.000 mm, 5 colliders
[RockPrecisionFixDiag]   quad 'Kerbin Xn0131000332': height 600783.436730 m, matrix 600783.436730 m, up 0.000 mm, across 0.000 mm
[RockPrecisionFixDiag]     holder 'cactus': built, height 600783.436730 m, matrix 600783.445419 m, up +8.689 mm, across 30.018 mm, 5 colliders
[RockPrecisionFixDiag]   quad 'Kerbin Xn0131000323': height 600701.955064 m, matrix 600701.955064 m, up 0.000 mm, across 0.000 mm
[RockPrecisionFixDiag]     holder 'cactus': built, height 600701.955064 m, matrix 600701.946377 m, up -8.687 mm, across 30.018 mm, 5 colliders
[RockPrecisionFixDiag]   quad 'Kerbin Xn0131000322': height 600737.435288 m, matrix 600737.435288 m, up 0.000 mm, across 0.000 mm
[RockPrecisionFixDiag]     holder 'cactus': built, height 600737.435288 m, matrix 600737.435288 m, up 0.000 mm, across 0.000 mm, 5 colliders
[RockPrecisionFixDiag]   quad 'Kerbin Xn0131000233': height 600788.113552 m, matrix 600788.113552 m, up 0.000 mm, across 0.000 mm
[RockPrecisionFixDiag]     holder 'cactus': built, height 600788.113552 m, matrix 600788.113552 m, up 0.000 mm, across 0.000 mm, 5 colliders
[RockPrecisionFixDiag]   quad 'Kerbin Xn0131000223': height 600738.923449 m, matrix 600738.923449 m, up 0.000 mm, across 0.000 mm
[RockPrecisionFixDiag]     holder 'cactus': built, height 600738.923449 m, matrix 600738.923449 m, up 0.000 mm, across 0.000 mm, 5 colliders
[RockPrecisionFixDiag]   quad 'Kerbin Xn0131000222': height 600736.746662 m, matrix 600736.746662 m, up 0.000 mm, across 0.000 mm
[RockPrecisionFixDiag]     holder 'cactus': built, height 600736.746662 m, matrix 600736.746662 m, up 0.000 mm, across 0.000 mm, 5 colliders
[RockPrecisionFixDiag]   quad 'Kerbin Xn0131002303': height 600621.671003 m, matrix 600621.671003 m, up 0.000 mm, across 0.000 mm
[RockPrecisionFixDiag]     holder 'cactus': built, height 600621.671003 m, matrix 600621.611378 m, up -59.625 mm, across 18.738 mm, 5 colliders
[RockPrecisionFixDiag]   quad 'Kerbin Xn0131002302': height 600596.551875 m, matrix 600596.551875 m, up 0.000 mm, across 0.000 mm
[RockPrecisionFixDiag]     holder 'cactus': built, height 600596.551875 m, matrix 600596.551875 m, up 0.000 mm, across 0.000 mm, 5 colliders
[RockPrecisionFixDiag]   quad 'Kerbin Xn0131002301': height 600634.062090 m, matrix 600634.062090 m, up 0.000 mm, across 0.000 mm
[RockPrecisionFixDiag]     holder 'cactus': built, height 600634.062090 m, matrix 600634.070967 m, up +8.877 mm, across 29.963 mm, 5 colliders
[RockPrecisionFixDiag]   quad 'Kerbin Xn0131002300': height 600645.369427 m, matrix 600645.369427 m, up 0.000 mm, across 0.000 mm
[RockPrecisionFixDiag]     holder 'cactus': built, height 600645.369427 m, matrix 600645.309788 m, up -59.640 mm, across 18.692 mm, 5 colliders
[RockPrecisionFixDiag]   quad 'Kerbin Xn0131002233': height 600517.759172 m, matrix 600517.759172 m, up 0.000 mm, across 0.000 mm
[RockPrecisionFixDiag]     holder 'cactus': built, height 600517.759172 m, matrix 600517.759172 m, up 0.000 mm, across 0.000 mm, 5 colliders
[RockPrecisionFixDiag]   quad 'Kerbin Xn0131002232': height 600510.575540 m, matrix 600510.575540 m, up 0.000 mm, across 0.000 mm
[RockPrecisionFixDiag]     holder 'cactus': built, height 600510.575540 m, matrix 600510.575540 m, up 0.000 mm, across 0.000 mm, 5 colliders
[RockPrecisionFixDiag]   quad 'Kerbin Xn0131002231': height 600579.621798 m, matrix 600579.621798 m, up 0.000 mm, across 0.000 mm
[RockPrecisionFixDiag]     holder 'cactus': built, height 600579.621798 m, matrix 600579.621798 m, up 0.000 mm, across 0.000 mm, 5 colliders
[RockPrecisionFixDiag]   quad 'Kerbin Xn0131002230': height 600552.243354 m, matrix 600552.243354 m, up 0.000 mm, across 0.000 mm
[RockPrecisionFixDiag]     holder 'cactus': built, height 600552.243354 m, matrix 600552.252303 m, up +8.949 mm, across 29.941 mm, 5 colliders
[RockPrecisionFixDiag]   quad 'Kerbin Xn0131002223': height 600496.308781 m, matrix 600496.308781 m, up 0.000 mm, across 0.000 mm
[RockPrecisionFixDiag]     holder 'cactus': built, height 600496.308781 m, matrix 600496.249239 m, up -59.542 mm, across 18.999 mm, 5 colliders
[RockPrecisionFixDiag]   quad 'Kerbin Xn0131002221': height 600523.761825 m, matrix 600523.761825 m, up 0.000 mm, across 0.000 mm
[RockPrecisionFixDiag]     holder 'cactus': built, height 600523.761825 m, matrix 600523.770773 m, up +8.948 mm, across 29.942 mm, 5 colliders
[RockPrecisionFixDiag]   quad 'Kerbin Xn0131002213': height 600620.709415 m, matrix 600620.709415 m, up 0.000 mm, across 0.000 mm
[RockPrecisionFixDiag]     holder 'cactus': built, height 600620.709415 m, matrix 600620.700502 m, up -8.913 mm, across 29.952 mm, 5 colliders
[RockPrecisionFixDiag]   quad 'Kerbin Xn0131002212': height 600599.633923 m, matrix 600599.633923 m, up 0.000 mm, across 0.000 mm
[RockPrecisionFixDiag]     holder 'cactus': built, height 600599.633923 m, matrix 600599.702432 m, up +68.510 mm, across 13.757 mm, 5 colliders
[RockPrecisionFixDiag]   quad 'Kerbin Xn0131002211': height 600620.590336 m, matrix 600620.590336 m, up 0.000 mm, across 0.000 mm
[RockPrecisionFixDiag]     holder 'cactus': built, height 600620.590336 m, matrix 600620.649967 m, up +59.631 mm, across 18.720 mm, 5 colliders
[RockPrecisionFixDiag]   quad 'Kerbin Xn0131002210': height 600616.179848 m, matrix 600616.179848 m, up 0.000 mm, across 0.000 mm
[RockPrecisionFixDiag]     holder 'cactus': built, height 600616.179848 m, matrix 600616.179848 m, up 0.000 mm, across 0.000 mm, 5 colliders
[RockPrecisionFixDiag]   quad 'Kerbin Xn0131002203': height 600568.676398 m, matrix 600568.676398 m, up 0.000 mm, across 0.000 mm
[RockPrecisionFixDiag]     holder 'cactus': built, height 600568.676398 m, matrix 600568.685308 m, up +8.910 mm, across 29.953 mm, 5 colliders
[RockPrecisionFixDiag]   quad 'Kerbin Xn0131002201': height 600607.701070 m, matrix 600607.701070 m, up 0.000 mm, across 0.000 mm
[RockPrecisionFixDiag]     holder 'cactus': built, height 600607.701070 m, matrix 600607.709942 m, up +8.872 mm, across 29.964 mm, 5 colliders
[RockPrecisionFixDiag]   quad 'Kerbin Xn0131002133': height 600659.981568 m, matrix 600659.981568 m, up 0.000 mm, across 0.000 mm
[RockPrecisionFixDiag]     holder 'cactus': built, height 600659.981568 m, matrix 600660.032414 m, up +50.847 mm, across 47.931 mm, 5 colliders
[RockPrecisionFixDiag]   quad 'Kerbin Xn0131002132': height 600686.309080 m, matrix 600686.309080 m, up 0.000 mm, across 0.000 mm
[RockPrecisionFixDiag]     holder 'cactus': built, height 600686.309080 m, matrix 600686.309080 m, up 0.000 mm, across 0.000 mm, 5 colliders
[RockPrecisionFixDiag]   quad 'Kerbin Xn0131002131': height 600686.172833 m, matrix 600686.172833 m, up 0.000 mm, across 0.000 mm
[RockPrecisionFixDiag]     holder 'cactus': built, height 600686.172833 m, matrix 600686.181637 m, up +8.804 mm, across 29.984 mm, 5 colliders
[RockPrecisionFixDiag]   quad 'Kerbin Xn0131002130': height 600686.484129 m, matrix 600686.484129 m, up 0.000 mm, across 0.000 mm
[RockPrecisionFixDiag]     holder 'cactus': built, height 600686.484129 m, matrix 600686.543832 m, up +59.703 mm, across 18.488 mm, 5 colliders
[RockPrecisionFixDiag]   quad 'Kerbin Xn0131002123': height 600679.288137 m, matrix 600679.288137 m, up 0.000 mm, across 0.000 mm
[RockPrecisionFixDiag]     holder 'cactus': built, height 600679.288137 m, matrix 600679.279298 m, up -8.839 mm, across 29.974 mm, 5 colliders
[RockPrecisionFixDiag]   quad 'Kerbin Xn0131002122': height 600657.337921 m, matrix 600657.337921 m, up 0.000 mm, across 0.000 mm
[RockPrecisionFixDiag]     holder 'cactus': built, height 600657.337921 m, matrix 600657.329083 m, up -8.838 mm, across 29.974 mm, 5 colliders
[RockPrecisionFixDiag]   quad 'Kerbin Xn0131002121': height 600643.330802 m, matrix 600643.330802 m, up 0.000 mm, across 0.000 mm
[RockPrecisionFixDiag]     holder 'cactus': built, height 600643.330802 m, matrix 600643.330802 m, up 0.000 mm, across 0.000 mm, 5 colliders
[RockPrecisionFixDiag]   quad 'Kerbin Xn0131002120': height 600620.327214 m, matrix 600620.327214 m, up 0.000 mm, across 0.000 mm
[RockPrecisionFixDiag]     holder 'cactus': built, height 600620.327214 m, matrix 600620.336014 m, up +8.800 mm, across 29.985 mm, 5 colliders
[RockPrecisionFixDiag]   quad 'Kerbin Xn0131002113': height 600719.001911 m, matrix 600719.001911 m, up 0.000 mm, across 0.000 mm
[RockPrecisionFixDiag]     holder 'cactus': built, height 600719.001911 m, matrix 600719.001911 m, up 0.000 mm, across 0.000 mm, 5 colliders
[RockPrecisionFixDiag]   quad 'Kerbin Xn0131002112': height 600682.504888 m, matrix 600682.504888 m, up 0.000 mm, across 0.000 mm
[RockPrecisionFixDiag]     holder 'cactus': built, height 600682.504888 m, matrix 600682.555849 m, up +50.961 mm, across 47.809 mm, 5 colliders
[RockPrecisionFixDiag]   quad 'Kerbin Xn0131002111': height 600790.577787 m, matrix 600790.577787 m, up 0.000 mm, across 0.000 mm
[RockPrecisionFixDiag]     holder 'cactus': built, height 600790.577787 m, matrix 600790.586515 m, up +8.728 mm, across 30.007 mm, 5 colliders
[RockPrecisionFixDiag]   quad 'Kerbin Xn0131002110': height 600719.252204 m, matrix 600719.252204 m, up 0.000 mm, across 0.000 mm
[RockPrecisionFixDiag]     holder 'cactus': built, height 600719.252204 m, matrix 600719.252204 m, up 0.000 mm, across 0.000 mm, 5 colliders
[RockPrecisionFixDiag]   quad 'Kerbin Xn0131002103': height 600659.443036 m, matrix 600659.443036 m, up 0.000 mm, across 0.000 mm
[RockPrecisionFixDiag]     holder 'cactus': built, height 600659.443036 m, matrix 600659.451799 m, up +8.763 mm, across 29.996 mm, 5 colliders
[RockPrecisionFixDiag]   quad 'Kerbin Xn0131002102': height 600604.541037 m, matrix 600604.541037 m, up 0.000 mm, across 0.000 mm
[RockPrecisionFixDiag]     holder 'cactus': built, height 600604.541037 m, matrix 600604.481329 m, up -59.709 mm, across 18.470 mm, 5 colliders
[RockPrecisionFixDiag]   quad 'Kerbin Xn0131002101': height 600671.063043 m, matrix 600671.063043 m, up 0.000 mm, across 0.000 mm
[RockPrecisionFixDiag]     holder 'cactus': built, height 600671.063043 m, matrix 600671.054318 m, up -8.725 mm, across 30.007 mm, 5 colliders
[RockPrecisionFixDiag]   quad 'Kerbin Xn0131002100': height 600661.812787 m, matrix 600661.812787 m, up 0.000 mm, across 0.000 mm
[RockPrecisionFixDiag]     holder 'cactus': built, height 600661.812787 m, matrix 600661.812787 m, up 0.000 mm, across 0.000 mm, 5 colliders
[RockPrecisionFixDiag]   quad 'Kerbin Xn0131002033': height 600629.676479 m, matrix 600629.676479 m, up 0.000 mm, across 0.000 mm
[RockPrecisionFixDiag]     holder 'cactus': built, height 600629.676479 m, matrix 600629.676479 m, up 0.000 mm, across 0.000 mm, 5 colliders
[RockPrecisionFixDiag]   quad 'Kerbin Xn0131002032': height 600621.139985 m, matrix 600621.139985 m, up 0.000 mm, across 0.000 mm
[RockPrecisionFixDiag]     holder 'cactus': built, height 600621.139985 m, matrix 600621.139985 m, up 0.000 mm, across 0.000 mm, 5 colliders
[RockPrecisionFixDiag]   quad 'Kerbin Xn0131002031': height 600636.220900 m, matrix 600636.220900 m, up 0.000 mm, across 0.000 mm
[RockPrecisionFixDiag]     holder 'cactus': built, height 600636.220900 m, matrix 600636.220900 m, up 0.000 mm, across 0.000 mm, 5 colliders
[RockPrecisionFixDiag]   quad 'Kerbin Xn0131002030': height 600637.702527 m, matrix 600637.702527 m, up 0.000 mm, across 0.000 mm
[RockPrecisionFixDiag]     holder 'cactus': built, height 600637.702527 m, matrix 600637.702527 m, up 0.000 mm, across 0.000 mm, 5 colliders
[RockPrecisionFixDiag]   quad 'Kerbin Xn0131002023': height 600610.052324 m, matrix 600610.052324 m, up 0.000 mm, across 0.000 mm
[RockPrecisionFixDiag]     holder 'cactus': built, height 600610.052324 m, matrix 600609.992689 m, up -59.636 mm, across 18.704 mm, 5 colliders
[RockPrecisionFixDiag]   quad 'Kerbin Xn0131002021': height 600590.088726 m, matrix 600590.088726 m, up 0.000 mm, across 0.000 mm
[RockPrecisionFixDiag]     holder 'cactus': built, height 600590.088726 m, matrix 600590.088726 m, up 0.000 mm, across 0.000 mm, 5 colliders
[RockPrecisionFixDiag]   quad 'Kerbin Xn0131002013': height 600650.261313 m, matrix 600650.261313 m, up 0.000 mm, across 0.000 mm
[RockPrecisionFixDiag]     holder 'cactus': built, height 600650.261313 m, matrix 600650.252552 m, up -8.761 mm, across 29.997 mm, 5 colliders
[RockPrecisionFixDiag]   quad 'Kerbin Xn0131002012': height 600662.469731 m, matrix 600662.469731 m, up 0.000 mm, across 0.000 mm
[RockPrecisionFixDiag]     holder 'cactus': built, height 600662.469731 m, matrix 600662.478490 m, up +8.759 mm, across 29.997 mm, 5 colliders
[RockPrecisionFixDiag]   quad 'Kerbin Xn0131002011': height 600687.774849 m, matrix 600687.774849 m, up 0.000 mm, across 0.000 mm
[RockPrecisionFixDiag]     holder 'cactus': built, height 600687.774849 m, matrix 600687.774849 m, up 0.000 mm, across 0.000 mm, 5 colliders
[RockPrecisionFixDiag]   quad 'Kerbin Xn0131002010': height 600756.773853 m, matrix 600756.773853 m, up 0.000 mm, across 0.000 mm
[RockPrecisionFixDiag]     holder 'cactus': built, height 600756.773853 m, matrix 600756.773853 m, up 0.000 mm, across 0.000 mm, 5 colliders
[RockPrecisionFixDiag]   quad 'Kerbin Xn0131002003': height 600611.208186 m, matrix 600611.208186 m, up 0.000 mm, across 0.000 mm
[RockPrecisionFixDiag]     holder 'cactus': built, height 600611.208186 m, matrix 600611.216944 m, up +8.758 mm, across 29.998 mm, 5 colliders
[RockPrecisionFixDiag]   quad 'Kerbin Xn0131002002': height 600621.594564 m, matrix 600621.594564 m, up 0.000 mm, across 0.000 mm
[RockPrecisionFixDiag]     holder 'cactus': built, height 600621.594564 m, matrix 600621.585808 m, up -8.756 mm, across 29.998 mm, 5 colliders
[RockPrecisionFixDiag]   quad 'Kerbin Xn0131002001': height 600712.075380 m, matrix 600712.075380 m, up 0.000 mm, across 0.000 mm
[RockPrecisionFixDiag]     holder 'cactus': built, height 600712.075380 m, matrix 600712.084100 m, up +8.720 mm, across 30.009 mm, 5 colliders
[RockPrecisionFixDiag]   rock 'Kerbin Xn0131000203' 'boulder' #0 vertex 120: ground 600842.423142 m, vertex 600839.822502 m, -2600.640 mm above the ground
[RockPrecisionFixDiag]   rock 'Kerbin Xn0131000203' 'boulder' #0 vertex 104: ground 600842.327835 m, vertex 600843.634021 m, +1306.186 mm above the ground
[RockPrecisionFixDiag]   rock 'Kerbin Xn0131000203' 'boulder' #0 vertex 35: ground 600842.490337 m, vertex 600844.496288 m, +2005.951 mm above the ground
[RockPrecisionFixDiag]   rock 'Kerbin Xn0131000203' 'boulder' #0 vertex 62: ground 600842.489709 m, vertex 600842.920948 m, +431.239 mm above the ground
[RockPrecisionFixDiag]   rock 'Kerbin Xn0131000203' 'boulder' #0 vertex 173: ground 600842.195304 m, vertex 600841.534249 m, -661.056 mm above the ground
[RockPrecisionFixDiag]   rock 'Kerbin Xn0131000203' 'boulder' #0 vertex 15: ground 600842.367769 m, vertex 600840.535987 m, -1831.783 mm above the ground
[RockPrecisionFixDiag]   rock 'Kerbin Xn0131000203' 'boulder' #0 vertex 21: ground 600842.396402 m, vertex 600841.634171 m, -762.232 mm above the ground
[RockPrecisionFixDiag]   rock 'Kerbin Xn0131000203' 'boulder' #0 vertex 34: ground 600842.261120 m, vertex 600843.792207 m, +1531.087 mm above the ground
[RockPrecisionFixDiag]   rock 'Kerbin Xn0131000203' 'boulder' #0 vertex 0: ground 600842.570542 m, vertex 600841.292990 m, -1277.552 mm above the ground
[RockPrecisionFixDiag]   rock 'Kerbin Xn0131000203' 'boulder' #0 vertex 90: ground 600842.354357 m, vertex 600844.358772 m, +2004.415 mm above the ground
[RockPrecisionFixDiag]   rock 'Kerbin Xn0131000203' 'boulder' #0 collider: physics 600842.275544 m, drawn 600842.279819 m, up -4.272 mm, across 9.148 mm
[RockPrecisionFixDiag]   rock 'Kerbin Xn0131000203' 'cactus' #0 vertex 53: ground 600848.048135 m, vertex 600847.444005 m, -604.129 mm above the ground
[RockPrecisionFixDiag]   rock 'Kerbin Xn0131000203' 'cactus' #0 vertex 33: ground 600848.082903 m, vertex 600854.971135 m, +6888.232 mm above the ground
[RockPrecisionFixDiag]   rock 'Kerbin Xn0131000203' 'cactus' #0 vertex 334: ground 600847.951467 m, vertex 600851.432179 m, +3480.712 mm above the ground
[RockPrecisionFixDiag]   rock 'Kerbin Xn0131000203' 'cactus' #0 vertex 100: ground 600848.168819 m, vertex 600851.986626 m, +3817.807 mm above the ground
[RockPrecisionFixDiag]   rock 'Kerbin Xn0131000203' 'cactus' #0 vertex 159: ground 600848.075867 m, vertex 600849.716843 m, +1640.976 mm above the ground
[RockPrecisionFixDiag]   rock 'Kerbin Xn0131000203' 'cactus' #0 vertex 418: ground 600847.970408 m, vertex 600853.407844 m, +5437.436 mm above the ground
[RockPrecisionFixDiag]   rock 'Kerbin Xn0131000203' 'cactus' #0 vertex 303: ground 600848.159997 m, vertex 600853.725561 m, +5565.564 mm above the ground
[RockPrecisionFixDiag]   rock 'Kerbin Xn0131000203' 'cactus' #0 vertex 125: ground 600848.121338 m, vertex 600850.694580 m, +2573.243 mm above the ground
[RockPrecisionFixDiag]   rock 'Kerbin Xn0131000203' 'cactus' #0 vertex 340: ground 600847.986373 m, vertex 600850.255797 m, +2269.424 mm above the ground
[RockPrecisionFixDiag]   rock 'Kerbin Xn0131000203' 'cactus' #0 vertex 348: ground 600847.953269 m, vertex 600852.510472 m, +4557.203 mm above the ground
[RockPrecisionFixDiag]   rock 'Kerbin Xn0131000203' 'cactus' #0 collider: physics 600851.187254 m, drawn 600851.207576 m, up -20.323 mm, across 29.798 mm
[RockPrecisionFixDiag]   rock 'Kerbin Xn0131000203' 'cactus' #1 vertex 53: ground 600846.469041 m, vertex 600845.653019 m, -816.021 mm above the ground
[RockPrecisionFixDiag]   rock 'Kerbin Xn0131000203' 'cactus' #1 vertex 33: ground 600846.508972 m, vertex 600855.883756 m, +9374.784 mm above the ground
[RockPrecisionFixDiag]   rock 'Kerbin Xn0131000203' 'cactus' #1 vertex 334: ground 600846.341008 m, vertex 600851.071904 m, +4730.896 mm above the ground
[RockPrecisionFixDiag]   rock 'Kerbin Xn0131000203' 'cactus' #1 vertex 100: ground 600846.609659 m, vertex 600851.828931 m, +5219.272 mm above the ground
[RockPrecisionFixDiag]   rock 'Kerbin Xn0131000203' 'cactus' #1 vertex 159: ground 600846.505304 m, vertex 600848.742456 m, +2237.152 mm above the ground
[RockPrecisionFixDiag]   rock 'Kerbin Xn0131000203' 'cactus' #1 vertex 418: ground 600846.367991 m, vertex 600853.757285 m, +7389.295 mm above the ground
[RockPrecisionFixDiag]   rock 'Kerbin Xn0131000203' 'cactus' #1 vertex 303: ground 600846.599416 m, vertex 600854.192178 m, +7592.762 mm above the ground
[RockPrecisionFixDiag]   rock 'Kerbin Xn0131000203' 'cactus' #1 vertex 125: ground 600846.550369 m, vertex 600850.072187 m, +3521.818 mm above the ground
[RockPrecisionFixDiag]   rock 'Kerbin Xn0131000203' 'cactus' #1 vertex 340: ground 600846.390693 m, vertex 600849.473554 m, +3082.861 mm above the ground
[RockPrecisionFixDiag]   rock 'Kerbin Xn0131000203' 'cactus' #1 vertex 348: ground 600846.339222 m, vertex 600852.537495 m, +6198.273 mm above the ground
[RockPrecisionFixDiag]   rock 'Kerbin Xn0131000203' 'cactus' #1 collider: physics 600850.783760 m, drawn 600850.768441 m, up +15.323 mm, across 10.515 mm
[RockPrecisionFixDiag]   rock 'Kerbin Xn0131000203' 'cactus' #2 vertex 53: ground 600844.275316 m, vertex 600843.454244 m, -821.072 mm above the ground
[RockPrecisionFixDiag]   rock 'Kerbin Xn0131000203' 'cactus' #2 vertex 33: ground 600844.251402 m, vertex 600849.357134 m, +5105.732 mm above the ground
[RockPrecisionFixDiag]   rock 'Kerbin Xn0131000203' 'cactus' #2 vertex 334: ground 600844.358141 m, vertex 600846.581104 m, +2222.963 mm above the ground
[RockPrecisionFixDiag]   rock 'Kerbin Xn0131000203' 'cactus' #2 vertex 100: ground 600844.188122 m, vertex 600847.017331 m, +2829.209 mm above the ground
[RockPrecisionFixDiag]   rock 'Kerbin Xn0131000203' 'cactus' #2 vertex 159: ground 600844.251692 m, vertex 600845.236735 m, +985.043 mm above the ground
[RockPrecisionFixDiag]   rock 'Kerbin Xn0131000203' 'cactus' #2 vertex 418: ground 600844.339656 m, vertex 600848.130485 m, +3790.829 mm above the ground
[RockPrecisionFixDiag]   rock 'Kerbin Xn0131000203' 'cactus' #2 vertex 303: ground 600844.194456 m, vertex 600848.380910 m, +4186.454 mm above the ground
[RockPrecisionFixDiag]   rock 'Kerbin Xn0131000203' 'cactus' #2 vertex 125: ground 600844.227497 m, vertex 600846.003833 m, +1776.337 mm above the ground
[RockPrecisionFixDiag]   rock 'Kerbin Xn0131000203' 'cactus' #2 vertex 340: ground 600844.324387 m, vertex 600845.658793 m, +1334.406 mm above the ground
[RockPrecisionFixDiag]   rock 'Kerbin Xn0131000203' 'cactus' #2 vertex 348: ground 600844.361158 m, vertex 600847.426735 m, +3065.577 mm above the ground
[RockPrecisionFixDiag]   rock 'Kerbin Xn0131000203' 'cactus' #2 collider: physics 600846.346616 m, drawn 600846.405716 m, up -59.102 mm, across 7.729 mm
[RockPrecisionFixDiag]   rock 'Kerbin Xn0131000203' 'cactus' #3 vertex 53: ground 600843.398650 m, vertex 600842.948703 m, -449.947 mm above the ground
[RockPrecisionFixDiag]   rock 'Kerbin Xn0131000203' 'cactus' #3 vertex 33: ground 600843.417236 m, vertex 600848.306964 m, +4889.728 mm above the ground
[RockPrecisionFixDiag]   rock 'Kerbin Xn0131000203' 'cactus' #3 vertex 334: ground 600843.335228 m, vertex 600845.787367 m, +2452.139 mm above the ground
[RockPrecisionFixDiag]   rock 'Kerbin Xn0131000203' 'cactus' #3 vertex 100: ground 600843.424218 m, vertex 600846.182757 m, +2758.539 mm above the ground
[RockPrecisionFixDiag]   rock 'Kerbin Xn0131000203' 'cactus' #3 vertex 159: ground 600843.411571 m, vertex 600844.566691 m, +1155.119 mm above the ground
[RockPrecisionFixDiag]   rock 'Kerbin Xn0131000203' 'cactus' #3 vertex 418: ground 600843.345597 m, vertex 600847.193778 m, +3848.181 mm above the ground
[RockPrecisionFixDiag]   rock 'Kerbin Xn0131000203' 'cactus' #3 vertex 303: ground 600843.423239 m, vertex 600847.420576 m, +3997.337 mm above the ground
[RockPrecisionFixDiag]   rock 'Kerbin Xn0131000203' 'cactus' #3 vertex 125: ground 600843.425262 m, vertex 600845.262874 m, +1837.612 mm above the ground
[RockPrecisionFixDiag]   rock 'Kerbin Xn0131000203' 'cactus' #3 vertex 340: ground 600843.354841 m, vertex 600844.950062 m, +1595.222 mm above the ground
[RockPrecisionFixDiag]   rock 'Kerbin Xn0131000203' 'cactus' #3 vertex 348: ground 600843.340228 m, vertex 600846.554966 m, +3214.738 mm above the ground
[RockPrecisionFixDiag]   rock 'Kerbin Xn0131000203' 'cactus' #3 collider: physics 600845.621397 m, drawn 600845.627851 m, up -6.462 mm, across 42.622 mm
[RockPrecisionFixDiag]   rock 'Kerbin Xn0131000203' 'cactus' #4 vertex 53: ground 600862.714375 m, vertex 600862.225504 m, -488.871 mm above the ground
[RockPrecisionFixDiag]   rock 'Kerbin Xn0131000203' 'cactus' #4 vertex 33: ground 600862.709135 m, vertex 600867.783407 m, +5074.272 mm above the ground
[RockPrecisionFixDiag]   rock 'Kerbin Xn0131000203' 'cactus' #4 vertex 334: ground 600862.703648 m, vertex 600865.170652 m, +2467.003 mm above the ground
[RockPrecisionFixDiag]   rock 'Kerbin Xn0131000203' 'cactus' #4 vertex 100: ground 600862.711184 m, vertex 600865.579181 m, +2867.996 mm above the ground
[RockPrecisionFixDiag]   rock 'Kerbin Xn0131000203' 'cactus' #4 vertex 159: ground 600862.717342 m, vertex 600863.903699 m, +1186.357 mm above the ground
[RockPrecisionFixDiag]   rock 'Kerbin Xn0131000203' 'cactus' #4 vertex 418: ground 600862.710255 m, vertex 600866.629489 m, +3919.234 mm above the ground
[RockPrecisionFixDiag]   rock 'Kerbin Xn0131000203' 'cactus' #4 vertex 303: ground 600862.711306 m, vertex 600866.863275 m, +4151.968 mm above the ground
[RockPrecisionFixDiag]   rock 'Kerbin Xn0131000203' 'cactus' #4 vertex 125: ground 600862.703670 m, vertex 600864.625297 m, +1921.627 mm above the ground
[RockPrecisionFixDiag]   rock 'Kerbin Xn0131000203' 'cactus' #4 vertex 340: ground 600862.714935 m, vertex 600864.301975 m, +1587.040 mm above the ground
[RockPrecisionFixDiag]   rock 'Kerbin Xn0131000203' 'cactus' #4 vertex 348: ground 600862.695143 m, vertex 600865.966793 m, +3271.650 mm above the ground
[RockPrecisionFixDiag]   rock 'Kerbin Xn0131000203' 'cactus' #4 collider: physics 600864.994092 m, drawn 600865.004412 m, up -10.308 mm, across 20.668 mm
[RockPrecisionFixDiag] End of record 1: 173 quads with rocks, 306 holders (0 not built yet); nearest quad 'Kerbin Xn0131000203': 6 rocks, 60 vertices measured, 0 without ground under them, 6 colliders measured
