[RockPrecisionFixDiag] Record 3 on Kerbin: scatter on. Heights are distances from the centre of Kerbin, in metres
[RockPrecisionFixDiag]   quad 'Kerbin Xn0113222322': height 601225.623305 m, matrix 601225.623305 m, up 0.000 mm, across 0.000 mm
[RockPrecisionFixDiag]     holder 'Grass00': built, height 601225.623305 m, matrix 601225.563502 m, up -59.803 mm, across 18.162 mm
[RockPrecisionFixDiag]     holder 'boulder': built, height 601225.623305 m, matrix 601225.563502 m, up -59.803 mm, across 18.162 mm
[RockPrecisionFixDiag]     holder 'cactus': built, height 601225.623305 m, matrix 601225.563502 m, up -59.803 mm, across 18.162 mm
[RockPrecisionFixDiag]   quad 'Kerbin Xn0113222320': height 601347.613501 m, matrix 601347.613501 m, up 0.000 mm, across 0.000 mm
[RockPrecisionFixDiag]     holder 'Grass00': built, height 601347.613501 m, matrix 601347.613501 m, up 0.000 mm, across 0.000 mm
[RockPrecisionFixDiag]     holder 'boulder': built, height 601347.613501 m, matrix 601347.613501 m, up 0.000 mm, across 0.000 mm
[RockPrecisionFixDiag]     holder 'cactus': built, height 601347.613501 m, matrix 601347.613501 m, up 0.000 mm, across 0.000 mm
[RockPrecisionFixDiag]   quad 'Kerbin Xn0113222233': height 601569.010505 m, matrix 601569.010505 m, up 0.000 mm, across 0.000 mm
[RockPrecisionFixDiag]     holder 'Grass00': built, height 601569.010505 m, matrix 601569.001897 m, up -8.607 mm, across 30.041 mm
[RockPrecisionFixDiag]     holder 'boulder': built, height 601569.010505 m, matrix 601569.001897 m, up -8.607 mm, across 30.041 mm
[RockPrecisionFixDiag]     holder 'cactus': built, height 601569.010505 m, matrix 601569.001897 m, up -8.607 mm, across 30.041 mm
[RockPrecisionFixDiag]   quad 'Kerbin Xn0113222232': height 601376.362309 m, matrix 601376.362309 m, up 0.000 mm, across 0.000 mm
[RockPrecisionFixDiag]     holder 'Grass00': built, height 601376.362309 m, matrix 601376.370914 m, up +8.606 mm, across 30.042 mm
[RockPrecisionFixDiag]     holder 'boulder': built, height 601376.362309 m, matrix 601376.370914 m, up +8.606 mm, across 30.042 mm
[RockPrecisionFixDiag]     holder 'cactus': built, height 601376.362309 m, matrix 601376.370914 m, up +8.606 mm, across 30.042 mm
[RockPrecisionFixDiag]   quad 'Kerbin Xn0113222231': height 601693.949108 m, matrix 601693.949108 m, up 0.000 mm, across 0.000 mm
[RockPrecisionFixDiag]     holder 'Grass00': built, height 601693.949108 m, matrix 601693.940538 m, up -8.570 mm, across 30.052 mm
[RockPrecisionFixDiag]     holder 'boulder': built, height 601693.949108 m, matrix 601693.940538 m, up -8.570 mm, across 30.052 mm
[RockPrecisionFixDiag]     holder 'cactus': built, height 601693.949108 m, matrix 601693.940538 m, up -8.570 mm, across 30.052 mm
[RockPrecisionFixDiag]   quad 'Kerbin Xn0113222221': height 601485.539424 m, matrix 601485.539424 m, up 0.000 mm, across 0.000 mm
[RockPrecisionFixDiag]     holder 'Grass00': built, height 601485.539424 m, matrix 601485.530856 m, up -8.567 mm, across 30.053 mm
[RockPrecisionFixDiag]     holder 'boulder': built, height 601485.539424 m, matrix 601485.530856 m, up -8.567 mm, across 30.053 mm
[RockPrecisionFixDiag]     holder 'cactus': built, height 601485.539424 m, matrix 601485.530856 m, up -8.567 mm, across 30.053 mm
[RockPrecisionFixDiag]   quad 'Kerbin Xn0113222220': height 601352.677222 m, matrix 601352.677222 m, up 0.000 mm, across 0.000 mm
[RockPrecisionFixDiag]     holder 'Grass00': built, height 601352.677222 m, matrix 601352.617433 m, up -59.789 mm, across 18.207 mm
[RockPrecisionFixDiag]     holder 'boulder': built, height 601352.677222 m, matrix 601352.617433 m, up -59.789 mm, across 18.207 mm
[RockPrecisionFixDiag]     holder 'cactus': built, height 601352.677222 m, matrix 601352.617433 m, up -59.789 mm, across 18.207 mm
[RockPrecisionFixDiag]   quad 'Kerbin Xn0113222213': height 601945.470459 m, matrix 601945.470459 m, up 0.000 mm, across 0.000 mm
[RockPrecisionFixDiag]     holder 'Grass00': built, height 601945.470459 m, matrix 601945.470459 m, up 0.000 mm, across 0.000 mm
[RockPrecisionFixDiag]     holder 'boulder': built, height 601945.470459 m, matrix 601945.470459 m, up 0.000 mm, across 0.000 mm
[RockPrecisionFixDiag]     holder 'cactus': built, height 601945.470459 m, matrix 601945.470459 m, up 0.000 mm, across 0.000 mm
[RockPrecisionFixDiag]   quad 'Kerbin Xn0113222212': height 601669.720606 m, matrix 601669.720606 m, up 0.000 mm, across 0.000 mm
[RockPrecisionFixDiag]     holder 'Grass00': built, height 601669.720606 m, matrix 601669.720606 m, up 0.000 mm, across 0.000 mm
[RockPrecisionFixDiag]     holder 'boulder': built, height 601669.720606 m, matrix 601669.720606 m, up 0.000 mm, across 0.000 mm
[RockPrecisionFixDiag]     holder 'cactus': built, height 601669.720606 m, matrix 601669.720606 m, up 0.000 mm, across 0.000 mm
[RockPrecisionFixDiag]   quad 'Kerbin Xn0112333313': height 601674.221865 m, matrix 601674.221865 m, up 0.000 mm, across 0.000 mm
[RockPrecisionFixDiag]     holder 'Grass00': built, height 601674.221865 m, matrix 601674.221865 m, up 0.000 mm, across 0.000 mm
[RockPrecisionFixDiag]     holder 'boulder': built, height 601674.221865 m, matrix 601674.221865 m, up 0.000 mm, across 0.000 mm
[RockPrecisionFixDiag]     holder 'cactus': built, height 601674.221865 m, matrix 601674.221865 m, up 0.000 mm, across 0.000 mm
[RockPrecisionFixDiag]   quad 'Kerbin Xn0112333312': height 601368.928690 m, matrix 601368.928690 m, up 0.000 mm, across 0.000 mm
[RockPrecisionFixDiag]     holder 'Grass00': built, height 601368.928690 m, matrix 601368.937216 m, up +8.526 mm, across 30.064 mm
[RockPrecisionFixDiag]     holder 'boulder': built, height 601368.928690 m, matrix 601368.937216 m, up +8.526 mm, across 30.064 mm
[RockPrecisionFixDiag]     holder 'cactus': built, height 601368.928690 m, matrix 601368.937216 m, up +8.526 mm, across 30.064 mm
[RockPrecisionFixDiag]   quad 'Kerbin Xn0112333310': height 601630.536811 m, matrix 601630.536811 m, up 0.000 mm, across 0.000 mm
[RockPrecisionFixDiag]     holder 'Grass00': built, height 601630.536811 m, matrix 601630.536811 m, up 0.000 mm, across 0.000 mm
[RockPrecisionFixDiag]     holder 'boulder': built, height 601630.536811 m, matrix 601630.536811 m, up 0.000 mm, across 0.000 mm
[RockPrecisionFixDiag]     holder 'cactus': built, height 601630.536811 m, matrix 601630.536811 m, up 0.000 mm, across 0.000 mm
[RockPrecisionFixDiag]   quad 'Kerbin Xn0112333311': height 601755.272351 m, matrix 601755.272351 m, up 0.000 mm, across 0.000 mm
[RockPrecisionFixDiag]     holder 'Grass00': built, height 601755.272351 m, matrix 601755.332175 m, up +59.824 mm, across 18.093 mm
[RockPrecisionFixDiag]     holder 'boulder': built, height 601755.272351 m, matrix 601755.332175 m, up +59.824 mm, across 18.093 mm
[RockPrecisionFixDiag]     holder 'cactus': built, height 601755.272351 m, matrix 601755.332175 m, up +59.824 mm, across 18.093 mm
[RockPrecisionFixDiag]   quad 'Kerbin Xn0131000021': height 600958.733355 m, matrix 600958.733355 m, up 0.000 mm, across 0.000 mm
[RockPrecisionFixDiag]     holder 'boulder': built, height 600958.733355 m, matrix 600958.724639 m, up -8.717 mm, across 30.010 mm
[RockPrecisionFixDiag]     holder 'cactus': built, height 600958.733355 m, matrix 600958.724639 m, up -8.717 mm, across 30.010 mm
[RockPrecisionFixDiag]   quad 'Kerbin Xn0131000020': height 600869.990776 m, matrix 600869.990776 m, up 0.000 mm, across 0.000 mm
[RockPrecisionFixDiag]     holder 'boulder': built, height 600869.990776 m, matrix 600869.990776 m, up 0.000 mm, across 0.000 mm
[RockPrecisionFixDiag]     holder 'cactus': built, height 600869.990776 m, matrix 600869.990776 m, up 0.000 mm, across 0.000 mm
[RockPrecisionFixDiag]   quad 'Kerbin Xn0131000013': height 601212.527989 m, matrix 601212.527989 m, up 0.000 mm, across 0.000 mm
[RockPrecisionFixDiag]     holder 'boulder': built, height 601212.527989 m, matrix 601212.476921 m, up -51.068 mm, across 47.695 mm
[RockPrecisionFixDiag]     holder 'cactus': built, height 601212.527989 m, matrix 601212.476921 m, up -51.068 mm, across 47.695 mm
[RockPrecisionFixDiag]   quad 'Kerbin Xn0131000012': height 601130.073558 m, matrix 601130.073558 m, up 0.000 mm, across 0.000 mm
[RockPrecisionFixDiag]     holder 'boulder': built, height 601130.073558 m, matrix 601130.082238 m, up +8.680 mm, across 30.020 mm
[RockPrecisionFixDiag]     holder 'cactus': built, height 601130.073558 m, matrix 601130.082238 m, up +8.680 mm, across 30.020 mm
[RockPrecisionFixDiag]   quad 'Kerbin Xn0131000011': height 601416.428940 m, matrix 601416.428940 m, up 0.000 mm, across 0.000 mm
[RockPrecisionFixDiag]     holder 'boulder': built, height 601416.428940 m, matrix 601416.428940 m, up 0.000 mm, across 0.000 mm
[RockPrecisionFixDiag]     holder 'cactus': built, height 601416.428940 m, matrix 601416.428940 m, up 0.000 mm, across 0.000 mm
[RockPrecisionFixDiag]   quad 'Kerbin Xn0131000010': height 601086.429360 m, matrix 601086.429360 m, up 0.000 mm, across 0.000 mm
[RockPrecisionFixDiag]     holder 'boulder': built, height 601086.429360 m, matrix 601086.378240 m, up -51.120 mm, across 47.640 mm
[RockPrecisionFixDiag]     holder 'cactus': built, height 601086.429360 m, matrix 601086.378240 m, up -51.120 mm, across 47.640 mm
[RockPrecisionFixDiag]   quad 'Kerbin Xn0131000003': height 600905.077781 m, matrix 600905.077781 m, up 0.000 mm, across 0.000 mm
[RockPrecisionFixDiag]     holder 'boulder': built, height 600905.077781 m, matrix 600905.137513 m, up +59.732 mm, across 18.393 mm
[RockPrecisionFixDiag]     holder 'cactus': built, height 600905.077781 m, matrix 600905.137513 m, up +59.732 mm, across 18.393 mm
[RockPrecisionFixDiag]   quad 'Kerbin Xn0131000002': height 600912.315653 m, matrix 600912.315653 m, up 0.000 mm, across 0.000 mm
[RockPrecisionFixDiag]     holder 'boulder': built, height 600912.315653 m, matrix 600912.306975 m, up -8.678 mm, across 30.021 mm
[RockPrecisionFixDiag]     holder 'cactus': built, height 600912.315653 m, matrix 600912.306975 m, up -8.678 mm, across 30.021 mm
[RockPrecisionFixDiag]   quad 'Kerbin Xn0131000001': height 600935.840559 m, matrix 600935.840559 m, up 0.000 mm, across 0.000 mm
[RockPrecisionFixDiag]     holder 'boulder': built, height 600935.840559 m, matrix 600935.840559 m, up 0.000 mm, across 0.000 mm
[RockPrecisionFixDiag]     holder 'cactus': built, height 600935.840559 m, matrix 600935.840559 m, up 0.000 mm, across 0.000 mm
[RockPrecisionFixDiag]   quad 'Kerbin Xn0131000000': height 600989.298207 m, matrix 600989.298207 m, up 0.000 mm, across 0.000 mm
[RockPrecisionFixDiag]     holder 'boulder': built, height 600989.298207 m, matrix 600989.289566 m, up -8.641 mm, across 30.032 mm
[RockPrecisionFixDiag]     holder 'cactus': built, height 600989.298207 m, matrix 600989.289566 m, up -8.641 mm, across 30.032 mm
[RockPrecisionFixDiag]   quad 'Kerbin Xn0130111313': height 600855.623529 m, matrix 600855.623529 m, up 0.000 mm, across 0.000 mm
[RockPrecisionFixDiag]     holder 'boulder': built, height 600855.623529 m, matrix 600855.683152 m, up +59.623 mm, across 18.743 mm
[RockPrecisionFixDiag]     holder 'cactus': built, height 600855.623529 m, matrix 600855.683152 m, up +59.623 mm, across 18.743 mm
[RockPrecisionFixDiag]   quad 'Kerbin Xn0130111311': height 600902.991485 m, matrix 600902.991485 m, up 0.000 mm, across 0.000 mm
[RockPrecisionFixDiag]     holder 'boulder': built, height 600902.991485 m, matrix 600903.051132 m, up +59.646 mm, across 18.670 mm
[RockPrecisionFixDiag]     holder 'cactus': built, height 600902.991485 m, matrix 600903.051132 m, up +59.646 mm, across 18.670 mm
[RockPrecisionFixDiag]   quad 'Kerbin Xn0130111310': height 600878.035530 m, matrix 600878.035530 m, up 0.000 mm, across 0.000 mm
[RockPrecisionFixDiag]     holder 'boulder': built, height 600878.035530 m, matrix 600878.044317 m, up +8.787 mm, across 29.989 mm
[RockPrecisionFixDiag]     holder 'cactus': built, height 600878.035530 m, matrix 600878.044317 m, up +8.787 mm, across 29.989 mm
[RockPrecisionFixDiag]   quad 'Kerbin Xn0130111133': height 600849.104654 m, matrix 600849.104654 m, up 0.000 mm, across 0.000 mm
[RockPrecisionFixDiag]     holder 'boulder': built, height 600849.104654 m, matrix 600849.044985 m, up -59.669 mm, across 18.598 mm
[RockPrecisionFixDiag]     holder 'cactus': built, height 600849.104654 m, matrix 600849.044985 m, up -59.669 mm, across 18.598 mm
[RockPrecisionFixDiag]   quad 'Kerbin Xn0130111132': height 600833.988491 m, matrix 600833.988491 m, up 0.000 mm, across 0.000 mm
[RockPrecisionFixDiag]     holder 'boulder': built, height 600833.988491 m, matrix 600833.979741 m, up -8.750 mm, across 30.000 mm
[RockPrecisionFixDiag]     holder 'cactus': built, height 600833.988491 m, matrix 600833.979741 m, up -8.750 mm, across 30.000 mm
[RockPrecisionFixDiag]   quad 'Kerbin Xn0130111131': height 600852.859186 m, matrix 600852.859186 m, up 0.000 mm, across 0.000 mm
[RockPrecisionFixDiag]     holder 'boulder': built, height 600852.859186 m, matrix 600852.790781 m, up -68.405 mm, across 14.266 mm
[RockPrecisionFixDiag]     holder 'cactus': built, height 600852.859186 m, matrix 600852.790781 m, up -68.405 mm, across 14.266 mm
[RockPrecisionFixDiag]   quad 'Kerbin Xn0130111130': height 600812.787437 m, matrix 600812.787437 m, up 0.000 mm, across 0.000 mm
[RockPrecisionFixDiag]     holder 'boulder': built, height 600812.787437 m, matrix 600812.778724 m, up -8.712 mm, across 30.011 mm
[RockPrecisionFixDiag]     holder 'cactus': built, height 600812.787437 m, matrix 600812.778724 m, up -8.712 mm, across 30.011 mm
[RockPrecisionFixDiag]   quad 'Kerbin Xn0130111123': height 600834.938741 m, matrix 600834.938741 m, up 0.000 mm, across 0.000 mm
[RockPrecisionFixDiag]     holder 'boulder': built, height 600834.938741 m, matrix 600834.929993 m, up -8.748 mm, across 30.000 mm
[RockPrecisionFixDiag]     holder 'cactus': built, height 600834.938741 m, matrix 600834.929993 m, up -8.748 mm, across 30.000 mm
[RockPrecisionFixDiag]   quad 'Kerbin Xn0130111121': height 600808.736222 m, matrix 600808.736222 m, up 0.000 mm, across 0.000 mm
[RockPrecisionFixDiag]     holder 'boulder': built, height 600808.736222 m, matrix 600808.736222 m, up 0.000 mm, across 0.000 mm
[RockPrecisionFixDiag]     holder 'cactus': built, height 600808.736222 m, matrix 600808.736222 m, up 0.000 mm, across 0.000 mm
[RockPrecisionFixDiag]   quad 'Kerbin Xn0130111120': height 600854.945891 m, matrix 600854.945891 m, up 0.000 mm, across 0.000 mm
[RockPrecisionFixDiag]     holder 'boulder': built, height 600854.945891 m, matrix 600854.954601 m, up +8.710 mm, across 30.012 mm
[RockPrecisionFixDiag]     holder 'cactus': built, height 600854.945891 m, matrix 600854.954601 m, up +8.710 mm, across 30.012 mm
[RockPrecisionFixDiag]   quad 'Kerbin Xn0130111113': height 600899.166059 m, matrix 600899.166059 m, up 0.000 mm, across 0.000 mm
[RockPrecisionFixDiag]     holder 'boulder': built, height 600899.166059 m, matrix 600899.166059 m, up 0.000 mm, across 0.000 mm
[RockPrecisionFixDiag]     holder 'cactus': built, height 600899.166059 m, matrix 600899.166059 m, up 0.000 mm, across 0.000 mm
[RockPrecisionFixDiag]   quad 'Kerbin Xn0130111112': height 600873.369619 m, matrix 600873.369619 m, up 0.000 mm, across 0.000 mm
[RockPrecisionFixDiag]     holder 'boulder': built, height 600873.369619 m, matrix 600873.369619 m, up 0.000 mm, across 0.000 mm
[RockPrecisionFixDiag]     holder 'cactus': built, height 600873.369619 m, matrix 600873.369619 m, up 0.000 mm, across 0.000 mm
[RockPrecisionFixDiag]   quad 'Kerbin Xn0130111111': height 600977.870312 m, matrix 600977.870312 m, up 0.000 mm, across 0.000 mm
[RockPrecisionFixDiag]     holder 'boulder': built, height 600977.870312 m, matrix 600977.870312 m, up 0.000 mm, across 0.000 mm
[RockPrecisionFixDiag]     holder 'cactus': built, height 600977.870312 m, matrix 600977.870312 m, up 0.000 mm, across 0.000 mm
[RockPrecisionFixDiag]   quad 'Kerbin Xn0130111110': height 600977.984468 m, matrix 600977.984468 m, up 0.000 mm, across 0.000 mm
[RockPrecisionFixDiag]     holder 'boulder': built, height 600977.984468 m, matrix 600978.052833 m, up +68.364 mm, across 14.461 mm
[RockPrecisionFixDiag]     holder 'cactus': built, height 600977.984468 m, matrix 600978.052833 m, up +68.364 mm, across 14.461 mm
[RockPrecisionFixDiag]   quad 'Kerbin Xn0130111103': height 600866.529144 m, matrix 600866.529144 m, up 0.000 mm, across 0.000 mm
[RockPrecisionFixDiag]     holder 'boulder': built, height 600866.529144 m, matrix 600866.580165 m, up +51.021 mm, across 47.746 mm
[RockPrecisionFixDiag]     holder 'cactus': built, height 600866.529144 m, matrix 600866.580165 m, up +51.021 mm, across 47.746 mm
[RockPrecisionFixDiag]   quad 'Kerbin Xn0130111102': height 600918.670260 m, matrix 600918.670260 m, up 0.000 mm, across 0.000 mm
[RockPrecisionFixDiag]     holder 'boulder': built, height 600918.670260 m, matrix 600918.601903 m, up -68.357 mm, across 14.494 mm
[RockPrecisionFixDiag]     holder 'cactus': built, height 600918.670260 m, matrix 600918.601903 m, up -68.357 mm, across 14.494 mm
[RockPrecisionFixDiag]   quad 'Kerbin Xn0130111101': height 600993.368582 m, matrix 600993.368582 m, up 0.000 mm, across 0.000 mm
[RockPrecisionFixDiag]     holder 'boulder': built, height 600993.368582 m, matrix 600993.377218 m, up +8.636 mm, across 30.033 mm
[RockPrecisionFixDiag]     holder 'cactus': built, height 600993.368582 m, matrix 600993.377218 m, up +8.636 mm, across 30.033 mm
[RockPrecisionFixDiag]   quad 'Kerbin Xn0130111100': height 601026.587171 m, matrix 601026.587171 m, up 0.000 mm, across 0.000 mm
[RockPrecisionFixDiag]     holder 'boulder': built, height 601026.587171 m, matrix 601026.595806 m, up +8.635 mm, across 30.033 mm
[RockPrecisionFixDiag]     holder 'cactus': built, height 601026.587171 m, matrix 601026.595806 m, up +8.635 mm, across 30.033 mm
[RockPrecisionFixDiag]   quad 'Kerbin Xn0130111013': height 600985.775421 m, matrix 600985.775421 m, up 0.000 mm, across 0.000 mm
[RockPrecisionFixDiag]     holder 'boulder': built, height 600985.775421 m, matrix 600985.784092 m, up +8.671 mm, across 30.023 mm
[RockPrecisionFixDiag]     holder 'cactus': built, height 600985.775421 m, matrix 600985.784092 m, up +8.671 mm, across 30.023 mm
[RockPrecisionFixDiag]   quad 'Kerbin Xn0130111012': height 601133.600763 m, matrix 601133.600763 m, up 0.000 mm, across 0.000 mm
[RockPrecisionFixDiag]     holder 'boulder': built, height 601133.600763 m, matrix 601133.609432 m, up +8.669 mm, across 30.023 mm
[RockPrecisionFixDiag]     holder 'cactus': built, height 601133.600763 m, matrix 601133.609432 m, up +8.669 mm, across 30.023 mm
[RockPrecisionFixDiag]   quad 'Kerbin Xn0130111011': height 601059.539539 m, matrix 601059.539539 m, up 0.000 mm, across 0.000 mm
[RockPrecisionFixDiag]     holder 'boulder': built, height 601059.539539 m, matrix 601059.539539 m, up 0.000 mm, across 0.000 mm
[RockPrecisionFixDiag]     holder 'cactus': built, height 601059.539539 m, matrix 601059.539539 m, up 0.000 mm, across 0.000 mm
[RockPrecisionFixDiag]   quad 'Kerbin Xn0130111010': height 601192.191667 m, matrix 601192.191667 m, up 0.000 mm, across 0.000 mm
[RockPrecisionFixDiag]     holder 'boulder': built, height 601192.191667 m, matrix 601192.191667 m, up 0.000 mm, across 0.000 mm
[RockPrecisionFixDiag]     holder 'cactus': built, height 601192.191667 m, matrix 601192.191667 m, up 0.000 mm, across 0.000 mm
[RockPrecisionFixDiag]   quad 'Kerbin Xn0113222323': height 601112.681602 m, matrix 601112.681602 m, up 0.000 mm, across 0.000 mm
[RockPrecisionFixDiag]     holder 'boulder': built, height 601112.681602 m, matrix 601112.672992 m, up -8.610 mm, across 30.041 mm
[RockPrecisionFixDiag]     holder 'cactus': built, height 601112.681602 m, matrix 601112.672992 m, up -8.610 mm, across 30.041 mm
[RockPrecisionFixDiag]   quad 'Kerbin Xn0113222321': height 601162.343828 m, matrix 601162.343828 m, up 0.000 mm, across 0.000 mm
[RockPrecisionFixDiag]     holder 'boulder': built, height 601162.343828 m, matrix 601162.395089 m, up +51.261 mm, across 47.488 mm
[RockPrecisionFixDiag]     holder 'cactus': built, height 601162.343828 m, matrix 601162.395089 m, up +51.261 mm, across 47.488 mm
[RockPrecisionFixDiag]   quad 'Kerbin Xn0113222230': height 601758.723794 m, matrix 601758.723794 m, up 0.000 mm, across 0.000 mm
[RockPrecisionFixDiag]     holder 'boulder': built, height 601758.723794 m, matrix 601758.732363 m, up +8.569 mm, across 30.052 mm
[RockPrecisionFixDiag]     holder 'cactus': built, height 601758.723794 m, matrix 601758.732363 m, up +8.569 mm, across 30.052 mm
[RockPrecisionFixDiag]   quad 'Kerbin Xn0113222223': height 601071.835221 m, matrix 601071.835221 m, up 0.000 mm, across 0.000 mm
[RockPrecisionFixDiag]     holder 'boulder': built, height 601071.835221 m, matrix 601071.835221 m, up 0.000 mm, across 0.000 mm
[RockPrecisionFixDiag]     holder 'cactus': built, height 601071.835221 m, matrix 601071.835221 m, up 0.000 mm, across 0.000 mm
[RockPrecisionFixDiag]   quad 'Kerbin Xn0113222222': height 601107.575139 m, matrix 601107.575139 m, up 0.000 mm, across 0.000 mm
[RockPrecisionFixDiag]     holder 'boulder': built, height 601107.575139 m, matrix 601107.575139 m, up 0.000 mm, across 0.000 mm
[RockPrecisionFixDiag]     holder 'cactus': built, height 601107.575139 m, matrix 601107.575139 m, up 0.000 mm, across 0.000 mm
[RockPrecisionFixDiag]   quad 'Kerbin Xn0113222211': height 601803.475475 m, matrix 601803.475475 m, up 0.000 mm, across 0.000 mm
[RockPrecisionFixDiag]     holder 'boulder': built, height 601803.475475 m, matrix 601803.475475 m, up 0.000 mm, across 0.000 mm
[RockPrecisionFixDiag]     holder 'cactus': built, height 601803.475475 m, matrix 601803.475475 m, up 0.000 mm, across 0.000 mm
[RockPrecisionFixDiag]   quad 'Kerbin Xn0113222210': height 601456.922227 m, matrix 601456.922227 m, up 0.000 mm, across 0.000 mm
[RockPrecisionFixDiag]     holder 'boulder': built, height 601456.922227 m, matrix 601456.913732 m, up -8.494 mm, across 30.073 mm
[RockPrecisionFixDiag]     holder 'cactus': built, height 601456.922227 m, matrix 601456.913732 m, up -8.494 mm, across 30.073 mm
[RockPrecisionFixDiag]   quad 'Kerbin Xn0113222203': height 601861.658845 m, matrix 601861.658845 m, up 0.000 mm, across 0.000 mm
[RockPrecisionFixDiag]     holder 'boulder': built, height 601861.658845 m, matrix 601861.658845 m, up 0.000 mm, across 0.000 mm
[RockPrecisionFixDiag]     holder 'cactus': built, height 601861.658845 m, matrix 601861.658845 m, up 0.000 mm, across 0.000 mm
[RockPrecisionFixDiag]   quad 'Kerbin Xn0113222202': height 601968.211080 m, matrix 601968.211080 m, up 0.000 mm, across 0.000 mm
[RockPrecisionFixDiag]     holder 'boulder': built, height 601968.211080 m, matrix 601968.211080 m, up 0.000 mm, across 0.000 mm
[RockPrecisionFixDiag]     holder 'cactus': built, height 601968.211080 m, matrix 601968.211080 m, up 0.000 mm, across 0.000 mm
[RockPrecisionFixDiag]   quad 'Kerbin Xn0113222201': height 601546.801885 m, matrix 601546.801885 m, up 0.000 mm, across 0.000 mm
[RockPrecisionFixDiag]     holder 'boulder': built, height 601546.801885 m, matrix 601546.801885 m, up 0.000 mm, across 0.000 mm
[RockPrecisionFixDiag]     holder 'cactus': built, height 601546.801885 m, matrix 601546.801885 m, up 0.000 mm, across 0.000 mm
[RockPrecisionFixDiag]   quad 'Kerbin Xn0113222200': height 601585.616781 m, matrix 601585.616781 m, up 0.000 mm, across 0.000 mm
[RockPrecisionFixDiag]     holder 'boulder': built, height 601585.616781 m, matrix 601585.616781 m, up 0.000 mm, across 0.000 mm
[RockPrecisionFixDiag]     holder 'cactus': built, height 601585.616781 m, matrix 601585.616781 m, up 0.000 mm, across 0.000 mm
[RockPrecisionFixDiag]   quad 'Kerbin Xn0112333333': height 601089.094720 m, matrix 601089.094720 m, up 0.000 mm, across 0.000 mm
[RockPrecisionFixDiag]     holder 'boulder': built, height 601089.094720 m, matrix 601089.103322 m, up +8.602 mm, across 30.043 mm
[RockPrecisionFixDiag]     holder 'cactus': built, height 601089.094720 m, matrix 601089.103322 m, up +8.602 mm, across 30.043 mm
[RockPrecisionFixDiag]   quad 'Kerbin Xn0112333332': height 601097.790838 m, matrix 601097.790838 m, up 0.000 mm, across 0.000 mm
[RockPrecisionFixDiag]     holder 'boulder': built, height 601097.790838 m, matrix 601097.790838 m, up 0.000 mm, across 0.000 mm
[RockPrecisionFixDiag]     holder 'cactus': built, height 601097.790838 m, matrix 601097.790838 m, up 0.000 mm, across 0.000 mm
[RockPrecisionFixDiag]   quad 'Kerbin Xn0112333331': height 601185.853836 m, matrix 601185.853836 m, up 0.000 mm, across 0.000 mm
[RockPrecisionFixDiag]     holder 'boulder': built, height 601185.853836 m, matrix 601185.853836 m, up 0.000 mm, across 0.000 mm
[RockPrecisionFixDiag]     holder 'cactus': built, height 601185.853836 m, matrix 601185.853836 m, up 0.000 mm, across 0.000 mm
[RockPrecisionFixDiag]   quad 'Kerbin Xn0112333330': height 601167.941118 m, matrix 601167.941118 m, up 0.000 mm, across 0.000 mm
[RockPrecisionFixDiag]     holder 'boulder': built, height 601167.941118 m, matrix 601168.000889 m, up +59.771 mm, across 18.268 mm
[RockPrecisionFixDiag]     holder 'cactus': built, height 601167.941118 m, matrix 601168.000889 m, up +59.771 mm, across 18.268 mm
[RockPrecisionFixDiag]   quad 'Kerbin Xn0112333323': height 601127.241672 m, matrix 601127.241672 m, up 0.000 mm, across 0.000 mm
[RockPrecisionFixDiag]     holder 'boulder': built, height 601127.241672 m, matrix 601127.241672 m, up 0.000 mm, across 0.000 mm
[RockPrecisionFixDiag]     holder 'cactus': built, height 601127.241672 m, matrix 601127.241672 m, up 0.000 mm, across 0.000 mm
[RockPrecisionFixDiag]   quad 'Kerbin Xn0112333322': height 601135.881378 m, matrix 601135.881378 m, up 0.000 mm, across 0.000 mm
[RockPrecisionFixDiag]     holder 'boulder': built, height 601135.881378 m, matrix 601135.872780 m, up -8.598 mm, across 30.044 mm
[RockPrecisionFixDiag]     holder 'cactus': built, height 601135.881378 m, matrix 601135.872780 m, up -8.598 mm, across 30.044 mm
[RockPrecisionFixDiag]   quad 'Kerbin Xn0112333321': height 601223.925834 m, matrix 601223.925834 m, up 0.000 mm, across 0.000 mm
[RockPrecisionFixDiag]     holder 'boulder': built, height 601223.925834 m, matrix 601223.925834 m, up 0.000 mm, across 0.000 mm
[RockPrecisionFixDiag]     holder 'cactus': built, height 601223.925834 m, matrix 601223.925834 m, up 0.000 mm, across 0.000 mm
[RockPrecisionFixDiag]   quad 'Kerbin Xn0112333320': height 601279.224949 m, matrix 601279.224949 m, up 0.000 mm, across 0.000 mm
[RockPrecisionFixDiag]     holder 'boulder': built, height 601279.224949 m, matrix 601279.165197 m, up -59.752 mm, across 18.330 mm
[RockPrecisionFixDiag]     holder 'cactus': built, height 601279.224949 m, matrix 601279.165197 m, up -59.752 mm, across 18.330 mm
[RockPrecisionFixDiag]   quad 'Kerbin Xn0131001223': height 600819.937228 m, matrix 600819.937228 m, up 0.000 mm, across 0.000 mm
[RockPrecisionFixDiag]     holder 'boulder': built, height 600819.937228 m, matrix 600819.937228 m, up 0.000 mm, across 0.000 mm
[RockPrecisionFixDiag]     holder 'cactus': built, height 600819.937228 m, matrix 600819.937228 m, up 0.000 mm, across 0.000 mm
[RockPrecisionFixDiag]   quad 'Kerbin Xn0131001222': height 600792.123914 m, matrix 600792.123914 m, up 0.000 mm, across 0.000 mm
[RockPrecisionFixDiag]     holder 'boulder': built, height 600792.123914 m, matrix 600792.192484 m, up +68.570 mm, across 13.453 mm
[RockPrecisionFixDiag]     holder 'cactus': built, height 600792.123914 m, matrix 600792.192484 m, up +68.570 mm, across 13.453 mm
[RockPrecisionFixDiag]   quad 'Kerbin Xn0131001221': height 600920.641759 m, matrix 600920.641759 m, up 0.000 mm, across 0.000 mm
[RockPrecisionFixDiag]     holder 'boulder': built, height 600920.641759 m, matrix 600920.710323 m, up +68.564 mm, across 13.481 mm
[RockPrecisionFixDiag]     holder 'cactus': built, height 600920.641759 m, matrix 600920.710323 m, up +68.564 mm, across 13.481 mm
[RockPrecisionFixDiag]   quad 'Kerbin Xn0131001220': height 600872.523374 m, matrix 600872.523374 m, up 0.000 mm, across 0.000 mm
[RockPrecisionFixDiag]     holder 'boulder': built, height 600872.523374 m, matrix 600872.523374 m, up 0.000 mm, across 0.000 mm
[RockPrecisionFixDiag]     holder 'cactus': built, height 600872.523374 m, matrix 600872.523374 m, up 0.000 mm, across 0.000 mm
[RockPrecisionFixDiag]   quad 'Kerbin Xn0131001203': height 600985.111262 m, matrix 600985.111262 m, up 0.000 mm, across 0.000 mm
[RockPrecisionFixDiag]     holder 'boulder': built, height 600985.111262 m, matrix 600985.111262 m, up 0.000 mm, across 0.000 mm
[RockPrecisionFixDiag]     holder 'cactus': built, height 600985.111262 m, matrix 600985.111262 m, up 0.000 mm, across 0.000 mm
[RockPrecisionFixDiag]   quad 'Kerbin Xn0131001202': height 600926.947971 m, matrix 600926.947971 m, up 0.000 mm, across 0.000 mm
[RockPrecisionFixDiag]     holder 'boulder': built, height 600926.947971 m, matrix 600926.947971 m, up 0.000 mm, across 0.000 mm
[RockPrecisionFixDiag]     holder 'cactus': built, height 600926.947971 m, matrix 600926.947971 m, up 0.000 mm, across 0.000 mm
[RockPrecisionFixDiag]   quad 'Kerbin Xn0131001201': height 601005.257560 m, matrix 601005.257560 m, up 0.000 mm, across 0.000 mm
[RockPrecisionFixDiag]     holder 'boulder': built, height 601005.257560 m, matrix 601005.266362 m, up +8.802 mm, across 29.985 mm
[RockPrecisionFixDiag]     holder 'cactus': built, height 601005.257560 m, matrix 601005.266362 m, up +8.802 mm, across 29.985 mm
[RockPrecisionFixDiag]   quad 'Kerbin Xn0131001200': height 600904.368877 m, matrix 600904.368877 m, up 0.000 mm, across 0.000 mm
[RockPrecisionFixDiag]     holder 'boulder': built, height 600904.368877 m, matrix 600904.360077 m, up -8.800 mm, across 29.985 mm
[RockPrecisionFixDiag]     holder 'cactus': built, height 600904.368877 m, matrix 600904.360077 m, up -8.800 mm, across 29.985 mm
[RockPrecisionFixDiag]   quad 'Kerbin Xn0131000333': height 600808.326653 m, matrix 600808.326653 m, up 0.000 mm, across 0.000 mm
[RockPrecisionFixDiag]     holder 'boulder': built, height 600808.326653 m, matrix 600808.317741 m, up -8.912 mm, across 29.952 mm
[RockPrecisionFixDiag]     holder 'cactus': built, height 600808.326653 m, matrix 600808.317741 m, up -8.912 mm, across 29.952 mm
[RockPrecisionFixDiag]   quad 'Kerbin Xn0131000331': height 600865.213672 m, matrix 600865.213672 m, up 0.000 mm, across 0.000 mm
[RockPrecisionFixDiag]     holder 'boulder': built, height 600865.213672 m, matrix 600865.222546 m, up +8.874 mm, across 29.963 mm
[RockPrecisionFixDiag]     holder 'cactus': built, height 600865.213672 m, matrix 600865.222546 m, up +8.874 mm, across 29.963 mm
[RockPrecisionFixDiag]   quad 'Kerbin Xn0131000330': height 600830.829332 m, matrix 600830.829332 m, up 0.000 mm, across 0.000 mm
[RockPrecisionFixDiag]     holder 'boulder': built, height 600830.829332 m, matrix 600830.820459 m, up -8.873 mm, across 29.964 mm
[RockPrecisionFixDiag]     holder 'cactus': built, height 600830.829332 m, matrix 600830.820459 m, up -8.873 mm, across 29.964 mm
[RockPrecisionFixDiag]   quad 'Kerbin Xn0131000321': height 600851.330833 m, matrix 600851.330833 m, up 0.000 mm, across 0.000 mm
[RockPrecisionFixDiag]     holder 'boulder': built, height 600851.330833 m, matrix 600851.339705 m, up +8.872 mm, across 29.964 mm
[RockPrecisionFixDiag]     holder 'cactus': built, height 600851.330833 m, matrix 600851.339705 m, up +8.872 mm, across 29.964 mm
[RockPrecisionFixDiag]   quad 'Kerbin Xn0131000320': height 600840.230722 m, matrix 600840.230722 m, up 0.000 mm, across 0.000 mm
[RockPrecisionFixDiag]     holder 'boulder': built, height 600840.230722 m, matrix 600840.171076 m, up -59.646 mm, across 18.672 mm
[RockPrecisionFixDiag]     holder 'cactus': built, height 600840.230722 m, matrix 600840.171076 m, up -59.646 mm, across 18.672 mm
[RockPrecisionFixDiag]   quad 'Kerbin Xn0131000313': height 600907.556976 m, matrix 600907.556976 m, up 0.000 mm, across 0.000 mm
[RockPrecisionFixDiag]     holder 'boulder': built, height 600907.556976 m, matrix 600907.497282 m, up -59.694 mm, across 18.517 mm
[RockPrecisionFixDiag]     holder 'cactus': built, height 600907.556976 m, matrix 600907.497282 m, up -59.694 mm, across 18.517 mm
[RockPrecisionFixDiag]   quad 'Kerbin Xn0131000312': height 600900.278949 m, matrix 600900.278949 m, up 0.000 mm, across 0.000 mm
[RockPrecisionFixDiag]     holder 'boulder': built, height 600900.278949 m, matrix 600900.287784 m, up +8.836 mm, across 29.975 mm
[RockPrecisionFixDiag]     holder 'cactus': built, height 600900.278949 m, matrix 600900.287784 m, up +8.836 mm, across 29.975 mm
[RockPrecisionFixDiag]   quad 'Kerbin Xn0131000311': height 600947.924492 m, matrix 600947.924492 m, up 0.000 mm, across 0.000 mm
[RockPrecisionFixDiag]     holder 'boulder': built, height 600947.924492 m, matrix 600947.915693 m, up -8.799 mm, across 29.986 mm
[RockPrecisionFixDiag]     holder 'cactus': built, height 600947.924492 m, matrix 600947.915693 m, up -8.799 mm, across 29.986 mm
[RockPrecisionFixDiag]   quad 'Kerbin Xn0131000310': height 601008.567575 m, matrix 601008.567575 m, up 0.000 mm, across 0.000 mm
[RockPrecisionFixDiag]     holder 'boulder': built, height 601008.567575 m, matrix 601008.567575 m, up 0.000 mm, across 0.000 mm
[RockPrecisionFixDiag]     holder 'cactus': built, height 601008.567575 m, matrix 601008.567575 m, up 0.000 mm, across 0.000 mm
[RockPrecisionFixDiag]   quad 'Kerbin Xn0131000303': height 600952.421802 m, matrix 600952.421802 m, up 0.000 mm, across 0.000 mm
[RockPrecisionFixDiag]     holder 'boulder': built, height 600952.421802 m, matrix 600952.421802 m, up 0.000 mm, across 0.000 mm
[RockPrecisionFixDiag]     holder 'cactus': built, height 600952.421802 m, matrix 600952.421802 m, up 0.000 mm, across 0.000 mm
[RockPrecisionFixDiag]   quad 'Kerbin Xn0131000302': height 601004.073725 m, matrix 601004.073725 m, up 0.000 mm, across 0.000 mm
[RockPrecisionFixDiag]     holder 'boulder': built, height 601004.073725 m, matrix 601004.064892 m, up -8.833 mm, across 29.976 mm
[RockPrecisionFixDiag]     holder 'cactus': built, height 601004.073725 m, matrix 601004.064892 m, up -8.833 mm, across 29.976 mm
[RockPrecisionFixDiag]   quad 'Kerbin Xn0131000301': height 601064.241143 m, matrix 601064.241143 m, up 0.000 mm, across 0.000 mm
[RockPrecisionFixDiag]     holder 'boulder': built, height 601064.241143 m, matrix 601064.241143 m, up 0.000 mm, across 0.000 mm
[RockPrecisionFixDiag]     holder 'cactus': built, height 601064.241143 m, matrix 601064.241143 m, up 0.000 mm, across 0.000 mm
[RockPrecisionFixDiag]   quad 'Kerbin Xn0131000300': height 601085.836386 m, matrix 601085.836386 m, up 0.000 mm, across 0.000 mm
[RockPrecisionFixDiag]     holder 'boulder': built, height 601085.836386 m, matrix 601085.836386 m, up 0.000 mm, across 0.000 mm
[RockPrecisionFixDiag]     holder 'cactus': built, height 601085.836386 m, matrix 601085.836386 m, up 0.000 mm, across 0.000 mm
[RockPrecisionFixDiag]   quad 'Kerbin Xn0131000232': height 600824.435956 m, matrix 600824.435956 m, up 0.000 mm, across 0.000 mm
[RockPrecisionFixDiag]     holder 'boulder': built, height 600824.435956 m, matrix 600824.435956 m, up 0.000 mm, across 0.000 mm
[RockPrecisionFixDiag]     holder 'cactus': built, height 600824.435956 m, matrix 600824.435956 m, up 0.000 mm, across 0.000 mm
[RockPrecisionFixDiag]   quad 'Kerbin Xn0131000231': height 600891.600393 m, matrix 600891.600393 m, up 0.000 mm, across 0.000 mm
[RockPrecisionFixDiag]     holder 'boulder': built, height 600891.600393 m, matrix 600891.609262 m, up +8.869 mm, across 29.965 mm
[RockPrecisionFixDiag]     holder 'cactus': built, height 600891.600393 m, matrix 600891.609262 m, up +8.869 mm, across 29.965 mm
[RockPrecisionFixDiag]   quad 'Kerbin Xn0131000230': height 600849.621749 m, matrix 600849.621749 m, up 0.000 mm, across 0.000 mm
[RockPrecisionFixDiag]     holder 'boulder': built, height 600849.621749 m, matrix 600849.621749 m, up 0.000 mm, across 0.000 mm
[RockPrecisionFixDiag]     holder 'cactus': built, height 600849.621749 m, matrix 600849.621749 m, up 0.000 mm, across 0.000 mm
[RockPrecisionFixDiag]   quad 'Kerbin Xn0131000221': height 600808.603737 m, matrix 600808.603737 m, up 0.000 mm, across 0.000 mm
[RockPrecisionFixDiag]     holder 'boulder': built, height 600808.603737 m, matrix 600808.603737 m, up 0.000 mm, across 0.000 mm
[RockPrecisionFixDiag]     holder 'cactus': built, height 600808.603737 m, matrix 600808.603737 m, up 0.000 mm, across 0.000 mm
[RockPrecisionFixDiag]   quad 'Kerbin Xn0131000220': height 600784.144408 m, matrix 600784.144408 m, up 0.000 mm, across 0.000 mm
[RockPrecisionFixDiag]     holder 'boulder': built, height 600784.144408 m, matrix 600784.075932 m, up -68.475 mm, across 13.927 mm
[RockPrecisionFixDiag]     holder 'cactus': built, height 600784.144408 m, matrix 600784.075932 m, up -68.475 mm, across 13.927 mm
[RockPrecisionFixDiag]   quad 'Kerbin Xn0131000213': height 601026.628627 m, matrix 601026.628627 m, up 0.000 mm, across 0.000 mm
[RockPrecisionFixDiag]     holder 'boulder': built, height 601026.628627 m, matrix 601026.628627 m, up 0.000 mm, across 0.000 mm
[RockPrecisionFixDiag]     holder 'cactus': built, height 601026.628627 m, matrix 601026.628627 m, up 0.000 mm, across 0.000 mm
[RockPrecisionFixDiag]   quad 'Kerbin Xn0131000212': height 600871.597152 m, matrix 600871.597152 m, up 0.000 mm, across 0.000 mm
[RockPrecisionFixDiag]     holder 'boulder': built, height 600871.597152 m, matrix 600871.656803 m, up +59.651 mm, across 18.655 mm
[RockPrecisionFixDiag]     holder 'cactus': built, height 600871.597152 m, matrix 600871.656803 m, up +59.651 mm, across 18.655 mm
[RockPrecisionFixDiag]   quad 'Kerbin Xn0131000211': height 600993.478923 m, matrix 600993.478923 m, up 0.000 mm, across 0.000 mm
[RockPrecisionFixDiag]     holder 'boulder': built, height 600993.478923 m, matrix 600993.410446 m, up -68.477 mm, across 13.919 mm
[RockPrecisionFixDiag]     holder 'cactus': built, height 600993.478923 m, matrix 600993.410446 m, up -68.477 mm, across 13.919 mm
[RockPrecisionFixDiag]   quad 'Kerbin Xn0131000210': height 600936.150899 m, matrix 600936.150899 m, up 0.000 mm, across 0.000 mm
[RockPrecisionFixDiag]     holder 'boulder': built, height 600936.150899 m, matrix 600936.100018 m, up -50.881 mm, across 47.895 mm
[RockPrecisionFixDiag]     holder 'cactus': built, height 600936.150899 m, matrix 600936.100018 m, up -50.881 mm, across 47.895 mm
[RockPrecisionFixDiag]   quad 'Kerbin Xn0131000203': height 600862.554686 m, matrix 600862.554686 m, up 0.000 mm, across 0.000 mm
[RockPrecisionFixDiag]     holder 'boulder': built, height 600862.554686 m, matrix 600862.495044 m, up -59.642 mm, across 18.684 mm
[RockPrecisionFixDiag]     holder 'cactus': built, height 600862.554686 m, matrix 600862.495044 m, up -59.642 mm, across 18.684 mm
[RockPrecisionFixDiag]   quad 'Kerbin Xn0131000202': height 600874.254816 m, matrix 600874.254816 m, up 0.000 mm, across 0.000 mm
[RockPrecisionFixDiag]     holder 'boulder': built, height 600874.254816 m, matrix 600874.263643 m, up +8.828 mm, across 29.977 mm
[RockPrecisionFixDiag]     holder 'cactus': built, height 600874.254816 m, matrix 600874.263643 m, up +8.828 mm, across 29.977 mm
[RockPrecisionFixDiag]   quad 'Kerbin Xn0131000201': height 600899.116798 m, matrix 600899.116798 m, up 0.000 mm, across 0.000 mm
[RockPrecisionFixDiag]     holder 'boulder': built, height 600899.116798 m, matrix 600899.116798 m, up 0.000 mm, across 0.000 mm
[RockPrecisionFixDiag]     holder 'cactus': built, height 600899.116798 m, matrix 600899.116798 m, up 0.000 mm, across 0.000 mm
[RockPrecisionFixDiag]   quad 'Kerbin Xn0131000200': height 600926.328832 m, matrix 600926.328832 m, up 0.000 mm, across 0.000 mm
[RockPrecisionFixDiag]     holder 'boulder': built, height 600926.328832 m, matrix 600926.277966 m, up -50.865 mm, across 47.912 mm
[RockPrecisionFixDiag]     holder 'cactus': built, height 600926.328832 m, matrix 600926.277966 m, up -50.865 mm, across 47.912 mm
[RockPrecisionFixDiag]   quad 'Kerbin Xn0131000133': height 600990.407482 m, matrix 600990.407482 m, up 0.000 mm, across 0.000 mm
[RockPrecisionFixDiag]     holder 'boulder': built, height 600990.407482 m, matrix 600990.407482 m, up 0.000 mm, across 0.000 mm
[RockPrecisionFixDiag]     holder 'cactus': built, height 600990.407482 m, matrix 600990.407482 m, up 0.000 mm, across 0.000 mm
[RockPrecisionFixDiag]   quad 'Kerbin Xn0131000132': height 601062.366758 m, matrix 601062.366758 m, up 0.000 mm, across 0.000 mm
[RockPrecisionFixDiag]     holder 'boulder': built, height 601062.366758 m, matrix 601062.357998 m, up -8.760 mm, across 29.997 mm
[RockPrecisionFixDiag]     holder 'cactus': built, height 601062.366758 m, matrix 601062.357998 m, up -8.760 mm, across 29.997 mm
[RockPrecisionFixDiag]   quad 'Kerbin Xn0131000131': height 601072.592299 m, matrix 601072.592299 m, up 0.000 mm, across 0.000 mm
[RockPrecisionFixDiag]     holder 'boulder': built, height 601072.592299 m, matrix 601072.601023 m, up +8.724 mm, across 30.008 mm
[RockPrecisionFixDiag]     holder 'cactus': built, height 601072.592299 m, matrix 601072.601023 m, up +8.724 mm, across 30.008 mm
[RockPrecisionFixDiag]   quad 'Kerbin Xn0131000130': height 601111.841720 m, matrix 601111.841720 m, up 0.000 mm, across 0.000 mm
[RockPrecisionFixDiag]     holder 'boulder': built, height 601111.841720 m, matrix 601111.850443 m, up +8.723 mm, across 30.008 mm
[RockPrecisionFixDiag]     holder 'cactus': built, height 601111.841720 m, matrix 601111.850443 m, up +8.723 mm, across 30.008 mm
[RockPrecisionFixDiag]   quad 'Kerbin Xn0131000123': height 601141.499006 m, matrix 601141.499006 m, up 0.000 mm, across 0.000 mm
[RockPrecisionFixDiag]     holder 'boulder': built, height 601141.499006 m, matrix 601141.439283 m, up -59.723 mm, across 18.425 mm
[RockPrecisionFixDiag]     holder 'cactus': built, height 601141.499006 m, matrix 601141.439283 m, up -59.723 mm, across 18.425 mm
[RockPrecisionFixDiag]   quad 'Kerbin Xn0131000122': height 601093.312052 m, matrix 601093.312052 m, up 0.000 mm, across 0.000 mm
[RockPrecisionFixDiag]     holder 'boulder': built, height 601093.312052 m, matrix 601093.312052 m, up 0.000 mm, across 0.000 mm
[RockPrecisionFixDiag]     holder 'cactus': built, height 601093.312052 m, matrix 601093.312052 m, up 0.000 mm, across 0.000 mm
[RockPrecisionFixDiag]   quad 'Kerbin Xn0131000121': height 601186.522375 m, matrix 601186.522375 m, up 0.000 mm, across 0.000 mm
[RockPrecisionFixDiag]     holder 'boulder': built, height 601186.522375 m, matrix 601186.471352 m, up -51.023 mm, across 47.743 mm
[RockPrecisionFixDiag]     holder 'cactus': built, height 601186.522375 m, matrix 601186.471352 m, up -51.023 mm, across 47.743 mm
[RockPrecisionFixDiag]   quad 'Kerbin Xn0131000120': height 601168.115956 m, matrix 601168.115956 m, up 0.000 mm, across 0.000 mm
[RockPrecisionFixDiag]     holder 'boulder': built, height 601168.115956 m, matrix 601168.175693 m, up +59.736 mm, across 18.380 mm
[RockPrecisionFixDiag]     holder 'cactus': built, height 601168.115956 m, matrix 601168.175693 m, up +59.736 mm, across 18.380 mm
[RockPrecisionFixDiag]   quad 'Kerbin Xn0131000113': height 601088.259951 m, matrix 601088.259951 m, up 0.000 mm, across 0.000 mm
[RockPrecisionFixDiag]     holder 'boulder': built, height 601088.259951 m, matrix 601088.259951 m, up 0.000 mm, across 0.000 mm
[RockPrecisionFixDiag]     holder 'cactus': built, height 601088.259951 m, matrix 601088.259951 m, up 0.000 mm, across 0.000 mm
[RockPrecisionFixDiag]   quad 'Kerbin Xn0131000112': height 601054.438281 m, matrix 601054.438281 m, up 0.000 mm, across 0.000 mm
[RockPrecisionFixDiag]     holder 'boulder': built, height 601054.438281 m, matrix 601054.387190 m, up -51.090 mm, across 47.672 mm
[RockPrecisionFixDiag]     holder 'cactus': built, height 601054.438281 m, matrix 601054.387190 m, up -51.090 mm, across 47.672 mm
[RockPrecisionFixDiag]   quad 'Kerbin Xn0131000111': height 601081.289663 m, matrix 601081.289663 m, up 0.000 mm, across 0.000 mm
[RockPrecisionFixDiag]     holder 'boulder': built, height 601081.289663 m, matrix 601081.229857 m, up -59.806 mm, across 18.152 mm
[RockPrecisionFixDiag]     holder 'cactus': built, height 601081.289663 m, matrix 601081.229857 m, up -59.806 mm, across 18.152 mm
[RockPrecisionFixDiag]   quad 'Kerbin Xn0131000110': height 601078.212173 m, matrix 601078.212173 m, up 0.000 mm, across 0.000 mm
[RockPrecisionFixDiag]     holder 'boulder': built, height 601078.212173 m, matrix 601078.263323 m, up +51.150 mm, across 47.608 mm
[RockPrecisionFixDiag]     holder 'cactus': built, height 601078.212173 m, matrix 601078.263323 m, up +51.150 mm, across 47.608 mm
[RockPrecisionFixDiag]   quad 'Kerbin Xn0131000103': height 601216.621291 m, matrix 601216.621291 m, up 0.000 mm, across 0.000 mm
[RockPrecisionFixDiag]     holder 'boulder': built, height 601216.621291 m, matrix 601216.552840 m, up -68.452 mm, across 14.043 mm
[RockPrecisionFixDiag]     holder 'cactus': built, height 601216.621291 m, matrix 601216.552840 m, up -68.452 mm, across 14.043 mm
[RockPrecisionFixDiag]   quad 'Kerbin Xn0131000102': height 601341.887441 m, matrix 601341.887441 m, up 0.000 mm, across 0.000 mm
[RockPrecisionFixDiag]     holder 'boulder': built, height 601341.887441 m, matrix 601341.887441 m, up 0.000 mm, across 0.000 mm
[RockPrecisionFixDiag]     holder 'cactus': built, height 601341.887441 m, matrix 601341.887441 m, up 0.000 mm, across 0.000 mm
[RockPrecisionFixDiag]   quad 'Kerbin Xn0131000101': height 601086.469069 m, matrix 601086.469069 m, up 0.000 mm, across 0.000 mm
[RockPrecisionFixDiag]     holder 'boulder': built, height 601086.469069 m, matrix 601086.528859 m, up +59.789 mm, across 18.206 mm
[RockPrecisionFixDiag]     holder 'cactus': built, height 601086.469069 m, matrix 601086.528859 m, up +59.789 mm, across 18.206 mm
[RockPrecisionFixDiag]   quad 'Kerbin Xn0131000100': height 601304.719053 m, matrix 601304.719053 m, up 0.000 mm, across 0.000 mm
[RockPrecisionFixDiag]     holder 'boulder': built, height 601304.719053 m, matrix 601304.787480 m, up +68.427 mm, across 14.164 mm
[RockPrecisionFixDiag]     holder 'cactus': built, height 601304.719053 m, matrix 601304.787480 m, up +68.427 mm, across 14.164 mm
[RockPrecisionFixDiag]   quad 'Kerbin Xn0131000033': height 601046.509994 m, matrix 601046.509994 m, up 0.000 mm, across 0.000 mm
[RockPrecisionFixDiag]     holder 'boulder': built, height 601046.509994 m, matrix 601046.509994 m, up 0.000 mm, across 0.000 mm
[RockPrecisionFixDiag]     holder 'cactus': built, height 601046.509994 m, matrix 601046.509994 m, up 0.000 mm, across 0.000 mm
[RockPrecisionFixDiag]   quad 'Kerbin Xn0131000032': height 600971.691390 m, matrix 600971.691390 m, up 0.000 mm, across 0.000 mm
[RockPrecisionFixDiag]     holder 'boulder': built, height 600971.691390 m, matrix 600971.700145 m, up +8.755 mm, across 29.998 mm
[RockPrecisionFixDiag]     holder 'cactus': built, height 600971.691390 m, matrix 600971.700145 m, up +8.755 mm, across 29.998 mm
[RockPrecisionFixDiag]   quad 'Kerbin Xn0131000031': height 601049.734723 m, matrix 601049.734723 m, up 0.000 mm, across 0.000 mm
[RockPrecisionFixDiag]     holder 'boulder': built, height 601049.734723 m, matrix 601049.734723 m, up 0.000 mm, across 0.000 mm
[RockPrecisionFixDiag]     holder 'cactus': built, height 601049.734723 m, matrix 601049.734723 m, up 0.000 mm, across 0.000 mm
[RockPrecisionFixDiag]   quad 'Kerbin Xn0131000030': height 601029.745630 m, matrix 601029.745630 m, up 0.000 mm, across 0.000 mm
[RockPrecisionFixDiag]     holder 'boulder': built, height 601029.745630 m, matrix 601029.694629 m, up -51.001 mm, across 47.767 mm
[RockPrecisionFixDiag]     holder 'cactus': built, height 601029.745630 m, matrix 601029.694629 m, up -51.001 mm, across 47.767 mm
[RockPrecisionFixDiag]   quad 'Kerbin Xn0131000023': height 600963.005477 m, matrix 600963.005477 m, up 0.000 mm, across 0.000 mm
[RockPrecisionFixDiag]     holder 'boulder': built, height 600963.005477 m, matrix 600962.937035 m, up -68.441 mm, across 14.092 mm
[RockPrecisionFixDiag]     holder 'cactus': built, height 600963.005477 m, matrix 600962.937035 m, up -68.441 mm, across 14.092 mm
[RockPrecisionFixDiag]   quad 'Kerbin Xn0131000022': height 600885.030606 m, matrix 600885.030606 m, up 0.000 mm, across 0.000 mm
[RockPrecisionFixDiag]     holder 'boulder': built, height 600885.030606 m, matrix 600885.030606 m, up 0.000 mm, across 0.000 mm
[RockPrecisionFixDiag]     holder 'cactus': built, height 600885.030606 m, matrix 600885.030606 m, up 0.000 mm, across 0.000 mm
[RockPrecisionFixDiag]   quad 'Kerbin Xn0130111331': height 600738.999213 m, matrix 600738.999213 m, up 0.000 mm, across 0.000 mm
[RockPrecisionFixDiag]     holder 'cactus': built, height 600738.999213 m, matrix 600739.008076 m, up +8.864 mm, across 29.967 mm
[RockPrecisionFixDiag]   quad 'Kerbin Xn0131002000': height 600670.749739 m, matrix 600670.749739 m, up 0.000 mm, across 0.000 mm
[RockPrecisionFixDiag]     holder 'cactus': built, height 600670.749739 m, matrix 600670.749739 m, up 0.000 mm, across 0.000 mm
[RockPrecisionFixDiag]   quad 'Kerbin Xn0131000332': height 600783.508501 m, matrix 600783.508501 m, up 0.000 mm, across 0.000 mm
[RockPrecisionFixDiag]     holder 'cactus': built, height 600783.508501 m, matrix 600783.499590 m, up -8.911 mm, across 29.953 mm
[RockPrecisionFixDiag]   quad 'Kerbin Xn0131000323': height 600702.024402 m, matrix 600702.024402 m, up 0.000 mm, across 0.000 mm
[RockPrecisionFixDiag]     holder 'cactus': built, height 600702.024402 m, matrix 600702.024402 m, up 0.000 mm, across 0.000 mm
[RockPrecisionFixDiag]   quad 'Kerbin Xn0131000322': height 600737.480734 m, matrix 600737.480734 m, up 0.000 mm, across 0.000 mm
[RockPrecisionFixDiag]     holder 'cactus': built, height 600737.480734 m, matrix 600737.412203 m, up -68.531 mm, across 13.649 mm
[RockPrecisionFixDiag]   quad 'Kerbin Xn0131000233': height 600788.185975 m, matrix 600788.185975 m, up 0.000 mm, across 0.000 mm
[RockPrecisionFixDiag]     holder 'cactus': built, height 600788.185975 m, matrix 600788.135268 m, up -50.707 mm, across 48.079 mm
[RockPrecisionFixDiag]   quad 'Kerbin Xn0131000223': height 600738.960680 m, matrix 600738.960680 m, up 0.000 mm, across 0.000 mm
[RockPrecisionFixDiag]     holder 'cactus': built, height 600738.960680 m, matrix 600738.960680 m, up 0.000 mm, across 0.000 mm
[RockPrecisionFixDiag]   quad 'Kerbin Xn0131000222': height 600736.837942 m, matrix 600736.837942 m, up 0.000 mm, across 0.000 mm
[RockPrecisionFixDiag]     holder 'cactus': built, height 600736.837942 m, matrix 600736.829039 m, up -8.903 mm, across 29.955 mm
[RockPrecisionFixDiag]   quad 'Kerbin Xn0131002303': height 600621.670296 m, matrix 600621.670296 m, up 0.000 mm, across 0.000 mm
[RockPrecisionFixDiag]     holder 'cactus': built, height 600621.670296 m, matrix 600621.670296 m, up 0.000 mm, across 0.000 mm
[RockPrecisionFixDiag]   quad 'Kerbin Xn0131002302': height 600596.673928 m, matrix 600596.673928 m, up 0.000 mm, across 0.000 mm
[RockPrecisionFixDiag]     holder 'cactus': built, height 600596.673928 m, matrix 600596.614446 m, up -59.482 mm, across 19.187 mm
[RockPrecisionFixDiag]   quad 'Kerbin Xn0131002301': height 600634.141970 m, matrix 600634.141970 m, up 0.000 mm, across 0.000 mm
[RockPrecisionFixDiag]     holder 'cactus': built, height 600634.141970 m, matrix 600634.073357 m, up -68.613 mm, across 13.230 mm
[RockPrecisionFixDiag]   quad 'Kerbin Xn0131002300': height 600645.347326 m, matrix 600645.347326 m, up 0.000 mm, across 0.000 mm
[RockPrecisionFixDiag]     holder 'cactus': built, height 600645.347326 m, matrix 600645.338228 m, up -9.098 mm, across 29.896 mm
[RockPrecisionFixDiag]   quad 'Kerbin Xn0131002233': height 600517.800671 m, matrix 600517.800671 m, up 0.000 mm, across 0.000 mm
[RockPrecisionFixDiag]     holder 'cactus': built, height 600517.800671 m, matrix 600517.809882 m, up +9.210 mm, across 29.862 mm
[RockPrecisionFixDiag]   quad 'Kerbin Xn0131002232': height 600510.668619 m, matrix 600510.668619 m, up 0.000 mm, across 0.000 mm
[RockPrecisionFixDiag]     holder 'cactus': built, height 600510.668619 m, matrix 600510.609203 m, up -59.416 mm, across 19.391 mm
[RockPrecisionFixDiag]   quad 'Kerbin Xn0131002231': height 600579.596763 m, matrix 600579.596763 m, up 0.000 mm, across 0.000 mm
[RockPrecisionFixDiag]     holder 'cactus': built, height 600579.596763 m, matrix 600579.596763 m, up 0.000 mm, across 0.000 mm
[RockPrecisionFixDiag]   quad 'Kerbin Xn0131002230': height 600552.334896 m, matrix 600552.334896 m, up 0.000 mm, across 0.000 mm
[RockPrecisionFixDiag]     holder 'cactus': built, height 600552.334896 m, matrix 600552.284627 m, up -50.269 mm, across 48.537 mm
[RockPrecisionFixDiag]   quad 'Kerbin Xn0131002223': height 600496.302504 m, matrix 600496.302504 m, up 0.000 mm, across 0.000 mm
[RockPrecisionFixDiag]     holder 'cactus': built, height 600496.302504 m, matrix 600496.293296 m, up -9.208 mm, across 29.863 mm
[RockPrecisionFixDiag]   quad 'Kerbin Xn0131002221': height 600523.801173 m, matrix 600523.801173 m, up 0.000 mm, across 0.000 mm
[RockPrecisionFixDiag]     holder 'cactus': built, height 600523.801173 m, matrix 600523.792003 m, up -9.170 mm, across 29.874 mm
[RockPrecisionFixDiag]   quad 'Kerbin Xn0131002213': height 600620.751288 m, matrix 600620.751288 m, up 0.000 mm, across 0.000 mm
[RockPrecisionFixDiag]     holder 'cactus': built, height 600620.751288 m, matrix 600620.691815 m, up -59.473 mm, across 19.215 mm
[RockPrecisionFixDiag]   quad 'Kerbin Xn0131002212': height 600599.697094 m, matrix 600599.697094 m, up 0.000 mm, across 0.000 mm
[RockPrecisionFixDiag]     holder 'cactus': built, height 600599.697094 m, matrix 600599.756558 m, up +59.464 mm, across 19.243 mm
[RockPrecisionFixDiag]   quad 'Kerbin Xn0131002211': height 600620.623348 m, matrix 600620.623348 m, up 0.000 mm, across 0.000 mm
[RockPrecisionFixDiag]     holder 'cactus': built, height 600620.623348 m, matrix 600620.623348 m, up 0.000 mm, across 0.000 mm
[RockPrecisionFixDiag]   quad 'Kerbin Xn0131002210': height 600616.248755 m, matrix 600616.248755 m, up 0.000 mm, across 0.000 mm
[RockPrecisionFixDiag]     holder 'cactus': built, height 600616.248755 m, matrix 600616.257850 m, up +9.095 mm, across 29.897 mm
[RockPrecisionFixDiag]   quad 'Kerbin Xn0131002203': height 600568.725084 m, matrix 600568.725084 m, up 0.000 mm, across 0.000 mm
[RockPrecisionFixDiag]     holder 'cactus': built, height 600568.725084 m, matrix 600568.725084 m, up 0.000 mm, across 0.000 mm
[RockPrecisionFixDiag]   quad 'Kerbin Xn0131002201': height 600607.759954 m, matrix 600607.759954 m, up 0.000 mm, across 0.000 mm
[RockPrecisionFixDiag]     holder 'cactus': built, height 600607.759954 m, matrix 600607.819433 m, up +59.479 mm, across 19.197 mm
[RockPrecisionFixDiag]   quad 'Kerbin Xn0131002133': height 600660.020060 m, matrix 600660.020060 m, up 0.000 mm, across 0.000 mm
[RockPrecisionFixDiag]     holder 'cactus': built, height 600660.020060 m, matrix 600660.020060 m, up 0.000 mm, across 0.000 mm
[RockPrecisionFixDiag]   quad 'Kerbin Xn0131002132': height 600686.354771 m, matrix 600686.354771 m, up 0.000 mm, across 0.000 mm
[RockPrecisionFixDiag]     holder 'cactus': built, height 600686.354771 m, matrix 600686.354771 m, up 0.000 mm, across 0.000 mm
[RockPrecisionFixDiag]   quad 'Kerbin Xn0131002131': height 600686.217670 m, matrix 600686.217670 m, up 0.000 mm, across 0.000 mm
[RockPrecisionFixDiag]     holder 'cactus': built, height 600686.217670 m, matrix 600686.226695 m, up +9.026 mm, across 29.918 mm
[RockPrecisionFixDiag]   quad 'Kerbin Xn0131002130': height 600686.534364 m, matrix 600686.534364 m, up 0.000 mm, across 0.000 mm
[RockPrecisionFixDiag]     holder 'cactus': built, height 600686.534364 m, matrix 600686.593935 m, up +59.570 mm, across 18.912 mm
[RockPrecisionFixDiag]   quad 'Kerbin Xn0131002123': height 600679.251864 m, matrix 600679.251864 m, up 0.000 mm, across 0.000 mm
[RockPrecisionFixDiag]     holder 'cactus': built, height 600679.251864 m, matrix 600679.260925 m, up +9.061 mm, across 29.908 mm
[RockPrecisionFixDiag]   quad 'Kerbin Xn0131002122': height 600657.444492 m, matrix 600657.444492 m, up 0.000 mm, across 0.000 mm
[RockPrecisionFixDiag]     holder 'cactus': built, height 600657.444492 m, matrix 600657.444492 m, up 0.000 mm, across 0.000 mm
[RockPrecisionFixDiag]   quad 'Kerbin Xn0131002121': height 600643.310431 m, matrix 600643.310431 m, up 0.000 mm, across 0.000 mm
[RockPrecisionFixDiag]     holder 'cactus': built, height 600643.310431 m, matrix 600643.310431 m, up 0.000 mm, across 0.000 mm
[RockPrecisionFixDiag]   quad 'Kerbin Xn0131002120': height 600620.326836 m, matrix 600620.326836 m, up 0.000 mm, across 0.000 mm
[RockPrecisionFixDiag]     holder 'cactus': built, height 600620.326836 m, matrix 600620.317814 m, up -9.022 mm, across 29.919 mm
[RockPrecisionFixDiag]   quad 'Kerbin Xn0131002113': height 600719.003914 m, matrix 600719.003914 m, up 0.000 mm, across 0.000 mm
[RockPrecisionFixDiag]     holder 'cactus': built, height 600719.003914 m, matrix 600719.054528 m, up +50.614 mm, across 48.177 mm
[RockPrecisionFixDiag]   quad 'Kerbin Xn0131002112': height 600682.547978 m, matrix 600682.547978 m, up 0.000 mm, across 0.000 mm
[RockPrecisionFixDiag]     holder 'cactus': built, height 600682.547978 m, matrix 600682.547978 m, up 0.000 mm, across 0.000 mm
[RockPrecisionFixDiag]   quad 'Kerbin Xn0131002111': height 600790.621476 m, matrix 600790.621476 m, up 0.000 mm, across 0.000 mm
[RockPrecisionFixDiag]     holder 'cactus': built, height 600790.621476 m, matrix 600790.621476 m, up 0.000 mm, across 0.000 mm
[RockPrecisionFixDiag]   quad 'Kerbin Xn0131002110': height 600719.221049 m, matrix 600719.221049 m, up 0.000 mm, across 0.000 mm
[RockPrecisionFixDiag]     holder 'cactus': built, height 600719.221049 m, matrix 600719.212101 m, up -8.949 mm, across 29.941 mm
[RockPrecisionFixDiag]   quad 'Kerbin Xn0131002103': height 600659.405631 m, matrix 600659.405631 m, up 0.000 mm, across 0.000 mm
[RockPrecisionFixDiag]     holder 'cactus': built, height 600659.405631 m, matrix 600659.465216 m, up +59.585 mm, across 18.865 mm
[RockPrecisionFixDiag]   quad 'Kerbin Xn0131002102': height 600604.500105 m, matrix 600604.500105 m, up 0.000 mm, across 0.000 mm
[RockPrecisionFixDiag]     holder 'cactus': built, height 600604.500105 m, matrix 600604.559681 m, up +59.576 mm, across 18.892 mm
[RockPrecisionFixDiag]   quad 'Kerbin Xn0131002101': height 600671.116070 m, matrix 600671.116070 m, up 0.000 mm, across 0.000 mm
[RockPrecisionFixDiag]     holder 'cactus': built, height 600671.116070 m, matrix 600671.107123 m, up -8.947 mm, across 29.942 mm
[RockPrecisionFixDiag]   quad 'Kerbin Xn0131002100': height 600661.785953 m, matrix 600661.785953 m, up 0.000 mm, across 0.000 mm
[RockPrecisionFixDiag]     holder 'cactus': built, height 600661.785953 m, matrix 600661.794899 m, up +8.946 mm, across 29.942 mm
[RockPrecisionFixDiag]   quad 'Kerbin Xn0131002033': height 600629.715469 m, matrix 600629.715469 m, up 0.000 mm, across 0.000 mm
[RockPrecisionFixDiag]     holder 'cactus': built, height 600629.715469 m, matrix 600629.724527 m, up +9.058 mm, across 29.908 mm
[RockPrecisionFixDiag]   quad 'Kerbin Xn0131002032': height 600621.233953 m, matrix 600621.233953 m, up 0.000 mm, across 0.000 mm
[RockPrecisionFixDiag]     holder 'cactus': built, height 600621.233953 m, matrix 600621.224896 m, up -9.057 mm, across 29.909 mm
[RockPrecisionFixDiag]   quad 'Kerbin Xn0131002031': height 600636.294083 m, matrix 600636.294083 m, up 0.000 mm, across 0.000 mm
[RockPrecisionFixDiag]     holder 'cactus': built, height 600636.294083 m, matrix 600636.294083 m, up 0.000 mm, across 0.000 mm
[RockPrecisionFixDiag]   quad 'Kerbin Xn0131002030': height 600637.721199 m, matrix 600637.721199 m, up 0.000 mm, across 0.000 mm
[RockPrecisionFixDiag]     holder 'cactus': built, height 600637.721199 m, matrix 600637.721199 m, up 0.000 mm, across 0.000 mm
[RockPrecisionFixDiag]   quad 'Kerbin Xn0131002023': height 600610.055335 m, matrix 600610.055335 m, up 0.000 mm, across 0.000 mm
[RockPrecisionFixDiag]     holder 'cactus': built, height 600610.055335 m, matrix 600610.046279 m, up -9.056 mm, across 29.909 mm
[RockPrecisionFixDiag]   quad 'Kerbin Xn0131002021': height 600590.179959 m, matrix 600590.179959 m, up 0.000 mm, across 0.000 mm
[RockPrecisionFixDiag]     holder 'cactus': built, height 600590.179959 m, matrix 600590.179959 m, up 0.000 mm, across 0.000 mm
[RockPrecisionFixDiag]   quad 'Kerbin Xn0131002013': height 600650.306117 m, matrix 600650.306117 m, up 0.000 mm, across 0.000 mm
[RockPrecisionFixDiag]     holder 'cactus': built, height 600650.306117 m, matrix 600650.315100 m, up +8.983 mm, across 29.931 mm
[RockPrecisionFixDiag]   quad 'Kerbin Xn0131002012': height 600662.564824 m, matrix 600662.564824 m, up 0.000 mm, across 0.000 mm
[RockPrecisionFixDiag]     holder 'cactus': built, height 600662.564824 m, matrix 600662.555843 m, up -8.981 mm, across 29.932 mm
[RockPrecisionFixDiag]   quad 'Kerbin Xn0131002011': height 600687.752901 m, matrix 600687.752901 m, up 0.000 mm, across 0.000 mm
[RockPrecisionFixDiag]     holder 'cactus': built, height 600687.752901 m, matrix 600687.752901 m, up 0.000 mm, across 0.000 mm
[RockPrecisionFixDiag]   quad 'Kerbin Xn0131002010': height 600756.817905 m, matrix 600756.817905 m, up 0.000 mm, across 0.000 mm
[RockPrecisionFixDiag]     holder 'cactus': built, height 600756.817905 m, matrix 600756.826848 m, up +8.943 mm, across 29.943 mm
[RockPrecisionFixDiag]   quad 'Kerbin Xn0131002003': height 600611.295233 m, matrix 600611.295233 m, up 0.000 mm, across 0.000 mm
[RockPrecisionFixDiag]     holder 'cactus': built, height 600611.295233 m, matrix 600611.295233 m, up 0.000 mm, across 0.000 mm
[RockPrecisionFixDiag]   quad 'Kerbin Xn0131002002': height 600621.637056 m, matrix 600621.637056 m, up 0.000 mm, across 0.000 mm
[RockPrecisionFixDiag]     holder 'cactus': built, height 600621.637056 m, matrix 600621.628077 m, up -8.978 mm, across 29.932 mm
[RockPrecisionFixDiag]   quad 'Kerbin Xn0131002001': height 600712.157090 m, matrix 600712.157090 m, up 0.000 mm, across 0.000 mm
[RockPrecisionFixDiag]     holder 'cactus': built, height 600712.157090 m, matrix 600712.097518 m, up -59.573 mm, across 18.903 mm
[RockPrecisionFixDiag]   rock 'Kerbin Xn0131000203' 'boulder' #0 vertex 120: ground --, vertex 600839.786300 m, -- mm above the ground
[RockPrecisionFixDiag]   rock 'Kerbin Xn0131000203' 'boulder' #0 vertex 104: ground --, vertex 600843.597819 m, -- mm above the ground
[RockPrecisionFixDiag]   rock 'Kerbin Xn0131000203' 'boulder' #0 vertex 35: ground --, vertex 600844.460086 m, -- mm above the ground
[RockPrecisionFixDiag]   rock 'Kerbin Xn0131000203' 'boulder' #0 vertex 62: ground --, vertex 600842.884755 m, -- mm above the ground
[RockPrecisionFixDiag]   rock 'Kerbin Xn0131000203' 'boulder' #0 vertex 173: ground 600842.270795 m, vertex 600841.498047 m, -772.748 mm above the ground
[RockPrecisionFixDiag]   rock 'Kerbin Xn0131000203' 'boulder' #0 vertex 15: ground --, vertex 600840.499785 m, -- mm above the ground
[RockPrecisionFixDiag]   rock 'Kerbin Xn0131000203' 'boulder' #0 vertex 21: ground 600842.473062 m, vertex 600841.597969 m, -875.093 mm above the ground
[RockPrecisionFixDiag]   rock 'Kerbin Xn0131000203' 'boulder' #0 vertex 34: ground --, vertex 600843.756005 m, -- mm above the ground
[RockPrecisionFixDiag]   rock 'Kerbin Xn0131000203' 'boulder' #0 vertex 0: ground --, vertex 600841.256788 m, -- mm above the ground
[RockPrecisionFixDiag]   rock 'Kerbin Xn0131000203' 'boulder' #0 vertex 90: ground --, vertex 600844.322570 m, -- mm above the ground
[RockPrecisionFixDiag]   rock 'Kerbin Xn0131000203' 'cactus' #0 vertex 53: ground --, vertex 600847.413114 m, -- mm above the ground
[RockPrecisionFixDiag]   rock 'Kerbin Xn0131000203' 'cactus' #0 vertex 33: ground --, vertex 600854.940244 m, -- mm above the ground
[RockPrecisionFixDiag]   rock 'Kerbin Xn0131000203' 'cactus' #0 vertex 334: ground --, vertex 600851.401288 m, -- mm above the ground
[RockPrecisionFixDiag]   rock 'Kerbin Xn0131000203' 'cactus' #0 vertex 100: ground --, vertex 600851.955732 m, -- mm above the ground
[RockPrecisionFixDiag]   rock 'Kerbin Xn0131000203' 'cactus' #0 vertex 159: ground --, vertex 600849.685954 m, -- mm above the ground
[RockPrecisionFixDiag]   rock 'Kerbin Xn0131000203' 'cactus' #0 vertex 418: ground --, vertex 600853.376954 m, -- mm above the ground
[RockPrecisionFixDiag]   rock 'Kerbin Xn0131000203' 'cactus' #0 vertex 303: ground --, vertex 600853.694672 m, -- mm above the ground
[RockPrecisionFixDiag]   rock 'Kerbin Xn0131000203' 'cactus' #0 vertex 125: ground --, vertex 600850.663688 m, -- mm above the ground
[RockPrecisionFixDiag]   rock 'Kerbin Xn0131000203' 'cactus' #0 vertex 340: ground --, vertex 600850.224907 m, -- mm above the ground
[RockPrecisionFixDiag]   rock 'Kerbin Xn0131000203' 'cactus' #0 vertex 348: ground --, vertex 600852.479580 m, -- mm above the ground
[RockPrecisionFixDiag]   rock 'Kerbin Xn0131000203' 'cactus' #1 vertex 53: ground --, vertex 600845.607780 m, -- mm above the ground
[RockPrecisionFixDiag]   rock 'Kerbin Xn0131000203' 'cactus' #1 vertex 33: ground --, vertex 600855.838517 m, -- mm above the ground
[RockPrecisionFixDiag]   rock 'Kerbin Xn0131000203' 'cactus' #1 vertex 334: ground --, vertex 600851.026666 m, -- mm above the ground
[RockPrecisionFixDiag]   rock 'Kerbin Xn0131000203' 'cactus' #1 vertex 100: ground --, vertex 600851.783706 m, -- mm above the ground
[RockPrecisionFixDiag]   rock 'Kerbin Xn0131000203' 'cactus' #1 vertex 159: ground --, vertex 600848.697219 m, -- mm above the ground
[RockPrecisionFixDiag]   rock 'Kerbin Xn0131000203' 'cactus' #1 vertex 418: ground --, vertex 600853.712047 m, -- mm above the ground
[RockPrecisionFixDiag]   rock 'Kerbin Xn0131000203' 'cactus' #1 vertex 303: ground --, vertex 600854.146940 m, -- mm above the ground
[RockPrecisionFixDiag]   rock 'Kerbin Xn0131000203' 'cactus' #1 vertex 125: ground --, vertex 600850.026948 m, -- mm above the ground
[RockPrecisionFixDiag]   rock 'Kerbin Xn0131000203' 'cactus' #1 vertex 340: ground --, vertex 600849.428315 m, -- mm above the ground
[RockPrecisionFixDiag]   rock 'Kerbin Xn0131000203' 'cactus' #1 vertex 348: ground 600846.403285 m, vertex 600852.492256 m, +6088.971 mm above the ground
[RockPrecisionFixDiag]   rock 'Kerbin Xn0131000203' 'cactus' #2 vertex 53: ground --, vertex 600843.394230 m, -- mm above the ground
[RockPrecisionFixDiag]   rock 'Kerbin Xn0131000203' 'cactus' #2 vertex 33: ground --, vertex 600849.297120 m, -- mm above the ground
[RockPrecisionFixDiag]   rock 'Kerbin Xn0131000203' 'cactus' #2 vertex 334: ground --, vertex 600846.521090 m, -- mm above the ground
[RockPrecisionFixDiag]   rock 'Kerbin Xn0131000203' 'cactus' #2 vertex 100: ground 600844.253631 m, vertex 600846.957317 m, +2703.685 mm above the ground
[RockPrecisionFixDiag]   rock 'Kerbin Xn0131000203' 'cactus' #2 vertex 159: ground --, vertex 600845.176721 m, -- mm above the ground
[RockPrecisionFixDiag]   rock 'Kerbin Xn0131000203' 'cactus' #2 vertex 418: ground --, vertex 600848.070471 m, -- mm above the ground
[RockPrecisionFixDiag]   rock 'Kerbin Xn0131000203' 'cactus' #2 vertex 303: ground --, vertex 600848.320896 m, -- mm above the ground
[RockPrecisionFixDiag]   rock 'Kerbin Xn0131000203' 'cactus' #2 vertex 125: ground --, vertex 600845.943819 m, -- mm above the ground
[RockPrecisionFixDiag]   rock 'Kerbin Xn0131000203' 'cactus' #2 vertex 340: ground --, vertex 600845.598779 m, -- mm above the ground
[RockPrecisionFixDiag]   rock 'Kerbin Xn0131000203' 'cactus' #2 vertex 348: ground --, vertex 600847.366721 m, -- mm above the ground
[RockPrecisionFixDiag]   rock 'Kerbin Xn0131000203' 'cactus' #3 vertex 53: ground --, vertex 600842.878694 m, -- mm above the ground
[RockPrecisionFixDiag]   rock 'Kerbin Xn0131000203' 'cactus' #3 vertex 33: ground --, vertex 600848.236953 m, -- mm above the ground
[RockPrecisionFixDiag]   rock 'Kerbin Xn0131000203' 'cactus' #3 vertex 334: ground --, vertex 600845.717356 m, -- mm above the ground
[RockPrecisionFixDiag]   rock 'Kerbin Xn0131000203' 'cactus' #3 vertex 100: ground --, vertex 600846.112741 m, -- mm above the ground
[RockPrecisionFixDiag]   rock 'Kerbin Xn0131000203' 'cactus' #3 vertex 159: ground --, vertex 600844.496678 m, -- mm above the ground
[RockPrecisionFixDiag]   rock 'Kerbin Xn0131000203' 'cactus' #3 vertex 418: ground --, vertex 600847.123767 m, -- mm above the ground
[RockPrecisionFixDiag]   rock 'Kerbin Xn0131000203' 'cactus' #3 vertex 303: ground --, vertex 600847.350565 m, -- mm above the ground
[RockPrecisionFixDiag]   rock 'Kerbin Xn0131000203' 'cactus' #3 vertex 125: ground --, vertex 600845.192863 m, -- mm above the ground
[RockPrecisionFixDiag]   rock 'Kerbin Xn0131000203' 'cactus' #3 vertex 340: ground --, vertex 600844.880050 m, -- mm above the ground
[RockPrecisionFixDiag]   rock 'Kerbin Xn0131000203' 'cactus' #3 vertex 348: ground 600843.375572 m, vertex 600846.484955 m, +3109.383 mm above the ground
[RockPrecisionFixDiag]   rock 'Kerbin Xn0131000203' 'cactus' #4 vertex 53: ground --, vertex 600862.122318 m, -- mm above the ground
[RockPrecisionFixDiag]   rock 'Kerbin Xn0131000203' 'cactus' #4 vertex 33: ground --, vertex 600867.680220 m, -- mm above the ground
[RockPrecisionFixDiag]   rock 'Kerbin Xn0131000203' 'cactus' #4 vertex 334: ground --, vertex 600865.067473 m, -- mm above the ground
[RockPrecisionFixDiag]   rock 'Kerbin Xn0131000203' 'cactus' #4 vertex 100: ground --, vertex 600865.476001 m, -- mm above the ground
[RockPrecisionFixDiag]   rock 'Kerbin Xn0131000203' 'cactus' #4 vertex 159: ground --, vertex 600863.800527 m, -- mm above the ground
[RockPrecisionFixDiag]   rock 'Kerbin Xn0131000203' 'cactus' #4 vertex 418: ground --, vertex 600866.526311 m, -- mm above the ground
[RockPrecisionFixDiag]   rock 'Kerbin Xn0131000203' 'cactus' #4 vertex 303: ground --, vertex 600866.760104 m, -- mm above the ground
[RockPrecisionFixDiag]   rock 'Kerbin Xn0131000203' 'cactus' #4 vertex 125: ground --, vertex 600864.522108 m, -- mm above the ground
[RockPrecisionFixDiag]   rock 'Kerbin Xn0131000203' 'cactus' #4 vertex 340: ground --, vertex 600864.198800 m, -- mm above the ground
[RockPrecisionFixDiag]   rock 'Kerbin Xn0131000203' 'cactus' #4 vertex 348: ground --, vertex 600865.863587 m, -- mm above the ground
[RockPrecisionFixDiag] End of record 3: 173 quads with rocks, 306 holders (0 not built yet); nearest quad 'Kerbin Xn0131000203': 6 rocks, 60 vertices measured, 55 without ground under them
