[RockPrecisionFixDiag] Record 6 on Kerbin: scatter on. Heights are distances from the centre of Kerbin, in metres
[RockPrecisionFixDiag]   quad 'Kerbin Xn0112333310': height 601630.513157 m, matrix 601630.513157 m, up 0.000 mm, across 0.000 mm
[RockPrecisionFixDiag]     holder 'Grass00': built, height 601630.513157 m, matrix 601630.503763 m, up -9.394 mm, across 29.805 mm
[RockPrecisionFixDiag]     holder 'boulder': built, height 601630.513157 m, matrix 601630.503763 m, up -9.394 mm, across 29.805 mm
[RockPrecisionFixDiag]     holder 'cactus': built, height 601630.513157 m, matrix 601630.503763 m, up -9.394 mm, across 29.805 mm
[RockPrecisionFixDiag]   quad 'Kerbin Xn0112333311': height 601755.254451 m, matrix 601755.254451 m, up 0.000 mm, across 0.000 mm
[RockPrecisionFixDiag]     holder 'Grass00': built, height 601755.254451 m, matrix 601755.263846 m, up +9.395 mm, across 29.804 mm
[RockPrecisionFixDiag]     holder 'boulder': built, height 601755.254451 m, matrix 601755.263846 m, up +9.395 mm, across 29.804 mm
[RockPrecisionFixDiag]     holder 'cactus': built, height 601755.254451 m, matrix 601755.263846 m, up +9.395 mm, across 29.804 mm
[RockPrecisionFixDiag]   quad 'Kerbin Xn0112333312': height 601368.901199 m, matrix 601368.901199 m, up 0.000 mm, across 0.000 mm
[RockPrecisionFixDiag]     holder 'Grass00': built, height 601368.901199 m, matrix 601368.901199 m, up 0.000 mm, across 0.000 mm
[RockPrecisionFixDiag]     holder 'boulder': built, height 601368.901199 m, matrix 601368.901199 m, up 0.000 mm, across 0.000 mm
[RockPrecisionFixDiag]     holder 'cactus': built, height 601368.901199 m, matrix 601368.901199 m, up 0.000 mm, across 0.000 mm
[RockPrecisionFixDiag]   quad 'Kerbin Xn0112333313': height 601674.165197 m, matrix 601674.165197 m, up 0.000 mm, across 0.000 mm
[RockPrecisionFixDiag]     holder 'Grass00': built, height 601674.165197 m, matrix 601674.115372 m, up -49.824 mm, across 48.993 mm
[RockPrecisionFixDiag]     holder 'boulder': built, height 601674.165197 m, matrix 601674.115372 m, up -49.824 mm, across 48.993 mm
[RockPrecisionFixDiag]     holder 'cactus': built, height 601674.165197 m, matrix 601674.115372 m, up -49.824 mm, across 48.993 mm
[RockPrecisionFixDiag]   quad 'Kerbin Xn0113222212': height 601669.592450 m, matrix 601669.592450 m, up 0.000 mm, across 0.000 mm
[RockPrecisionFixDiag]     holder 'Grass00': built, height 601669.592450 m, matrix 601669.583014 m, up -9.436 mm, across 29.791 mm
[RockPrecisionFixDiag]     holder 'boulder': built, height 601669.592450 m, matrix 601669.583014 m, up -9.436 mm, across 29.791 mm
[RockPrecisionFixDiag]     holder 'cactus': built, height 601669.592450 m, matrix 601669.583014 m, up -9.436 mm, across 29.791 mm
[RockPrecisionFixDiag]   quad 'Kerbin Xn0113222213': height 601945.395758 m, matrix 601945.395758 m, up 0.000 mm, across 0.000 mm
[RockPrecisionFixDiag]     holder 'Grass00': built, height 601945.395758 m, matrix 601945.395758 m, up 0.000 mm, across 0.000 mm
[RockPrecisionFixDiag]     holder 'boulder': built, height 601945.395758 m, matrix 601945.395758 m, up 0.000 mm, across 0.000 mm
[RockPrecisionFixDiag]     holder 'cactus': built, height 601945.395758 m, matrix 601945.395758 m, up 0.000 mm, across 0.000 mm
[RockPrecisionFixDiag]   quad 'Kerbin Xn0113222220': height 601352.572238 m, matrix 601352.572238 m, up 0.000 mm, across 0.000 mm
[RockPrecisionFixDiag]     holder 'Grass00': built, height 601352.572238 m, matrix 601352.562768 m, up -9.470 mm, across 29.780 mm
[RockPrecisionFixDiag]     holder 'boulder': built, height 601352.572238 m, matrix 601352.562768 m, up -9.470 mm, across 29.780 mm
[RockPrecisionFixDiag]     holder 'cactus': built, height 601352.572238 m, matrix 601352.562768 m, up -9.470 mm, across 29.780 mm
[RockPrecisionFixDiag]   quad 'Kerbin Xn0113222221': height 601485.438386 m, matrix 601485.438386 m, up 0.000 mm, across 0.000 mm
[RockPrecisionFixDiag]     holder 'Grass00': built, height 601485.438386 m, matrix 601485.447857 m, up +9.472 mm, across 29.780 mm
[RockPrecisionFixDiag]     holder 'boulder': built, height 601485.438386 m, matrix 601485.447857 m, up +9.472 mm, across 29.780 mm
[RockPrecisionFixDiag]     holder 'cactus': built, height 601485.438386 m, matrix 601485.447857 m, up +9.472 mm, across 29.780 mm
[RockPrecisionFixDiag]   quad 'Kerbin Xn0113222231': height 601693.826042 m, matrix 601693.826042 m, up 0.000 mm, across 0.000 mm
[RockPrecisionFixDiag]     holder 'Grass00': built, height 601693.826042 m, matrix 601693.816568 m, up -9.474 mm, across 29.779 mm
[RockPrecisionFixDiag]     holder 'boulder': built, height 601693.826042 m, matrix 601693.816568 m, up -9.474 mm, across 29.779 mm
[RockPrecisionFixDiag]     holder 'cactus': built, height 601693.826042 m, matrix 601693.816568 m, up -9.474 mm, across 29.779 mm
[RockPrecisionFixDiag]   quad 'Kerbin Xn0113222232': height 601376.217469 m, matrix 601376.217469 m, up 0.000 mm, across 0.000 mm
[RockPrecisionFixDiag]     holder 'Grass00': built, height 601376.217469 m, matrix 601376.226979 m, up +9.510 mm, across 29.768 mm
[RockPrecisionFixDiag]     holder 'boulder': built, height 601376.217469 m, matrix 601376.226979 m, up +9.510 mm, across 29.768 mm
[RockPrecisionFixDiag]     holder 'cactus': built, height 601376.217469 m, matrix 601376.226979 m, up +9.510 mm, across 29.768 mm
[RockPrecisionFixDiag]   quad 'Kerbin Xn0113222233': height 601568.959727 m, matrix 601568.959727 m, up 0.000 mm, across 0.000 mm
[RockPrecisionFixDiag]     holder 'Grass00': built, height 601568.959727 m, matrix 601568.959727 m, up 0.000 mm, across 0.000 mm
[RockPrecisionFixDiag]     holder 'boulder': built, height 601568.959727 m, matrix 601568.959727 m, up 0.000 mm, across 0.000 mm
[RockPrecisionFixDiag]     holder 'cactus': built, height 601568.959727 m, matrix 601568.959727 m, up 0.000 mm, across 0.000 mm
[RockPrecisionFixDiag]   quad 'Kerbin Xn0113222322': height 601225.513002 m, matrix 601225.513002 m, up 0.000 mm, across 0.000 mm
[RockPrecisionFixDiag]     holder 'Grass00': built, height 601225.513002 m, matrix 601225.503489 m, up -9.513 mm, across 29.767 mm
[RockPrecisionFixDiag]     holder 'boulder': built, height 601225.513002 m, matrix 601225.503489 m, up -9.513 mm, across 29.767 mm
[RockPrecisionFixDiag]     holder 'cactus': built, height 601225.513002 m, matrix 601225.503489 m, up -9.513 mm, across 29.767 mm
[RockPrecisionFixDiag]   quad 'Kerbin Xn0113222320': height 601347.523891 m, matrix 601347.523891 m, up 0.000 mm, across 0.000 mm
[RockPrecisionFixDiag]     holder 'Grass00': built, height 601347.523891 m, matrix 601347.583168 m, up +59.277 mm, across 19.813 mm
[RockPrecisionFixDiag]     holder 'boulder': built, height 601347.523891 m, matrix 601347.583168 m, up +59.277 mm, across 19.813 mm
[RockPrecisionFixDiag]     holder 'cactus': built, height 601347.523891 m, matrix 601347.583168 m, up +59.277 mm, across 19.813 mm
[RockPrecisionFixDiag]   quad 'Kerbin Xn0131000002': height 600912.225880 m, matrix 600912.225880 m, up 0.000 mm, across 0.000 mm
[RockPrecisionFixDiag]     holder 'boulder': built, height 600912.225880 m, matrix 600912.225880 m, up 0.000 mm, across 0.000 mm
[RockPrecisionFixDiag]     holder 'cactus': built, height 600912.225880 m, matrix 600912.225880 m, up 0.000 mm, across 0.000 mm
[RockPrecisionFixDiag]   quad 'Kerbin Xn0131000003': height 600905.059291 m, matrix 600905.059291 m, up 0.000 mm, across 0.000 mm
[RockPrecisionFixDiag]     holder 'boulder': built, height 600905.059291 m, matrix 600905.059291 m, up 0.000 mm, across 0.000 mm
[RockPrecisionFixDiag]     holder 'cactus': built, height 600905.059291 m, matrix 600905.059291 m, up 0.000 mm, across 0.000 mm
[RockPrecisionFixDiag]   quad 'Kerbin Xn0131000010': height 601086.300473 m, matrix 601086.300473 m, up 0.000 mm, across 0.000 mm
[RockPrecisionFixDiag]     holder 'boulder': built, height 601086.300473 m, matrix 601086.290926 m, up -9.547 mm, across 29.756 mm
[RockPrecisionFixDiag]     holder 'cactus': built, height 601086.300473 m, matrix 601086.290926 m, up -9.547 mm, across 29.756 mm
[RockPrecisionFixDiag]   quad 'Kerbin Xn0131000011': height 601416.301107 m, matrix 601416.301107 m, up 0.000 mm, across 0.000 mm
[RockPrecisionFixDiag]     holder 'boulder': built, height 601416.301107 m, matrix 601416.251436 m, up -49.671 mm, across 49.149 mm
[RockPrecisionFixDiag]     holder 'cactus': built, height 601416.301107 m, matrix 601416.251436 m, up -49.671 mm, across 49.149 mm
[RockPrecisionFixDiag]   quad 'Kerbin Xn0131000012': height 601130.040587 m, matrix 601130.040587 m, up 0.000 mm, across 0.000 mm
[RockPrecisionFixDiag]     holder 'boulder': built, height 601130.040587 m, matrix 601129.990984 m, up -49.602 mm, across 49.218 mm
[RockPrecisionFixDiag]     holder 'cactus': built, height 601130.040587 m, matrix 601129.990984 m, up -49.602 mm, across 49.218 mm
[RockPrecisionFixDiag]   quad 'Kerbin Xn0131000013': height 601212.391631 m, matrix 601212.391631 m, up 0.000 mm, across 0.000 mm
[RockPrecisionFixDiag]     holder 'boulder': built, height 601212.391631 m, matrix 601212.401216 m, up +9.585 mm, across 29.744 mm
[RockPrecisionFixDiag]     holder 'cactus': built, height 601212.391631 m, matrix 601212.401216 m, up +9.585 mm, across 29.744 mm
[RockPrecisionFixDiag]   quad 'Kerbin Xn0131000020': height 600869.887446 m, matrix 600869.887446 m, up 0.000 mm, across 0.000 mm
[RockPrecisionFixDiag]     holder 'boulder': built, height 600869.887446 m, matrix 600869.887446 m, up 0.000 mm, across 0.000 mm
[RockPrecisionFixDiag]     holder 'cactus': built, height 600869.887446 m, matrix 600869.887446 m, up 0.000 mm, across 0.000 mm
[RockPrecisionFixDiag]   quad 'Kerbin Xn0131000021': height 600958.611253 m, matrix 600958.611253 m, up 0.000 mm, across 0.000 mm
[RockPrecisionFixDiag]     holder 'boulder': built, height 600958.611253 m, matrix 600958.611253 m, up 0.000 mm, across 0.000 mm
[RockPrecisionFixDiag]     holder 'cactus': built, height 600958.611253 m, matrix 600958.611253 m, up 0.000 mm, across 0.000 mm
[RockPrecisionFixDiag]   quad 'Kerbin Xn0131000022': height 600885.074593 m, matrix 600885.074593 m, up 0.000 mm, across 0.000 mm
[RockPrecisionFixDiag]     holder 'boulder': built, height 600885.074593 m, matrix 600885.015475 m, up -59.119 mm, across 20.278 mm
[RockPrecisionFixDiag]     holder 'cactus': built, height 600885.074593 m, matrix 600885.015475 m, up -59.119 mm, across 20.278 mm
[RockPrecisionFixDiag]   quad 'Kerbin Xn0131000023': height 600962.892043 m, matrix 600962.892043 m, up 0.000 mm, across 0.000 mm
[RockPrecisionFixDiag]     holder 'boulder': built, height 600962.892043 m, matrix 600962.882387 m, up -9.657 mm, across 29.721 mm
[RockPrecisionFixDiag]     holder 'cactus': built, height 600962.892043 m, matrix 600962.882387 m, up -9.657 mm, across 29.721 mm
[RockPrecisionFixDiag]   quad 'Kerbin Xn0131000030': height 601029.644403 m, matrix 601029.644403 m, up 0.000 mm, across 0.000 mm
[RockPrecisionFixDiag]     holder 'boulder': built, height 601029.644403 m, matrix 601029.585242 m, up -59.162 mm, across 20.153 mm
[RockPrecisionFixDiag]     holder 'cactus': built, height 601029.644403 m, matrix 601029.585242 m, up -59.162 mm, across 20.153 mm
[RockPrecisionFixDiag]   quad 'Kerbin Xn0131000031': height 601049.668794 m, matrix 601049.668794 m, up 0.000 mm, across 0.000 mm
[RockPrecisionFixDiag]     holder 'boulder': built, height 601049.668794 m, matrix 601049.659172 m, up -9.622 mm, across 29.732 mm
[RockPrecisionFixDiag]     holder 'cactus': built, height 601049.668794 m, matrix 601049.659172 m, up -9.622 mm, across 29.732 mm
[RockPrecisionFixDiag]   quad 'Kerbin Xn0131000032': height 600971.596917 m, matrix 600971.596917 m, up 0.000 mm, across 0.000 mm
[RockPrecisionFixDiag]     holder 'boulder': built, height 600971.596917 m, matrix 600971.596917 m, up 0.000 mm, across 0.000 mm
[RockPrecisionFixDiag]     holder 'cactus': built, height 600971.596917 m, matrix 600971.596917 m, up 0.000 mm, across 0.000 mm
[RockPrecisionFixDiag]   quad 'Kerbin Xn0131000033': height 601046.452864 m, matrix 601046.452864 m, up 0.000 mm, across 0.000 mm
[RockPrecisionFixDiag]     holder 'boulder': built, height 601046.452864 m, matrix 601046.443205 m, up -9.659 mm, across 29.720 mm
[RockPrecisionFixDiag]     holder 'cactus': built, height 601046.452864 m, matrix 601046.443205 m, up -9.659 mm, across 29.720 mm
[RockPrecisionFixDiag]   quad 'Kerbin Xn0131000100': height 601304.698100 m, matrix 601304.698100 m, up 0.000 mm, across 0.000 mm
[RockPrecisionFixDiag]     holder 'boulder': built, height 601304.698100 m, matrix 601304.698100 m, up 0.000 mm, across 0.000 mm
[RockPrecisionFixDiag]     holder 'cactus': built, height 601304.698100 m, matrix 601304.698100 m, up 0.000 mm, across 0.000 mm
[RockPrecisionFixDiag]   quad 'Kerbin Xn0131000101': height 601086.391444 m, matrix 601086.391444 m, up 0.000 mm, across 0.000 mm
[RockPrecisionFixDiag]     holder 'boulder': built, height 601086.391444 m, matrix 601086.450681 m, up +59.237 mm, across 19.932 mm
[RockPrecisionFixDiag]     holder 'cactus': built, height 601086.391444 m, matrix 601086.450681 m, up +59.237 mm, across 19.932 mm
[RockPrecisionFixDiag]   quad 'Kerbin Xn0131000102': height 601341.808394 m, matrix 601341.808394 m, up 0.000 mm, across 0.000 mm
[RockPrecisionFixDiag]     holder 'boulder': built, height 601341.808394 m, matrix 601341.798807 m, up -9.587 mm, across 29.743 mm
[RockPrecisionFixDiag]     holder 'cactus': built, height 601341.808394 m, matrix 601341.798807 m, up -9.587 mm, across 29.743 mm
[RockPrecisionFixDiag]   quad 'Kerbin Xn0131000103': height 601216.492445 m, matrix 601216.492445 m, up 0.000 mm, across 0.000 mm
[RockPrecisionFixDiag]     holder 'boulder': built, height 601216.492445 m, matrix 601216.502033 m, up +9.588 mm, across 29.743 mm
[RockPrecisionFixDiag]     holder 'cactus': built, height 601216.492445 m, matrix 601216.502033 m, up +9.588 mm, across 29.743 mm
[RockPrecisionFixDiag]   quad 'Kerbin Xn0131000110': height 601078.176219 m, matrix 601078.176219 m, up 0.000 mm, across 0.000 mm
[RockPrecisionFixDiag]     holder 'boulder': built, height 601078.176219 m, matrix 601078.185772 m, up +9.552 mm, across 29.754 mm
[RockPrecisionFixDiag]     holder 'cactus': built, height 601078.176219 m, matrix 601078.185772 m, up +9.552 mm, across 29.754 mm
[RockPrecisionFixDiag]   quad 'Kerbin Xn0131000111': height 601081.166732 m, matrix 601081.166732 m, up 0.000 mm, across 0.000 mm
[RockPrecisionFixDiag]     holder 'boulder': built, height 601081.166732 m, matrix 601081.216431 m, up +49.699 mm, across 49.120 mm
[RockPrecisionFixDiag]     holder 'cactus': built, height 601081.166732 m, matrix 601081.216431 m, up +49.699 mm, across 49.120 mm
[RockPrecisionFixDiag]   quad 'Kerbin Xn0131000112': height 601054.378414 m, matrix 601054.378414 m, up 0.000 mm, across 0.000 mm
[RockPrecisionFixDiag]     holder 'boulder': built, height 601054.378414 m, matrix 601054.328782 m, up -49.631 mm, across 49.189 mm
[RockPrecisionFixDiag]     holder 'cactus': built, height 601054.378414 m, matrix 601054.328782 m, up -49.631 mm, across 49.189 mm
[RockPrecisionFixDiag]   quad 'Kerbin Xn0131000113': height 601088.181154 m, matrix 601088.181154 m, up 0.000 mm, across 0.000 mm
[RockPrecisionFixDiag]     holder 'boulder': built, height 601088.181154 m, matrix 601088.171563 m, up -9.591 mm, across 29.742 mm
[RockPrecisionFixDiag]     holder 'cactus': built, height 601088.181154 m, matrix 601088.171563 m, up -9.591 mm, across 29.742 mm
[RockPrecisionFixDiag]   quad 'Kerbin Xn0131000120': height 601168.069005 m, matrix 601168.069005 m, up 0.000 mm, across 0.000 mm
[RockPrecisionFixDiag]     holder 'boulder': built, height 601168.069005 m, matrix 601168.069005 m, up 0.000 mm, across 0.000 mm
[RockPrecisionFixDiag]     holder 'cactus': built, height 601168.069005 m, matrix 601168.069005 m, up 0.000 mm, across 0.000 mm
[RockPrecisionFixDiag]   quad 'Kerbin Xn0131000121': height 601186.353723 m, matrix 601186.353723 m, up 0.000 mm, across 0.000 mm
[RockPrecisionFixDiag]     holder 'boulder': built, height 601186.353723 m, matrix 601186.412911 m, up +59.188 mm, across 20.077 mm
[RockPrecisionFixDiag]     holder 'cactus': built, height 601186.353723 m, matrix 601186.412911 m, up +59.188 mm, across 20.077 mm
[RockPrecisionFixDiag]   quad 'Kerbin Xn0131000122': height 601093.313494 m, matrix 601093.313494 m, up 0.000 mm, across 0.000 mm
[RockPrecisionFixDiag]     holder 'boulder': built, height 601093.313494 m, matrix 601093.254340 m, up -59.154 mm, across 20.175 mm
[RockPrecisionFixDiag]     holder 'cactus': built, height 601093.313494 m, matrix 601093.254340 m, up -59.154 mm, across 20.175 mm
[RockPrecisionFixDiag]   quad 'Kerbin Xn0131000123': height 601141.339000 m, matrix 601141.339000 m, up 0.000 mm, across 0.000 mm
[RockPrecisionFixDiag]     holder 'boulder': built, height 601141.339000 m, matrix 601141.339000 m, up 0.000 mm, across 0.000 mm
[RockPrecisionFixDiag]     holder 'cactus': built, height 601141.339000 m, matrix 601141.339000 m, up 0.000 mm, across 0.000 mm
[RockPrecisionFixDiag]   quad 'Kerbin Xn0131000130': height 601111.691930 m, matrix 601111.691930 m, up 0.000 mm, across 0.000 mm
[RockPrecisionFixDiag]     holder 'boulder': built, height 601111.691930 m, matrix 601111.760753 m, up +68.822 mm, across 12.095 mm
[RockPrecisionFixDiag]     holder 'cactus': built, height 601111.691930 m, matrix 601111.760753 m, up +68.822 mm, across 12.095 mm
[RockPrecisionFixDiag]   quad 'Kerbin Xn0131000131': height 601072.535761 m, matrix 601072.535761 m, up 0.000 mm, across 0.000 mm
[RockPrecisionFixDiag]     holder 'boulder': built, height 601072.535761 m, matrix 601072.526133 m, up -9.628 mm, across 29.730 mm
[RockPrecisionFixDiag]     holder 'cactus': built, height 601072.535761 m, matrix 601072.526133 m, up -9.628 mm, across 29.730 mm
[RockPrecisionFixDiag]   quad 'Kerbin Xn0131000132': height 601062.313620 m, matrix 601062.313620 m, up 0.000 mm, across 0.000 mm
[RockPrecisionFixDiag]     holder 'boulder': built, height 601062.313620 m, matrix 601062.313620 m, up 0.000 mm, across 0.000 mm
[RockPrecisionFixDiag]     holder 'cactus': built, height 601062.313620 m, matrix 601062.313620 m, up 0.000 mm, across 0.000 mm
[RockPrecisionFixDiag]   quad 'Kerbin Xn0131000133': height 600990.281437 m, matrix 600990.281437 m, up 0.000 mm, across 0.000 mm
[RockPrecisionFixDiag]     holder 'boulder': built, height 600990.281437 m, matrix 600990.281437 m, up 0.000 mm, across 0.000 mm
[RockPrecisionFixDiag]     holder 'cactus': built, height 600990.281437 m, matrix 600990.281437 m, up 0.000 mm, across 0.000 mm
[RockPrecisionFixDiag]   quad 'Kerbin Xn0131000200': height 600926.237789 m, matrix 600926.237789 m, up 0.000 mm, across 0.000 mm
[RockPrecisionFixDiag]     holder 'boulder': built, height 600926.237789 m, matrix 600926.188387 m, up -49.402 mm, across 49.419 mm
[RockPrecisionFixDiag]     holder 'cactus': built, height 600926.237789 m, matrix 600926.188387 m, up -49.402 mm, across 49.419 mm
[RockPrecisionFixDiag]   quad 'Kerbin Xn0131000201': height 600899.046718 m, matrix 600899.046718 m, up 0.000 mm, across 0.000 mm
[RockPrecisionFixDiag]     holder 'boulder': built, height 600899.046718 m, matrix 600899.046718 m, up 0.000 mm, across 0.000 mm
[RockPrecisionFixDiag]     holder 'cactus': built, height 600899.046718 m, matrix 600899.046718 m, up 0.000 mm, across 0.000 mm
[RockPrecisionFixDiag]   quad 'Kerbin Xn0131000202': height 600874.157580 m, matrix 600874.157580 m, up 0.000 mm, across 0.000 mm
[RockPrecisionFixDiag]     holder 'boulder': built, height 600874.157580 m, matrix 600874.157580 m, up 0.000 mm, across 0.000 mm
[RockPrecisionFixDiag]     holder 'cactus': built, height 600874.157580 m, matrix 600874.157580 m, up 0.000 mm, across 0.000 mm
[RockPrecisionFixDiag]   quad 'Kerbin Xn0131000203': height 600862.427612 m, matrix 600862.427612 m, up 0.000 mm, across 0.000 mm
[RockPrecisionFixDiag]     holder 'boulder': built, height 600862.427612 m, matrix 600862.368534 m, up -59.078 mm, across 20.397 mm
[RockPrecisionFixDiag]     holder 'cactus': built, height 600862.427612 m, matrix 600862.368534 m, up -59.078 mm, across 20.397 mm
[RockPrecisionFixDiag]   quad 'Kerbin Xn0131000210': height 600935.997140 m, matrix 600935.997140 m, up 0.000 mm, across 0.000 mm
[RockPrecisionFixDiag]     holder 'boulder': built, height 600935.997140 m, matrix 600935.987445 m, up -9.695 mm, across 29.708 mm
[RockPrecisionFixDiag]     holder 'cactus': built, height 600935.997140 m, matrix 600935.987445 m, up -9.695 mm, across 29.708 mm
[RockPrecisionFixDiag]   quad 'Kerbin Xn0131000211': height 600993.302712 m, matrix 600993.302712 m, up 0.000 mm, across 0.000 mm
[RockPrecisionFixDiag]     holder 'boulder': built, height 600993.302712 m, matrix 600993.371529 m, up +68.817 mm, across 12.124 mm
[RockPrecisionFixDiag]     holder 'cactus': built, height 600993.302712 m, matrix 600993.371529 m, up +68.817 mm, across 12.124 mm
[RockPrecisionFixDiag]   quad 'Kerbin Xn0131000212': height 600871.561478 m, matrix 600871.561478 m, up 0.000 mm, across 0.000 mm
[RockPrecisionFixDiag]     holder 'boulder': built, height 600871.561478 m, matrix 600871.561478 m, up 0.000 mm, across 0.000 mm
[RockPrecisionFixDiag]     holder 'cactus': built, height 600871.561478 m, matrix 600871.561478 m, up 0.000 mm, across 0.000 mm
[RockPrecisionFixDiag]   quad 'Kerbin Xn0131000213': height 601026.543519 m, matrix 601026.543519 m, up 0.000 mm, across 0.000 mm
[RockPrecisionFixDiag]     holder 'boulder': built, height 601026.543519 m, matrix 601026.553252 m, up +9.734 mm, across 29.695 mm
[RockPrecisionFixDiag]     holder 'cactus': built, height 601026.543519 m, matrix 601026.553252 m, up +9.734 mm, across 29.695 mm
[RockPrecisionFixDiag]   quad 'Kerbin Xn0131000220': height 600784.017018 m, matrix 600784.017018 m, up 0.000 mm, across 0.000 mm
[RockPrecisionFixDiag]     holder 'boulder': built, height 600784.017018 m, matrix 600784.017018 m, up 0.000 mm, across 0.000 mm
[RockPrecisionFixDiag]     holder 'cactus': built, height 600784.017018 m, matrix 600784.017018 m, up 0.000 mm, across 0.000 mm
[RockPrecisionFixDiag]   quad 'Kerbin Xn0131000221': height 600808.532412 m, matrix 600808.532412 m, up 0.000 mm, across 0.000 mm
[RockPrecisionFixDiag]     holder 'boulder': built, height 600808.532412 m, matrix 600808.532412 m, up 0.000 mm, across 0.000 mm
[RockPrecisionFixDiag]     holder 'cactus': built, height 600808.532412 m, matrix 600808.532412 m, up 0.000 mm, across 0.000 mm
[RockPrecisionFixDiag]   quad 'Kerbin Xn0131000230': height 600849.515290 m, matrix 600849.515290 m, up 0.000 mm, across 0.000 mm
[RockPrecisionFixDiag]     holder 'boulder': built, height 600849.515290 m, matrix 600849.505520 m, up -9.770 mm, across 29.684 mm
[RockPrecisionFixDiag]     holder 'cactus': built, height 600849.515290 m, matrix 600849.505520 m, up -9.770 mm, across 29.684 mm
[RockPrecisionFixDiag]   quad 'Kerbin Xn0131000231': height 600891.493791 m, matrix 600891.493791 m, up 0.000 mm, across 0.000 mm
[RockPrecisionFixDiag]     holder 'boulder': built, height 600891.493791 m, matrix 600891.552862 m, up +59.071 mm, across 20.418 mm
[RockPrecisionFixDiag]     holder 'cactus': built, height 600891.493791 m, matrix 600891.552862 m, up +59.071 mm, across 20.418 mm
[RockPrecisionFixDiag]   quad 'Kerbin Xn0131000232': height 600824.381053 m, matrix 600824.381053 m, up 0.000 mm, across 0.000 mm
[RockPrecisionFixDiag]     holder 'boulder': built, height 600824.381053 m, matrix 600824.371246 m, up -9.807 mm, across 29.671 mm
[RockPrecisionFixDiag]     holder 'cactus': built, height 600824.381053 m, matrix 600824.371246 m, up -9.807 mm, across 29.671 mm
[RockPrecisionFixDiag]   quad 'Kerbin Xn0131000300': height 601085.728330 m, matrix 601085.728330 m, up 0.000 mm, across 0.000 mm
[RockPrecisionFixDiag]     holder 'boulder': built, height 601085.728330 m, matrix 601085.728330 m, up 0.000 mm, across 0.000 mm
[RockPrecisionFixDiag]     holder 'cactus': built, height 601085.728330 m, matrix 601085.728330 m, up 0.000 mm, across 0.000 mm
[RockPrecisionFixDiag]   quad 'Kerbin Xn0131000301': height 601064.152818 m, matrix 601064.152818 m, up 0.000 mm, across 0.000 mm
[RockPrecisionFixDiag]     holder 'boulder': built, height 601064.152818 m, matrix 601064.162517 m, up +9.699 mm, across 29.707 mm
[RockPrecisionFixDiag]     holder 'cactus': built, height 601064.152818 m, matrix 601064.162517 m, up +9.699 mm, across 29.707 mm
[RockPrecisionFixDiag]   quad 'Kerbin Xn0131000302': height 601003.957593 m, matrix 601003.957593 m, up 0.000 mm, across 0.000 mm
[RockPrecisionFixDiag]     holder 'boulder': built, height 601003.957593 m, matrix 601004.016698 m, up +59.104 mm, across 20.320 mm
[RockPrecisionFixDiag]     holder 'cactus': built, height 601003.957593 m, matrix 601004.016698 m, up +59.104 mm, across 20.320 mm
[RockPrecisionFixDiag]   quad 'Kerbin Xn0131000303': height 600952.249207 m, matrix 600952.249207 m, up 0.000 mm, across 0.000 mm
[RockPrecisionFixDiag]     holder 'boulder': built, height 600952.249207 m, matrix 600952.318057 m, up +68.850 mm, across 11.939 mm
[RockPrecisionFixDiag]     holder 'cactus': built, height 600952.249207 m, matrix 600952.318057 m, up +68.850 mm, across 11.939 mm
[RockPrecisionFixDiag]   quad 'Kerbin Xn0131000310': height 601008.496644 m, matrix 601008.496644 m, up 0.000 mm, across 0.000 mm
[RockPrecisionFixDiag]     holder 'boulder': built, height 601008.496644 m, matrix 601008.496644 m, up 0.000 mm, across 0.000 mm
[RockPrecisionFixDiag]     holder 'cactus': built, height 601008.496644 m, matrix 601008.496644 m, up 0.000 mm, across 0.000 mm
[RockPrecisionFixDiag]   quad 'Kerbin Xn0131000311': height 600947.810164 m, matrix 600947.810164 m, up 0.000 mm, across 0.000 mm
[RockPrecisionFixDiag]     holder 'boulder': built, height 600947.810164 m, matrix 600947.810164 m, up 0.000 mm, across 0.000 mm
[RockPrecisionFixDiag]     holder 'cactus': built, height 600947.810164 m, matrix 600947.810164 m, up 0.000 mm, across 0.000 mm
[RockPrecisionFixDiag]   quad 'Kerbin Xn0131000312': height 600900.216026 m, matrix 600900.216026 m, up 0.000 mm, across 0.000 mm
[RockPrecisionFixDiag]     holder 'boulder': built, height 600900.216026 m, matrix 600900.166642 m, up -49.383 mm, across 49.438 mm
[RockPrecisionFixDiag]     holder 'cactus': built, height 600900.216026 m, matrix 600900.166642 m, up -49.383 mm, across 49.438 mm
[RockPrecisionFixDiag]   quad 'Kerbin Xn0131000313': height 600907.388137 m, matrix 600907.388137 m, up 0.000 mm, across 0.000 mm
[RockPrecisionFixDiag]     holder 'boulder': built, height 600907.388137 m, matrix 600907.388137 m, up 0.000 mm, across 0.000 mm
[RockPrecisionFixDiag]     holder 'cactus': built, height 600907.388137 m, matrix 600907.388137 m, up 0.000 mm, across 0.000 mm
[RockPrecisionFixDiag]   quad 'Kerbin Xn0131000320': height 600840.080093 m, matrix 600840.080093 m, up 0.000 mm, across 0.000 mm
[RockPrecisionFixDiag]     holder 'boulder': built, height 600840.080093 m, matrix 600840.089866 m, up +9.772 mm, across 29.683 mm
[RockPrecisionFixDiag]     holder 'cactus': built, height 600840.080093 m, matrix 600840.089866 m, up +9.772 mm, across 29.683 mm
[RockPrecisionFixDiag]   quad 'Kerbin Xn0131000321': height 600851.260664 m, matrix 600851.260664 m, up 0.000 mm, across 0.000 mm
[RockPrecisionFixDiag]     holder 'boulder': built, height 600851.260664 m, matrix 600851.270437 m, up +9.774 mm, across 29.682 mm
[RockPrecisionFixDiag]     holder 'cactus': built, height 600851.260664 m, matrix 600851.270437 m, up +9.774 mm, across 29.682 mm
[RockPrecisionFixDiag]   quad 'Kerbin Xn0131000330': height 600830.707681 m, matrix 600830.707681 m, up 0.000 mm, across 0.000 mm
[RockPrecisionFixDiag]     holder 'boulder': built, height 600830.707681 m, matrix 600830.717456 m, up +9.775 mm, across 29.682 mm
[RockPrecisionFixDiag]     holder 'cactus': built, height 600830.707681 m, matrix 600830.717456 m, up +9.775 mm, across 29.682 mm
[RockPrecisionFixDiag]   quad 'Kerbin Xn0131000331': height 600865.116385 m, matrix 600865.116385 m, up 0.000 mm, across 0.000 mm
[RockPrecisionFixDiag]     holder 'boulder': built, height 600865.116385 m, matrix 600865.185267 m, up +68.881 mm, across 11.756 mm
[RockPrecisionFixDiag]     holder 'cactus': built, height 600865.116385 m, matrix 600865.185267 m, up +68.881 mm, across 11.756 mm
[RockPrecisionFixDiag]   quad 'Kerbin Xn0131000333': height 600808.241187 m, matrix 600808.241187 m, up 0.000 mm, across 0.000 mm
[RockPrecisionFixDiag]     holder 'boulder': built, height 600808.241187 m, matrix 600808.251001 m, up +9.814 mm, across 29.669 mm
[RockPrecisionFixDiag]     holder 'cactus': built, height 600808.241187 m, matrix 600808.251001 m, up +9.814 mm, across 29.669 mm
[RockPrecisionFixDiag]   quad 'Kerbin Xn0131001200': height 600904.290944 m, matrix 600904.290944 m, up 0.000 mm, across 0.000 mm
[RockPrecisionFixDiag]     holder 'boulder': built, height 600904.290944 m, matrix 600904.290944 m, up 0.000 mm, across 0.000 mm
[RockPrecisionFixDiag]     holder 'cactus': built, height 600904.290944 m, matrix 600904.290944 m, up 0.000 mm, across 0.000 mm
[RockPrecisionFixDiag]   quad 'Kerbin Xn0131001201': height 601005.196394 m, matrix 601005.196394 m, up 0.000 mm, across 0.000 mm
[RockPrecisionFixDiag]     holder 'boulder': built, height 601005.196394 m, matrix 601005.196394 m, up 0.000 mm, across 0.000 mm
[RockPrecisionFixDiag]     holder 'cactus': built, height 601005.196394 m, matrix 601005.196394 m, up 0.000 mm, across 0.000 mm
[RockPrecisionFixDiag]   quad 'Kerbin Xn0131001202': height 600926.875581 m, matrix 600926.875581 m, up 0.000 mm, across 0.000 mm
[RockPrecisionFixDiag]     holder 'boulder': built, height 600926.875581 m, matrix 600926.875581 m, up 0.000 mm, across 0.000 mm
[RockPrecisionFixDiag]     holder 'cactus': built, height 600926.875581 m, matrix 600926.875581 m, up 0.000 mm, across 0.000 mm
[RockPrecisionFixDiag]   quad 'Kerbin Xn0131001203': height 600985.043730 m, matrix 600985.043730 m, up 0.000 mm, across 0.000 mm
[RockPrecisionFixDiag]     holder 'boulder': built, height 600985.043730 m, matrix 600985.053472 m, up +9.742 mm, across 29.693 mm
[RockPrecisionFixDiag]     holder 'cactus': built, height 600985.043730 m, matrix 600985.053472 m, up +9.742 mm, across 29.693 mm
[RockPrecisionFixDiag]   quad 'Kerbin Xn0131001220': height 600872.429689 m, matrix 600872.429689 m, up 0.000 mm, across 0.000 mm
[RockPrecisionFixDiag]     holder 'boulder': built, height 600872.429689 m, matrix 600872.419911 m, up -9.778 mm, across 29.681 mm
[RockPrecisionFixDiag]     holder 'cactus': built, height 600872.429689 m, matrix 600872.419911 m, up -9.778 mm, across 29.681 mm
[RockPrecisionFixDiag]   quad 'Kerbin Xn0131001221': height 600920.661052 m, matrix 600920.661052 m, up 0.000 mm, across 0.000 mm
[RockPrecisionFixDiag]     holder 'boulder': built, height 600920.661052 m, matrix 600920.601931 m, up -59.121 mm, across 20.273 mm
[RockPrecisionFixDiag]     holder 'cactus': built, height 600920.661052 m, matrix 600920.601931 m, up -59.121 mm, across 20.273 mm
[RockPrecisionFixDiag]   quad 'Kerbin Xn0131001222': height 600792.093575 m, matrix 600792.093575 m, up 0.000 mm, across 0.000 mm
[RockPrecisionFixDiag]     holder 'boulder': built, height 600792.093575 m, matrix 600792.103390 m, up +9.815 mm, across 29.669 mm
[RockPrecisionFixDiag]     holder 'cactus': built, height 600792.093575 m, matrix 600792.103390 m, up +9.815 mm, across 29.669 mm
[RockPrecisionFixDiag]   quad 'Kerbin Xn0131001223': height 600819.839278 m, matrix 600819.839278 m, up 0.000 mm, across 0.000 mm
[RockPrecisionFixDiag]     holder 'boulder': built, height 600819.839278 m, matrix 600819.839278 m, up 0.000 mm, across 0.000 mm
[RockPrecisionFixDiag]     holder 'cactus': built, height 600819.839278 m, matrix 600819.839278 m, up 0.000 mm, across 0.000 mm
[RockPrecisionFixDiag]   quad 'Kerbin Xn0112333320': height 601279.077107 m, matrix 601279.077107 m, up 0.000 mm, across 0.000 mm
[RockPrecisionFixDiag]     holder 'boulder': built, height 601279.077107 m, matrix 601279.086571 m, up +9.464 mm, across 29.782 mm
[RockPrecisionFixDiag]     holder 'cactus': built, height 601279.077107 m, matrix 601279.086571 m, up +9.464 mm, across 29.782 mm
[RockPrecisionFixDiag]   quad 'Kerbin Xn0112333321': height 601223.892028 m, matrix 601223.892028 m, up 0.000 mm, across 0.000 mm
[RockPrecisionFixDiag]     holder 'boulder': built, height 601223.892028 m, matrix 601223.832814 m, up -59.214 mm, across 20.000 mm
[RockPrecisionFixDiag]     holder 'cactus': built, height 601223.892028 m, matrix 601223.832814 m, up -59.214 mm, across 20.000 mm
[RockPrecisionFixDiag]   quad 'Kerbin Xn0112333322': height 601135.777487 m, matrix 601135.777487 m, up 0.000 mm, across 0.000 mm
[RockPrecisionFixDiag]     holder 'boulder': built, height 601135.777487 m, matrix 601135.786988 m, up +9.501 mm, across 29.771 mm
[RockPrecisionFixDiag]     holder 'cactus': built, height 601135.777487 m, matrix 601135.786988 m, up +9.501 mm, across 29.771 mm
[RockPrecisionFixDiag]   quad 'Kerbin Xn0112333323': height 601127.179535 m, matrix 601127.179535 m, up 0.000 mm, across 0.000 mm
[RockPrecisionFixDiag]     holder 'boulder': built, height 601127.179535 m, matrix 601127.189038 m, up +9.503 mm, across 29.770 mm
[RockPrecisionFixDiag]     holder 'cactus': built, height 601127.179535 m, matrix 601127.189038 m, up +9.503 mm, across 29.770 mm
[RockPrecisionFixDiag]   quad 'Kerbin Xn0112333330': height 601167.942681 m, matrix 601167.942681 m, up 0.000 mm, across 0.000 mm
[RockPrecisionFixDiag]     holder 'boulder': built, height 601167.942681 m, matrix 601167.942681 m, up 0.000 mm, across 0.000 mm
[RockPrecisionFixDiag]     holder 'cactus': built, height 601167.942681 m, matrix 601167.942681 m, up 0.000 mm, across 0.000 mm
[RockPrecisionFixDiag]   quad 'Kerbin Xn0112333331': height 601185.768401 m, matrix 601185.768401 m, up 0.000 mm, across 0.000 mm
[RockPrecisionFixDiag]     holder 'boulder': built, height 601185.768401 m, matrix 601185.777870 m, up +9.469 mm, across 29.781 mm
[RockPrecisionFixDiag]     holder 'cactus': built, height 601185.768401 m, matrix 601185.777870 m, up +9.469 mm, across 29.781 mm
[RockPrecisionFixDiag]   quad 'Kerbin Xn0112333332': height 601097.686320 m, matrix 601097.686320 m, up 0.000 mm, across 0.000 mm
[RockPrecisionFixDiag]     holder 'boulder': built, height 601097.686320 m, matrix 601097.695824 m, up +9.504 mm, across 29.770 mm
[RockPrecisionFixDiag]     holder 'cactus': built, height 601097.686320 m, matrix 601097.695824 m, up +9.504 mm, across 29.770 mm
[RockPrecisionFixDiag]   quad 'Kerbin Xn0112333333': height 601089.005068 m, matrix 601089.005068 m, up 0.000 mm, across 0.000 mm
[RockPrecisionFixDiag]     holder 'boulder': built, height 601089.005068 m, matrix 601089.005068 m, up 0.000 mm, across 0.000 mm
[RockPrecisionFixDiag]     holder 'cactus': built, height 601089.005068 m, matrix 601089.005068 m, up 0.000 mm, across 0.000 mm
[RockPrecisionFixDiag]   quad 'Kerbin Xn0113222200': height 601585.445564 m, matrix 601585.445564 m, up 0.000 mm, across 0.000 mm
[RockPrecisionFixDiag]     holder 'boulder': built, height 601585.445564 m, matrix 601585.495457 m, up +49.893 mm, across 48.924 mm
[RockPrecisionFixDiag]     holder 'cactus': built, height 601585.445564 m, matrix 601585.495457 m, up +49.893 mm, across 48.924 mm
[RockPrecisionFixDiag]   quad 'Kerbin Xn0113222201': height 601546.771090 m, matrix 601546.771090 m, up 0.000 mm, across 0.000 mm
[RockPrecisionFixDiag]     holder 'boulder': built, height 601546.771090 m, matrix 601546.761692 m, up -9.398 mm, across 29.803 mm
[RockPrecisionFixDiag]     holder 'cactus': built, height 601546.771090 m, matrix 601546.761692 m, up -9.398 mm, across 29.803 mm
[RockPrecisionFixDiag]   quad 'Kerbin Xn0113222202': height 601968.090373 m, matrix 601968.090373 m, up 0.000 mm, across 0.000 mm
[RockPrecisionFixDiag]     holder 'boulder': built, height 601968.090373 m, matrix 601968.099806 m, up +9.433 mm, across 29.792 mm
[RockPrecisionFixDiag]     holder 'cactus': built, height 601968.090373 m, matrix 601968.099806 m, up +9.433 mm, across 29.792 mm
[RockPrecisionFixDiag]   quad 'Kerbin Xn0113222203': height 601861.540521 m, matrix 601861.540521 m, up 0.000 mm, across 0.000 mm
[RockPrecisionFixDiag]     holder 'boulder': built, height 601861.540521 m, matrix 601861.540521 m, up 0.000 mm, across 0.000 mm
[RockPrecisionFixDiag]     holder 'cactus': built, height 601861.540521 m, matrix 601861.540521 m, up 0.000 mm, across 0.000 mm
[RockPrecisionFixDiag]   quad 'Kerbin Xn0113222210': height 601456.813233 m, matrix 601456.813233 m, up 0.000 mm, across 0.000 mm
[RockPrecisionFixDiag]     holder 'boulder': built, height 601456.813233 m, matrix 601456.822632 m, up +9.399 mm, across 29.803 mm
[RockPrecisionFixDiag]     holder 'cactus': built, height 601456.813233 m, matrix 601456.822632 m, up +9.399 mm, across 29.803 mm
[RockPrecisionFixDiag]   quad 'Kerbin Xn0113222211': height 601803.415521 m, matrix 601803.415521 m, up 0.000 mm, across 0.000 mm
[RockPrecisionFixDiag]     holder 'boulder': built, height 601803.415521 m, matrix 601803.406120 m, up -9.401 mm, across 29.802 mm
[RockPrecisionFixDiag]     holder 'cactus': built, height 601803.415521 m, matrix 601803.406120 m, up -9.401 mm, across 29.802 mm
[RockPrecisionFixDiag]   quad 'Kerbin Xn0113222222': height 601107.457608 m, matrix 601107.457608 m, up 0.000 mm, across 0.000 mm
[RockPrecisionFixDiag]     holder 'boulder': built, height 601107.457608 m, matrix 601107.467115 m, up +9.507 mm, across 29.769 mm
[RockPrecisionFixDiag]     holder 'cactus': built, height 601107.457608 m, matrix 601107.467115 m, up +9.507 mm, across 29.769 mm
[RockPrecisionFixDiag]   quad 'Kerbin Xn0113222223': height 601071.771469 m, matrix 601071.771469 m, up 0.000 mm, across 0.000 mm
[RockPrecisionFixDiag]     holder 'boulder': built, height 601071.771469 m, matrix 601071.771469 m, up 0.000 mm, across 0.000 mm
[RockPrecisionFixDiag]     holder 'cactus': built, height 601071.771469 m, matrix 601071.771469 m, up 0.000 mm, across 0.000 mm
[RockPrecisionFixDiag]   quad 'Kerbin Xn0113222230': height 601758.643720 m, matrix 601758.643720 m, up 0.000 mm, across 0.000 mm
[RockPrecisionFixDiag]     holder 'boulder': built, height 601758.643720 m, matrix 601758.643720 m, up 0.000 mm, across 0.000 mm
[RockPrecisionFixDiag]     holder 'cactus': built, height 601758.643720 m, matrix 601758.643720 m, up 0.000 mm, across 0.000 mm
[RockPrecisionFixDiag]   quad 'Kerbin Xn0113222321': height 601162.312457 m, matrix 601162.312457 m, up 0.000 mm, across 0.000 mm
[RockPrecisionFixDiag]     holder 'boulder': built, height 601162.312457 m, matrix 601162.312457 m, up 0.000 mm, across 0.000 mm
[RockPrecisionFixDiag]     holder 'cactus': built, height 601162.312457 m, matrix 601162.312457 m, up 0.000 mm, across 0.000 mm
[RockPrecisionFixDiag]   quad 'Kerbin Xn0113222323': height 601112.570017 m, matrix 601112.570017 m, up 0.000 mm, across 0.000 mm
[RockPrecisionFixDiag]     holder 'boulder': built, height 601112.570017 m, matrix 601112.570017 m, up 0.000 mm, across 0.000 mm
[RockPrecisionFixDiag]     holder 'cactus': built, height 601112.570017 m, matrix 601112.570017 m, up 0.000 mm, across 0.000 mm
[RockPrecisionFixDiag]   quad 'Kerbin Xn0130111010': height 601192.120770 m, matrix 601192.120770 m, up 0.000 mm, across 0.000 mm
[RockPrecisionFixDiag]     holder 'boulder': built, height 601192.120770 m, matrix 601192.130304 m, up +9.535 mm, across 29.760 mm
[RockPrecisionFixDiag]     holder 'cactus': built, height 601192.120770 m, matrix 601192.130304 m, up +9.535 mm, across 29.760 mm
[RockPrecisionFixDiag]   quad 'Kerbin Xn0130111011': height 601059.497781 m, matrix 601059.497781 m, up 0.000 mm, across 0.000 mm
[RockPrecisionFixDiag]     holder 'boulder': built, height 601059.497781 m, matrix 601059.497781 m, up 0.000 mm, across 0.000 mm
[RockPrecisionFixDiag]     holder 'cactus': built, height 601059.497781 m, matrix 601059.497781 m, up 0.000 mm, across 0.000 mm
[RockPrecisionFixDiag]   quad 'Kerbin Xn0130111012': height 601133.470353 m, matrix 601133.470353 m, up 0.000 mm, across 0.000 mm
[RockPrecisionFixDiag]     holder 'boulder': built, height 601133.470353 m, matrix 601133.460781 m, up -9.572 mm, across 29.748 mm
[RockPrecisionFixDiag]     holder 'cactus': built, height 601133.470353 m, matrix 601133.460781 m, up -9.572 mm, across 29.748 mm
[RockPrecisionFixDiag]   quad 'Kerbin Xn0130111013': height 600985.713936 m, matrix 600985.713936 m, up 0.000 mm, across 0.000 mm
[RockPrecisionFixDiag]     holder 'boulder': built, height 600985.713936 m, matrix 600985.645242 m, up -68.694 mm, across 12.803 mm
[RockPrecisionFixDiag]     holder 'cactus': built, height 600985.713936 m, matrix 600985.645242 m, up -68.694 mm, across 12.803 mm
[RockPrecisionFixDiag]   quad 'Kerbin Xn0130111100': height 601026.445153 m, matrix 601026.445153 m, up 0.000 mm, across 0.000 mm
[RockPrecisionFixDiag]     holder 'boulder': built, height 601026.445153 m, matrix 601026.454691 m, up +9.538 mm, across 29.759 mm
[RockPrecisionFixDiag]     holder 'cactus': built, height 601026.445153 m, matrix 601026.454691 m, up +9.538 mm, across 29.759 mm
[RockPrecisionFixDiag]   quad 'Kerbin Xn0130111101': height 600993.296847 m, matrix 600993.296847 m, up 0.000 mm, across 0.000 mm
[RockPrecisionFixDiag]     holder 'boulder': built, height 600993.296847 m, matrix 600993.296847 m, up 0.000 mm, across 0.000 mm
[RockPrecisionFixDiag]     holder 'cactus': built, height 600993.296847 m, matrix 600993.296847 m, up 0.000 mm, across 0.000 mm
[RockPrecisionFixDiag]   quad 'Kerbin Xn0130111102': height 600918.558500 m, matrix 600918.558500 m, up 0.000 mm, across 0.000 mm
[RockPrecisionFixDiag]     holder 'boulder': built, height 600918.558500 m, matrix 600918.558500 m, up 0.000 mm, across 0.000 mm
[RockPrecisionFixDiag]     holder 'cactus': built, height 600918.558500 m, matrix 600918.558500 m, up 0.000 mm, across 0.000 mm
[RockPrecisionFixDiag]   quad 'Kerbin Xn0130111103': height 600866.453809 m, matrix 600866.453809 m, up 0.000 mm, across 0.000 mm
[RockPrecisionFixDiag]     holder 'boulder': built, height 600866.453809 m, matrix 600866.512950 m, up +59.140 mm, across 20.216 mm
[RockPrecisionFixDiag]     holder 'cactus': built, height 600866.453809 m, matrix 600866.512950 m, up +59.140 mm, across 20.216 mm
[RockPrecisionFixDiag]   quad 'Kerbin Xn0130111110': height 600977.946174 m, matrix 600977.946174 m, up 0.000 mm, across 0.000 mm
[RockPrecisionFixDiag]     holder 'boulder': built, height 600977.946174 m, matrix 600977.936633 m, up -9.541 mm, across 29.758 mm
[RockPrecisionFixDiag]     holder 'cactus': built, height 600977.946174 m, matrix 600977.936633 m, up -9.541 mm, across 29.758 mm
[RockPrecisionFixDiag]   quad 'Kerbin Xn0130111111': height 600977.785975 m, matrix 600977.785975 m, up 0.000 mm, across 0.000 mm
[RockPrecisionFixDiag]     holder 'boulder': built, height 600977.785975 m, matrix 600977.835616 m, up +49.641 mm, across 49.179 mm
[RockPrecisionFixDiag]     holder 'cactus': built, height 600977.785975 m, matrix 600977.835616 m, up +49.641 mm, across 49.179 mm
[RockPrecisionFixDiag]   quad 'Kerbin Xn0130111112': height 600873.282729 m, matrix 600873.282729 m, up 0.000 mm, across 0.000 mm
[RockPrecisionFixDiag]     holder 'boulder': built, height 600873.282729 m, matrix 600873.341879 m, up +59.150 mm, across 20.188 mm
[RockPrecisionFixDiag]     holder 'cactus': built, height 600873.282729 m, matrix 600873.341879 m, up +59.150 mm, across 20.188 mm
[RockPrecisionFixDiag]   quad 'Kerbin Xn0130111113': height 600899.136123 m, matrix 600899.136123 m, up 0.000 mm, across 0.000 mm
[RockPrecisionFixDiag]     holder 'boulder': built, height 600899.136123 m, matrix 600899.145702 m, up +9.579 mm, across 29.746 mm
[RockPrecisionFixDiag]     holder 'cactus': built, height 600899.136123 m, matrix 600899.145702 m, up +9.579 mm, across 29.746 mm
[RockPrecisionFixDiag]   quad 'Kerbin Xn0130111120': height 600854.820096 m, matrix 600854.820096 m, up 0.000 mm, across 0.000 mm
[RockPrecisionFixDiag]     holder 'boulder': built, height 600854.820096 m, matrix 600854.869590 m, up +49.494 mm, across 49.327 mm
[RockPrecisionFixDiag]     holder 'cactus': built, height 600854.820096 m, matrix 600854.869590 m, up +49.494 mm, across 49.327 mm
[RockPrecisionFixDiag]   quad 'Kerbin Xn0130111121': height 600808.556237 m, matrix 600808.556237 m, up 0.000 mm, across 0.000 mm
[RockPrecisionFixDiag]     holder 'boulder': built, height 600808.556237 m, matrix 600808.615353 m, up +59.116 mm, across 20.288 mm
[RockPrecisionFixDiag]     holder 'cactus': built, height 600808.556237 m, matrix 600808.615353 m, up +59.116 mm, across 20.288 mm
[RockPrecisionFixDiag]   quad 'Kerbin Xn0130111123': height 600834.863615 m, matrix 600834.863615 m, up 0.000 mm, across 0.000 mm
[RockPrecisionFixDiag]     holder 'boulder': built, height 600834.863615 m, matrix 600834.863615 m, up 0.000 mm, across 0.000 mm
[RockPrecisionFixDiag]     holder 'cactus': built, height 600834.863615 m, matrix 600834.863615 m, up 0.000 mm, across 0.000 mm
[RockPrecisionFixDiag]   quad 'Kerbin Xn0130111130': height 600812.747153 m, matrix 600812.747153 m, up 0.000 mm, across 0.000 mm
[RockPrecisionFixDiag]     holder 'boulder': built, height 600812.747153 m, matrix 600812.737538 m, up -9.615 mm, across 29.734 mm
[RockPrecisionFixDiag]     holder 'cactus': built, height 600812.747153 m, matrix 600812.737538 m, up -9.615 mm, across 29.734 mm
[RockPrecisionFixDiag]   quad 'Kerbin Xn0130111131': height 600852.698307 m, matrix 600852.698307 m, up 0.000 mm, across 0.000 mm
[RockPrecisionFixDiag]     holder 'boulder': built, height 600852.698307 m, matrix 600852.767058 m, up +68.751 mm, across 12.495 mm
[RockPrecisionFixDiag]     holder 'cactus': built, height 600852.698307 m, matrix 600852.767058 m, up +68.751 mm, across 12.495 mm
[RockPrecisionFixDiag]   quad 'Kerbin Xn0130111132': height 600833.955344 m, matrix 600833.955344 m, up 0.000 mm, across 0.000 mm
[RockPrecisionFixDiag]     holder 'boulder': built, height 600833.955344 m, matrix 600833.886591 m, up -68.752 mm, across 12.487 mm
[RockPrecisionFixDiag]     holder 'cactus': built, height 600833.955344 m, matrix 600833.886591 m, up -68.752 mm, across 12.487 mm
[RockPrecisionFixDiag]   quad 'Kerbin Xn0130111133': height 600848.989758 m, matrix 600848.989758 m, up 0.000 mm, across 0.000 mm
[RockPrecisionFixDiag]     holder 'boulder': built, height 600848.989758 m, matrix 600848.999411 m, up +9.654 mm, across 29.722 mm
[RockPrecisionFixDiag]     holder 'cactus': built, height 600848.989758 m, matrix 600848.999411 m, up +9.654 mm, across 29.722 mm
[RockPrecisionFixDiag]   quad 'Kerbin Xn0130111310': height 600878.003226 m, matrix 600878.003226 m, up 0.000 mm, across 0.000 mm
[RockPrecisionFixDiag]     holder 'boulder': built, height 600878.003226 m, matrix 600877.944151 m, up -59.075 mm, across 20.405 mm
[RockPrecisionFixDiag]     holder 'cactus': built, height 600878.003226 m, matrix 600877.944151 m, up -59.075 mm, across 20.405 mm
[RockPrecisionFixDiag]   quad 'Kerbin Xn0130111311': height 600902.907706 m, matrix 600902.907706 m, up 0.000 mm, across 0.000 mm
[RockPrecisionFixDiag]     holder 'boulder': built, height 600902.907706 m, matrix 600902.976481 m, up +68.775 mm, across 12.359 mm
[RockPrecisionFixDiag]     holder 'cactus': built, height 600902.907706 m, matrix 600902.976481 m, up +68.775 mm, across 12.359 mm
[RockPrecisionFixDiag]   quad 'Kerbin Xn0130111313': height 600855.624954 m, matrix 600855.624954 m, up 0.000 mm, across 0.000 mm
[RockPrecisionFixDiag]     holder 'boulder': built, height 600855.624954 m, matrix 600855.556166 m, up -68.788 mm, across 12.292 mm
[RockPrecisionFixDiag]     holder 'cactus': built, height 600855.624954 m, matrix 600855.556166 m, up -68.788 mm, across 12.292 mm
[RockPrecisionFixDiag]   quad 'Kerbin Xn0131000000': height 600989.184962 m, matrix 600989.184962 m, up 0.000 mm, across 0.000 mm
[RockPrecisionFixDiag]     holder 'boulder': built, height 600989.184962 m, matrix 600989.184962 m, up 0.000 mm, across 0.000 mm
[RockPrecisionFixDiag]     holder 'cactus': built, height 600989.184962 m, matrix 600989.184962 m, up 0.000 mm, across 0.000 mm
[RockPrecisionFixDiag]   quad 'Kerbin Xn0131000001': height 600935.830235 m, matrix 600935.830235 m, up 0.000 mm, across 0.000 mm
[RockPrecisionFixDiag]     holder 'boulder': built, height 600935.830235 m, matrix 600935.820689 m, up -9.545 mm, across 29.756 mm
[RockPrecisionFixDiag]     holder 'cactus': built, height 600935.830235 m, matrix 600935.820689 m, up -9.545 mm, across 29.756 mm
[RockPrecisionFixDiag]   quad 'Kerbin Xn0131000322': height 600737.425865 m, matrix 600737.425865 m, up 0.000 mm, across 0.000 mm
[RockPrecisionFixDiag]     holder 'cactus': built, height 600737.425865 m, matrix 600737.425865 m, up 0.000 mm, across 0.000 mm
[RockPrecisionFixDiag]   quad 'Kerbin Xn0131000323': height 600701.898811 m, matrix 600701.898811 m, up 0.000 mm, across 0.000 mm
[RockPrecisionFixDiag]     holder 'cactus': built, height 600701.898811 m, matrix 600701.889000 m, up -9.811 mm, across 29.670 mm
[RockPrecisionFixDiag]   quad 'Kerbin Xn0131000332': height 600783.376251 m, matrix 600783.376251 m, up 0.000 mm, across 0.000 mm
[RockPrecisionFixDiag]     holder 'cactus': built, height 600783.376251 m, matrix 600783.386064 m, up +9.813 mm, across 29.669 mm
[RockPrecisionFixDiag]   quad 'Kerbin Xn0131002000': height 600670.647142 m, matrix 600670.647142 m, up 0.000 mm, across 0.000 mm
[RockPrecisionFixDiag]     holder 'cactus': built, height 600670.647142 m, matrix 600670.647142 m, up 0.000 mm, across 0.000 mm
[RockPrecisionFixDiag]   quad 'Kerbin Xn0131002001': height 600712.097234 m, matrix 600712.097234 m, up 0.000 mm, across 0.000 mm
[RockPrecisionFixDiag]     holder 'cactus': built, height 600712.097234 m, matrix 600712.038232 m, up -59.002 mm, across 20.616 mm
[RockPrecisionFixDiag]   quad 'Kerbin Xn0131002002': height 600621.528919 m, matrix 600621.528919 m, up 0.000 mm, across 0.000 mm
[RockPrecisionFixDiag]     holder 'cactus': built, height 600621.528919 m, matrix 600621.528919 m, up 0.000 mm, across 0.000 mm
[RockPrecisionFixDiag]   quad 'Kerbin Xn0131002003': height 600611.215570 m, matrix 600611.215570 m, up 0.000 mm, across 0.000 mm
[RockPrecisionFixDiag]     holder 'cactus': built, height 600611.215570 m, matrix 600611.205690 m, up -9.880 mm, across 29.647 mm
[RockPrecisionFixDiag]   quad 'Kerbin Xn0131002010': height 600756.701348 m, matrix 600756.701348 m, up 0.000 mm, across 0.000 mm
[RockPrecisionFixDiag]     holder 'cactus': built, height 600756.701348 m, matrix 600756.701348 m, up 0.000 mm, across 0.000 mm
[RockPrecisionFixDiag]   quad 'Kerbin Xn0131002011': height 600687.683128 m, matrix 600687.683128 m, up 0.000 mm, across 0.000 mm
[RockPrecisionFixDiag]     holder 'cactus': built, height 600687.683128 m, matrix 600687.683128 m, up 0.000 mm, across 0.000 mm
[RockPrecisionFixDiag]   quad 'Kerbin Xn0131002012': height 600662.462287 m, matrix 600662.462287 m, up 0.000 mm, across 0.000 mm
[RockPrecisionFixDiag]     holder 'cactus': built, height 600662.462287 m, matrix 600662.462287 m, up 0.000 mm, across 0.000 mm
[RockPrecisionFixDiag]   quad 'Kerbin Xn0131002013': height 600650.248804 m, matrix 600650.248804 m, up 0.000 mm, across 0.000 mm
[RockPrecisionFixDiag]     holder 'cactus': built, height 600650.248804 m, matrix 600650.238921 m, up -9.883 mm, across 29.646 mm
[RockPrecisionFixDiag]   quad 'Kerbin Xn0131002021': height 600590.007611 m, matrix 600590.007611 m, up 0.000 mm, across 0.000 mm
[RockPrecisionFixDiag]     holder 'cactus': built, height 600590.007611 m, matrix 600590.066562 m, up +58.951 mm, across 20.762 mm
[RockPrecisionFixDiag]   quad 'Kerbin Xn0131002023': height 600609.946590 m, matrix 600609.946590 m, up 0.000 mm, across 0.000 mm
[RockPrecisionFixDiag]     holder 'cactus': built, height 600609.946590 m, matrix 600609.946590 m, up 0.000 mm, across 0.000 mm
[RockPrecisionFixDiag]   quad 'Kerbin Xn0131002030': height 600637.575954 m, matrix 600637.575954 m, up 0.000 mm, across 0.000 mm
[RockPrecisionFixDiag]     holder 'cactus': built, height 600637.575954 m, matrix 600637.585873 m, up +9.919 mm, across 29.634 mm
[RockPrecisionFixDiag]   quad 'Kerbin Xn0131002031': height 600636.223303 m, matrix 600636.223303 m, up 0.000 mm, across 0.000 mm
[RockPrecisionFixDiag]     holder 'cactus': built, height 600636.223303 m, matrix 600636.223303 m, up 0.000 mm, across 0.000 mm
[RockPrecisionFixDiag]   quad 'Kerbin Xn0131002032': height 600621.144009 m, matrix 600621.144009 m, up 0.000 mm, across 0.000 mm
[RockPrecisionFixDiag]     holder 'cactus': built, height 600621.144009 m, matrix 600621.144009 m, up 0.000 mm, across 0.000 mm
[RockPrecisionFixDiag]   quad 'Kerbin Xn0131002033': height 600629.611236 m, matrix 600629.611236 m, up 0.000 mm, across 0.000 mm
[RockPrecisionFixDiag]     holder 'cactus': built, height 600629.611236 m, matrix 600629.621194 m, up +9.958 mm, across 29.621 mm
[RockPrecisionFixDiag]   quad 'Kerbin Xn0131002100': height 600661.739908 m, matrix 600661.739908 m, up 0.000 mm, across 0.000 mm
[RockPrecisionFixDiag]     holder 'cactus': built, height 600661.739908 m, matrix 600661.739908 m, up 0.000 mm, across 0.000 mm
[RockPrecisionFixDiag]   quad 'Kerbin Xn0131002101': height 600671.013447 m, matrix 600671.013447 m, up 0.000 mm, across 0.000 mm
[RockPrecisionFixDiag]     holder 'cactus': built, height 600671.013447 m, matrix 600671.003598 m, up -9.849 mm, across 29.658 mm
[RockPrecisionFixDiag]   quad 'Kerbin Xn0131002102': height 600604.391496 m, matrix 600604.391496 m, up 0.000 mm, across 0.000 mm
[RockPrecisionFixDiag]     holder 'cactus': built, height 600604.391496 m, matrix 600604.391496 m, up 0.000 mm, across 0.000 mm
[RockPrecisionFixDiag]   quad 'Kerbin Xn0131002103': height 600659.411808 m, matrix 600659.411808 m, up 0.000 mm, across 0.000 mm
[RockPrecisionFixDiag]     holder 'cactus': built, height 600659.411808 m, matrix 600659.411808 m, up 0.000 mm, across 0.000 mm
[RockPrecisionFixDiag]   quad 'Kerbin Xn0131002110': height 600719.196463 m, matrix 600719.196463 m, up 0.000 mm, across 0.000 mm
[RockPrecisionFixDiag]     holder 'cactus': built, height 600719.196463 m, matrix 600719.206313 m, up +9.850 mm, across 29.657 mm
[RockPrecisionFixDiag]   quad 'Kerbin Xn0131002111': height 600790.545653 m, matrix 600790.545653 m, up 0.000 mm, across 0.000 mm
[RockPrecisionFixDiag]     holder 'cactus': built, height 600790.545653 m, matrix 600790.545653 m, up 0.000 mm, across 0.000 mm
[RockPrecisionFixDiag]   quad 'Kerbin Xn0131002112': height 600682.488679 m, matrix 600682.488679 m, up 0.000 mm, across 0.000 mm
[RockPrecisionFixDiag]     holder 'cactus': built, height 600682.488679 m, matrix 600682.498566 m, up +9.887 mm, across 29.645 mm
[RockPrecisionFixDiag]   quad 'Kerbin Xn0131002113': height 600718.934518 m, matrix 600718.934518 m, up 0.000 mm, across 0.000 mm
[RockPrecisionFixDiag]     holder 'cactus': built, height 600718.934518 m, matrix 600718.924630 m, up -9.889 mm, across 29.644 mm
[RockPrecisionFixDiag]   quad 'Kerbin Xn0131002120': height 600620.284305 m, matrix 600620.284305 m, up 0.000 mm, across 0.000 mm
[RockPrecisionFixDiag]     holder 'cactus': built, height 600620.284305 m, matrix 600620.294227 m, up +9.922 mm, across 29.633 mm
[RockPrecisionFixDiag]   quad 'Kerbin Xn0131002121': height 600643.291246 m, matrix 600643.291246 m, up 0.000 mm, across 0.000 mm
[RockPrecisionFixDiag]     holder 'cactus': built, height 600643.291246 m, matrix 600643.291246 m, up 0.000 mm, across 0.000 mm
[RockPrecisionFixDiag]   quad 'Kerbin Xn0131002122': height 600657.351598 m, matrix 600657.351598 m, up 0.000 mm, across 0.000 mm
[RockPrecisionFixDiag]     holder 'cactus': built, height 600657.351598 m, matrix 600657.351598 m, up 0.000 mm, across 0.000 mm
[RockPrecisionFixDiag]   quad 'Kerbin Xn0131002123': height 600679.245582 m, matrix 600679.245582 m, up 0.000 mm, across 0.000 mm
[RockPrecisionFixDiag]     holder 'cactus': built, height 600679.245582 m, matrix 600679.235621 m, up -9.961 mm, across 29.620 mm
[RockPrecisionFixDiag]   quad 'Kerbin Xn0131002130': height 600686.465904 m, matrix 600686.465904 m, up 0.000 mm, across 0.000 mm
[RockPrecisionFixDiag]     holder 'cactus': built, height 600686.465904 m, matrix 600686.465904 m, up 0.000 mm, across 0.000 mm
[RockPrecisionFixDiag]   quad 'Kerbin Xn0131002131': height 600686.185727 m, matrix 600686.185727 m, up 0.000 mm, across 0.000 mm
[RockPrecisionFixDiag]     holder 'cactus': built, height 600686.185727 m, matrix 600686.185727 m, up 0.000 mm, across 0.000 mm
[RockPrecisionFixDiag]   quad 'Kerbin Xn0131002132': height 600686.208528 m, matrix 600686.208528 m, up 0.000 mm, across 0.000 mm
[RockPrecisionFixDiag]     holder 'cactus': built, height 600686.208528 m, matrix 600686.267496 m, up +58.969 mm, across 20.711 mm
[RockPrecisionFixDiag]   quad 'Kerbin Xn0131002133': height 600660.021487 m, matrix 600660.021487 m, up 0.000 mm, across 0.000 mm
[RockPrecisionFixDiag]     holder 'cactus': built, height 600660.021487 m, matrix 600659.972474 m, up -49.013 mm, across 49.805 mm
[RockPrecisionFixDiag]   quad 'Kerbin Xn0131002201': height 600607.674832 m, matrix 600607.674832 m, up 0.000 mm, across 0.000 mm
[RockPrecisionFixDiag]     holder 'cactus': built, height 600607.674832 m, matrix 600607.684824 m, up +9.993 mm, across 29.609 mm
[RockPrecisionFixDiag]   quad 'Kerbin Xn0131002203': height 600568.613995 m, matrix 600568.613995 m, up 0.000 mm, across 0.000 mm
[RockPrecisionFixDiag]     holder 'cactus': built, height 600568.613995 m, matrix 600568.613995 m, up 0.000 mm, across 0.000 mm
[RockPrecisionFixDiag]   quad 'Kerbin Xn0131002210': height 600616.118629 m, matrix 600616.118629 m, up 0.000 mm, across 0.000 mm
[RockPrecisionFixDiag]     holder 'cactus': built, height 600616.118629 m, matrix 600616.118629 m, up 0.000 mm, across 0.000 mm
[RockPrecisionFixDiag]   quad 'Kerbin Xn0131002211': height 600620.559768 m, matrix 600620.559768 m, up 0.000 mm, across 0.000 mm
[RockPrecisionFixDiag]     holder 'cactus': built, height 600620.559768 m, matrix 600620.608689 m, up +48.921 mm, across 49.895 mm
[RockPrecisionFixDiag]   quad 'Kerbin Xn0131002212': height 600599.618278 m, matrix 600599.618278 m, up 0.000 mm, across 0.000 mm
[RockPrecisionFixDiag]     holder 'cactus': built, height 600599.618278 m, matrix 600599.667128 m, up +48.850 mm, across 49.965 mm
[RockPrecisionFixDiag]   quad 'Kerbin Xn0131002213': height 600620.639111 m, matrix 600620.639111 m, up 0.000 mm, across 0.000 mm
[RockPrecisionFixDiag]     holder 'cactus': built, height 600620.639111 m, matrix 600620.649145 m, up +10.033 mm, across 29.596 mm
[RockPrecisionFixDiag]   quad 'Kerbin Xn0131002221': height 600523.750153 m, matrix 600523.750153 m, up 0.000 mm, across 0.000 mm
[RockPrecisionFixDiag]     holder 'cactus': built, height 600523.750153 m, matrix 600523.740085 m, up -10.068 mm, across 29.584 mm
[RockPrecisionFixDiag]   quad 'Kerbin Xn0131002223': height 600496.247837 m, matrix 600496.247837 m, up 0.000 mm, across 0.000 mm
[RockPrecisionFixDiag]     holder 'cactus': built, height 600496.247837 m, matrix 600496.247837 m, up 0.000 mm, across 0.000 mm
[RockPrecisionFixDiag]   quad 'Kerbin Xn0131002230': height 600552.245615 m, matrix 600552.245615 m, up 0.000 mm, across 0.000 mm
[RockPrecisionFixDiag]     holder 'cactus': built, height 600552.245615 m, matrix 600552.176690 m, up -68.925 mm, across 11.496 mm
[RockPrecisionFixDiag]   quad 'Kerbin Xn0131002231': height 600579.547301 m, matrix 600579.547301 m, up 0.000 mm, across 0.000 mm
[RockPrecisionFixDiag]     holder 'cactus': built, height 600579.547301 m, matrix 600579.537230 m, up -10.071 mm, across 29.583 mm
[RockPrecisionFixDiag]   quad 'Kerbin Xn0131002232': height 600510.505978 m, matrix 600510.505978 m, up 0.000 mm, across 0.000 mm
[RockPrecisionFixDiag]     holder 'cactus': built, height 600510.505978 m, matrix 600510.505978 m, up 0.000 mm, across 0.000 mm
[RockPrecisionFixDiag]   quad 'Kerbin Xn0131002233': height 600517.687876 m, matrix 600517.687876 m, up 0.000 mm, across 0.000 mm
[RockPrecisionFixDiag]     holder 'cactus': built, height 600517.687876 m, matrix 600517.687876 m, up 0.000 mm, across 0.000 mm
[RockPrecisionFixDiag]   quad 'Kerbin Xn0131002300': height 600645.329730 m, matrix 600645.329730 m, up 0.000 mm, across 0.000 mm
[RockPrecisionFixDiag]     holder 'cactus': built, height 600645.329730 m, matrix 600645.260807 m, up -68.923 mm, across 11.510 mm
[RockPrecisionFixDiag]   quad 'Kerbin Xn0131002301': height 600634.017031 m, matrix 600634.017031 m, up 0.000 mm, across 0.000 mm
[RockPrecisionFixDiag]     holder 'cactus': built, height 600634.017031 m, matrix 600634.027030 m, up +9.999 mm, across 29.607 mm
[RockPrecisionFixDiag]   quad 'Kerbin Xn0131002302': height 600596.480327 m, matrix 600596.480327 m, up 0.000 mm, across 0.000 mm
[RockPrecisionFixDiag]     holder 'cactus': built, height 600596.480327 m, matrix 600596.549261 m, up +68.934 mm, across 11.440 mm
[RockPrecisionFixDiag]   quad 'Kerbin Xn0131002303': height 600621.526530 m, matrix 600621.526530 m, up 0.000 mm, across 0.000 mm
[RockPrecisionFixDiag]     holder 'cactus': built, height 600621.526530 m, matrix 600621.536566 m, up +10.036 mm, across 29.595 mm
[RockPrecisionFixDiag]   quad 'Kerbin Xn0130111331': height 600738.938563 m, matrix 600738.938563 m, up 0.000 mm, across 0.000 mm
[RockPrecisionFixDiag]     holder 'cactus': built, height 600738.938563 m, matrix 600738.928798 m, up -9.765 mm, across 29.685 mm
[RockPrecisionFixDiag]   quad 'Kerbin Xn0131000222': height 600736.719084 m, matrix 600736.719084 m, up 0.000 mm, across 0.000 mm
[RockPrecisionFixDiag]     holder 'cactus': built, height 600736.719084 m, matrix 600736.669870 m, up -49.215 mm, across 49.606 mm
[RockPrecisionFixDiag]   quad 'Kerbin Xn0131000223': height 600738.913199 m, matrix 600738.913199 m, up 0.000 mm, across 0.000 mm
[RockPrecisionFixDiag]     holder 'cactus': built, height 600738.913199 m, matrix 600738.903393 m, up -9.805 mm, across 29.672 mm
[RockPrecisionFixDiag]   quad 'Kerbin Xn0131000233': height 600788.054845 m, matrix 600788.054845 m, up 0.000 mm, across 0.000 mm
[RockPrecisionFixDiag]     holder 'cactus': built, height 600788.054845 m, matrix 600788.054845 m, up 0.000 mm, across 0.000 mm
[RockPrecisionFixDiag]   rock 'Kerbin Xn0131000203' 'boulder' #0 vertex 120: ground --, vertex 600839.698208 m, -- mm above the ground
[RockPrecisionFixDiag]   rock 'Kerbin Xn0131000203' 'boulder' #0 vertex 104: ground --, vertex 600843.509726 m, -- mm above the ground
[RockPrecisionFixDiag]   rock 'Kerbin Xn0131000203' 'boulder' #0 vertex 35: ground --, vertex 600844.371993 m, -- mm above the ground
[RockPrecisionFixDiag]   rock 'Kerbin Xn0131000203' 'boulder' #0 vertex 62: ground --, vertex 600842.796653 m, -- mm above the ground
[RockPrecisionFixDiag]   rock 'Kerbin Xn0131000203' 'boulder' #0 vertex 173: ground 600842.183010 m, vertex 600841.409954 m, -773.056 mm above the ground
[RockPrecisionFixDiag]   rock 'Kerbin Xn0131000203' 'boulder' #0 vertex 15: ground --, vertex 600840.411692 m, -- mm above the ground
[RockPrecisionFixDiag]   rock 'Kerbin Xn0131000203' 'boulder' #0 vertex 21: ground 600842.384661 m, vertex 600841.509876 m, -874.785 mm above the ground
[RockPrecisionFixDiag]   rock 'Kerbin Xn0131000203' 'boulder' #0 vertex 34: ground --, vertex 600843.667912 m, -- mm above the ground
[RockPrecisionFixDiag]   rock 'Kerbin Xn0131000203' 'boulder' #0 vertex 0: ground --, vertex 600841.168696 m, -- mm above the ground
[RockPrecisionFixDiag]   rock 'Kerbin Xn0131000203' 'boulder' #0 vertex 90: ground --, vertex 600844.234477 m, -- mm above the ground
[RockPrecisionFixDiag]   rock 'Kerbin Xn0131000203' 'cactus' #0 vertex 53: ground --, vertex 600847.288712 m, -- mm above the ground
[RockPrecisionFixDiag]   rock 'Kerbin Xn0131000203' 'cactus' #0 vertex 33: ground --, vertex 600854.815841 m, -- mm above the ground
[RockPrecisionFixDiag]   rock 'Kerbin Xn0131000203' 'cactus' #0 vertex 334: ground --, vertex 600851.276882 m, -- mm above the ground
[RockPrecisionFixDiag]   rock 'Kerbin Xn0131000203' 'cactus' #0 vertex 100: ground --, vertex 600851.831329 m, -- mm above the ground
[RockPrecisionFixDiag]   rock 'Kerbin Xn0131000203' 'cactus' #0 vertex 159: ground --, vertex 600849.561548 m, -- mm above the ground
[RockPrecisionFixDiag]   rock 'Kerbin Xn0131000203' 'cactus' #0 vertex 418: ground --, vertex 600853.252551 m, -- mm above the ground
[RockPrecisionFixDiag]   rock 'Kerbin Xn0131000203' 'cactus' #0 vertex 303: ground --, vertex 600853.570265 m, -- mm above the ground
[RockPrecisionFixDiag]   rock 'Kerbin Xn0131000203' 'cactus' #0 vertex 125: ground --, vertex 600850.539282 m, -- mm above the ground
[RockPrecisionFixDiag]   rock 'Kerbin Xn0131000203' 'cactus' #0 vertex 340: ground --, vertex 600850.100504 m, -- mm above the ground
[RockPrecisionFixDiag]   rock 'Kerbin Xn0131000203' 'cactus' #0 vertex 348: ground --, vertex 600852.355176 m, -- mm above the ground
[RockPrecisionFixDiag]   rock 'Kerbin Xn0131000203' 'cactus' #1 vertex 53: ground --, vertex 600845.480354 m, -- mm above the ground
[RockPrecisionFixDiag]   rock 'Kerbin Xn0131000203' 'cactus' #1 vertex 33: ground --, vertex 600855.711089 m, -- mm above the ground
[RockPrecisionFixDiag]   rock 'Kerbin Xn0131000203' 'cactus' #1 vertex 334: ground --, vertex 600850.899238 m, -- mm above the ground
[RockPrecisionFixDiag]   rock 'Kerbin Xn0131000203' 'cactus' #1 vertex 100: ground --, vertex 600851.656265 m, -- mm above the ground
[RockPrecisionFixDiag]   rock 'Kerbin Xn0131000203' 'cactus' #1 vertex 159: ground --, vertex 600848.569791 m, -- mm above the ground
[RockPrecisionFixDiag]   rock 'Kerbin Xn0131000203' 'cactus' #1 vertex 418: ground --, vertex 600853.584618 m, -- mm above the ground
[RockPrecisionFixDiag]   rock 'Kerbin Xn0131000203' 'cactus' #1 vertex 303: ground --, vertex 600854.019511 m, -- mm above the ground
[RockPrecisionFixDiag]   rock 'Kerbin Xn0131000203' 'cactus' #1 vertex 125: ground --, vertex 600849.899521 m, -- mm above the ground
[RockPrecisionFixDiag]   rock 'Kerbin Xn0131000203' 'cactus' #1 vertex 340: ground --, vertex 600849.300887 m, -- mm above the ground
[RockPrecisionFixDiag]   rock 'Kerbin Xn0131000203' 'cactus' #1 vertex 348: ground --, vertex 600852.364828 m, -- mm above the ground
[RockPrecisionFixDiag]   rock 'Kerbin Xn0131000203' 'cactus' #2 vertex 53: ground --, vertex 600843.318857 m, -- mm above the ground
[RockPrecisionFixDiag]   rock 'Kerbin Xn0131000203' 'cactus' #2 vertex 33: ground --, vertex 600849.221747 m, -- mm above the ground
[RockPrecisionFixDiag]   rock 'Kerbin Xn0131000203' 'cactus' #2 vertex 334: ground --, vertex 600846.445717 m, -- mm above the ground
[RockPrecisionFixDiag]   rock 'Kerbin Xn0131000203' 'cactus' #2 vertex 100: ground --, vertex 600846.881944 m, -- mm above the ground
[RockPrecisionFixDiag]   rock 'Kerbin Xn0131000203' 'cactus' #2 vertex 159: ground --, vertex 600845.101349 m, -- mm above the ground
[RockPrecisionFixDiag]   rock 'Kerbin Xn0131000203' 'cactus' #2 vertex 418: ground --, vertex 600847.995098 m, -- mm above the ground
[RockPrecisionFixDiag]   rock 'Kerbin Xn0131000203' 'cactus' #2 vertex 303: ground --, vertex 600848.245523 m, -- mm above the ground
[RockPrecisionFixDiag]   rock 'Kerbin Xn0131000203' 'cactus' #2 vertex 125: ground --, vertex 600845.868447 m, -- mm above the ground
[RockPrecisionFixDiag]   rock 'Kerbin Xn0131000203' 'cactus' #2 vertex 340: ground --, vertex 600845.523406 m, -- mm above the ground
[RockPrecisionFixDiag]   rock 'Kerbin Xn0131000203' 'cactus' #2 vertex 348: ground --, vertex 600847.291348 m, -- mm above the ground
[RockPrecisionFixDiag]   rock 'Kerbin Xn0131000203' 'cactus' #3 vertex 53: ground --, vertex 600842.772033 m, -- mm above the ground
[RockPrecisionFixDiag]   rock 'Kerbin Xn0131000203' 'cactus' #3 vertex 33: ground --, vertex 600848.130292 m, -- mm above the ground
[RockPrecisionFixDiag]   rock 'Kerbin Xn0131000203' 'cactus' #3 vertex 334: ground --, vertex 600845.610694 m, -- mm above the ground
[RockPrecisionFixDiag]   rock 'Kerbin Xn0131000203' 'cactus' #3 vertex 100: ground --, vertex 600846.006080 m, -- mm above the ground
[RockPrecisionFixDiag]   rock 'Kerbin Xn0131000203' 'cactus' #3 vertex 159: ground --, vertex 600844.390017 m, -- mm above the ground
[RockPrecisionFixDiag]   rock 'Kerbin Xn0131000203' 'cactus' #3 vertex 418: ground --, vertex 600847.017107 m, -- mm above the ground
[RockPrecisionFixDiag]   rock 'Kerbin Xn0131000203' 'cactus' #3 vertex 303: ground --, vertex 600847.243903 m, -- mm above the ground
[RockPrecisionFixDiag]   rock 'Kerbin Xn0131000203' 'cactus' #3 vertex 125: ground --, vertex 600845.086203 m, -- mm above the ground
[RockPrecisionFixDiag]   rock 'Kerbin Xn0131000203' 'cactus' #3 vertex 340: ground --, vertex 600844.773387 m, -- mm above the ground
[RockPrecisionFixDiag]   rock 'Kerbin Xn0131000203' 'cactus' #3 vertex 348: ground 600843.268893 m, vertex 600846.378293 m, +3109.400 mm above the ground
[RockPrecisionFixDiag]   rock 'Kerbin Xn0131000203' 'cactus' #4 vertex 53: ground --, vertex 600862.068855 m, -- mm above the ground
[RockPrecisionFixDiag]   rock 'Kerbin Xn0131000203' 'cactus' #4 vertex 33: ground --, vertex 600867.626752 m, -- mm above the ground
[RockPrecisionFixDiag]   rock 'Kerbin Xn0131000203' 'cactus' #4 vertex 334: ground --, vertex 600865.014000 m, -- mm above the ground
[RockPrecisionFixDiag]   rock 'Kerbin Xn0131000203' 'cactus' #4 vertex 100: ground --, vertex 600865.422522 m, -- mm above the ground
[RockPrecisionFixDiag]   rock 'Kerbin Xn0131000203' 'cactus' #4 vertex 159: ground --, vertex 600863.747057 m, -- mm above the ground
[RockPrecisionFixDiag]   rock 'Kerbin Xn0131000203' 'cactus' #4 vertex 418: ground --, vertex 600866.472836 m, -- mm above the ground
[RockPrecisionFixDiag]   rock 'Kerbin Xn0131000203' 'cactus' #4 vertex 303: ground --, vertex 600866.706622 m, -- mm above the ground
[RockPrecisionFixDiag]   rock 'Kerbin Xn0131000203' 'cactus' #4 vertex 125: ground --, vertex 600864.468651 m, -- mm above the ground
[RockPrecisionFixDiag]   rock 'Kerbin Xn0131000203' 'cactus' #4 vertex 340: ground --, vertex 600864.145329 m, -- mm above the ground
[RockPrecisionFixDiag]   rock 'Kerbin Xn0131000203' 'cactus' #4 vertex 348: ground 600862.645474 m, vertex 600865.810124 m, +3164.650 mm above the ground
[RockPrecisionFixDiag] End of record 6: 173 quads with rocks, 306 holders (0 not built yet); nearest quad 'Kerbin Xn0131000203': 6 rocks, 60 vertices measured, 56 without ground under them
