[RockPrecisionFixDiag] Record 2 on Kerbin: scatter on. Heights are distances from the centre of Kerbin, in metres
[RockPrecisionFixDiag]   quad 'Kerbin Xn0112333310': height 601630.484875 m, matrix 601630.484875 m, up 0.000 mm, across 0.000 mm
[RockPrecisionFixDiag]     holder 'Grass00': built, height 601630.484875 m, matrix 601630.493074 m, up +8.199 mm, across 30.155 mm
[RockPrecisionFixDiag]     holder 'boulder': built, height 601630.484875 m, matrix 601630.493074 m, up +8.199 mm, across 30.155 mm
[RockPrecisionFixDiag]     holder 'cactus': built, height 601630.484875 m, matrix 601630.493074 m, up +8.199 mm, across 30.155 mm
[RockPrecisionFixDiag]   quad 'Kerbin Xn0112333311': height 601755.281087 m, matrix 601755.281087 m, up 0.000 mm, across 0.000 mm
[RockPrecisionFixDiag]     holder 'Grass00': built, height 601755.281087 m, matrix 601755.281087 m, up 0.000 mm, across 0.000 mm
[RockPrecisionFixDiag]     holder 'boulder': built, height 601755.281087 m, matrix 601755.281087 m, up 0.000 mm, across 0.000 mm
[RockPrecisionFixDiag]     holder 'cactus': built, height 601755.281087 m, matrix 601755.281087 m, up 0.000 mm, across 0.000 mm
[RockPrecisionFixDiag]   quad 'Kerbin Xn0112333312': height 601368.953673 m, matrix 601368.953673 m, up 0.000 mm, across 0.000 mm
[RockPrecisionFixDiag]     holder 'Grass00': built, height 601368.953673 m, matrix 601368.885481 m, up -68.191 mm, across 15.257 mm
[RockPrecisionFixDiag]     holder 'boulder': built, height 601368.953673 m, matrix 601368.885481 m, up -68.191 mm, across 15.257 mm
[RockPrecisionFixDiag]     holder 'cactus': built, height 601368.953673 m, matrix 601368.885481 m, up -68.191 mm, across 15.257 mm
[RockPrecisionFixDiag]   quad 'Kerbin Xn0112333313': height 601674.130820 m, matrix 601674.130820 m, up 0.000 mm, across 0.000 mm
[RockPrecisionFixDiag]     holder 'Grass00': built, height 601674.130820 m, matrix 601674.139058 m, up +8.237 mm, across 30.145 mm
[RockPrecisionFixDiag]     holder 'boulder': built, height 601674.130820 m, matrix 601674.139058 m, up +8.237 mm, across 30.145 mm
[RockPrecisionFixDiag]     holder 'cactus': built, height 601674.130820 m, matrix 601674.139058 m, up +8.237 mm, across 30.145 mm
[RockPrecisionFixDiag]   quad 'Kerbin Xn0113222212': height 601669.557662 m, matrix 601669.557662 m, up 0.000 mm, across 0.000 mm
[RockPrecisionFixDiag]     holder 'Grass00': built, height 601669.557662 m, matrix 601669.625895 m, up +68.233 mm, across 15.069 mm
[RockPrecisionFixDiag]     holder 'boulder': built, height 601669.557662 m, matrix 601669.625895 m, up +68.233 mm, across 15.069 mm
[RockPrecisionFixDiag]     holder 'cactus': built, height 601669.557662 m, matrix 601669.625895 m, up +68.233 mm, across 15.069 mm
[RockPrecisionFixDiag]   quad 'Kerbin Xn0113222213': height 601945.364677 m, matrix 601945.364677 m, up 0.000 mm, across 0.000 mm
[RockPrecisionFixDiag]     holder 'Grass00': built, height 601945.364677 m, matrix 601945.372920 m, up +8.242 mm, across 30.143 mm
[RockPrecisionFixDiag]     holder 'boulder': built, height 601945.364677 m, matrix 601945.372920 m, up +8.242 mm, across 30.143 mm
[RockPrecisionFixDiag]     holder 'cactus': built, height 601945.364677 m, matrix 601945.372920 m, up +8.242 mm, across 30.143 mm
[RockPrecisionFixDiag]   quad 'Kerbin Xn0113222220': height 601352.567158 m, matrix 601352.567158 m, up 0.000 mm, across 0.000 mm
[RockPrecisionFixDiag]     holder 'Grass00': built, height 601352.567158 m, matrix 601352.567158 m, up 0.000 mm, across 0.000 mm
[RockPrecisionFixDiag]     holder 'boulder': built, height 601352.567158 m, matrix 601352.567158 m, up 0.000 mm, across 0.000 mm
[RockPrecisionFixDiag]     holder 'cactus': built, height 601352.567158 m, matrix 601352.567158 m, up 0.000 mm, across 0.000 mm
[RockPrecisionFixDiag]   quad 'Kerbin Xn0113222221': height 601485.523432 m, matrix 601485.523432 m, up 0.000 mm, across 0.000 mm
[RockPrecisionFixDiag]     holder 'Grass00': built, height 601485.523432 m, matrix 601485.515155 m, up -8.277 mm, across 30.134 mm
[RockPrecisionFixDiag]     holder 'boulder': built, height 601485.523432 m, matrix 601485.515155 m, up -8.277 mm, across 30.134 mm
[RockPrecisionFixDiag]     holder 'cactus': built, height 601485.523432 m, matrix 601485.515155 m, up -8.277 mm, across 30.134 mm
[RockPrecisionFixDiag]   quad 'Kerbin Xn0113222231': height 601693.802930 m, matrix 601693.802930 m, up 0.000 mm, across 0.000 mm
[RockPrecisionFixDiag]     holder 'Grass00': built, height 601693.802930 m, matrix 601693.854630 m, up +51.700 mm, across 47.010 mm
[RockPrecisionFixDiag]     holder 'boulder': built, height 601693.802930 m, matrix 601693.854630 m, up +51.700 mm, across 47.010 mm
[RockPrecisionFixDiag]     holder 'cactus': built, height 601693.802930 m, matrix 601693.854630 m, up +51.700 mm, across 47.010 mm
[RockPrecisionFixDiag]   quad 'Kerbin Xn0113222232': height 601376.267245 m, matrix 601376.267245 m, up 0.000 mm, across 0.000 mm
[RockPrecisionFixDiag]     holder 'Grass00': built, height 601376.267245 m, matrix 601376.267245 m, up 0.000 mm, across 0.000 mm
[RockPrecisionFixDiag]     holder 'boulder': built, height 601376.267245 m, matrix 601376.267245 m, up 0.000 mm, across 0.000 mm
[RockPrecisionFixDiag]     holder 'cactus': built, height 601376.267245 m, matrix 601376.267245 m, up 0.000 mm, across 0.000 mm
[RockPrecisionFixDiag]   quad 'Kerbin Xn0113222233': height 601568.970347 m, matrix 601568.970347 m, up 0.000 mm, across 0.000 mm
[RockPrecisionFixDiag]     holder 'Grass00': built, height 601568.970347 m, matrix 601568.918706 m, up -51.641 mm, across 47.074 mm
[RockPrecisionFixDiag]     holder 'boulder': built, height 601568.970347 m, matrix 601568.918706 m, up -51.641 mm, across 47.074 mm
[RockPrecisionFixDiag]     holder 'cactus': built, height 601568.970347 m, matrix 601568.918706 m, up -51.641 mm, across 47.074 mm
[RockPrecisionFixDiag]   quad 'Kerbin Xn0113222322': height 601225.520370 m, matrix 601225.520370 m, up 0.000 mm, across 0.000 mm
[RockPrecisionFixDiag]     holder 'Grass00': built, height 601225.520370 m, matrix 601225.512052 m, up -8.318 mm, across 30.123 mm
[RockPrecisionFixDiag]     holder 'boulder': built, height 601225.520370 m, matrix 601225.512052 m, up -8.318 mm, across 30.123 mm
[RockPrecisionFixDiag]     holder 'cactus': built, height 601225.520370 m, matrix 601225.512052 m, up -8.318 mm, across 30.123 mm
[RockPrecisionFixDiag]   quad 'Kerbin Xn0113222320': height 601347.508649 m, matrix 601347.508649 m, up 0.000 mm, across 0.000 mm
[RockPrecisionFixDiag]     holder 'Grass00': built, height 601347.508649 m, matrix 601347.516930 m, up +8.281 mm, across 30.133 mm
[RockPrecisionFixDiag]     holder 'boulder': built, height 601347.508649 m, matrix 601347.516930 m, up +8.281 mm, across 30.133 mm
[RockPrecisionFixDiag]     holder 'cactus': built, height 601347.508649 m, matrix 601347.516930 m, up +8.281 mm, across 30.133 mm
[RockPrecisionFixDiag]   quad 'Kerbin Xn0131000002': height 600912.166503 m, matrix 600912.166503 m, up 0.000 mm, across 0.000 mm
[RockPrecisionFixDiag]     holder 'boulder': built, height 600912.166503 m, matrix 600912.226391 m, up +59.888 mm, across 17.878 mm
[RockPrecisionFixDiag]     holder 'cactus': built, height 600912.166503 m, matrix 600912.226391 m, up +59.888 mm, across 17.878 mm
[RockPrecisionFixDiag]   quad 'Kerbin Xn0131000003': height 600905.018913 m, matrix 600905.018913 m, up 0.000 mm, across 0.000 mm
[RockPrecisionFixDiag]     holder 'boulder': built, height 600905.018913 m, matrix 600905.018913 m, up 0.000 mm, across 0.000 mm
[RockPrecisionFixDiag]     holder 'cactus': built, height 600905.018913 m, matrix 600905.018913 m, up 0.000 mm, across 0.000 mm
[RockPrecisionFixDiag]   quad 'Kerbin Xn0131000010': height 601086.323737 m, matrix 601086.323737 m, up 0.000 mm, across 0.000 mm
[RockPrecisionFixDiag]     holder 'boulder': built, height 601086.323737 m, matrix 601086.323737 m, up 0.000 mm, across 0.000 mm
[RockPrecisionFixDiag]     holder 'cactus': built, height 601086.323737 m, matrix 601086.323737 m, up 0.000 mm, across 0.000 mm
[RockPrecisionFixDiag]   quad 'Kerbin Xn0131000011': height 601416.329725 m, matrix 601416.329725 m, up 0.000 mm, across 0.000 mm
[RockPrecisionFixDiag]     holder 'boulder': built, height 601416.329725 m, matrix 601416.338079 m, up +8.354 mm, across 30.113 mm
[RockPrecisionFixDiag]     holder 'cactus': built, height 601416.329725 m, matrix 601416.338079 m, up +8.354 mm, across 30.113 mm
[RockPrecisionFixDiag]   quad 'Kerbin Xn0131000012': height 601130.007050 m, matrix 601130.007050 m, up 0.000 mm, across 0.000 mm
[RockPrecisionFixDiag]     holder 'boulder': built, height 601130.007050 m, matrix 601130.007050 m, up 0.000 mm, across 0.000 mm
[RockPrecisionFixDiag]     holder 'cactus': built, height 601130.007050 m, matrix 601130.007050 m, up 0.000 mm, across 0.000 mm
[RockPrecisionFixDiag]   quad 'Kerbin Xn0131000013': height 601212.380928 m, matrix 601212.380928 m, up 0.000 mm, across 0.000 mm
[RockPrecisionFixDiag]     holder 'boulder': built, height 601212.380928 m, matrix 601212.380928 m, up 0.000 mm, across 0.000 mm
[RockPrecisionFixDiag]     holder 'cactus': built, height 601212.380928 m, matrix 601212.380928 m, up 0.000 mm, across 0.000 mm
[RockPrecisionFixDiag]   quad 'Kerbin Xn0131000020': height 600869.859333 m, matrix 600869.859333 m, up 0.000 mm, across 0.000 mm
[RockPrecisionFixDiag]     holder 'boulder': built, height 600869.859333 m, matrix 600869.859333 m, up 0.000 mm, across 0.000 mm
[RockPrecisionFixDiag]     holder 'cactus': built, height 600869.859333 m, matrix 600869.859333 m, up 0.000 mm, across 0.000 mm
[RockPrecisionFixDiag]   quad 'Kerbin Xn0131000021': height 600958.617392 m, matrix 600958.617392 m, up 0.000 mm, across 0.000 mm
[RockPrecisionFixDiag]     holder 'boulder': built, height 600958.617392 m, matrix 600958.617392 m, up 0.000 mm, across 0.000 mm
[RockPrecisionFixDiag]     holder 'cactus': built, height 600958.617392 m, matrix 600958.617392 m, up 0.000 mm, across 0.000 mm
[RockPrecisionFixDiag]   quad 'Kerbin Xn0131000022': height 600884.997281 m, matrix 600884.997281 m, up 0.000 mm, across 0.000 mm
[RockPrecisionFixDiag]     holder 'boulder': built, height 600884.997281 m, matrix 600884.997281 m, up 0.000 mm, across 0.000 mm
[RockPrecisionFixDiag]     holder 'cactus': built, height 600884.997281 m, matrix 600884.997281 m, up 0.000 mm, across 0.000 mm
[RockPrecisionFixDiag]   quad 'Kerbin Xn0131000023': height 600962.947075 m, matrix 600962.947075 m, up 0.000 mm, across 0.000 mm
[RockPrecisionFixDiag]     holder 'boulder': built, height 600962.947075 m, matrix 600962.947075 m, up 0.000 mm, across 0.000 mm
[RockPrecisionFixDiag]     holder 'cactus': built, height 600962.947075 m, matrix 600962.947075 m, up 0.000 mm, across 0.000 mm
[RockPrecisionFixDiag]   quad 'Kerbin Xn0131000030': height 601029.598631 m, matrix 601029.598631 m, up 0.000 mm, across 0.000 mm
[RockPrecisionFixDiag]     holder 'boulder': built, height 601029.598631 m, matrix 601029.650087 m, up +51.457 mm, across 47.276 mm
[RockPrecisionFixDiag]     holder 'cactus': built, height 601029.598631 m, matrix 601029.650087 m, up +51.457 mm, across 47.276 mm
[RockPrecisionFixDiag]   quad 'Kerbin Xn0131000031': height 601049.655098 m, matrix 601049.655098 m, up 0.000 mm, across 0.000 mm
[RockPrecisionFixDiag]     holder 'boulder': built, height 601049.655098 m, matrix 601049.655098 m, up 0.000 mm, across 0.000 mm
[RockPrecisionFixDiag]     holder 'cactus': built, height 601049.655098 m, matrix 601049.655098 m, up 0.000 mm, across 0.000 mm
[RockPrecisionFixDiag]   quad 'Kerbin Xn0131000032': height 600971.631097 m, matrix 600971.631097 m, up 0.000 mm, across 0.000 mm
[RockPrecisionFixDiag]     holder 'boulder': built, height 600971.631097 m, matrix 600971.631097 m, up 0.000 mm, across 0.000 mm
[RockPrecisionFixDiag]     holder 'cactus': built, height 600971.631097 m, matrix 600971.631097 m, up 0.000 mm, across 0.000 mm
[RockPrecisionFixDiag]   quad 'Kerbin Xn0131000033': height 601046.454846 m, matrix 601046.454846 m, up 0.000 mm, across 0.000 mm
[RockPrecisionFixDiag]     holder 'boulder': built, height 601046.454846 m, matrix 601046.446379 m, up -8.467 mm, across 30.081 mm
[RockPrecisionFixDiag]     holder 'cactus': built, height 601046.454846 m, matrix 601046.446379 m, up -8.467 mm, across 30.081 mm
[RockPrecisionFixDiag]   quad 'Kerbin Xn0131000100': height 601304.687742 m, matrix 601304.687742 m, up 0.000 mm, across 0.000 mm
[RockPrecisionFixDiag]     holder 'boulder': built, height 601304.687742 m, matrix 601304.696097 m, up +8.356 mm, across 30.112 mm
[RockPrecisionFixDiag]     holder 'cactus': built, height 601304.687742 m, matrix 601304.696097 m, up +8.356 mm, across 30.112 mm
[RockPrecisionFixDiag]   quad 'Kerbin Xn0131000101': height 601086.473963 m, matrix 601086.473963 m, up 0.000 mm, across 0.000 mm
[RockPrecisionFixDiag]     holder 'boulder': built, height 601086.473963 m, matrix 601086.473963 m, up 0.000 mm, across 0.000 mm
[RockPrecisionFixDiag]     holder 'cactus': built, height 601086.473963 m, matrix 601086.473963 m, up 0.000 mm, across 0.000 mm
[RockPrecisionFixDiag]   quad 'Kerbin Xn0131000102': height 601341.775255 m, matrix 601341.775255 m, up 0.000 mm, across 0.000 mm
[RockPrecisionFixDiag]     holder 'boulder': built, height 601341.775255 m, matrix 601341.783648 m, up +8.393 mm, across 30.102 mm
[RockPrecisionFixDiag]     holder 'cactus': built, height 601341.775255 m, matrix 601341.783648 m, up +8.393 mm, across 30.102 mm
[RockPrecisionFixDiag]   quad 'Kerbin Xn0131000103': height 601216.551524 m, matrix 601216.551524 m, up 0.000 mm, across 0.000 mm
[RockPrecisionFixDiag]     holder 'boulder': built, height 601216.551524 m, matrix 601216.551524 m, up 0.000 mm, across 0.000 mm
[RockPrecisionFixDiag]     holder 'cactus': built, height 601216.551524 m, matrix 601216.551524 m, up 0.000 mm, across 0.000 mm
[RockPrecisionFixDiag]   quad 'Kerbin Xn0131000110': height 601078.196876 m, matrix 601078.196876 m, up 0.000 mm, across 0.000 mm
[RockPrecisionFixDiag]     holder 'boulder': built, height 601078.196876 m, matrix 601078.196876 m, up 0.000 mm, across 0.000 mm
[RockPrecisionFixDiag]     holder 'cactus': built, height 601078.196876 m, matrix 601078.196876 m, up 0.000 mm, across 0.000 mm
[RockPrecisionFixDiag]   quad 'Kerbin Xn0131000111': height 601081.241728 m, matrix 601081.241728 m, up 0.000 mm, across 0.000 mm
[RockPrecisionFixDiag]     holder 'boulder': built, height 601081.241728 m, matrix 601081.241728 m, up 0.000 mm, across 0.000 mm
[RockPrecisionFixDiag]     holder 'cactus': built, height 601081.241728 m, matrix 601081.241728 m, up 0.000 mm, across 0.000 mm
[RockPrecisionFixDiag]   quad 'Kerbin Xn0131000112': height 601054.389929 m, matrix 601054.389929 m, up 0.000 mm, across 0.000 mm
[RockPrecisionFixDiag]     holder 'boulder': built, height 601054.389929 m, matrix 601054.338383 m, up -51.546 mm, across 47.179 mm
[RockPrecisionFixDiag]     holder 'cactus': built, height 601054.389929 m, matrix 601054.338383 m, up -51.546 mm, across 47.179 mm
[RockPrecisionFixDiag]   quad 'Kerbin Xn0131000113': height 601088.207500 m, matrix 601088.207500 m, up 0.000 mm, across 0.000 mm
[RockPrecisionFixDiag]     holder 'boulder': built, height 601088.207500 m, matrix 601088.207500 m, up 0.000 mm, across 0.000 mm
[RockPrecisionFixDiag]     holder 'cactus': built, height 601088.207500 m, matrix 601088.207500 m, up 0.000 mm, across 0.000 mm
[RockPrecisionFixDiag]   quad 'Kerbin Xn0131000120': height 601168.051283 m, matrix 601168.051283 m, up 0.000 mm, across 0.000 mm
[RockPrecisionFixDiag]     holder 'boulder': built, height 601168.051283 m, matrix 601168.102755 m, up +51.472 mm, across 47.259 mm
[RockPrecisionFixDiag]     holder 'cactus': built, height 601168.051283 m, matrix 601168.102755 m, up +51.472 mm, across 47.259 mm
[RockPrecisionFixDiag]   quad 'Kerbin Xn0131000121': height 601186.431474 m, matrix 601186.431474 m, up 0.000 mm, across 0.000 mm
[RockPrecisionFixDiag]     holder 'boulder': built, height 601186.431474 m, matrix 601186.371563 m, up -59.911 mm, across 17.802 mm
[RockPrecisionFixDiag]     holder 'cactus': built, height 601186.431474 m, matrix 601186.371563 m, up -59.911 mm, across 17.802 mm
[RockPrecisionFixDiag]   quad 'Kerbin Xn0131000122': height 601093.253771 m, matrix 601093.253771 m, up 0.000 mm, across 0.000 mm
[RockPrecisionFixDiag]     holder 'boulder': built, height 601093.253771 m, matrix 601093.253771 m, up 0.000 mm, across 0.000 mm
[RockPrecisionFixDiag]     holder 'cactus': built, height 601093.253771 m, matrix 601093.253771 m, up 0.000 mm, across 0.000 mm
[RockPrecisionFixDiag]   quad 'Kerbin Xn0131000123': height 601141.339855 m, matrix 601141.339855 m, up 0.000 mm, across 0.000 mm
[RockPrecisionFixDiag]     holder 'boulder': built, height 601141.339855 m, matrix 601141.339855 m, up 0.000 mm, across 0.000 mm
[RockPrecisionFixDiag]     holder 'cactus': built, height 601141.339855 m, matrix 601141.339855 m, up 0.000 mm, across 0.000 mm
[RockPrecisionFixDiag]   quad 'Kerbin Xn0131000130': height 601111.840371 m, matrix 601111.840371 m, up 0.000 mm, across 0.000 mm
[RockPrecisionFixDiag]     holder 'boulder': built, height 601111.840371 m, matrix 601111.780452 m, up -59.920 mm, across 17.773 mm
[RockPrecisionFixDiag]     holder 'cactus': built, height 601111.840371 m, matrix 601111.780452 m, up -59.920 mm, across 17.773 mm
[RockPrecisionFixDiag]   quad 'Kerbin Xn0131000131': height 601072.543294 m, matrix 601072.543294 m, up 0.000 mm, across 0.000 mm
[RockPrecisionFixDiag]     holder 'boulder': built, height 601072.543294 m, matrix 601072.543294 m, up 0.000 mm, across 0.000 mm
[RockPrecisionFixDiag]     holder 'cactus': built, height 601072.543294 m, matrix 601072.543294 m, up 0.000 mm, across 0.000 mm
[RockPrecisionFixDiag]   quad 'Kerbin Xn0131000132': height 601062.360932 m, matrix 601062.360932 m, up 0.000 mm, across 0.000 mm
[RockPrecisionFixDiag]     holder 'boulder': built, height 601062.360932 m, matrix 601062.309505 m, up -51.427 mm, across 47.308 mm
[RockPrecisionFixDiag]     holder 'cactus': built, height 601062.360932 m, matrix 601062.309505 m, up -51.427 mm, across 47.308 mm
[RockPrecisionFixDiag]   quad 'Kerbin Xn0131000133': height 600990.324655 m, matrix 600990.324655 m, up 0.000 mm, across 0.000 mm
[RockPrecisionFixDiag]     holder 'boulder': built, height 600990.324655 m, matrix 600990.316183 m, up -8.472 mm, across 30.080 mm
[RockPrecisionFixDiag]     holder 'cactus': built, height 600990.324655 m, matrix 600990.316183 m, up -8.472 mm, across 30.080 mm
[RockPrecisionFixDiag]   quad 'Kerbin Xn0131000200': height 600926.191021 m, matrix 600926.191021 m, up 0.000 mm, across 0.000 mm
[RockPrecisionFixDiag]     holder 'boulder': built, height 600926.191021 m, matrix 600926.199522 m, up +8.501 mm, across 30.072 mm
[RockPrecisionFixDiag]     holder 'cactus': built, height 600926.191021 m, matrix 600926.199522 m, up +8.501 mm, across 30.072 mm
[RockPrecisionFixDiag]   quad 'Kerbin Xn0131000201': height 600899.044898 m, matrix 600899.044898 m, up 0.000 mm, across 0.000 mm
[RockPrecisionFixDiag]     holder 'boulder': built, height 600899.044898 m, matrix 600899.053400 m, up +8.502 mm, across 30.071 mm
[RockPrecisionFixDiag]     holder 'cactus': built, height 600899.044898 m, matrix 600899.053400 m, up +8.502 mm, across 30.071 mm
[RockPrecisionFixDiag]   quad 'Kerbin Xn0131000202': height 600874.194361 m, matrix 600874.194361 m, up 0.000 mm, across 0.000 mm
[RockPrecisionFixDiag]     holder 'boulder': built, height 600874.194361 m, matrix 600874.185823 m, up -8.538 mm, across 30.061 mm
[RockPrecisionFixDiag]     holder 'cactus': built, height 600874.194361 m, matrix 600874.185823 m, up -8.538 mm, across 30.061 mm
[RockPrecisionFixDiag]   quad 'Kerbin Xn0131000203': height 600862.447607 m, matrix 600862.447607 m, up 0.000 mm, across 0.000 mm
[RockPrecisionFixDiag]     holder 'boulder': built, height 600862.447607 m, matrix 600862.447607 m, up 0.000 mm, across 0.000 mm
[RockPrecisionFixDiag]     holder 'cactus': built, height 600862.447607 m, matrix 600862.447607 m, up 0.000 mm, across 0.000 mm
[RockPrecisionFixDiag]   quad 'Kerbin Xn0131000210': height 600936.002518 m, matrix 600936.002518 m, up 0.000 mm, across 0.000 mm
[RockPrecisionFixDiag]     holder 'boulder': built, height 600936.002518 m, matrix 600936.002518 m, up 0.000 mm, across 0.000 mm
[RockPrecisionFixDiag]     holder 'cactus': built, height 600936.002518 m, matrix 600936.002518 m, up 0.000 mm, across 0.000 mm
[RockPrecisionFixDiag]   quad 'Kerbin Xn0131000211': height 600993.295379 m, matrix 600993.295379 m, up 0.000 mm, across 0.000 mm
[RockPrecisionFixDiag]     holder 'boulder': built, height 600993.295379 m, matrix 600993.355229 m, up +59.850 mm, across 18.005 mm
[RockPrecisionFixDiag]     holder 'cactus': built, height 600993.295379 m, matrix 600993.355229 m, up +59.850 mm, across 18.005 mm
[RockPrecisionFixDiag]   quad 'Kerbin Xn0131000212': height 600871.605110 m, matrix 600871.605110 m, up 0.000 mm, across 0.000 mm
[RockPrecisionFixDiag]     holder 'boulder': built, height 600871.605110 m, matrix 600871.596569 m, up -8.541 mm, across 30.060 mm
[RockPrecisionFixDiag]     holder 'cactus': built, height 600871.605110 m, matrix 600871.596569 m, up -8.541 mm, across 30.060 mm
[RockPrecisionFixDiag]   quad 'Kerbin Xn0131000213': height 601026.531597 m, matrix 601026.531597 m, up 0.000 mm, across 0.000 mm
[RockPrecisionFixDiag]     holder 'boulder': built, height 601026.531597 m, matrix 601026.599967 m, up +68.370 mm, across 14.432 mm
[RockPrecisionFixDiag]     holder 'cactus': built, height 601026.531597 m, matrix 601026.599967 m, up +68.370 mm, across 14.432 mm
[RockPrecisionFixDiag]   quad 'Kerbin Xn0131000220': height 600784.044297 m, matrix 600784.044297 m, up 0.000 mm, across 0.000 mm
[RockPrecisionFixDiag]     holder 'boulder': built, height 600784.044297 m, matrix 600784.044297 m, up 0.000 mm, across 0.000 mm
[RockPrecisionFixDiag]     holder 'cactus': built, height 600784.044297 m, matrix 600784.044297 m, up 0.000 mm, across 0.000 mm
[RockPrecisionFixDiag]   quad 'Kerbin Xn0131000221': height 600808.497062 m, matrix 600808.497062 m, up 0.000 mm, across 0.000 mm
[RockPrecisionFixDiag]     holder 'boulder': built, height 600808.497062 m, matrix 600808.505639 m, up +8.577 mm, across 30.050 mm
[RockPrecisionFixDiag]     holder 'cactus': built, height 600808.497062 m, matrix 600808.505639 m, up +8.577 mm, across 30.050 mm
[RockPrecisionFixDiag]   quad 'Kerbin Xn0131000230': height 600849.550274 m, matrix 600849.550274 m, up 0.000 mm, across 0.000 mm
[RockPrecisionFixDiag]     holder 'boulder': built, height 600849.550274 m, matrix 600849.541696 m, up -8.579 mm, across 30.049 mm
[RockPrecisionFixDiag]     holder 'cactus': built, height 600849.550274 m, matrix 600849.541696 m, up -8.579 mm, across 30.049 mm
[RockPrecisionFixDiag]   quad 'Kerbin Xn0131000231': height 600891.542654 m, matrix 600891.542654 m, up 0.000 mm, across 0.000 mm
[RockPrecisionFixDiag]     holder 'boulder': built, height 600891.542654 m, matrix 600891.602460 m, up +59.806 mm, across 18.152 mm
[RockPrecisionFixDiag]     holder 'cactus': built, height 600891.542654 m, matrix 600891.602460 m, up +59.806 mm, across 18.152 mm
[RockPrecisionFixDiag]   quad 'Kerbin Xn0131000232': height 600824.400258 m, matrix 600824.400258 m, up 0.000 mm, across 0.000 mm
[RockPrecisionFixDiag]     holder 'boulder': built, height 600824.400258 m, matrix 600824.391642 m, up -8.616 mm, across 30.039 mm
[RockPrecisionFixDiag]     holder 'cactus': built, height 600824.400258 m, matrix 600824.391642 m, up -8.616 mm, across 30.039 mm
[RockPrecisionFixDiag]   quad 'Kerbin Xn0131000300': height 601085.676845 m, matrix 601085.676845 m, up 0.000 mm, across 0.000 mm
[RockPrecisionFixDiag]     holder 'boulder': built, height 601085.676845 m, matrix 601085.736704 m, up +59.859 mm, across 17.976 mm
[RockPrecisionFixDiag]     holder 'cactus': built, height 601085.676845 m, matrix 601085.736704 m, up +59.859 mm, across 17.976 mm
[RockPrecisionFixDiag]   quad 'Kerbin Xn0131000301': height 601064.152215 m, matrix 601064.152215 m, up 0.000 mm, across 0.000 mm
[RockPrecisionFixDiag]     holder 'boulder': built, height 601064.152215 m, matrix 601064.152215 m, up 0.000 mm, across 0.000 mm
[RockPrecisionFixDiag]     holder 'cactus': built, height 601064.152215 m, matrix 601064.152215 m, up 0.000 mm, across 0.000 mm
[RockPrecisionFixDiag]   quad 'Kerbin Xn0131000302': height 601003.986199 m, matrix 601003.986199 m, up 0.000 mm, across 0.000 mm
[RockPrecisionFixDiag]     holder 'boulder': built, height 601003.986199 m, matrix 601003.986199 m, up 0.000 mm, across 0.000 mm
[RockPrecisionFixDiag]     holder 'cactus': built, height 601003.986199 m, matrix 601003.986199 m, up 0.000 mm, across 0.000 mm
[RockPrecisionFixDiag]   quad 'Kerbin Xn0131000303': height 600952.376110 m, matrix 600952.376110 m, up 0.000 mm, across 0.000 mm
[RockPrecisionFixDiag]     holder 'boulder': built, height 600952.376110 m, matrix 600952.376110 m, up 0.000 mm, across 0.000 mm
[RockPrecisionFixDiag]     holder 'cactus': built, height 600952.376110 m, matrix 600952.376110 m, up 0.000 mm, across 0.000 mm
[RockPrecisionFixDiag]   quad 'Kerbin Xn0131000310': height 601008.464595 m, matrix 601008.464595 m, up 0.000 mm, across 0.000 mm
[RockPrecisionFixDiag]     holder 'boulder': built, height 601008.464595 m, matrix 601008.464595 m, up 0.000 mm, across 0.000 mm
[RockPrecisionFixDiag]     holder 'cactus': built, height 601008.464595 m, matrix 601008.464595 m, up 0.000 mm, across 0.000 mm
[RockPrecisionFixDiag]   quad 'Kerbin Xn0131000311': height 600947.880618 m, matrix 600947.880618 m, up 0.000 mm, across 0.000 mm
[RockPrecisionFixDiag]     holder 'boulder': built, height 600947.880618 m, matrix 600947.880618 m, up 0.000 mm, across 0.000 mm
[RockPrecisionFixDiag]     holder 'cactus': built, height 600947.880618 m, matrix 600947.880618 m, up 0.000 mm, across 0.000 mm
[RockPrecisionFixDiag]   quad 'Kerbin Xn0131000312': height 600900.214539 m, matrix 600900.214539 m, up 0.000 mm, across 0.000 mm
[RockPrecisionFixDiag]     holder 'boulder': built, height 600900.214539 m, matrix 600900.265847 m, up +51.308 mm, across 47.437 mm
[RockPrecisionFixDiag]     holder 'cactus': built, height 600900.214539 m, matrix 600900.265847 m, up +51.308 mm, across 47.437 mm
[RockPrecisionFixDiag]   quad 'Kerbin Xn0131000313': height 600907.415835 m, matrix 600907.415835 m, up 0.000 mm, across 0.000 mm
[RockPrecisionFixDiag]     holder 'boulder': built, height 600907.415835 m, matrix 600907.424382 m, up +8.547 mm, across 30.058 mm
[RockPrecisionFixDiag]     holder 'cactus': built, height 600907.415835 m, matrix 600907.424382 m, up +8.547 mm, across 30.058 mm
[RockPrecisionFixDiag]   quad 'Kerbin Xn0131000320': height 600840.136682 m, matrix 600840.136682 m, up 0.000 mm, across 0.000 mm
[RockPrecisionFixDiag]     holder 'boulder': built, height 600840.136682 m, matrix 600840.128100 m, up -8.581 mm, across 30.049 mm
[RockPrecisionFixDiag]     holder 'cactus': built, height 600840.136682 m, matrix 600840.128100 m, up -8.581 mm, across 30.049 mm
[RockPrecisionFixDiag]   quad 'Kerbin Xn0131000321': height 600851.346835 m, matrix 600851.346835 m, up 0.000 mm, across 0.000 mm
[RockPrecisionFixDiag]     holder 'boulder': built, height 600851.346835 m, matrix 600851.287011 m, up -59.824 mm, across 18.094 mm
[RockPrecisionFixDiag]     holder 'cactus': built, height 600851.346835 m, matrix 600851.287011 m, up -59.824 mm, across 18.094 mm
[RockPrecisionFixDiag]   quad 'Kerbin Xn0131000330': height 600830.716883 m, matrix 600830.716883 m, up 0.000 mm, across 0.000 mm
[RockPrecisionFixDiag]     holder 'boulder': built, height 600830.716883 m, matrix 600830.716883 m, up 0.000 mm, across 0.000 mm
[RockPrecisionFixDiag]     holder 'cactus': built, height 600830.716883 m, matrix 600830.716883 m, up 0.000 mm, across 0.000 mm
[RockPrecisionFixDiag]   quad 'Kerbin Xn0131000331': height 600865.167738 m, matrix 600865.167738 m, up 0.000 mm, across 0.000 mm
[RockPrecisionFixDiag]     holder 'boulder': built, height 600865.167738 m, matrix 600865.167738 m, up 0.000 mm, across 0.000 mm
[RockPrecisionFixDiag]     holder 'cactus': built, height 600865.167738 m, matrix 600865.167738 m, up 0.000 mm, across 0.000 mm
[RockPrecisionFixDiag]   quad 'Kerbin Xn0131000333': height 600808.188483 m, matrix 600808.188483 m, up 0.000 mm, across 0.000 mm
[RockPrecisionFixDiag]     holder 'boulder': built, height 600808.188483 m, matrix 600808.256924 m, up +68.441 mm, across 14.095 mm
[RockPrecisionFixDiag]     holder 'cactus': built, height 600808.188483 m, matrix 600808.256924 m, up +68.441 mm, across 14.095 mm
[RockPrecisionFixDiag]   quad 'Kerbin Xn0131001200': height 600904.285024 m, matrix 600904.285024 m, up 0.000 mm, across 0.000 mm
[RockPrecisionFixDiag]     holder 'boulder': built, height 600904.285024 m, matrix 600904.285024 m, up 0.000 mm, across 0.000 mm
[RockPrecisionFixDiag]     holder 'cactus': built, height 600904.285024 m, matrix 600904.285024 m, up 0.000 mm, across 0.000 mm
[RockPrecisionFixDiag]   quad 'Kerbin Xn0131001201': height 601005.198100 m, matrix 601005.198100 m, up 0.000 mm, across 0.000 mm
[RockPrecisionFixDiag]     holder 'boulder': built, height 601005.198100 m, matrix 601005.198100 m, up 0.000 mm, across 0.000 mm
[RockPrecisionFixDiag]     holder 'cactus': built, height 601005.198100 m, matrix 601005.198100 m, up 0.000 mm, across 0.000 mm
[RockPrecisionFixDiag]   quad 'Kerbin Xn0131001202': height 600926.840345 m, matrix 600926.840345 m, up 0.000 mm, across 0.000 mm
[RockPrecisionFixDiag]     holder 'boulder': built, height 600926.840345 m, matrix 600926.848893 m, up +8.548 mm, across 30.058 mm
[RockPrecisionFixDiag]     holder 'cactus': built, height 600926.840345 m, matrix 600926.848893 m, up +8.548 mm, across 30.058 mm
[RockPrecisionFixDiag]   quad 'Kerbin Xn0131001203': height 600985.010270 m, matrix 600985.010270 m, up 0.000 mm, across 0.000 mm
[RockPrecisionFixDiag]     holder 'boulder': built, height 600985.010270 m, matrix 600985.018819 m, up +8.549 mm, across 30.058 mm
[RockPrecisionFixDiag]     holder 'cactus': built, height 600985.010270 m, matrix 600985.018819 m, up +8.549 mm, across 30.058 mm
[RockPrecisionFixDiag]   quad 'Kerbin Xn0131001220': height 600872.480294 m, matrix 600872.480294 m, up 0.000 mm, across 0.000 mm
[RockPrecisionFixDiag]     holder 'boulder': built, height 600872.480294 m, matrix 600872.471708 m, up -8.586 mm, across 30.047 mm
[RockPrecisionFixDiag]     holder 'cactus': built, height 600872.480294 m, matrix 600872.471708 m, up -8.586 mm, across 30.047 mm
[RockPrecisionFixDiag]   quad 'Kerbin Xn0131001221': height 600920.621563 m, matrix 600920.621563 m, up 0.000 mm, across 0.000 mm
[RockPrecisionFixDiag]     holder 'boulder': built, height 600920.621563 m, matrix 600920.630151 m, up +8.587 mm, across 30.047 mm
[RockPrecisionFixDiag]     holder 'cactus': built, height 600920.621563 m, matrix 600920.630151 m, up +8.587 mm, across 30.047 mm
[RockPrecisionFixDiag]   quad 'Kerbin Xn0131001222': height 600792.131164 m, matrix 600792.131164 m, up 0.000 mm, across 0.000 mm
[RockPrecisionFixDiag]     holder 'boulder': built, height 600792.131164 m, matrix 600792.131164 m, up 0.000 mm, across 0.000 mm
[RockPrecisionFixDiag]     holder 'cactus': built, height 600792.131164 m, matrix 600792.131164 m, up 0.000 mm, across 0.000 mm
[RockPrecisionFixDiag]   quad 'Kerbin Xn0131001223': height 600819.842778 m, matrix 600819.842778 m, up 0.000 mm, across 0.000 mm
[RockPrecisionFixDiag]     holder 'boulder': built, height 600819.842778 m, matrix 600819.834153 m, up -8.625 mm, across 30.036 mm
[RockPrecisionFixDiag]     holder 'cactus': built, height 600819.842778 m, matrix 600819.834153 m, up -8.625 mm, across 30.036 mm
[RockPrecisionFixDiag]   quad 'Kerbin Xn0112333320': height 601279.114137 m, matrix 601279.114137 m, up 0.000 mm, across 0.000 mm
[RockPrecisionFixDiag]     holder 'boulder': built, height 601279.114137 m, matrix 601279.105866 m, up -8.271 mm, across 30.136 mm
[RockPrecisionFixDiag]     holder 'cactus': built, height 601279.114137 m, matrix 601279.105866 m, up -8.271 mm, across 30.136 mm
[RockPrecisionFixDiag]   quad 'Kerbin Xn0112333321': height 601223.812718 m, matrix 601223.812718 m, up 0.000 mm, across 0.000 mm
[RockPrecisionFixDiag]     holder 'boulder': built, height 601223.812718 m, matrix 601223.820990 m, up +8.272 mm, across 30.135 mm
[RockPrecisionFixDiag]     holder 'cactus': built, height 601223.812718 m, matrix 601223.820990 m, up +8.272 mm, across 30.135 mm
[RockPrecisionFixDiag]   quad 'Kerbin Xn0112333322': height 601135.807406 m, matrix 601135.807406 m, up 0.000 mm, across 0.000 mm
[RockPrecisionFixDiag]     holder 'boulder': built, height 601135.807406 m, matrix 601135.807406 m, up 0.000 mm, across 0.000 mm
[RockPrecisionFixDiag]     holder 'cactus': built, height 601135.807406 m, matrix 601135.807406 m, up 0.000 mm, across 0.000 mm
[RockPrecisionFixDiag]   quad 'Kerbin Xn0112333323': height 601127.195775 m, matrix 601127.195775 m, up 0.000 mm, across 0.000 mm
[RockPrecisionFixDiag]     holder 'boulder': built, height 601127.195775 m, matrix 601127.204085 m, up +8.309 mm, across 30.125 mm
[RockPrecisionFixDiag]     holder 'cactus': built, height 601127.195775 m, matrix 601127.204085 m, up +8.309 mm, across 30.125 mm
[RockPrecisionFixDiag]   quad 'Kerbin Xn0112333330': height 601167.867643 m, matrix 601167.867643 m, up 0.000 mm, across 0.000 mm
[RockPrecisionFixDiag]     holder 'boulder': built, height 601167.867643 m, matrix 601167.927577 m, up +59.934 mm, across 17.725 mm
[RockPrecisionFixDiag]     holder 'cactus': built, height 601167.867643 m, matrix 601167.927577 m, up +59.934 mm, across 17.725 mm
[RockPrecisionFixDiag]   quad 'Kerbin Xn0112333331': height 601185.785051 m, matrix 601185.785051 m, up 0.000 mm, across 0.000 mm
[RockPrecisionFixDiag]     holder 'boulder': built, height 601185.785051 m, matrix 601185.785051 m, up 0.000 mm, across 0.000 mm
[RockPrecisionFixDiag]     holder 'cactus': built, height 601185.785051 m, matrix 601185.785051 m, up 0.000 mm, across 0.000 mm
[RockPrecisionFixDiag]   quad 'Kerbin Xn0112333332': height 601097.695421 m, matrix 601097.695421 m, up 0.000 mm, across 0.000 mm
[RockPrecisionFixDiag]     holder 'boulder': built, height 601097.695421 m, matrix 601097.695421 m, up 0.000 mm, across 0.000 mm
[RockPrecisionFixDiag]     holder 'cactus': built, height 601097.695421 m, matrix 601097.695421 m, up 0.000 mm, across 0.000 mm
[RockPrecisionFixDiag]   quad 'Kerbin Xn0112333333': height 601088.971655 m, matrix 601088.971655 m, up 0.000 mm, across 0.000 mm
[RockPrecisionFixDiag]     holder 'boulder': built, height 601088.971655 m, matrix 601089.031577 m, up +59.922 mm, across 17.765 mm
[RockPrecisionFixDiag]     holder 'cactus': built, height 601088.971655 m, matrix 601089.031577 m, up +59.922 mm, across 17.765 mm
[RockPrecisionFixDiag]   quad 'Kerbin Xn0113222200': height 601585.517906 m, matrix 601585.517906 m, up 0.000 mm, across 0.000 mm
[RockPrecisionFixDiag]     holder 'boulder': built, height 601585.517906 m, matrix 601585.517906 m, up 0.000 mm, across 0.000 mm
[RockPrecisionFixDiag]     holder 'cactus': built, height 601585.517906 m, matrix 601585.517906 m, up 0.000 mm, across 0.000 mm
[RockPrecisionFixDiag]   quad 'Kerbin Xn0113222201': height 601546.753336 m, matrix 601546.753336 m, up 0.000 mm, across 0.000 mm
[RockPrecisionFixDiag]     holder 'boulder': built, height 601546.753336 m, matrix 601546.753336 m, up 0.000 mm, across 0.000 mm
[RockPrecisionFixDiag]     holder 'cactus': built, height 601546.753336 m, matrix 601546.753336 m, up 0.000 mm, across 0.000 mm
[RockPrecisionFixDiag]   quad 'Kerbin Xn0113222202': height 601968.110110 m, matrix 601968.110110 m, up 0.000 mm, across 0.000 mm
[RockPrecisionFixDiag]     holder 'boulder': built, height 601968.110110 m, matrix 601968.118349 m, up +8.239 mm, across 30.144 mm
[RockPrecisionFixDiag]     holder 'cactus': built, height 601968.110110 m, matrix 601968.118349 m, up +8.239 mm, across 30.144 mm
[RockPrecisionFixDiag]   quad 'Kerbin Xn0113222203': height 601861.612283 m, matrix 601861.612283 m, up 0.000 mm, across 0.000 mm
[RockPrecisionFixDiag]     holder 'boulder': built, height 601861.612283 m, matrix 601861.612283 m, up 0.000 mm, across 0.000 mm
[RockPrecisionFixDiag]     holder 'cactus': built, height 601861.612283 m, matrix 601861.612283 m, up 0.000 mm, across 0.000 mm
[RockPrecisionFixDiag]   quad 'Kerbin Xn0113222210': height 601456.817839 m, matrix 601456.817839 m, up 0.000 mm, across 0.000 mm
[RockPrecisionFixDiag]     holder 'boulder': built, height 601456.817839 m, matrix 601456.817839 m, up 0.000 mm, across 0.000 mm
[RockPrecisionFixDiag]     holder 'cactus': built, height 601456.817839 m, matrix 601456.817839 m, up 0.000 mm, across 0.000 mm
[RockPrecisionFixDiag]   quad 'Kerbin Xn0113222211': height 601803.420625 m, matrix 601803.420625 m, up 0.000 mm, across 0.000 mm
[RockPrecisionFixDiag]     holder 'boulder': built, height 601803.420625 m, matrix 601803.428830 m, up +8.205 mm, across 30.154 mm
[RockPrecisionFixDiag]     holder 'cactus': built, height 601803.420625 m, matrix 601803.428830 m, up +8.205 mm, across 30.154 mm
[RockPrecisionFixDiag]   quad 'Kerbin Xn0113222222': height 601107.480257 m, matrix 601107.480257 m, up 0.000 mm, across 0.000 mm
[RockPrecisionFixDiag]     holder 'boulder': built, height 601107.480257 m, matrix 601107.471944 m, up -8.313 mm, across 30.124 mm
[RockPrecisionFixDiag]     holder 'cactus': built, height 601107.480257 m, matrix 601107.471944 m, up -8.313 mm, across 30.124 mm
[RockPrecisionFixDiag]   quad 'Kerbin Xn0113222223': height 601071.763921 m, matrix 601071.763921 m, up 0.000 mm, across 0.000 mm
[RockPrecisionFixDiag]     holder 'boulder': built, height 601071.763921 m, matrix 601071.763921 m, up 0.000 mm, across 0.000 mm
[RockPrecisionFixDiag]     holder 'cactus': built, height 601071.763921 m, matrix 601071.763921 m, up 0.000 mm, across 0.000 mm
[RockPrecisionFixDiag]   quad 'Kerbin Xn0113222230': height 601758.701209 m, matrix 601758.701209 m, up 0.000 mm, across 0.000 mm
[RockPrecisionFixDiag]     holder 'boulder': built, height 601758.701209 m, matrix 601758.649516 m, up -51.692 mm, across 47.018 mm
[RockPrecisionFixDiag]     holder 'cactus': built, height 601758.701209 m, matrix 601758.649516 m, up -51.692 mm, across 47.018 mm
[RockPrecisionFixDiag]   quad 'Kerbin Xn0113222321': height 601162.260350 m, matrix 601162.260350 m, up 0.000 mm, across 0.000 mm
[RockPrecisionFixDiag]     holder 'boulder': built, height 601162.260350 m, matrix 601162.312065 m, up +51.715 mm, across 46.994 mm
[RockPrecisionFixDiag]     holder 'cactus': built, height 601162.260350 m, matrix 601162.312065 m, up +51.715 mm, across 46.994 mm
[RockPrecisionFixDiag]   quad 'Kerbin Xn0113222323': height 601112.569416 m, matrix 601112.569416 m, up 0.000 mm, across 0.000 mm
[RockPrecisionFixDiag]     holder 'boulder': built, height 601112.569416 m, matrix 601112.577735 m, up +8.319 mm, across 30.122 mm
[RockPrecisionFixDiag]     holder 'cactus': built, height 601112.569416 m, matrix 601112.577735 m, up +8.319 mm, across 30.122 mm
[RockPrecisionFixDiag]   quad 'Kerbin Xn0130111010': height 601192.165920 m, matrix 601192.165920 m, up 0.000 mm, across 0.000 mm
[RockPrecisionFixDiag]     holder 'boulder': built, height 601192.165920 m, matrix 601192.174263 m, up +8.343 mm, across 30.116 mm
[RockPrecisionFixDiag]     holder 'cactus': built, height 601192.165920 m, matrix 601192.174263 m, up +8.343 mm, across 30.116 mm
[RockPrecisionFixDiag]   quad 'Kerbin Xn0130111011': height 601059.483202 m, matrix 601059.483202 m, up 0.000 mm, across 0.000 mm
[RockPrecisionFixDiag]     holder 'boulder': built, height 601059.483202 m, matrix 601059.483202 m, up 0.000 mm, across 0.000 mm
[RockPrecisionFixDiag]     holder 'cactus': built, height 601059.483202 m, matrix 601059.483202 m, up 0.000 mm, across 0.000 mm
[RockPrecisionFixDiag]   quad 'Kerbin Xn0130111012': height 601133.484942 m, matrix 601133.484942 m, up 0.000 mm, across 0.000 mm
[RockPrecisionFixDiag]     holder 'boulder': built, height 601133.484942 m, matrix 601133.544773 m, up +59.831 mm, across 18.071 mm
[RockPrecisionFixDiag]     holder 'cactus': built, height 601133.484942 m, matrix 601133.544773 m, up +59.831 mm, across 18.071 mm
[RockPrecisionFixDiag]   quad 'Kerbin Xn0130111013': height 600985.646762 m, matrix 600985.646762 m, up 0.000 mm, across 0.000 mm
[RockPrecisionFixDiag]     holder 'boulder': built, height 600985.646762 m, matrix 600985.655143 m, up +8.381 mm, across 30.105 mm
[RockPrecisionFixDiag]     holder 'cactus': built, height 600985.646762 m, matrix 600985.655143 m, up +8.381 mm, across 30.105 mm
[RockPrecisionFixDiag]   quad 'Kerbin Xn0130111100': height 601026.485202 m, matrix 601026.485202 m, up 0.000 mm, across 0.000 mm
[RockPrecisionFixDiag]     holder 'boulder': built, height 601026.485202 m, matrix 601026.493547 m, up +8.345 mm, across 30.115 mm
[RockPrecisionFixDiag]     holder 'cactus': built, height 601026.485202 m, matrix 601026.493547 m, up +8.345 mm, across 30.115 mm
[RockPrecisionFixDiag]   quad 'Kerbin Xn0130111101': height 600993.356910 m, matrix 600993.356910 m, up 0.000 mm, across 0.000 mm
[RockPrecisionFixDiag]     holder 'boulder': built, height 600993.356910 m, matrix 600993.348563 m, up -8.347 mm, across 30.115 mm
[RockPrecisionFixDiag]     holder 'cactus': built, height 600993.356910 m, matrix 600993.348563 m, up -8.347 mm, across 30.115 mm
[RockPrecisionFixDiag]   quad 'Kerbin Xn0130111102': height 600918.571341 m, matrix 600918.571341 m, up 0.000 mm, across 0.000 mm
[RockPrecisionFixDiag]     holder 'boulder': built, height 600918.571341 m, matrix 600918.571341 m, up 0.000 mm, across 0.000 mm
[RockPrecisionFixDiag]     holder 'cactus': built, height 600918.571341 m, matrix 600918.571341 m, up 0.000 mm, across 0.000 mm
[RockPrecisionFixDiag]   quad 'Kerbin Xn0130111103': height 600866.502816 m, matrix 600866.502816 m, up 0.000 mm, across 0.000 mm
[RockPrecisionFixDiag]     holder 'boulder': built, height 600866.502816 m, matrix 600866.502816 m, up 0.000 mm, across 0.000 mm
[RockPrecisionFixDiag]     holder 'cactus': built, height 600866.502816 m, matrix 600866.502816 m, up 0.000 mm, across 0.000 mm
[RockPrecisionFixDiag]   quad 'Kerbin Xn0130111110': height 600977.948120 m, matrix 600977.948120 m, up 0.000 mm, across 0.000 mm
[RockPrecisionFixDiag]     holder 'boulder': built, height 600977.948120 m, matrix 600977.939772 m, up -8.348 mm, across 30.114 mm
[RockPrecisionFixDiag]     holder 'cactus': built, height 600977.948120 m, matrix 600977.939772 m, up -8.348 mm, across 30.114 mm
[RockPrecisionFixDiag]   quad 'Kerbin Xn0130111111': height 600977.822801 m, matrix 600977.822801 m, up 0.000 mm, across 0.000 mm
[RockPrecisionFixDiag]     holder 'boulder': built, height 600977.822801 m, matrix 600977.822801 m, up 0.000 mm, across 0.000 mm
[RockPrecisionFixDiag]     holder 'cactus': built, height 600977.822801 m, matrix 600977.822801 m, up 0.000 mm, across 0.000 mm
[RockPrecisionFixDiag]   quad 'Kerbin Xn0130111112': height 600873.275439 m, matrix 600873.275439 m, up 0.000 mm, across 0.000 mm
[RockPrecisionFixDiag]     holder 'boulder': built, height 600873.275439 m, matrix 600873.267054 m, up -8.385 mm, across 30.104 mm
[RockPrecisionFixDiag]     holder 'cactus': built, height 600873.275439 m, matrix 600873.267054 m, up -8.385 mm, across 30.104 mm
[RockPrecisionFixDiag]   quad 'Kerbin Xn0130111113': height 600899.183497 m, matrix 600899.183497 m, up 0.000 mm, across 0.000 mm
[RockPrecisionFixDiag]     holder 'boulder': built, height 600899.183497 m, matrix 600899.175110 m, up -8.387 mm, across 30.104 mm
[RockPrecisionFixDiag]     holder 'cactus': built, height 600899.183497 m, matrix 600899.175110 m, up -8.387 mm, across 30.104 mm
[RockPrecisionFixDiag]   quad 'Kerbin Xn0130111120': height 600854.873723 m, matrix 600854.873723 m, up 0.000 mm, across 0.000 mm
[RockPrecisionFixDiag]     holder 'boulder': built, height 600854.873723 m, matrix 600854.873723 m, up 0.000 mm, across 0.000 mm
[RockPrecisionFixDiag]     holder 'cactus': built, height 600854.873723 m, matrix 600854.873723 m, up 0.000 mm, across 0.000 mm
[RockPrecisionFixDiag]   quad 'Kerbin Xn0130111121': height 600808.650786 m, matrix 600808.650786 m, up 0.000 mm, across 0.000 mm
[RockPrecisionFixDiag]     holder 'boulder': built, height 600808.650786 m, matrix 600808.650786 m, up 0.000 mm, across 0.000 mm
[RockPrecisionFixDiag]     holder 'cactus': built, height 600808.650786 m, matrix 600808.650786 m, up 0.000 mm, across 0.000 mm
[RockPrecisionFixDiag]   quad 'Kerbin Xn0130111123': height 600834.920579 m, matrix 600834.920579 m, up 0.000 mm, across 0.000 mm
[RockPrecisionFixDiag]     holder 'boulder': built, height 600834.920579 m, matrix 600834.912120 m, up -8.459 mm, across 30.083 mm
[RockPrecisionFixDiag]     holder 'cactus': built, height 600834.920579 m, matrix 600834.912120 m, up -8.459 mm, across 30.083 mm
[RockPrecisionFixDiag]   quad 'Kerbin Xn0130111130': height 600812.739402 m, matrix 600812.739402 m, up 0.000 mm, across 0.000 mm
[RockPrecisionFixDiag]     holder 'boulder': built, height 600812.739402 m, matrix 600812.679554 m, up -59.848 mm, across 18.013 mm
[RockPrecisionFixDiag]     holder 'cactus': built, height 600812.739402 m, matrix 600812.679554 m, up -59.848 mm, across 18.013 mm
[RockPrecisionFixDiag]   quad 'Kerbin Xn0130111131': height 600852.707328 m, matrix 600852.707328 m, up 0.000 mm, across 0.000 mm
[RockPrecisionFixDiag]     holder 'boulder': built, height 600852.707328 m, matrix 600852.758761 m, up +51.433 mm, across 47.301 mm
[RockPrecisionFixDiag]     holder 'cactus': built, height 600852.707328 m, matrix 600852.758761 m, up +51.433 mm, across 47.301 mm
[RockPrecisionFixDiag]   quad 'Kerbin Xn0130111132': height 600833.968403 m, matrix 600833.968403 m, up 0.000 mm, across 0.000 mm
[RockPrecisionFixDiag]     holder 'boulder': built, height 600833.968403 m, matrix 600833.959942 m, up -8.460 mm, across 30.083 mm
[RockPrecisionFixDiag]     holder 'cactus': built, height 600833.968403 m, matrix 600833.959942 m, up -8.460 mm, across 30.083 mm
[RockPrecisionFixDiag]   quad 'Kerbin Xn0130111133': height 600848.984453 m, matrix 600848.984453 m, up 0.000 mm, across 0.000 mm
[RockPrecisionFixDiag]     holder 'boulder': built, height 600848.984453 m, matrix 600848.916156 m, up -68.297 mm, across 14.774 mm
[RockPrecisionFixDiag]     holder 'cactus': built, height 600848.984453 m, matrix 600848.916156 m, up -68.297 mm, across 14.774 mm
[RockPrecisionFixDiag]   quad 'Kerbin Xn0130111310': height 600877.969720 m, matrix 600877.969720 m, up 0.000 mm, across 0.000 mm
[RockPrecisionFixDiag]     holder 'boulder': built, height 600877.969720 m, matrix 600877.969720 m, up 0.000 mm, across 0.000 mm
[RockPrecisionFixDiag]     holder 'cactus': built, height 600877.969720 m, matrix 600877.969720 m, up 0.000 mm, across 0.000 mm
[RockPrecisionFixDiag]   quad 'Kerbin Xn0130111311': height 600903.036747 m, matrix 600903.036747 m, up 0.000 mm, across 0.000 mm
[RockPrecisionFixDiag]     holder 'boulder': built, height 600903.036747 m, matrix 600902.976933 m, up -59.814 mm, across 18.126 mm
[RockPrecisionFixDiag]     holder 'cactus': built, height 600903.036747 m, matrix 600902.976933 m, up -59.814 mm, across 18.126 mm
[RockPrecisionFixDiag]   quad 'Kerbin Xn0130111313': height 600855.606372 m, matrix 600855.606372 m, up 0.000 mm, across 0.000 mm
[RockPrecisionFixDiag]     holder 'boulder': built, height 600855.606372 m, matrix 600855.597835 m, up -8.537 mm, across 30.061 mm
[RockPrecisionFixDiag]     holder 'cactus': built, height 600855.606372 m, matrix 600855.597835 m, up -8.537 mm, across 30.061 mm
[RockPrecisionFixDiag]   quad 'Kerbin Xn0131000000': height 600989.162494 m, matrix 600989.162494 m, up 0.000 mm, across 0.000 mm
[RockPrecisionFixDiag]     holder 'boulder': built, height 600989.162494 m, matrix 600989.162494 m, up 0.000 mm, across 0.000 mm
[RockPrecisionFixDiag]     holder 'cactus': built, height 600989.162494 m, matrix 600989.162494 m, up 0.000 mm, across 0.000 mm
[RockPrecisionFixDiag]   quad 'Kerbin Xn0131000001': height 600935.803707 m, matrix 600935.803707 m, up 0.000 mm, across 0.000 mm
[RockPrecisionFixDiag]     holder 'boulder': built, height 600935.803707 m, matrix 600935.863626 m, up +59.919 mm, across 17.775 mm
[RockPrecisionFixDiag]     holder 'cactus': built, height 600935.803707 m, matrix 600935.863626 m, up +59.919 mm, across 17.775 mm
[RockPrecisionFixDiag]   quad 'Kerbin Xn0131000322': height 600737.365806 m, matrix 600737.365806 m, up 0.000 mm, across 0.000 mm
[RockPrecisionFixDiag]     holder 'cactus': built, height 600737.365806 m, matrix 600737.374425 m, up +8.619 mm, across 30.038 mm
[RockPrecisionFixDiag]   quad 'Kerbin Xn0131000323': height 600701.970477 m, matrix 600701.970477 m, up 0.000 mm, across 0.000 mm
[RockPrecisionFixDiag]     holder 'cactus': built, height 600701.970477 m, matrix 600701.970477 m, up 0.000 mm, across 0.000 mm
[RockPrecisionFixDiag]   quad 'Kerbin Xn0131000332': height 600783.369972 m, matrix 600783.369972 m, up 0.000 mm, across 0.000 mm
[RockPrecisionFixDiag]     holder 'cactus': built, height 600783.369972 m, matrix 600783.369972 m, up 0.000 mm, across 0.000 mm
[RockPrecisionFixDiag]   quad 'Kerbin Xn0131002000': height 600670.706926 m, matrix 600670.706926 m, up 0.000 mm, across 0.000 mm
[RockPrecisionFixDiag]     holder 'cactus': built, height 600670.706926 m, matrix 600670.706926 m, up 0.000 mm, across 0.000 mm
[RockPrecisionFixDiag]   quad 'Kerbin Xn0131002001': height 600712.065018 m, matrix 600712.065018 m, up 0.000 mm, across 0.000 mm
[RockPrecisionFixDiag]     holder 'cactus': built, height 600712.065018 m, matrix 600712.065018 m, up 0.000 mm, across 0.000 mm
[RockPrecisionFixDiag]   quad 'Kerbin Xn0131002002': height 600621.558911 m, matrix 600621.558911 m, up 0.000 mm, across 0.000 mm
[RockPrecisionFixDiag]     holder 'cactus': built, height 600621.558911 m, matrix 600621.558911 m, up 0.000 mm, across 0.000 mm
[RockPrecisionFixDiag]   quad 'Kerbin Xn0131002003': height 600611.244025 m, matrix 600611.244025 m, up 0.000 mm, across 0.000 mm
[RockPrecisionFixDiag]     holder 'cactus': built, height 600611.244025 m, matrix 600611.244025 m, up 0.000 mm, across 0.000 mm
[RockPrecisionFixDiag]   quad 'Kerbin Xn0131002010': height 600756.731987 m, matrix 600756.731987 m, up 0.000 mm, across 0.000 mm
[RockPrecisionFixDiag]     holder 'cactus': built, height 600756.731987 m, matrix 600756.731987 m, up 0.000 mm, across 0.000 mm
[RockPrecisionFixDiag]   quad 'Kerbin Xn0131002011': height 600687.724243 m, matrix 600687.724243 m, up 0.000 mm, across 0.000 mm
[RockPrecisionFixDiag]     holder 'cactus': built, height 600687.724243 m, matrix 600687.724243 m, up 0.000 mm, across 0.000 mm
[RockPrecisionFixDiag]   quad 'Kerbin Xn0131002012': height 600662.431364 m, matrix 600662.431364 m, up 0.000 mm, across 0.000 mm
[RockPrecisionFixDiag]     holder 'cactus': built, height 600662.431364 m, matrix 600662.422672 m, up -8.692 mm, across 30.017 mm
[RockPrecisionFixDiag]   quad 'Kerbin Xn0131002013': height 600650.281281 m, matrix 600650.281281 m, up 0.000 mm, across 0.000 mm
[RockPrecisionFixDiag]     holder 'cactus': built, height 600650.281281 m, matrix 600650.212848 m, up -68.432 mm, across 14.136 mm
[RockPrecisionFixDiag]   quad 'Kerbin Xn0131002021': height 600590.055905 m, matrix 600590.055905 m, up 0.000 mm, across 0.000 mm
[RockPrecisionFixDiag]     holder 'cactus': built, height 600590.055905 m, matrix 600590.124332 m, up +68.427 mm, across 14.163 mm
[RockPrecisionFixDiag]   quad 'Kerbin Xn0131002023': height 600609.934472 m, matrix 600609.934472 m, up 0.000 mm, across 0.000 mm
[RockPrecisionFixDiag]     holder 'cactus': built, height 600609.934472 m, matrix 600609.934472 m, up 0.000 mm, across 0.000 mm
[RockPrecisionFixDiag]   quad 'Kerbin Xn0131002030': height 600637.654897 m, matrix 600637.654897 m, up 0.000 mm, across 0.000 mm
[RockPrecisionFixDiag]     holder 'cactus': built, height 600637.654897 m, matrix 600637.654897 m, up 0.000 mm, across 0.000 mm
[RockPrecisionFixDiag]   quad 'Kerbin Xn0131002031': height 600636.189057 m, matrix 600636.189057 m, up 0.000 mm, across 0.000 mm
[RockPrecisionFixDiag]     holder 'cactus': built, height 600636.189057 m, matrix 600636.240042 m, up +50.985 mm, across 47.785 mm
[RockPrecisionFixDiag]   quad 'Kerbin Xn0131002032': height 600621.199225 m, matrix 600621.199225 m, up 0.000 mm, across 0.000 mm
[RockPrecisionFixDiag]     holder 'cactus': built, height 600621.199225 m, matrix 600621.148309 m, up -50.916 mm, across 47.858 mm
[RockPrecisionFixDiag]   quad 'Kerbin Xn0131002033': height 600629.627520 m, matrix 600629.627520 m, up 0.000 mm, across 0.000 mm
[RockPrecisionFixDiag]     holder 'cactus': built, height 600629.627520 m, matrix 600629.618751 m, up -8.769 mm, across 29.994 mm
[RockPrecisionFixDiag]   quad 'Kerbin Xn0131002100': height 600661.727468 m, matrix 600661.727468 m, up 0.000 mm, across 0.000 mm
[RockPrecisionFixDiag]     holder 'cactus': built, height 600661.727468 m, matrix 600661.787239 m, up +59.770 mm, across 18.269 mm
[RockPrecisionFixDiag]   quad 'Kerbin Xn0131002101': height 600671.091746 m, matrix 600671.091746 m, up 0.000 mm, across 0.000 mm
[RockPrecisionFixDiag]     holder 'cactus': built, height 600671.091746 m, matrix 600671.031967 m, up -59.779 mm, across 18.241 mm
[RockPrecisionFixDiag]   quad 'Kerbin Xn0131002102': height 600604.415370 m, matrix 600604.415370 m, up 0.000 mm, across 0.000 mm
[RockPrecisionFixDiag]     holder 'cactus': built, height 600604.415370 m, matrix 600604.415370 m, up 0.000 mm, across 0.000 mm
[RockPrecisionFixDiag]   quad 'Kerbin Xn0131002103': height 600659.358282 m, matrix 600659.358282 m, up 0.000 mm, across 0.000 mm
[RockPrecisionFixDiag]     holder 'cactus': built, height 600659.358282 m, matrix 600659.358282 m, up 0.000 mm, across 0.000 mm
[RockPrecisionFixDiag]   quad 'Kerbin Xn0131002110': height 600719.207037 m, matrix 600719.207037 m, up 0.000 mm, across 0.000 mm
[RockPrecisionFixDiag]     holder 'cactus': built, height 600719.207037 m, matrix 600719.198378 m, up -8.659 mm, across 30.026 mm
[RockPrecisionFixDiag]   quad 'Kerbin Xn0131002111': height 600790.573900 m, matrix 600790.573900 m, up 0.000 mm, across 0.000 mm
[RockPrecisionFixDiag]     holder 'cactus': built, height 600790.573900 m, matrix 600790.565240 m, up -8.661 mm, across 30.026 mm
[RockPrecisionFixDiag]   quad 'Kerbin Xn0131002112': height 600682.456608 m, matrix 600682.456608 m, up 0.000 mm, across 0.000 mm
[RockPrecisionFixDiag]     holder 'cactus': built, height 600682.456608 m, matrix 600682.525071 m, up +68.462 mm, across 13.991 mm
[RockPrecisionFixDiag]   quad 'Kerbin Xn0131002113': height 600718.901253 m, matrix 600718.901253 m, up 0.000 mm, across 0.000 mm
[RockPrecisionFixDiag]     holder 'cactus': built, height 600718.901253 m, matrix 600718.952328 m, up +51.075 mm, across 47.688 mm
[RockPrecisionFixDiag]   quad 'Kerbin Xn0131002120': height 600620.315689 m, matrix 600620.315689 m, up 0.000 mm, across 0.000 mm
[RockPrecisionFixDiag]     holder 'cactus': built, height 600620.315689 m, matrix 600620.306957 m, up -8.733 mm, across 30.005 mm
[RockPrecisionFixDiag]   quad 'Kerbin Xn0131002121': height 600643.295692 m, matrix 600643.295692 m, up 0.000 mm, across 0.000 mm
[RockPrecisionFixDiag]     holder 'cactus': built, height 600643.295692 m, matrix 600643.304426 m, up +8.734 mm, across 30.005 mm
[RockPrecisionFixDiag]   quad 'Kerbin Xn0131002122': height 600657.379992 m, matrix 600657.379992 m, up 0.000 mm, across 0.000 mm
[RockPrecisionFixDiag]     holder 'cactus': built, height 600657.379992 m, matrix 600657.379992 m, up 0.000 mm, across 0.000 mm
[RockPrecisionFixDiag]   quad 'Kerbin Xn0131002123': height 600679.264175 m, matrix 600679.264175 m, up 0.000 mm, across 0.000 mm
[RockPrecisionFixDiag]     holder 'cactus': built, height 600679.264175 m, matrix 600679.272947 m, up +8.772 mm, across 29.994 mm
[RockPrecisionFixDiag]   quad 'Kerbin Xn0131002130': height 600686.493869 m, matrix 600686.493869 m, up 0.000 mm, across 0.000 mm
[RockPrecisionFixDiag]     holder 'cactus': built, height 600686.493869 m, matrix 600686.493869 m, up 0.000 mm, across 0.000 mm
[RockPrecisionFixDiag]   quad 'Kerbin Xn0131002131': height 600686.202906 m, matrix 600686.202906 m, up 0.000 mm, across 0.000 mm
[RockPrecisionFixDiag]     holder 'cactus': built, height 600686.202906 m, matrix 600686.202906 m, up 0.000 mm, across 0.000 mm
[RockPrecisionFixDiag]   quad 'Kerbin Xn0131002132': height 600686.241098 m, matrix 600686.241098 m, up 0.000 mm, across 0.000 mm
[RockPrecisionFixDiag]     holder 'cactus': built, height 600686.241098 m, matrix 600686.241098 m, up 0.000 mm, across 0.000 mm
[RockPrecisionFixDiag]   quad 'Kerbin Xn0131002133': height 600659.997722 m, matrix 600659.997722 m, up 0.000 mm, across 0.000 mm
[RockPrecisionFixDiag]     holder 'cactus': built, height 600659.997722 m, matrix 600659.988948 m, up -8.775 mm, across 29.993 mm
[RockPrecisionFixDiag]   quad 'Kerbin Xn0131002201': height 600607.704940 m, matrix 600607.704940 m, up 0.000 mm, across 0.000 mm
[RockPrecisionFixDiag]     holder 'cactus': built, height 600607.704940 m, matrix 600607.704940 m, up 0.000 mm, across 0.000 mm
[RockPrecisionFixDiag]   quad 'Kerbin Xn0131002203': height 600568.624507 m, matrix 600568.624507 m, up 0.000 mm, across 0.000 mm
[RockPrecisionFixDiag]     holder 'cactus': built, height 600568.624507 m, matrix 600568.624507 m, up 0.000 mm, across 0.000 mm
[RockPrecisionFixDiag]   quad 'Kerbin Xn0131002210': height 600616.177007 m, matrix 600616.177007 m, up 0.000 mm, across 0.000 mm
[RockPrecisionFixDiag]     holder 'cactus': built, height 600616.177007 m, matrix 600616.168200 m, up -8.806 mm, across 29.984 mm
[RockPrecisionFixDiag]   quad 'Kerbin Xn0131002211': height 600620.580863 m, matrix 600620.580863 m, up 0.000 mm, across 0.000 mm
[RockPrecisionFixDiag]     holder 'cactus': built, height 600620.580863 m, matrix 600620.580863 m, up 0.000 mm, across 0.000 mm
[RockPrecisionFixDiag]   quad 'Kerbin Xn0131002212': height 600599.630237 m, matrix 600599.630237 m, up 0.000 mm, across 0.000 mm
[RockPrecisionFixDiag]     holder 'cactus': built, height 600599.630237 m, matrix 600599.689876 m, up +59.638 mm, across 18.696 mm
[RockPrecisionFixDiag]   quad 'Kerbin Xn0131002213': height 600620.680931 m, matrix 600620.680931 m, up 0.000 mm, across 0.000 mm
[RockPrecisionFixDiag]     holder 'cactus': built, height 600620.680931 m, matrix 600620.680931 m, up 0.000 mm, across 0.000 mm
[RockPrecisionFixDiag]   quad 'Kerbin Xn0131002221': height 600523.719747 m, matrix 600523.719747 m, up 0.000 mm, across 0.000 mm
[RockPrecisionFixDiag]     holder 'cactus': built, height 600523.719747 m, matrix 600523.719747 m, up 0.000 mm, across 0.000 mm
[RockPrecisionFixDiag]   quad 'Kerbin Xn0131002223': height 600496.319782 m, matrix 600496.319782 m, up 0.000 mm, across 0.000 mm
[RockPrecisionFixDiag]     holder 'cactus': built, height 600496.319782 m, matrix 600496.251281 m, up -68.502 mm, across 13.796 mm
[RockPrecisionFixDiag]   quad 'Kerbin Xn0131002230': height 600552.244705 m, matrix 600552.244705 m, up 0.000 mm, across 0.000 mm
[RockPrecisionFixDiag]     holder 'cactus': built, height 600552.244705 m, matrix 600552.244705 m, up 0.000 mm, across 0.000 mm
[RockPrecisionFixDiag]   quad 'Kerbin Xn0131002231': height 600579.593551 m, matrix 600579.593551 m, up 0.000 mm, across 0.000 mm
[RockPrecisionFixDiag]     holder 'cactus': built, height 600579.593551 m, matrix 600579.602435 m, up +8.884 mm, across 29.961 mm
[RockPrecisionFixDiag]   quad 'Kerbin Xn0131002232': height 600510.523797 m, matrix 600510.523797 m, up 0.000 mm, across 0.000 mm
[RockPrecisionFixDiag]     holder 'cactus': built, height 600510.523797 m, matrix 600510.514876 m, up -8.921 mm, across 29.950 mm
[RockPrecisionFixDiag]   quad 'Kerbin Xn0131002233': height 600517.759464 m, matrix 600517.759464 m, up 0.000 mm, across 0.000 mm
[RockPrecisionFixDiag]     holder 'cactus': built, height 600517.759464 m, matrix 600517.750541 m, up -8.922 mm, across 29.949 mm
[RockPrecisionFixDiag]   quad 'Kerbin Xn0131002300': height 600645.353308 m, matrix 600645.353308 m, up 0.000 mm, across 0.000 mm
[RockPrecisionFixDiag]     holder 'cactus': built, height 600645.353308 m, matrix 600645.353308 m, up 0.000 mm, across 0.000 mm
[RockPrecisionFixDiag]   quad 'Kerbin Xn0131002301': height 600634.001780 m, matrix 600634.001780 m, up 0.000 mm, across 0.000 mm
[RockPrecisionFixDiag]     holder 'cactus': built, height 600634.001780 m, matrix 600634.001780 m, up 0.000 mm, across 0.000 mm
[RockPrecisionFixDiag]   quad 'Kerbin Xn0131002302': height 600596.607195 m, matrix 600596.607195 m, up 0.000 mm, across 0.000 mm
[RockPrecisionFixDiag]     holder 'cactus': built, height 600596.607195 m, matrix 600596.607195 m, up 0.000 mm, across 0.000 mm
[RockPrecisionFixDiag]   quad 'Kerbin Xn0131002303': height 600621.531596 m, matrix 600621.531596 m, up 0.000 mm, across 0.000 mm
[RockPrecisionFixDiag]     holder 'cactus': built, height 600621.531596 m, matrix 600621.540444 m, up +8.848 mm, across 29.971 mm
[RockPrecisionFixDiag]   quad 'Kerbin Xn0130111331': height 600738.911817 m, matrix 600738.911817 m, up 0.000 mm, across 0.000 mm
[RockPrecisionFixDiag]     holder 'cactus': built, height 600738.911817 m, matrix 600738.911817 m, up 0.000 mm, across 0.000 mm
[RockPrecisionFixDiag]   quad 'Kerbin Xn0131000222': height 600736.662999 m, matrix 600736.662999 m, up 0.000 mm, across 0.000 mm
[RockPrecisionFixDiag]     holder 'cactus': built, height 600736.662999 m, matrix 600736.714142 m, up +51.143 mm, across 47.615 mm
[RockPrecisionFixDiag]   quad 'Kerbin Xn0131000223': height 600738.894473 m, matrix 600738.894473 m, up 0.000 mm, across 0.000 mm
[RockPrecisionFixDiag]     holder 'cactus': built, height 600738.894473 m, matrix 600738.894473 m, up 0.000 mm, across 0.000 mm
[RockPrecisionFixDiag]   quad 'Kerbin Xn0131000233': height 600788.069955 m, matrix 600788.069955 m, up 0.000 mm, across 0.000 mm
[RockPrecisionFixDiag]     holder 'cactus': built, height 600788.069955 m, matrix 600788.069955 m, up 0.000 mm, across 0.000 mm
[RockPrecisionFixDiag]   rock 'Kerbin Xn0131000203' 'boulder' #0 vertex 120: ground --, vertex 600839.782660 m, -- mm above the ground
[RockPrecisionFixDiag]   rock 'Kerbin Xn0131000203' 'boulder' #0 vertex 104: ground --, vertex 600843.594178 m, -- mm above the ground
[RockPrecisionFixDiag]   rock 'Kerbin Xn0131000203' 'boulder' #0 vertex 35: ground --, vertex 600844.456445 m, -- mm above the ground
[RockPrecisionFixDiag]   rock 'Kerbin Xn0131000203' 'boulder' #0 vertex 62: ground 600842.495312 m, vertex 600842.881114 m, +385.802 mm above the ground
[RockPrecisionFixDiag]   rock 'Kerbin Xn0131000203' 'boulder' #0 vertex 173: ground 600842.207517 m, vertex 600841.494406 m, -713.111 mm above the ground
[RockPrecisionFixDiag]   rock 'Kerbin Xn0131000203' 'boulder' #0 vertex 15: ground --, vertex 600840.496144 m, -- mm above the ground
[RockPrecisionFixDiag]   rock 'Kerbin Xn0131000203' 'boulder' #0 vertex 21: ground 600842.411465 m, vertex 600841.594328 m, -817.137 mm above the ground
[RockPrecisionFixDiag]   rock 'Kerbin Xn0131000203' 'boulder' #0 vertex 34: ground --, vertex 600843.752364 m, -- mm above the ground
[RockPrecisionFixDiag]   rock 'Kerbin Xn0131000203' 'boulder' #0 vertex 0: ground --, vertex 600841.253148 m, -- mm above the ground
[RockPrecisionFixDiag]   rock 'Kerbin Xn0131000203' 'boulder' #0 vertex 90: ground --, vertex 600844.318929 m, -- mm above the ground
[RockPrecisionFixDiag]   rock 'Kerbin Xn0131000203' 'cactus' #0 vertex 53: ground --, vertex 600847.390480 m, -- mm above the ground
[RockPrecisionFixDiag]   rock 'Kerbin Xn0131000203' 'cactus' #0 vertex 33: ground --, vertex 600854.917609 m, -- mm above the ground
[RockPrecisionFixDiag]   rock 'Kerbin Xn0131000203' 'cactus' #0 vertex 334: ground --, vertex 600851.378654 m, -- mm above the ground
[RockPrecisionFixDiag]   rock 'Kerbin Xn0131000203' 'cactus' #0 vertex 100: ground --, vertex 600851.933097 m, -- mm above the ground
[RockPrecisionFixDiag]   rock 'Kerbin Xn0131000203' 'cactus' #0 vertex 159: ground --, vertex 600849.663317 m, -- mm above the ground
[RockPrecisionFixDiag]   rock 'Kerbin Xn0131000203' 'cactus' #0 vertex 418: ground --, vertex 600853.354319 m, -- mm above the ground
[RockPrecisionFixDiag]   rock 'Kerbin Xn0131000203' 'cactus' #0 vertex 303: ground --, vertex 600853.672036 m, -- mm above the ground
[RockPrecisionFixDiag]   rock 'Kerbin Xn0131000203' 'cactus' #0 vertex 125: ground --, vertex 600850.641052 m, -- mm above the ground
[RockPrecisionFixDiag]   rock 'Kerbin Xn0131000203' 'cactus' #0 vertex 340: ground --, vertex 600850.202272 m, -- mm above the ground
[RockPrecisionFixDiag]   rock 'Kerbin Xn0131000203' 'cactus' #0 vertex 348: ground --, vertex 600852.456945 m, -- mm above the ground
[RockPrecisionFixDiag]   rock 'Kerbin Xn0131000203' 'cactus' #1 vertex 53: ground --, vertex 600845.578500 m, -- mm above the ground
[RockPrecisionFixDiag]   rock 'Kerbin Xn0131000203' 'cactus' #1 vertex 33: ground --, vertex 600855.809235 m, -- mm above the ground
[RockPrecisionFixDiag]   rock 'Kerbin Xn0131000203' 'cactus' #1 vertex 334: ground --, vertex 600850.997384 m, -- mm above the ground
[RockPrecisionFixDiag]   rock 'Kerbin Xn0131000203' 'cactus' #1 vertex 100: ground --, vertex 600851.754423 m, -- mm above the ground
[RockPrecisionFixDiag]   rock 'Kerbin Xn0131000203' 'cactus' #1 vertex 159: ground --, vertex 600848.667936 m, -- mm above the ground
[RockPrecisionFixDiag]   rock 'Kerbin Xn0131000203' 'cactus' #1 vertex 418: ground --, vertex 600853.682765 m, -- mm above the ground
[RockPrecisionFixDiag]   rock 'Kerbin Xn0131000203' 'cactus' #1 vertex 303: ground --, vertex 600854.117658 m, -- mm above the ground
[RockPrecisionFixDiag]   rock 'Kerbin Xn0131000203' 'cactus' #1 vertex 125: ground --, vertex 600849.997667 m, -- mm above the ground
[RockPrecisionFixDiag]   rock 'Kerbin Xn0131000203' 'cactus' #1 vertex 340: ground --, vertex 600849.399034 m, -- mm above the ground
[RockPrecisionFixDiag]   rock 'Kerbin Xn0131000203' 'cactus' #1 vertex 348: ground --, vertex 600852.462974 m, -- mm above the ground
[RockPrecisionFixDiag]   rock 'Kerbin Xn0131000203' 'cactus' #2 vertex 53: ground --, vertex 600843.390118 m, -- mm above the ground
[RockPrecisionFixDiag]   rock 'Kerbin Xn0131000203' 'cactus' #2 vertex 33: ground --, vertex 600849.293008 m, -- mm above the ground
[RockPrecisionFixDiag]   rock 'Kerbin Xn0131000203' 'cactus' #2 vertex 334: ground --, vertex 600846.516978 m, -- mm above the ground
[RockPrecisionFixDiag]   rock 'Kerbin Xn0131000203' 'cactus' #2 vertex 100: ground --, vertex 600846.953205 m, -- mm above the ground
[RockPrecisionFixDiag]   rock 'Kerbin Xn0131000203' 'cactus' #2 vertex 159: ground --, vertex 600845.172610 m, -- mm above the ground
[RockPrecisionFixDiag]   rock 'Kerbin Xn0131000203' 'cactus' #2 vertex 418: ground --, vertex 600848.066359 m, -- mm above the ground
[RockPrecisionFixDiag]   rock 'Kerbin Xn0131000203' 'cactus' #2 vertex 303: ground --, vertex 600848.316784 m, -- mm above the ground
[RockPrecisionFixDiag]   rock 'Kerbin Xn0131000203' 'cactus' #2 vertex 125: ground --, vertex 600845.939708 m, -- mm above the ground
[RockPrecisionFixDiag]   rock 'Kerbin Xn0131000203' 'cactus' #2 vertex 340: ground --, vertex 600845.594667 m, -- mm above the ground
[RockPrecisionFixDiag]   rock 'Kerbin Xn0131000203' 'cactus' #2 vertex 348: ground 600844.329659 m, vertex 600847.362609 m, +3032.950 mm above the ground
[RockPrecisionFixDiag]   rock 'Kerbin Xn0131000203' 'cactus' #3 vertex 53: ground --, vertex 600842.846007 m, -- mm above the ground
[RockPrecisionFixDiag]   rock 'Kerbin Xn0131000203' 'cactus' #3 vertex 33: ground --, vertex 600848.204267 m, -- mm above the ground
[RockPrecisionFixDiag]   rock 'Kerbin Xn0131000203' 'cactus' #3 vertex 334: ground --, vertex 600845.684669 m, -- mm above the ground
[RockPrecisionFixDiag]   rock 'Kerbin Xn0131000203' 'cactus' #3 vertex 100: ground --, vertex 600846.080055 m, -- mm above the ground
[RockPrecisionFixDiag]   rock 'Kerbin Xn0131000203' 'cactus' #3 vertex 159: ground --, vertex 600844.463992 m, -- mm above the ground
[RockPrecisionFixDiag]   rock 'Kerbin Xn0131000203' 'cactus' #3 vertex 418: ground --, vertex 600847.091080 m, -- mm above the ground
[RockPrecisionFixDiag]   rock 'Kerbin Xn0131000203' 'cactus' #3 vertex 303: ground --, vertex 600847.317879 m, -- mm above the ground
[RockPrecisionFixDiag]   rock 'Kerbin Xn0131000203' 'cactus' #3 vertex 125: ground --, vertex 600845.160178 m, -- mm above the ground
[RockPrecisionFixDiag]   rock 'Kerbin Xn0131000203' 'cactus' #3 vertex 340: ground --, vertex 600844.847363 m, -- mm above the ground
[RockPrecisionFixDiag]   rock 'Kerbin Xn0131000203' 'cactus' #3 vertex 348: ground --, vertex 600846.452268 m, -- mm above the ground
[RockPrecisionFixDiag]   rock 'Kerbin Xn0131000203' 'cactus' #4 vertex 53: ground --, vertex 600862.166552 m, -- mm above the ground
[RockPrecisionFixDiag]   rock 'Kerbin Xn0131000203' 'cactus' #4 vertex 33: ground --, vertex 600867.724454 m, -- mm above the ground
[RockPrecisionFixDiag]   rock 'Kerbin Xn0131000203' 'cactus' #4 vertex 334: ground --, vertex 600865.111700 m, -- mm above the ground
[RockPrecisionFixDiag]   rock 'Kerbin Xn0131000203' 'cactus' #4 vertex 100: ground --, vertex 600865.520232 m, -- mm above the ground
[RockPrecisionFixDiag]   rock 'Kerbin Xn0131000203' 'cactus' #4 vertex 159: ground --, vertex 600863.844743 m, -- mm above the ground
[RockPrecisionFixDiag]   rock 'Kerbin Xn0131000203' 'cactus' #4 vertex 418: ground --, vertex 600866.570526 m, -- mm above the ground
[RockPrecisionFixDiag]   rock 'Kerbin Xn0131000203' 'cactus' #4 vertex 303: ground --, vertex 600866.804317 m, -- mm above the ground
[RockPrecisionFixDiag]   rock 'Kerbin Xn0131000203' 'cactus' #4 vertex 125: ground --, vertex 600864.566334 m, -- mm above the ground
[RockPrecisionFixDiag]   rock 'Kerbin Xn0131000203' 'cactus' #4 vertex 340: ground --, vertex 600864.243028 m, -- mm above the ground
[RockPrecisionFixDiag]   rock 'Kerbin Xn0131000203' 'cactus' #4 vertex 348: ground --, vertex 600865.907817 m, -- mm above the ground
[RockPrecisionFixDiag] End of record 2: 173 quads with rocks, 306 holders (0 not built yet); nearest quad 'Kerbin Xn0131000203': 6 rocks, 60 vertices measured, 56 without ground under them
