[RockPrecisionFixDiag] Record 1 on Kerbin: scatter on. Heights are distances from the centre of Kerbin, in metres
[RockPrecisionFixDiag]   quad 'Kerbin Xn0113222322': height 601225.523920 m, matrix 601225.523920 m, up 0.000 mm, across 0.000 mm
[RockPrecisionFixDiag]     holder 'Grass00': built, height 601225.523920 m, matrix 601225.523920 m, up 0.000 mm, across 0.000 mm
[RockPrecisionFixDiag]     holder 'boulder': built, height 601225.523920 m, matrix 601225.523920 m, up 0.000 mm, across 0.000 mm
[RockPrecisionFixDiag]     holder 'cactus': built, height 601225.523920 m, matrix 601225.523920 m, up 0.000 mm, across 0.000 mm
[RockPrecisionFixDiag]   quad 'Kerbin Xn0113222320': height 601347.532028 m, matrix 601347.532028 m, up 0.000 mm, across 0.000 mm
[RockPrecisionFixDiag]     holder 'Grass00': built, height 601347.532028 m, matrix 601347.524143 m, up -7.885 mm, across 30.239 mm
[RockPrecisionFixDiag]     holder 'boulder': built, height 601347.532028 m, matrix 601347.524143 m, up -7.885 mm, across 30.239 mm
[RockPrecisionFixDiag]     holder 'cactus': built, height 601347.532028 m, matrix 601347.524143 m, up -7.885 mm, across 30.239 mm
[RockPrecisionFixDiag]   quad 'Kerbin Xn0113222233': height 601568.918687 m, matrix 601568.918687 m, up 0.000 mm, across 0.000 mm
[RockPrecisionFixDiag]     holder 'Grass00': built, height 601568.918687 m, matrix 601568.918687 m, up 0.000 mm, across 0.000 mm
[RockPrecisionFixDiag]     holder 'boulder': built, height 601568.918687 m, matrix 601568.918687 m, up 0.000 mm, across 0.000 mm
[RockPrecisionFixDiag]     holder 'cactus': built, height 601568.918687 m, matrix 601568.918687 m, up 0.000 mm, across 0.000 mm
[RockPrecisionFixDiag]   quad 'Kerbin Xn0113222232': height 601376.239683 m, matrix 601376.239683 m, up 0.000 mm, across 0.000 mm
[RockPrecisionFixDiag]     holder 'Grass00': built, height 601376.239683 m, matrix 601376.239683 m, up 0.000 mm, across 0.000 mm
[RockPrecisionFixDiag]     holder 'boulder': built, height 601376.239683 m, matrix 601376.239683 m, up 0.000 mm, across 0.000 mm
[RockPrecisionFixDiag]     holder 'cactus': built, height 601376.239683 m, matrix 601376.239683 m, up 0.000 mm, across 0.000 mm
[RockPrecisionFixDiag]   quad 'Kerbin Xn0113222231': height 601693.859034 m, matrix 601693.859034 m, up 0.000 mm, across 0.000 mm
[RockPrecisionFixDiag]     holder 'Grass00': built, height 601693.859034 m, matrix 601693.859034 m, up 0.000 mm, across 0.000 mm
[RockPrecisionFixDiag]     holder 'boulder': built, height 601693.859034 m, matrix 601693.859034 m, up 0.000 mm, across 0.000 mm
[RockPrecisionFixDiag]     holder 'cactus': built, height 601693.859034 m, matrix 601693.859034 m, up 0.000 mm, across 0.000 mm
[RockPrecisionFixDiag]   quad 'Kerbin Xn0113222221': height 601485.466250 m, matrix 601485.466250 m, up 0.000 mm, across 0.000 mm
[RockPrecisionFixDiag]     holder 'Grass00': built, height 601485.466250 m, matrix 601485.466250 m, up 0.000 mm, across 0.000 mm
[RockPrecisionFixDiag]     holder 'boulder': built, height 601485.466250 m, matrix 601485.466250 m, up 0.000 mm, across 0.000 mm
[RockPrecisionFixDiag]     holder 'cactus': built, height 601485.466250 m, matrix 601485.466250 m, up 0.000 mm, across 0.000 mm
[RockPrecisionFixDiag]   quad 'Kerbin Xn0113222220': height 601352.580767 m, matrix 601352.580767 m, up 0.000 mm, across 0.000 mm
[RockPrecisionFixDiag]     holder 'Grass00': built, height 601352.580767 m, matrix 601352.588648 m, up +7.880 mm, across 30.240 mm
[RockPrecisionFixDiag]     holder 'boulder': built, height 601352.580767 m, matrix 601352.588648 m, up +7.880 mm, across 30.240 mm
[RockPrecisionFixDiag]     holder 'cactus': built, height 601352.580767 m, matrix 601352.588648 m, up +7.880 mm, across 30.240 mm
[RockPrecisionFixDiag]   quad 'Kerbin Xn0113222213': height 601945.373174 m, matrix 601945.373174 m, up 0.000 mm, across 0.000 mm
[RockPrecisionFixDiag]     holder 'Grass00': built, height 601945.373174 m, matrix 601945.365327 m, up -7.846 mm, across 30.249 mm
[RockPrecisionFixDiag]     holder 'boulder': built, height 601945.373174 m, matrix 601945.365327 m, up -7.846 mm, across 30.249 mm
[RockPrecisionFixDiag]     holder 'cactus': built, height 601945.373174 m, matrix 601945.365327 m, up -7.846 mm, across 30.249 mm
[RockPrecisionFixDiag]   quad 'Kerbin Xn0113222212': height 601669.606736 m, matrix 601669.606736 m, up 0.000 mm, across 0.000 mm
[RockPrecisionFixDiag]     holder 'Grass00': built, height 601669.606736 m, matrix 601669.606736 m, up 0.000 mm, across 0.000 mm
[RockPrecisionFixDiag]     holder 'boulder': built, height 601669.606736 m, matrix 601669.606736 m, up 0.000 mm, across 0.000 mm
[RockPrecisionFixDiag]     holder 'cactus': built, height 601669.606736 m, matrix 601669.606736 m, up 0.000 mm, across 0.000 mm
[RockPrecisionFixDiag]   quad 'Kerbin Xn0112333313': height 601674.159226 m, matrix 601674.159226 m, up 0.000 mm, across 0.000 mm
[RockPrecisionFixDiag]     holder 'Grass00': built, height 601674.159226 m, matrix 601674.159226 m, up 0.000 mm, across 0.000 mm
[RockPrecisionFixDiag]     holder 'boulder': built, height 601674.159226 m, matrix 601674.159226 m, up 0.000 mm, across 0.000 mm
[RockPrecisionFixDiag]     holder 'cactus': built, height 601674.159226 m, matrix 601674.159226 m, up 0.000 mm, across 0.000 mm
[RockPrecisionFixDiag]   quad 'Kerbin Xn0112333312': height 601368.826540 m, matrix 601368.826540 m, up 0.000 mm, across 0.000 mm
[RockPrecisionFixDiag]     holder 'Grass00': built, height 601368.826540 m, matrix 601368.834380 m, up +7.840 mm, across 30.250 mm
[RockPrecisionFixDiag]     holder 'boulder': built, height 601368.826540 m, matrix 601368.834380 m, up +7.840 mm, across 30.250 mm
[RockPrecisionFixDiag]     holder 'cactus': built, height 601368.826540 m, matrix 601368.834380 m, up +7.840 mm, across 30.250 mm
[RockPrecisionFixDiag]   quad 'Kerbin Xn0112333310': height 601630.555962 m, matrix 601630.555962 m, up 0.000 mm, across 0.000 mm
[RockPrecisionFixDiag]     holder 'Grass00': built, height 601630.555962 m, matrix 601630.487972 m, up -67.990 mm, across 16.130 mm
[RockPrecisionFixDiag]     holder 'boulder': built, height 601630.555962 m, matrix 601630.487972 m, up -67.990 mm, across 16.130 mm
[RockPrecisionFixDiag]     holder 'cactus': built, height 601630.555962 m, matrix 601630.487972 m, up -67.990 mm, across 16.130 mm
[RockPrecisionFixDiag]   quad 'Kerbin Xn0112333311': height 601755.236750 m, matrix 601755.236750 m, up 0.000 mm, across 0.000 mm
[RockPrecisionFixDiag]     holder 'Grass00': built, height 601755.236750 m, matrix 601755.236750 m, up 0.000 mm, across 0.000 mm
[RockPrecisionFixDiag]     holder 'boulder': built, height 601755.236750 m, matrix 601755.236750 m, up 0.000 mm, across 0.000 mm
[RockPrecisionFixDiag]     holder 'cactus': built, height 601755.236750 m, matrix 601755.236750 m, up 0.000 mm, across 0.000 mm
[RockPrecisionFixDiag]   quad 'Kerbin Xn0131000021': height 600958.563774 m, matrix 600958.563774 m, up 0.000 mm, across 0.000 mm
[RockPrecisionFixDiag]     holder 'boulder': built, height 600958.563774 m, matrix 600958.623866 m, up +60.093 mm, across 17.179 mm
[RockPrecisionFixDiag]     holder 'cactus': built, height 600958.563774 m, matrix 600958.623866 m, up +60.093 mm, across 17.179 mm
[RockPrecisionFixDiag]   quad 'Kerbin Xn0131000020': height 600869.874607 m, matrix 600869.874607 m, up 0.000 mm, across 0.000 mm
[RockPrecisionFixDiag]     holder 'boulder': built, height 600869.874607 m, matrix 600869.874607 m, up 0.000 mm, across 0.000 mm
[RockPrecisionFixDiag]     holder 'cactus': built, height 600869.874607 m, matrix 600869.874607 m, up 0.000 mm, across 0.000 mm
[RockPrecisionFixDiag]   quad 'Kerbin Xn0131000013': height 601212.411071 m, matrix 601212.411071 m, up 0.000 mm, across 0.000 mm
[RockPrecisionFixDiag]     holder 'boulder': built, height 601212.411071 m, matrix 601212.411071 m, up 0.000 mm, across 0.000 mm
[RockPrecisionFixDiag]     holder 'cactus': built, height 601212.411071 m, matrix 601212.411071 m, up 0.000 mm, across 0.000 mm
[RockPrecisionFixDiag]   quad 'Kerbin Xn0131000012': height 601130.010238 m, matrix 601130.010238 m, up 0.000 mm, across 0.000 mm
[RockPrecisionFixDiag]     holder 'boulder': built, height 601130.010238 m, matrix 601130.002243 m, up -7.995 mm, across 30.210 mm
[RockPrecisionFixDiag]     holder 'cactus': built, height 601130.010238 m, matrix 601130.002243 m, up -7.995 mm, across 30.210 mm
[RockPrecisionFixDiag]   quad 'Kerbin Xn0131000011': height 601416.301807 m, matrix 601416.301807 m, up 0.000 mm, across 0.000 mm
[RockPrecisionFixDiag]     holder 'boulder': built, height 601416.301807 m, matrix 601416.301807 m, up 0.000 mm, across 0.000 mm
[RockPrecisionFixDiag]     holder 'cactus': built, height 601416.301807 m, matrix 601416.301807 m, up 0.000 mm, across 0.000 mm
[RockPrecisionFixDiag]   quad 'Kerbin Xn0131000010': height 601086.293090 m, matrix 601086.293090 m, up 0.000 mm, across 0.000 mm
[RockPrecisionFixDiag]     holder 'boulder': built, height 601086.293090 m, matrix 601086.293090 m, up 0.000 mm, across 0.000 mm
[RockPrecisionFixDiag]     holder 'cactus': built, height 601086.293090 m, matrix 601086.293090 m, up 0.000 mm, across 0.000 mm
[RockPrecisionFixDiag]   quad 'Kerbin Xn0131000003': height 600905.054975 m, matrix 600905.054975 m, up 0.000 mm, across 0.000 mm
[RockPrecisionFixDiag]     holder 'boulder': built, height 600905.054975 m, matrix 600904.986868 m, up -68.108 mm, across 15.626 mm
[RockPrecisionFixDiag]     holder 'cactus': built, height 600905.054975 m, matrix 600904.986868 m, up -68.108 mm, across 15.626 mm
[RockPrecisionFixDiag]   quad 'Kerbin Xn0131000002': height 600912.228711 m, matrix 600912.228711 m, up 0.000 mm, across 0.000 mm
[RockPrecisionFixDiag]     holder 'boulder': built, height 600912.228711 m, matrix 600912.176600 m, up -52.111 mm, across 46.553 mm
[RockPrecisionFixDiag]     holder 'cactus': built, height 600912.228711 m, matrix 600912.176600 m, up -52.111 mm, across 46.553 mm
[RockPrecisionFixDiag]   quad 'Kerbin Xn0131000001': height 600935.847707 m, matrix 600935.847707 m, up 0.000 mm, across 0.000 mm
[RockPrecisionFixDiag]     holder 'boulder': built, height 600935.847707 m, matrix 600935.839750 m, up -7.956 mm, across 30.220 mm
[RockPrecisionFixDiag]     holder 'cactus': built, height 600935.847707 m, matrix 600935.839750 m, up -7.956 mm, across 30.220 mm
[RockPrecisionFixDiag]   quad 'Kerbin Xn0131000000': height 600989.156773 m, matrix 600989.156773 m, up 0.000 mm, across 0.000 mm
[RockPrecisionFixDiag]     holder 'boulder': built, height 600989.156773 m, matrix 600989.156773 m, up 0.000 mm, across 0.000 mm
[RockPrecisionFixDiag]     holder 'cactus': built, height 600989.156773 m, matrix 600989.156773 m, up 0.000 mm, across 0.000 mm
[RockPrecisionFixDiag]   quad 'Kerbin Xn0130111313': height 600855.557950 m, matrix 600855.557950 m, up 0.000 mm, across 0.000 mm
[RockPrecisionFixDiag]     holder 'boulder': built, height 600855.557950 m, matrix 600855.557950 m, up 0.000 mm, across 0.000 mm
[RockPrecisionFixDiag]     holder 'cactus': built, height 600855.557950 m, matrix 600855.557950 m, up 0.000 mm, across 0.000 mm
[RockPrecisionFixDiag]   quad 'Kerbin Xn0130111311': height 600902.945416 m, matrix 600902.945416 m, up 0.000 mm, across 0.000 mm
[RockPrecisionFixDiag]     holder 'boulder': built, height 600902.945416 m, matrix 600902.945416 m, up 0.000 mm, across 0.000 mm
[RockPrecisionFixDiag]     holder 'cactus': built, height 600902.945416 m, matrix 600902.945416 m, up 0.000 mm, across 0.000 mm
[RockPrecisionFixDiag]   quad 'Kerbin Xn0130111310': height 600877.933796 m, matrix 600877.933796 m, up 0.000 mm, across 0.000 mm
[RockPrecisionFixDiag]     holder 'boulder': built, height 600877.933796 m, matrix 600877.925693 m, up -8.103 mm, across 30.181 mm
[RockPrecisionFixDiag]     holder 'cactus': built, height 600877.933796 m, matrix 600877.925693 m, up -8.103 mm, across 30.181 mm
[RockPrecisionFixDiag]   quad 'Kerbin Xn0130111133': height 600848.932154 m, matrix 600848.932154 m, up 0.000 mm, across 0.000 mm
[RockPrecisionFixDiag]     holder 'boulder': built, height 600848.932154 m, matrix 600848.932154 m, up 0.000 mm, across 0.000 mm
[RockPrecisionFixDiag]     holder 'cactus': built, height 600848.932154 m, matrix 600848.932154 m, up 0.000 mm, across 0.000 mm
[RockPrecisionFixDiag]   quad 'Kerbin Xn0130111132': height 600833.915894 m, matrix 600833.915894 m, up 0.000 mm, across 0.000 mm
[RockPrecisionFixDiag]     holder 'boulder': built, height 600833.915894 m, matrix 600833.915894 m, up 0.000 mm, across 0.000 mm
[RockPrecisionFixDiag]     holder 'cactus': built, height 600833.915894 m, matrix 600833.915894 m, up 0.000 mm, across 0.000 mm
[RockPrecisionFixDiag]   quad 'Kerbin Xn0130111131': height 600852.720866 m, matrix 600852.720866 m, up 0.000 mm, across 0.000 mm
[RockPrecisionFixDiag]     holder 'boulder': built, height 600852.720866 m, matrix 600852.720866 m, up 0.000 mm, across 0.000 mm
[RockPrecisionFixDiag]     holder 'cactus': built, height 600852.720866 m, matrix 600852.720866 m, up 0.000 mm, across 0.000 mm
[RockPrecisionFixDiag]   quad 'Kerbin Xn0130111130': height 600812.665863 m, matrix 600812.665863 m, up 0.000 mm, across 0.000 mm
[RockPrecisionFixDiag]     holder 'boulder': built, height 600812.665863 m, matrix 600812.733955 m, up +68.093 mm, across 15.690 mm
[RockPrecisionFixDiag]     holder 'cactus': built, height 600812.665863 m, matrix 600812.733955 m, up +68.093 mm, across 15.690 mm
[RockPrecisionFixDiag]   quad 'Kerbin Xn0130111123': height 600834.890610 m, matrix 600834.890610 m, up 0.000 mm, across 0.000 mm
[RockPrecisionFixDiag]     holder 'boulder': built, height 600834.890610 m, matrix 600834.890610 m, up 0.000 mm, across 0.000 mm
[RockPrecisionFixDiag]     holder 'cactus': built, height 600834.890610 m, matrix 600834.890610 m, up 0.000 mm, across 0.000 mm
[RockPrecisionFixDiag]   quad 'Kerbin Xn0130111121': height 600808.618601 m, matrix 600808.618601 m, up 0.000 mm, across 0.000 mm
[RockPrecisionFixDiag]     holder 'boulder': built, height 600808.618601 m, matrix 600808.610574 m, up -8.027 mm, across 30.202 mm
[RockPrecisionFixDiag]     holder 'cactus': built, height 600808.618601 m, matrix 600808.610574 m, up -8.027 mm, across 30.202 mm
[RockPrecisionFixDiag]   quad 'Kerbin Xn0130111120': height 600854.886334 m, matrix 600854.886334 m, up 0.000 mm, across 0.000 mm
[RockPrecisionFixDiag]     holder 'boulder': built, height 600854.886334 m, matrix 600854.886334 m, up 0.000 mm, across 0.000 mm
[RockPrecisionFixDiag]     holder 'cactus': built, height 600854.886334 m, matrix 600854.886334 m, up 0.000 mm, across 0.000 mm
[RockPrecisionFixDiag]   quad 'Kerbin Xn0130111113': height 600899.182153 m, matrix 600899.182153 m, up 0.000 mm, across 0.000 mm
[RockPrecisionFixDiag]     holder 'boulder': built, height 600899.182153 m, matrix 600899.182153 m, up 0.000 mm, across 0.000 mm
[RockPrecisionFixDiag]     holder 'cactus': built, height 600899.182153 m, matrix 600899.182153 m, up 0.000 mm, across 0.000 mm
[RockPrecisionFixDiag]   quad 'Kerbin Xn0130111112': height 600873.298957 m, matrix 600873.298957 m, up 0.000 mm, across 0.000 mm
[RockPrecisionFixDiag]     holder 'boulder': built, height 600873.298957 m, matrix 600873.298957 m, up 0.000 mm, across 0.000 mm
[RockPrecisionFixDiag]     holder 'cactus': built, height 600873.298957 m, matrix 600873.298957 m, up 0.000 mm, across 0.000 mm
[RockPrecisionFixDiag]   quad 'Kerbin Xn0130111111': height 600977.803550 m, matrix 600977.803550 m, up 0.000 mm, across 0.000 mm
[RockPrecisionFixDiag]     holder 'boulder': built, height 600977.803550 m, matrix 600977.863666 m, up +60.115 mm, across 17.099 mm
[RockPrecisionFixDiag]     holder 'cactus': built, height 600977.803550 m, matrix 600977.863666 m, up +60.115 mm, across 17.099 mm
[RockPrecisionFixDiag]   quad 'Kerbin Xn0130111110': height 600977.990306 m, matrix 600977.990306 m, up 0.000 mm, across 0.000 mm
[RockPrecisionFixDiag]     holder 'boulder': built, height 600977.990306 m, matrix 600977.990306 m, up 0.000 mm, across 0.000 mm
[RockPrecisionFixDiag]     holder 'cactus': built, height 600977.990306 m, matrix 600977.990306 m, up 0.000 mm, across 0.000 mm
[RockPrecisionFixDiag]   quad 'Kerbin Xn0130111103': height 600866.514458 m, matrix 600866.514458 m, up 0.000 mm, across 0.000 mm
[RockPrecisionFixDiag]     holder 'boulder': built, height 600866.514458 m, matrix 600866.514458 m, up 0.000 mm, across 0.000 mm
[RockPrecisionFixDiag]     holder 'cactus': built, height 600866.514458 m, matrix 600866.514458 m, up 0.000 mm, across 0.000 mm
[RockPrecisionFixDiag]   quad 'Kerbin Xn0130111102': height 600918.562667 m, matrix 600918.562667 m, up 0.000 mm, across 0.000 mm
[RockPrecisionFixDiag]     holder 'boulder': built, height 600918.562667 m, matrix 600918.622734 m, up +60.066 mm, across 17.272 mm
[RockPrecisionFixDiag]     holder 'cactus': built, height 600918.562667 m, matrix 600918.622734 m, up +60.066 mm, across 17.272 mm
[RockPrecisionFixDiag]   quad 'Kerbin Xn0130111101': height 600993.296286 m, matrix 600993.296286 m, up 0.000 mm, across 0.000 mm
[RockPrecisionFixDiag]     holder 'boulder': built, height 600993.296286 m, matrix 600993.304237 m, up +7.952 mm, across 30.221 mm
[RockPrecisionFixDiag]     holder 'cactus': built, height 600993.296286 m, matrix 600993.304237 m, up +7.952 mm, across 30.221 mm
[RockPrecisionFixDiag]   quad 'Kerbin Xn0130111100': height 601026.420850 m, matrix 601026.420850 m, up 0.000 mm, across 0.000 mm
[RockPrecisionFixDiag]     holder 'boulder': built, height 601026.420850 m, matrix 601026.472987 m, up +52.136 mm, across 46.525 mm
[RockPrecisionFixDiag]     holder 'cactus': built, height 601026.420850 m, matrix 601026.472987 m, up +52.136 mm, across 46.525 mm
[RockPrecisionFixDiag]   quad 'Kerbin Xn0130111013': height 600985.676644 m, matrix 600985.676644 m, up 0.000 mm, across 0.000 mm
[RockPrecisionFixDiag]     holder 'boulder': built, height 600985.676644 m, matrix 600985.684630 m, up +7.986 mm, across 30.212 mm
[RockPrecisionFixDiag]     holder 'cactus': built, height 600985.676644 m, matrix 600985.684630 m, up +7.986 mm, across 30.212 mm
[RockPrecisionFixDiag]   quad 'Kerbin Xn0130111012': height 601133.474657 m, matrix 601133.474657 m, up 0.000 mm, across 0.000 mm
[RockPrecisionFixDiag]     holder 'boulder': built, height 601133.474657 m, matrix 601133.534703 m, up +60.046 mm, across 17.341 mm
[RockPrecisionFixDiag]     holder 'cactus': built, height 601133.474657 m, matrix 601133.534703 m, up +60.046 mm, across 17.341 mm
[RockPrecisionFixDiag]   quad 'Kerbin Xn0130111011': height 601059.502677 m, matrix 601059.502677 m, up 0.000 mm, across 0.000 mm
[RockPrecisionFixDiag]     holder 'boulder': built, height 601059.502677 m, matrix 601059.502677 m, up 0.000 mm, across 0.000 mm
[RockPrecisionFixDiag]     holder 'cactus': built, height 601059.502677 m, matrix 601059.502677 m, up 0.000 mm, across 0.000 mm
[RockPrecisionFixDiag]   quad 'Kerbin Xn0130111010': height 601192.143783 m, matrix 601192.143783 m, up 0.000 mm, across 0.000 mm
[RockPrecisionFixDiag]     holder 'boulder': built, height 601192.143783 m, matrix 601192.143783 m, up 0.000 mm, across 0.000 mm
[RockPrecisionFixDiag]     holder 'cactus': built, height 601192.143783 m, matrix 601192.143783 m, up 0.000 mm, across 0.000 mm
[RockPrecisionFixDiag]   quad 'Kerbin Xn0113222323': height 601112.606484 m, matrix 601112.606484 m, up 0.000 mm, across 0.000 mm
[RockPrecisionFixDiag]     holder 'boulder': built, height 601112.606484 m, matrix 601112.614407 m, up +7.924 mm, across 30.229 mm
[RockPrecisionFixDiag]     holder 'cactus': built, height 601112.606484 m, matrix 601112.614407 m, up +7.924 mm, across 30.229 mm
[RockPrecisionFixDiag]   quad 'Kerbin Xn0113222321': height 601162.350619 m, matrix 601162.350619 m, up 0.000 mm, across 0.000 mm
[RockPrecisionFixDiag]     holder 'boulder': built, height 601162.350619 m, matrix 601162.290409 m, up -60.210 mm, across 16.764 mm
[RockPrecisionFixDiag]     holder 'cactus': built, height 601162.350619 m, matrix 601162.290409 m, up -60.210 mm, across 16.764 mm
[RockPrecisionFixDiag]   quad 'Kerbin Xn0113222230': height 601758.662372 m, matrix 601758.662372 m, up 0.000 mm, across 0.000 mm
[RockPrecisionFixDiag]     holder 'boulder': built, height 601758.662372 m, matrix 601758.670255 m, up +7.883 mm, across 30.239 mm
[RockPrecisionFixDiag]     holder 'cactus': built, height 601758.662372 m, matrix 601758.670255 m, up +7.883 mm, across 30.239 mm
[RockPrecisionFixDiag]   quad 'Kerbin Xn0113222223': height 601071.778580 m, matrix 601071.778580 m, up 0.000 mm, across 0.000 mm
[RockPrecisionFixDiag]     holder 'boulder': built, height 601071.778580 m, matrix 601071.770661 m, up -7.919 mm, across 30.230 mm
[RockPrecisionFixDiag]     holder 'cactus': built, height 601071.778580 m, matrix 601071.770661 m, up -7.919 mm, across 30.230 mm
[RockPrecisionFixDiag]   quad 'Kerbin Xn0113222222': height 601107.544523 m, matrix 601107.544523 m, up 0.000 mm, across 0.000 mm
[RockPrecisionFixDiag]     holder 'boulder': built, height 601107.544523 m, matrix 601107.536606 m, up -7.918 mm, across 30.230 mm
[RockPrecisionFixDiag]     holder 'cactus': built, height 601107.544523 m, matrix 601107.536606 m, up -7.918 mm, across 30.230 mm
[RockPrecisionFixDiag]   quad 'Kerbin Xn0113222211': height 601803.430497 m, matrix 601803.430497 m, up 0.000 mm, across 0.000 mm
[RockPrecisionFixDiag]     holder 'boulder': built, height 601803.430497 m, matrix 601803.370264 m, up -60.232 mm, across 16.682 mm
[RockPrecisionFixDiag]     holder 'cactus': built, height 601803.430497 m, matrix 601803.370264 m, up -60.232 mm, across 16.682 mm
[RockPrecisionFixDiag]   quad 'Kerbin Xn0113222210': height 601456.785228 m, matrix 601456.785228 m, up 0.000 mm, across 0.000 mm
[RockPrecisionFixDiag]     holder 'boulder': built, height 601456.785228 m, matrix 601456.785228 m, up 0.000 mm, across 0.000 mm
[RockPrecisionFixDiag]     holder 'cactus': built, height 601456.785228 m, matrix 601456.785228 m, up 0.000 mm, across 0.000 mm
[RockPrecisionFixDiag]   quad 'Kerbin Xn0113222203': height 601861.560041 m, matrix 601861.560041 m, up 0.000 mm, across 0.000 mm
[RockPrecisionFixDiag]     holder 'boulder': built, height 601861.560041 m, matrix 601861.560041 m, up 0.000 mm, across 0.000 mm
[RockPrecisionFixDiag]     holder 'cactus': built, height 601861.560041 m, matrix 601861.560041 m, up 0.000 mm, across 0.000 mm
[RockPrecisionFixDiag]   quad 'Kerbin Xn0113222202': height 601968.138150 m, matrix 601968.138150 m, up 0.000 mm, across 0.000 mm
[RockPrecisionFixDiag]     holder 'boulder': built, height 601968.138150 m, matrix 601968.138150 m, up 0.000 mm, across 0.000 mm
[RockPrecisionFixDiag]     holder 'cactus': built, height 601968.138150 m, matrix 601968.138150 m, up 0.000 mm, across 0.000 mm
[RockPrecisionFixDiag]   quad 'Kerbin Xn0113222201': height 601546.720993 m, matrix 601546.720993 m, up 0.000 mm, across 0.000 mm
[RockPrecisionFixDiag]     holder 'boulder': built, height 601546.720993 m, matrix 601546.789014 m, up +68.021 mm, across 15.997 mm
[RockPrecisionFixDiag]     holder 'cactus': built, height 601546.720993 m, matrix 601546.789014 m, up +68.021 mm, across 15.997 mm
[RockPrecisionFixDiag]   quad 'Kerbin Xn0113222200': height 601585.545239 m, matrix 601585.545239 m, up 0.000 mm, across 0.000 mm
[RockPrecisionFixDiag]     holder 'boulder': built, height 601585.545239 m, matrix 601585.537433 m, up -7.806 mm, across 30.259 mm
[RockPrecisionFixDiag]     holder 'cactus': built, height 601585.545239 m, matrix 601585.537433 m, up -7.806 mm, across 30.259 mm
[RockPrecisionFixDiag]   quad 'Kerbin Xn0112333333': height 601088.993345 m, matrix 601088.993345 m, up 0.000 mm, across 0.000 mm
[RockPrecisionFixDiag]     holder 'boulder': built, height 601088.993345 m, matrix 601088.985429 m, up -7.917 mm, across 30.231 mm
[RockPrecisionFixDiag]     holder 'cactus': built, height 601088.993345 m, matrix 601088.985429 m, up -7.917 mm, across 30.231 mm
[RockPrecisionFixDiag]   quad 'Kerbin Xn0112333332': height 601097.697095 m, matrix 601097.697095 m, up 0.000 mm, across 0.000 mm
[RockPrecisionFixDiag]     holder 'boulder': built, height 601097.697095 m, matrix 601097.689179 m, up -7.915 mm, across 30.231 mm
[RockPrecisionFixDiag]     holder 'cactus': built, height 601097.697095 m, matrix 601097.689179 m, up -7.915 mm, across 30.231 mm
[RockPrecisionFixDiag]   quad 'Kerbin Xn0112333331': height 601185.754085 m, matrix 601185.754085 m, up 0.000 mm, across 0.000 mm
[RockPrecisionFixDiag]     holder 'boulder': built, height 601185.754085 m, matrix 601185.761964 m, up +7.879 mm, across 30.240 mm
[RockPrecisionFixDiag]     holder 'cactus': built, height 601185.754085 m, matrix 601185.761964 m, up +7.879 mm, across 30.240 mm
[RockPrecisionFixDiag]   quad 'Kerbin Xn0112333330': height 601167.907474 m, matrix 601167.907474 m, up 0.000 mm, across 0.000 mm
[RockPrecisionFixDiag]     holder 'boulder': built, height 601167.907474 m, matrix 601167.959743 m, up +52.269 mm, across 46.376 mm
[RockPrecisionFixDiag]     holder 'cactus': built, height 601167.907474 m, matrix 601167.959743 m, up +52.269 mm, across 46.376 mm
[RockPrecisionFixDiag]   quad 'Kerbin Xn0112333323': height 601127.180413 m, matrix 601127.180413 m, up 0.000 mm, across 0.000 mm
[RockPrecisionFixDiag]     holder 'boulder': built, height 601127.180413 m, matrix 601127.172499 m, up -7.914 mm, across 30.231 mm
[RockPrecisionFixDiag]     holder 'cactus': built, height 601127.180413 m, matrix 601127.172499 m, up -7.914 mm, across 30.231 mm
[RockPrecisionFixDiag]   quad 'Kerbin Xn0112333322': height 601135.780019 m, matrix 601135.780019 m, up 0.000 mm, across 0.000 mm
[RockPrecisionFixDiag]     holder 'boulder': built, height 601135.780019 m, matrix 601135.832213 m, up +52.194 mm, across 46.460 mm
[RockPrecisionFixDiag]     holder 'cactus': built, height 601135.780019 m, matrix 601135.832213 m, up +52.194 mm, across 46.460 mm
[RockPrecisionFixDiag]   quad 'Kerbin Xn0112333321': height 601223.802067 m, matrix 601223.802067 m, up 0.000 mm, across 0.000 mm
[RockPrecisionFixDiag]     holder 'boulder': built, height 601223.802067 m, matrix 601223.809943 m, up +7.877 mm, across 30.241 mm
[RockPrecisionFixDiag]     holder 'cactus': built, height 601223.802067 m, matrix 601223.809943 m, up +7.877 mm, across 30.241 mm
[RockPrecisionFixDiag]   quad 'Kerbin Xn0112333320': height 601279.112272 m, matrix 601279.112272 m, up 0.000 mm, across 0.000 mm
[RockPrecisionFixDiag]     holder 'boulder': built, height 601279.112272 m, matrix 601279.112272 m, up 0.000 mm, across 0.000 mm
[RockPrecisionFixDiag]     holder 'cactus': built, height 601279.112272 m, matrix 601279.112272 m, up 0.000 mm, across 0.000 mm
[RockPrecisionFixDiag]   quad 'Kerbin Xn0131001223': height 600819.837901 m, matrix 600819.837901 m, up 0.000 mm, across 0.000 mm
[RockPrecisionFixDiag]     holder 'boulder': built, height 600819.837901 m, matrix 600819.837901 m, up 0.000 mm, across 0.000 mm
[RockPrecisionFixDiag]     holder 'cactus': built, height 600819.837901 m, matrix 600819.837901 m, up 0.000 mm, across 0.000 mm
[RockPrecisionFixDiag]   quad 'Kerbin Xn0131001222': height 600792.030389 m, matrix 600792.030389 m, up 0.000 mm, across 0.000 mm
[RockPrecisionFixDiag]     holder 'boulder': built, height 600792.030389 m, matrix 600792.090438 m, up +60.048 mm, across 17.333 mm
[RockPrecisionFixDiag]     holder 'cactus': built, height 600792.030389 m, matrix 600792.090438 m, up +60.048 mm, across 17.333 mm
[RockPrecisionFixDiag]   quad 'Kerbin Xn0131001221': height 600920.622786 m, matrix 600920.622786 m, up 0.000 mm, across 0.000 mm
[RockPrecisionFixDiag]     holder 'boulder': built, height 600920.622786 m, matrix 600920.630979 m, up +8.192 mm, across 30.157 mm
[RockPrecisionFixDiag]     holder 'cactus': built, height 600920.622786 m, matrix 600920.630979 m, up +8.192 mm, across 30.157 mm
[RockPrecisionFixDiag]   quad 'Kerbin Xn0131001220': height 600872.433250 m, matrix 600872.433250 m, up 0.000 mm, across 0.000 mm
[RockPrecisionFixDiag]     holder 'boulder': built, height 600872.433250 m, matrix 600872.433250 m, up 0.000 mm, across 0.000 mm
[RockPrecisionFixDiag]     holder 'cactus': built, height 600872.433250 m, matrix 600872.433250 m, up 0.000 mm, across 0.000 mm
[RockPrecisionFixDiag]   quad 'Kerbin Xn0131001203': height 600984.994586 m, matrix 600984.994586 m, up 0.000 mm, across 0.000 mm
[RockPrecisionFixDiag]     holder 'boulder': built, height 600984.994586 m, matrix 600985.002740 m, up +8.154 mm, across 30.167 mm
[RockPrecisionFixDiag]     holder 'cactus': built, height 600984.994586 m, matrix 600985.002740 m, up +8.154 mm, across 30.167 mm
[RockPrecisionFixDiag]   quad 'Kerbin Xn0131001202': height 600926.824875 m, matrix 600926.824875 m, up 0.000 mm, across 0.000 mm
[RockPrecisionFixDiag]     holder 'boulder': built, height 600926.824875 m, matrix 600926.884966 m, up +60.091 mm, across 17.186 mm
[RockPrecisionFixDiag]     holder 'cactus': built, height 600926.824875 m, matrix 600926.884966 m, up +60.091 mm, across 17.186 mm
[RockPrecisionFixDiag]   quad 'Kerbin Xn0131001201': height 601005.191192 m, matrix 601005.191192 m, up 0.000 mm, across 0.000 mm
[RockPrecisionFixDiag]     holder 'boulder': built, height 601005.191192 m, matrix 601005.191192 m, up 0.000 mm, across 0.000 mm
[RockPrecisionFixDiag]     holder 'cactus': built, height 601005.191192 m, matrix 601005.191192 m, up 0.000 mm, across 0.000 mm
[RockPrecisionFixDiag]   quad 'Kerbin Xn0131001200': height 600904.292975 m, matrix 600904.292975 m, up 0.000 mm, across 0.000 mm
[RockPrecisionFixDiag]     holder 'boulder': built, height 600904.292975 m, matrix 600904.284859 m, up -8.115 mm, across 30.178 mm
[RockPrecisionFixDiag]     holder 'cactus': built, height 600904.292975 m, matrix 600904.284859 m, up -8.115 mm, across 30.178 mm
[RockPrecisionFixDiag]   quad 'Kerbin Xn0131000333': height 600808.255522 m, matrix 600808.255522 m, up 0.000 mm, across 0.000 mm
[RockPrecisionFixDiag]     holder 'boulder': built, height 600808.255522 m, matrix 600808.203710 m, up -51.812 mm, across 46.886 mm
[RockPrecisionFixDiag]     holder 'cactus': built, height 600808.255522 m, matrix 600808.203710 m, up -51.812 mm, across 46.886 mm
[RockPrecisionFixDiag]   quad 'Kerbin Xn0131000331': height 600865.139890 m, matrix 600865.139890 m, up 0.000 mm, across 0.000 mm
[RockPrecisionFixDiag]     holder 'boulder': built, height 600865.139890 m, matrix 600865.191762 m, up +51.871 mm, across 46.821 mm
[RockPrecisionFixDiag]     holder 'cactus': built, height 600865.139890 m, matrix 600865.191762 m, up +51.871 mm, across 46.821 mm
[RockPrecisionFixDiag]   quad 'Kerbin Xn0131000330': height 600830.783461 m, matrix 600830.783461 m, up 0.000 mm, across 0.000 mm
[RockPrecisionFixDiag]     holder 'boulder': built, height 600830.783461 m, matrix 600830.783461 m, up 0.000 mm, across 0.000 mm
[RockPrecisionFixDiag]     holder 'cactus': built, height 600830.783461 m, matrix 600830.783461 m, up 0.000 mm, across 0.000 mm
[RockPrecisionFixDiag]   quad 'Kerbin Xn0131000321': height 600851.276172 m, matrix 600851.276172 m, up 0.000 mm, across 0.000 mm
[RockPrecisionFixDiag]     holder 'boulder': built, height 600851.276172 m, matrix 600851.267985 m, up -8.188 mm, across 30.158 mm
[RockPrecisionFixDiag]     holder 'cactus': built, height 600851.276172 m, matrix 600851.267985 m, up -8.188 mm, across 30.158 mm
[RockPrecisionFixDiag]   quad 'Kerbin Xn0131000320': height 600840.153035 m, matrix 600840.153035 m, up 0.000 mm, across 0.000 mm
[RockPrecisionFixDiag]     holder 'boulder': built, height 600840.153035 m, matrix 600840.144848 m, up -8.186 mm, across 30.159 mm
[RockPrecisionFixDiag]     holder 'cactus': built, height 600840.153035 m, matrix 600840.144848 m, up -8.186 mm, across 30.159 mm
[RockPrecisionFixDiag]   quad 'Kerbin Xn0131000313': height 600907.391244 m, matrix 600907.391244 m, up 0.000 mm, across 0.000 mm
[RockPrecisionFixDiag]     holder 'boulder': built, height 600907.391244 m, matrix 600907.443175 m, up +51.930 mm, across 46.755 mm
[RockPrecisionFixDiag]     holder 'cactus': built, height 600907.391244 m, matrix 600907.443175 m, up +51.930 mm, across 46.755 mm
[RockPrecisionFixDiag]   quad 'Kerbin Xn0131000312': height 600900.173677 m, matrix 600900.173677 m, up 0.000 mm, across 0.000 mm
[RockPrecisionFixDiag]     holder 'boulder': built, height 600900.173677 m, matrix 600900.233751 m, up +60.074 mm, across 17.244 mm
[RockPrecisionFixDiag]     holder 'cactus': built, height 600900.173677 m, matrix 600900.233751 m, up +60.074 mm, across 17.244 mm
[RockPrecisionFixDiag]   quad 'Kerbin Xn0131000311': height 600947.837753 m, matrix 600947.837753 m, up 0.000 mm, across 0.000 mm
[RockPrecisionFixDiag]     holder 'boulder': built, height 600947.837753 m, matrix 600947.829639 m, up -8.114 mm, across 30.178 mm
[RockPrecisionFixDiag]     holder 'cactus': built, height 600947.837753 m, matrix 600947.829639 m, up -8.114 mm, across 30.178 mm
[RockPrecisionFixDiag]   quad 'Kerbin Xn0131000310': height 601008.496462 m, matrix 601008.496462 m, up 0.000 mm, across 0.000 mm
[RockPrecisionFixDiag]     holder 'boulder': built, height 601008.496462 m, matrix 601008.496462 m, up 0.000 mm, across 0.000 mm
[RockPrecisionFixDiag]     holder 'cactus': built, height 601008.496462 m, matrix 601008.496462 m, up 0.000 mm, across 0.000 mm
[RockPrecisionFixDiag]   quad 'Kerbin Xn0131000303': height 600952.276647 m, matrix 600952.276647 m, up 0.000 mm, across 0.000 mm
[RockPrecisionFixDiag]     holder 'boulder': built, height 600952.276647 m, matrix 600952.276647 m, up 0.000 mm, across 0.000 mm
[RockPrecisionFixDiag]     holder 'cactus': built, height 600952.276647 m, matrix 600952.276647 m, up 0.000 mm, across 0.000 mm
[RockPrecisionFixDiag]   quad 'Kerbin Xn0131000302': height 601004.011503 m, matrix 601004.011503 m, up 0.000 mm, across 0.000 mm
[RockPrecisionFixDiag]     holder 'boulder': built, height 601004.011503 m, matrix 601004.003354 m, up -8.149 mm, across 30.169 mm
[RockPrecisionFixDiag]     holder 'cactus': built, height 601004.011503 m, matrix 601004.003354 m, up -8.149 mm, across 30.169 mm
[RockPrecisionFixDiag]   quad 'Kerbin Xn0131000301': height 601064.160180 m, matrix 601064.160180 m, up 0.000 mm, across 0.000 mm
[RockPrecisionFixDiag]     holder 'boulder': built, height 601064.160180 m, matrix 601064.168292 m, up +8.112 mm, across 30.179 mm
[RockPrecisionFixDiag]     holder 'cactus': built, height 601064.160180 m, matrix 601064.168292 m, up +8.112 mm, across 30.179 mm
[RockPrecisionFixDiag]   quad 'Kerbin Xn0131000300': height 601085.728696 m, matrix 601085.728696 m, up 0.000 mm, across 0.000 mm
[RockPrecisionFixDiag]     holder 'boulder': built, height 601085.728696 m, matrix 601085.728696 m, up 0.000 mm, across 0.000 mm
[RockPrecisionFixDiag]     holder 'cactus': built, height 601085.728696 m, matrix 601085.728696 m, up 0.000 mm, across 0.000 mm
[RockPrecisionFixDiag]   quad 'Kerbin Xn0131000232': height 600824.384206 m, matrix 600824.384206 m, up 0.000 mm, across 0.000 mm
[RockPrecisionFixDiag]     holder 'boulder': built, height 600824.384206 m, matrix 600824.384206 m, up 0.000 mm, across 0.000 mm
[RockPrecisionFixDiag]     holder 'cactus': built, height 600824.384206 m, matrix 600824.384206 m, up 0.000 mm, across 0.000 mm
[RockPrecisionFixDiag]   quad 'Kerbin Xn0131000231': height 600891.509078 m, matrix 600891.509078 m, up 0.000 mm, across 0.000 mm
[RockPrecisionFixDiag]     holder 'boulder': built, height 600891.509078 m, matrix 600891.560919 m, up +51.842 mm, across 46.853 mm
[RockPrecisionFixDiag]     holder 'cactus': built, height 600891.509078 m, matrix 600891.560919 m, up +51.842 mm, across 46.853 mm
[RockPrecisionFixDiag]   quad 'Kerbin Xn0131000230': height 600849.533294 m, matrix 600849.533294 m, up 0.000 mm, across 0.000 mm
[RockPrecisionFixDiag]     holder 'boulder': built, height 600849.533294 m, matrix 600849.533294 m, up 0.000 mm, across 0.000 mm
[RockPrecisionFixDiag]     holder 'cactus': built, height 600849.533294 m, matrix 600849.533294 m, up 0.000 mm, across 0.000 mm
[RockPrecisionFixDiag]   quad 'Kerbin Xn0131000221': height 600808.466323 m, matrix 600808.466323 m, up 0.000 mm, across 0.000 mm
[RockPrecisionFixDiag]     holder 'boulder': built, height 600808.466323 m, matrix 600808.518149 m, up +51.826 mm, across 46.871 mm
[RockPrecisionFixDiag]     holder 'cactus': built, height 600808.466323 m, matrix 600808.518149 m, up +51.826 mm, across 46.871 mm
[RockPrecisionFixDiag]   quad 'Kerbin Xn0131000220': height 600784.035555 m, matrix 600784.035555 m, up 0.000 mm, across 0.000 mm
[RockPrecisionFixDiag]     holder 'boulder': built, height 600784.035555 m, matrix 600784.043736 m, up +8.182 mm, across 30.160 mm
[RockPrecisionFixDiag]     holder 'cactus': built, height 600784.035555 m, matrix 600784.043736 m, up +8.182 mm, across 30.160 mm
[RockPrecisionFixDiag]   quad 'Kerbin Xn0131000213': height 601026.602781 m, matrix 601026.602781 m, up 0.000 mm, across 0.000 mm
[RockPrecisionFixDiag]     holder 'boulder': built, height 601026.602781 m, matrix 601026.602781 m, up 0.000 mm, across 0.000 mm
[RockPrecisionFixDiag]     holder 'cactus': built, height 601026.602781 m, matrix 601026.602781 m, up 0.000 mm, across 0.000 mm
[RockPrecisionFixDiag]   quad 'Kerbin Xn0131000212': height 600871.594720 m, matrix 600871.594720 m, up 0.000 mm, across 0.000 mm
[RockPrecisionFixDiag]     holder 'boulder': built, height 600871.594720 m, matrix 600871.586573 m, up -8.146 mm, across 30.170 mm
[RockPrecisionFixDiag]     holder 'cactus': built, height 600871.594720 m, matrix 600871.586573 m, up -8.146 mm, across 30.170 mm
[RockPrecisionFixDiag]   quad 'Kerbin Xn0131000211': height 600993.358287 m, matrix 600993.358287 m, up 0.000 mm, across 0.000 mm
[RockPrecisionFixDiag]     holder 'boulder': built, height 600993.358287 m, matrix 600993.358287 m, up 0.000 mm, across 0.000 mm
[RockPrecisionFixDiag]     holder 'cactus': built, height 600993.358287 m, matrix 600993.358287 m, up 0.000 mm, across 0.000 mm
[RockPrecisionFixDiag]   quad 'Kerbin Xn0131000210': height 600936.071798 m, matrix 600936.071798 m, up 0.000 mm, across 0.000 mm
[RockPrecisionFixDiag]     holder 'boulder': built, height 600936.071798 m, matrix 600936.011738 m, up -60.060 mm, across 17.292 mm
[RockPrecisionFixDiag]     holder 'cactus': built, height 600936.071798 m, matrix 600936.011738 m, up -60.060 mm, across 17.292 mm
[RockPrecisionFixDiag]   quad 'Kerbin Xn0131000203': height 600862.411806 m, matrix 600862.411806 m, up 0.000 mm, across 0.000 mm
[RockPrecisionFixDiag]     holder 'boulder': built, height 600862.411806 m, matrix 600862.419951 m, up +8.145 mm, across 30.170 mm
[RockPrecisionFixDiag]     holder 'cactus': built, height 600862.411806 m, matrix 600862.419951 m, up +8.145 mm, across 30.170 mm
[RockPrecisionFixDiag]   quad 'Kerbin Xn0131000202': height 600874.185662 m, matrix 600874.185662 m, up 0.000 mm, across 0.000 mm
[RockPrecisionFixDiag]     holder 'boulder': built, height 600874.185662 m, matrix 600874.185662 m, up 0.000 mm, across 0.000 mm
[RockPrecisionFixDiag]     holder 'cactus': built, height 600874.185662 m, matrix 600874.185662 m, up 0.000 mm, across 0.000 mm
[RockPrecisionFixDiag]   quad 'Kerbin Xn0131000201': height 600899.078714 m, matrix 600899.078714 m, up 0.000 mm, across 0.000 mm
[RockPrecisionFixDiag]     holder 'boulder': built, height 600899.078714 m, matrix 600899.070607 m, up -8.107 mm, across 30.180 mm
[RockPrecisionFixDiag]     holder 'cactus': built, height 600899.078714 m, matrix 600899.070607 m, up -8.107 mm, across 30.180 mm
[RockPrecisionFixDiag]   quad 'Kerbin Xn0131000200': height 600926.188759 m, matrix 600926.188759 m, up 0.000 mm, across 0.000 mm
[RockPrecisionFixDiag]     holder 'boulder': built, height 600926.188759 m, matrix 600926.196865 m, up +8.106 mm, across 30.180 mm
[RockPrecisionFixDiag]     holder 'cactus': built, height 600926.188759 m, matrix 600926.196865 m, up +8.106 mm, across 30.180 mm
[RockPrecisionFixDiag]   quad 'Kerbin Xn0131000133': height 600990.310767 m, matrix 600990.310767 m, up 0.000 mm, across 0.000 mm
[RockPrecisionFixDiag]     holder 'boulder': built, height 600990.310767 m, matrix 600990.370891 m, up +60.124 mm, across 17.068 mm
[RockPrecisionFixDiag]     holder 'cactus': built, height 600990.310767 m, matrix 600990.370891 m, up +60.124 mm, across 17.068 mm
[RockPrecisionFixDiag]   quad 'Kerbin Xn0131000132': height 601062.336743 m, matrix 601062.336743 m, up 0.000 mm, across 0.000 mm
[RockPrecisionFixDiag]     holder 'boulder': built, height 601062.336743 m, matrix 601062.328668 m, up -8.075 mm, across 30.189 mm
[RockPrecisionFixDiag]     holder 'cactus': built, height 601062.336743 m, matrix 601062.328668 m, up -8.075 mm, across 30.189 mm
[RockPrecisionFixDiag]   quad 'Kerbin Xn0131000131': height 601072.590190 m, matrix 601072.590190 m, up 0.000 mm, across 0.000 mm
[RockPrecisionFixDiag]     holder 'boulder': built, height 601072.590190 m, matrix 601072.598228 m, up +8.039 mm, across 30.198 mm
[RockPrecisionFixDiag]     holder 'cactus': built, height 601072.590190 m, matrix 601072.598228 m, up +8.039 mm, across 30.198 mm
[RockPrecisionFixDiag]   quad 'Kerbin Xn0131000130': height 601111.799773 m, matrix 601111.799773 m, up 0.000 mm, across 0.000 mm
[RockPrecisionFixDiag]     holder 'boulder': built, height 601111.799773 m, matrix 601111.799773 m, up 0.000 mm, across 0.000 mm
[RockPrecisionFixDiag]     holder 'cactus': built, height 601111.799773 m, matrix 601111.799773 m, up 0.000 mm, across 0.000 mm
[RockPrecisionFixDiag]   quad 'Kerbin Xn0131000123': height 601141.324045 m, matrix 601141.324045 m, up 0.000 mm, across 0.000 mm
[RockPrecisionFixDiag]     holder 'boulder': built, height 601141.324045 m, matrix 601141.324045 m, up 0.000 mm, across 0.000 mm
[RockPrecisionFixDiag]     holder 'cactus': built, height 601141.324045 m, matrix 601141.324045 m, up 0.000 mm, across 0.000 mm
[RockPrecisionFixDiag]   quad 'Kerbin Xn0131000122': height 601093.208761 m, matrix 601093.208761 m, up 0.000 mm, across 0.000 mm
[RockPrecisionFixDiag]     holder 'boulder': built, height 601093.208761 m, matrix 601093.208761 m, up 0.000 mm, across 0.000 mm
[RockPrecisionFixDiag]     holder 'cactus': built, height 601093.208761 m, matrix 601093.208761 m, up 0.000 mm, across 0.000 mm
[RockPrecisionFixDiag]   quad 'Kerbin Xn0131000121': height 601186.427775 m, matrix 601186.427775 m, up 0.000 mm, across 0.000 mm
[RockPrecisionFixDiag]     holder 'boulder': built, height 601186.427775 m, matrix 601186.375684 m, up -52.092 mm, across 46.575 mm
[RockPrecisionFixDiag]     holder 'cactus': built, height 601186.427775 m, matrix 601186.375684 m, up -52.092 mm, across 46.575 mm
[RockPrecisionFixDiag]   quad 'Kerbin Xn0131000120': height 601168.036960 m, matrix 601168.036960 m, up 0.000 mm, across 0.000 mm
[RockPrecisionFixDiag]     holder 'boulder': built, height 601168.036960 m, matrix 601168.089044 m, up +52.084 mm, across 46.584 mm
[RockPrecisionFixDiag]     holder 'cactus': built, height 601168.036960 m, matrix 601168.089044 m, up +52.084 mm, across 46.584 mm
[RockPrecisionFixDiag]   quad 'Kerbin Xn0131000113': height 601088.185046 m, matrix 601088.185046 m, up 0.000 mm, across 0.000 mm
[RockPrecisionFixDiag]     holder 'boulder': built, height 601088.185046 m, matrix 601088.185046 m, up 0.000 mm, across 0.000 mm
[RockPrecisionFixDiag]     holder 'cactus': built, height 601088.185046 m, matrix 601088.185046 m, up 0.000 mm, across 0.000 mm
[RockPrecisionFixDiag]   quad 'Kerbin Xn0131000112': height 601054.392723 m, matrix 601054.392723 m, up 0.000 mm, across 0.000 mm
[RockPrecisionFixDiag]     holder 'boulder': built, height 601054.392723 m, matrix 601054.392723 m, up 0.000 mm, across 0.000 mm
[RockPrecisionFixDiag]     holder 'cactus': built, height 601054.392723 m, matrix 601054.392723 m, up 0.000 mm, across 0.000 mm
[RockPrecisionFixDiag]   quad 'Kerbin Xn0131000111': height 601081.189273 m, matrix 601081.189273 m, up 0.000 mm, across 0.000 mm
[RockPrecisionFixDiag]     holder 'boulder': built, height 601081.189273 m, matrix 601081.189273 m, up 0.000 mm, across 0.000 mm
[RockPrecisionFixDiag]     holder 'cactus': built, height 601081.189273 m, matrix 601081.189273 m, up 0.000 mm, across 0.000 mm
[RockPrecisionFixDiag]   quad 'Kerbin Xn0131000110': height 601078.189584 m, matrix 601078.189584 m, up 0.000 mm, across 0.000 mm
[RockPrecisionFixDiag]     holder 'boulder': built, height 601078.189584 m, matrix 601078.189584 m, up 0.000 mm, across 0.000 mm
[RockPrecisionFixDiag]     holder 'cactus': built, height 601078.189584 m, matrix 601078.189584 m, up 0.000 mm, across 0.000 mm
[RockPrecisionFixDiag]   quad 'Kerbin Xn0131000103': height 601216.479790 m, matrix 601216.479790 m, up 0.000 mm, across 0.000 mm
[RockPrecisionFixDiag]     holder 'boulder': built, height 601216.479790 m, matrix 601216.531940 m, up +52.150 mm, across 46.510 mm
[RockPrecisionFixDiag]     holder 'cactus': built, height 601216.479790 m, matrix 601216.531940 m, up +52.150 mm, across 46.510 mm
[RockPrecisionFixDiag]   quad 'Kerbin Xn0131000102': height 601341.813020 m, matrix 601341.813020 m, up 0.000 mm, across 0.000 mm
[RockPrecisionFixDiag]     holder 'boulder': built, height 601341.813020 m, matrix 601341.813020 m, up 0.000 mm, across 0.000 mm
[RockPrecisionFixDiag]     holder 'cactus': built, height 601341.813020 m, matrix 601341.813020 m, up 0.000 mm, across 0.000 mm
[RockPrecisionFixDiag]   quad 'Kerbin Xn0131000101': height 601086.479222 m, matrix 601086.479222 m, up 0.000 mm, across 0.000 mm
[RockPrecisionFixDiag]     holder 'boulder': built, height 601086.479222 m, matrix 601086.411091 m, up -68.130 mm, across 15.526 mm
[RockPrecisionFixDiag]     holder 'cactus': built, height 601086.479222 m, matrix 601086.411091 m, up -68.130 mm, across 15.526 mm
[RockPrecisionFixDiag]   quad 'Kerbin Xn0131000100': height 601304.745325 m, matrix 601304.745325 m, up 0.000 mm, across 0.000 mm
[RockPrecisionFixDiag]     holder 'boulder': built, height 601304.745325 m, matrix 601304.737365 m, up -7.960 mm, across 30.219 mm
[RockPrecisionFixDiag]     holder 'cactus': built, height 601304.745325 m, matrix 601304.737365 m, up -7.960 mm, across 30.219 mm
[RockPrecisionFixDiag]   quad 'Kerbin Xn0131000033': height 601046.428388 m, matrix 601046.428388 m, up 0.000 mm, across 0.000 mm
[RockPrecisionFixDiag]     holder 'boulder': built, height 601046.428388 m, matrix 601046.436460 m, up +8.072 mm, across 30.190 mm
[RockPrecisionFixDiag]     holder 'cactus': built, height 601046.428388 m, matrix 601046.436460 m, up +8.072 mm, across 30.190 mm
[RockPrecisionFixDiag]   quad 'Kerbin Xn0131000032': height 600971.566882 m, matrix 600971.566882 m, up 0.000 mm, across 0.000 mm
[RockPrecisionFixDiag]     holder 'boulder': built, height 600971.566882 m, matrix 600971.626963 m, up +60.081 mm, across 17.220 mm
[RockPrecisionFixDiag]     holder 'cactus': built, height 600971.566882 m, matrix 600971.626963 m, up +60.081 mm, across 17.220 mm
[RockPrecisionFixDiag]   quad 'Kerbin Xn0131000031': height 601049.660520 m, matrix 601049.660520 m, up 0.000 mm, across 0.000 mm
[RockPrecisionFixDiag]     holder 'boulder': built, height 601049.660520 m, matrix 601049.608444 m, up -52.077 mm, across 46.592 mm
[RockPrecisionFixDiag]     holder 'cactus': built, height 601049.660520 m, matrix 601049.608444 m, up -52.077 mm, across 46.592 mm
[RockPrecisionFixDiag]   quad 'Kerbin Xn0131000030': height 601029.661817 m, matrix 601029.661817 m, up 0.000 mm, across 0.000 mm
[RockPrecisionFixDiag]     holder 'boulder': built, height 601029.661817 m, matrix 601029.601715 m, up -60.102 mm, across 17.147 mm
[RockPrecisionFixDiag]     holder 'cactus': built, height 601029.661817 m, matrix 601029.601715 m, up -60.102 mm, across 17.147 mm
[RockPrecisionFixDiag]   quad 'Kerbin Xn0131000023': height 600962.914021 m, matrix 600962.914021 m, up 0.000 mm, across 0.000 mm
[RockPrecisionFixDiag]     holder 'boulder': built, height 600962.914021 m, matrix 600962.914021 m, up 0.000 mm, across 0.000 mm
[RockPrecisionFixDiag]     holder 'cactus': built, height 600962.914021 m, matrix 600962.914021 m, up 0.000 mm, across 0.000 mm
[RockPrecisionFixDiag]   quad 'Kerbin Xn0131000022': height 600884.994937 m, matrix 600884.994937 m, up 0.000 mm, across 0.000 mm
[RockPrecisionFixDiag]     holder 'boulder': built, height 600884.994937 m, matrix 600885.046931 m, up +51.995 mm, across 46.684 mm
[RockPrecisionFixDiag]     holder 'cactus': built, height 600884.994937 m, matrix 600885.046931 m, up +51.995 mm, across 46.684 mm
[RockPrecisionFixDiag]   quad 'Kerbin Xn0130111331': height 600738.901464 m, matrix 600738.901464 m, up 0.000 mm, across 0.000 mm
[RockPrecisionFixDiag]     holder 'cactus': built, height 600738.901464 m, matrix 600738.901464 m, up 0.000 mm, across 0.000 mm
[RockPrecisionFixDiag]   quad 'Kerbin Xn0131002000': height 600670.679604 m, matrix 600670.679604 m, up 0.000 mm, across 0.000 mm
[RockPrecisionFixDiag]     holder 'cactus': built, height 600670.679604 m, matrix 600670.679604 m, up 0.000 mm, across 0.000 mm
[RockPrecisionFixDiag]   quad 'Kerbin Xn0131000332': height 600783.383919 m, matrix 600783.383919 m, up 0.000 mm, across 0.000 mm
[RockPrecisionFixDiag]     holder 'cactus': built, height 600783.383919 m, matrix 600783.383919 m, up 0.000 mm, across 0.000 mm
[RockPrecisionFixDiag]   quad 'Kerbin Xn0131000323': height 600701.962297 m, matrix 600701.962297 m, up 0.000 mm, across 0.000 mm
[RockPrecisionFixDiag]     holder 'cactus': built, height 600701.962297 m, matrix 600701.954072 m, up -8.226 mm, across 30.148 mm
[RockPrecisionFixDiag]   quad 'Kerbin Xn0131000322': height 600737.410635 m, matrix 600737.410635 m, up 0.000 mm, across 0.000 mm
[RockPrecisionFixDiag]     holder 'cactus': built, height 600737.410635 m, matrix 600737.410635 m, up 0.000 mm, across 0.000 mm
[RockPrecisionFixDiag]   quad 'Kerbin Xn0131000233': height 600788.060855 m, matrix 600788.060855 m, up 0.000 mm, across 0.000 mm
[RockPrecisionFixDiag]     holder 'cactus': built, height 600788.060855 m, matrix 600788.112637 m, up +51.782 mm, across 46.919 mm
[RockPrecisionFixDiag]   quad 'Kerbin Xn0131000223': height 600738.894348 m, matrix 600738.894348 m, up 0.000 mm, across 0.000 mm
[RockPrecisionFixDiag]     holder 'cactus': built, height 600738.894348 m, matrix 600738.886128 m, up -8.221 mm, across 30.149 mm
[RockPrecisionFixDiag]   quad 'Kerbin Xn0131000222': height 600736.726292 m, matrix 600736.726292 m, up 0.000 mm, across 0.000 mm
[RockPrecisionFixDiag]     holder 'cactus': built, height 600736.726292 m, matrix 600736.734511 m, up +8.219 mm, across 30.150 mm
[RockPrecisionFixDiag]   quad 'Kerbin Xn0131002303': height 600621.595131 m, matrix 600621.595131 m, up 0.000 mm, across 0.000 mm
[RockPrecisionFixDiag]     holder 'cactus': built, height 600621.595131 m, matrix 600621.595131 m, up 0.000 mm, across 0.000 mm
[RockPrecisionFixDiag]   quad 'Kerbin Xn0131002302': height 600596.509123 m, matrix 600596.509123 m, up 0.000 mm, across 0.000 mm
[RockPrecisionFixDiag]     holder 'cactus': built, height 600596.509123 m, matrix 600596.577460 m, up +68.337 mm, across 14.588 mm
[RockPrecisionFixDiag]   quad 'Kerbin Xn0131002301': height 600634.062731 m, matrix 600634.062731 m, up 0.000 mm, across 0.000 mm
[RockPrecisionFixDiag]     holder 'cactus': built, height 600634.062731 m, matrix 600634.062731 m, up 0.000 mm, across 0.000 mm
[RockPrecisionFixDiag]   quad 'Kerbin Xn0131002300': height 600645.318006 m, matrix 600645.318006 m, up 0.000 mm, across 0.000 mm
[RockPrecisionFixDiag]     holder 'cactus': built, height 600645.318006 m, matrix 600645.309591 m, up -8.415 mm, across 30.096 mm
[RockPrecisionFixDiag]   quad 'Kerbin Xn0131002233': height 600517.695394 m, matrix 600517.695394 m, up 0.000 mm, across 0.000 mm
[RockPrecisionFixDiag]     holder 'cactus': built, height 600517.695394 m, matrix 600517.695394 m, up 0.000 mm, across 0.000 mm
[RockPrecisionFixDiag]   quad 'Kerbin Xn0131002232': height 600510.560941 m, matrix 600510.560941 m, up 0.000 mm, across 0.000 mm
[RockPrecisionFixDiag]     holder 'cactus': built, height 600510.560941 m, matrix 600510.560941 m, up 0.000 mm, across 0.000 mm
[RockPrecisionFixDiag]   quad 'Kerbin Xn0131002231': height 600579.581684 m, matrix 600579.581684 m, up 0.000 mm, across 0.000 mm
[RockPrecisionFixDiag]     holder 'cactus': built, height 600579.581684 m, matrix 600579.521831 m, up -59.853 mm, across 17.997 mm
[RockPrecisionFixDiag]   quad 'Kerbin Xn0131002230': height 600552.163073 m, matrix 600552.163073 m, up 0.000 mm, across 0.000 mm
[RockPrecisionFixDiag]     holder 'cactus': built, height 600552.163073 m, matrix 600552.214428 m, up +51.355 mm, across 47.387 mm
[RockPrecisionFixDiag]   quad 'Kerbin Xn0131002223': height 600496.194994 m, matrix 600496.194994 m, up 0.000 mm, across 0.000 mm
[RockPrecisionFixDiag]     holder 'cactus': built, height 600496.194994 m, matrix 600496.263333 m, up +68.338 mm, across 14.584 mm
[RockPrecisionFixDiag]   quad 'Kerbin Xn0131002221': height 600523.764943 m, matrix 600523.764943 m, up 0.000 mm, across 0.000 mm
[RockPrecisionFixDiag]     holder 'cactus': built, height 600523.764943 m, matrix 600523.756455 m, up -8.488 mm, across 30.075 mm
[RockPrecisionFixDiag]   quad 'Kerbin Xn0131002213': height 600620.632449 m, matrix 600620.632449 m, up 0.000 mm, across 0.000 mm
[RockPrecisionFixDiag]     holder 'cactus': built, height 600620.632449 m, matrix 600620.632449 m, up 0.000 mm, across 0.000 mm
[RockPrecisionFixDiag]   quad 'Kerbin Xn0131002212': height 600599.604108 m, matrix 600599.604108 m, up 0.000 mm, across 0.000 mm
[RockPrecisionFixDiag]     holder 'cactus': built, height 600599.604108 m, matrix 600599.612559 m, up +8.451 mm, across 30.086 mm
[RockPrecisionFixDiag]   quad 'Kerbin Xn0131002211': height 600620.587228 m, matrix 600620.587228 m, up 0.000 mm, across 0.000 mm
[RockPrecisionFixDiag]     holder 'cactus': built, height 600620.587228 m, matrix 600620.578814 m, up -8.414 mm, across 30.096 mm
[RockPrecisionFixDiag]   quad 'Kerbin Xn0131002210': height 600616.194614 m, matrix 600616.194614 m, up 0.000 mm, across 0.000 mm
[RockPrecisionFixDiag]     holder 'cactus': built, height 600616.194614 m, matrix 600616.203026 m, up +8.412 mm, across 30.096 mm
[RockPrecisionFixDiag]   quad 'Kerbin Xn0131002203': height 600568.689215 m, matrix 600568.689215 m, up 0.000 mm, across 0.000 mm
[RockPrecisionFixDiag]     holder 'cactus': built, height 600568.689215 m, matrix 600568.620908 m, up -68.306 mm, across 14.733 mm
[RockPrecisionFixDiag]   quad 'Kerbin Xn0131002201': height 600607.661316 m, matrix 600607.661316 m, up 0.000 mm, across 0.000 mm
[RockPrecisionFixDiag]     holder 'cactus': built, height 600607.661316 m, matrix 600607.661316 m, up 0.000 mm, across 0.000 mm
[RockPrecisionFixDiag]   quad 'Kerbin Xn0131002133': height 600660.005765 m, matrix 600660.005765 m, up 0.000 mm, across 0.000 mm
[RockPrecisionFixDiag]     holder 'cactus': built, height 600660.005765 m, matrix 600659.997385 m, up -8.380 mm, across 30.105 mm
[RockPrecisionFixDiag]   quad 'Kerbin Xn0131002132': height 600686.327064 m, matrix 600686.327064 m, up 0.000 mm, across 0.000 mm
[RockPrecisionFixDiag]     holder 'cactus': built, height 600686.327064 m, matrix 600686.267118 m, up -59.945 mm, across 17.686 mm
[RockPrecisionFixDiag]   quad 'Kerbin Xn0131002131': height 600686.145808 m, matrix 600686.145808 m, up 0.000 mm, across 0.000 mm
[RockPrecisionFixDiag]     holder 'cactus': built, height 600686.145808 m, matrix 600686.145808 m, up 0.000 mm, across 0.000 mm
[RockPrecisionFixDiag]   quad 'Kerbin Xn0131002130': height 600686.551742 m, matrix 600686.551742 m, up 0.000 mm, across 0.000 mm
[RockPrecisionFixDiag]     holder 'cactus': built, height 600686.551742 m, matrix 600686.491775 m, up -59.967 mm, across 17.612 mm
[RockPrecisionFixDiag]   quad 'Kerbin Xn0131002123': height 600679.197292 m, matrix 600679.197292 m, up 0.000 mm, across 0.000 mm
[RockPrecisionFixDiag]     holder 'cactus': built, height 600679.197292 m, matrix 600679.197292 m, up 0.000 mm, across 0.000 mm
[RockPrecisionFixDiag]   quad 'Kerbin Xn0131002122': height 600657.331666 m, matrix 600657.331666 m, up 0.000 mm, across 0.000 mm
[RockPrecisionFixDiag]     holder 'cactus': built, height 600657.331666 m, matrix 600657.340043 m, up +8.377 mm, across 30.106 mm
[RockPrecisionFixDiag]   quad 'Kerbin Xn0131002121': height 600643.267376 m, matrix 600643.267376 m, up 0.000 mm, across 0.000 mm
[RockPrecisionFixDiag]     holder 'cactus': built, height 600643.267376 m, matrix 600643.318995 m, up +51.619 mm, across 47.099 mm
[RockPrecisionFixDiag]   quad 'Kerbin Xn0131002120': height 600620.282903 m, matrix 600620.282903 m, up 0.000 mm, across 0.000 mm
[RockPrecisionFixDiag]     holder 'cactus': built, height 600620.282903 m, matrix 600620.291242 m, up +8.339 mm, across 30.117 mm
[RockPrecisionFixDiag]   quad 'Kerbin Xn0131002113': height 600718.915044 m, matrix 600718.915044 m, up 0.000 mm, across 0.000 mm
[RockPrecisionFixDiag]     holder 'cactus': built, height 600718.915044 m, matrix 600718.915044 m, up 0.000 mm, across 0.000 mm
[RockPrecisionFixDiag]   quad 'Kerbin Xn0131002112': height 600682.416503 m, matrix 600682.416503 m, up 0.000 mm, across 0.000 mm
[RockPrecisionFixDiag]     holder 'cactus': built, height 600682.416503 m, matrix 600682.484795 m, up +68.292 mm, across 14.800 mm
[RockPrecisionFixDiag]   quad 'Kerbin Xn0131002111': height 600790.514801 m, matrix 600790.514801 m, up 0.000 mm, across 0.000 mm
[RockPrecisionFixDiag]     holder 'cactus': built, height 600790.514801 m, matrix 600790.523067 m, up +8.266 mm, across 30.137 mm
[RockPrecisionFixDiag]   quad 'Kerbin Xn0131002110': height 600719.214734 m, matrix 600719.214734 m, up 0.000 mm, across 0.000 mm
[RockPrecisionFixDiag]     holder 'cactus': built, height 600719.214734 m, matrix 600719.214734 m, up 0.000 mm, across 0.000 mm
[RockPrecisionFixDiag]   quad 'Kerbin Xn0131002103': height 600659.401091 m, matrix 600659.401091 m, up 0.000 mm, across 0.000 mm
[RockPrecisionFixDiag]     holder 'cactus': built, height 600659.401091 m, matrix 600659.392790 m, up -8.302 mm, across 30.127 mm
[RockPrecisionFixDiag]   quad 'Kerbin Xn0131002102': height 600604.451255 m, matrix 600604.451255 m, up 0.000 mm, across 0.000 mm
[RockPrecisionFixDiag]     holder 'cactus': built, height 600604.451255 m, matrix 600604.451255 m, up 0.000 mm, across 0.000 mm
[RockPrecisionFixDiag]   quad 'Kerbin Xn0131002101': height 600671.021507 m, matrix 600671.021507 m, up 0.000 mm, across 0.000 mm
[RockPrecisionFixDiag]     holder 'cactus': built, height 600671.021507 m, matrix 600671.021507 m, up 0.000 mm, across 0.000 mm
[RockPrecisionFixDiag]   quad 'Kerbin Xn0131002100': height 600661.743599 m, matrix 600661.743599 m, up 0.000 mm, across 0.000 mm
[RockPrecisionFixDiag]     holder 'cactus': built, height 600661.743599 m, matrix 600661.743599 m, up 0.000 mm, across 0.000 mm
[RockPrecisionFixDiag]   quad 'Kerbin Xn0131002033': height 600629.618404 m, matrix 600629.618404 m, up 0.000 mm, across 0.000 mm
[RockPrecisionFixDiag]     holder 'cactus': built, height 600629.618404 m, matrix 600629.618404 m, up 0.000 mm, across 0.000 mm
[RockPrecisionFixDiag]   quad 'Kerbin Xn0131002032': height 600621.183681 m, matrix 600621.183681 m, up 0.000 mm, across 0.000 mm
[RockPrecisionFixDiag]     holder 'cactus': built, height 600621.183681 m, matrix 600621.123771 m, up -59.910 mm, across 17.805 mm
[RockPrecisionFixDiag]   quad 'Kerbin Xn0131002031': height 600636.172603 m, matrix 600636.172603 m, up 0.000 mm, across 0.000 mm
[RockPrecisionFixDiag]     holder 'cactus': built, height 600636.172603 m, matrix 600636.172603 m, up 0.000 mm, across 0.000 mm
[RockPrecisionFixDiag]   quad 'Kerbin Xn0131002030': height 600637.603926 m, matrix 600637.603926 m, up 0.000 mm, across 0.000 mm
[RockPrecisionFixDiag]     holder 'cactus': built, height 600637.603926 m, matrix 600637.603926 m, up 0.000 mm, across 0.000 mm
[RockPrecisionFixDiag]   quad 'Kerbin Xn0131002023': height 600609.923549 m, matrix 600609.923549 m, up 0.000 mm, across 0.000 mm
[RockPrecisionFixDiag]     holder 'cactus': built, height 600609.923549 m, matrix 600609.915176 m, up -8.373 mm, across 30.107 mm
[RockPrecisionFixDiag]   quad 'Kerbin Xn0131002021': height 600590.068641 m, matrix 600590.068641 m, up 0.000 mm, across 0.000 mm
[RockPrecisionFixDiag]     holder 'cactus': built, height 600590.068641 m, matrix 600590.068641 m, up 0.000 mm, across 0.000 mm
[RockPrecisionFixDiag]   quad 'Kerbin Xn0131002013': height 600650.222339 m, matrix 600650.222339 m, up 0.000 mm, across 0.000 mm
[RockPrecisionFixDiag]     holder 'cactus': built, height 600650.222339 m, matrix 600650.230639 m, up +8.299 mm, across 30.128 mm
[RockPrecisionFixDiag]   quad 'Kerbin Xn0131002012': height 600662.412759 m, matrix 600662.412759 m, up 0.000 mm, across 0.000 mm
[RockPrecisionFixDiag]     holder 'cactus': built, height 600662.412759 m, matrix 600662.464415 m, up +51.656 mm, across 47.058 mm
[RockPrecisionFixDiag]   quad 'Kerbin Xn0131002011': height 600687.724539 m, matrix 600687.724539 m, up 0.000 mm, across 0.000 mm
[RockPrecisionFixDiag]     holder 'cactus': built, height 600687.724539 m, matrix 600687.716278 m, up -8.261 mm, across 30.138 mm
[RockPrecisionFixDiag]   quad 'Kerbin Xn0131002010': height 600756.680597 m, matrix 600756.680597 m, up 0.000 mm, across 0.000 mm
[RockPrecisionFixDiag]     holder 'cactus': built, height 600756.680597 m, matrix 600756.740572 m, up +59.975 mm, across 17.585 mm
[RockPrecisionFixDiag]   quad 'Kerbin Xn0131002003': height 600611.240021 m, matrix 600611.240021 m, up 0.000 mm, across 0.000 mm
[RockPrecisionFixDiag]     holder 'cactus': built, height 600611.240021 m, matrix 600611.240021 m, up 0.000 mm, across 0.000 mm
[RockPrecisionFixDiag]   quad 'Kerbin Xn0131002002': height 600621.583022 m, matrix 600621.583022 m, up 0.000 mm, across 0.000 mm
[RockPrecisionFixDiag]     holder 'cactus': built, height 600621.583022 m, matrix 600621.583022 m, up 0.000 mm, across 0.000 mm
[RockPrecisionFixDiag]   quad 'Kerbin Xn0131002001': height 600712.059700 m, matrix 600712.059700 m, up 0.000 mm, across 0.000 mm
[RockPrecisionFixDiag]     holder 'cactus': built, height 600712.059700 m, matrix 600712.059700 m, up 0.000 mm, across 0.000 mm
[RockPrecisionFixDiag]   rock 'Kerbin Xn0131000203' 'boulder' #0 vertex 120: ground --, vertex 600839.778487 m, -- mm above the ground
[RockPrecisionFixDiag]   rock 'Kerbin Xn0131000203' 'boulder' #0 vertex 104: ground --, vertex 600843.590006 m, -- mm above the ground
[RockPrecisionFixDiag]   rock 'Kerbin Xn0131000203' 'boulder' #0 vertex 35: ground --, vertex 600844.452273 m, -- mm above the ground
[RockPrecisionFixDiag]   rock 'Kerbin Xn0131000203' 'boulder' #0 vertex 62: ground 600842.480200 m, vertex 600842.876942 m, +396.741 mm above the ground
[RockPrecisionFixDiag]   rock 'Kerbin Xn0131000203' 'boulder' #0 vertex 173: ground 600842.195337 m, vertex 600841.490234 m, -705.102 mm above the ground
[RockPrecisionFixDiag]   rock 'Kerbin Xn0131000203' 'boulder' #0 vertex 15: ground --, vertex 600840.491972 m, -- mm above the ground
[RockPrecisionFixDiag]   rock 'Kerbin Xn0131000203' 'boulder' #0 vertex 21: ground 600842.397684 m, vertex 600841.590156 m, -807.528 mm above the ground
[RockPrecisionFixDiag]   rock 'Kerbin Xn0131000203' 'boulder' #0 vertex 34: ground --, vertex 600843.748192 m, -- mm above the ground
[RockPrecisionFixDiag]   rock 'Kerbin Xn0131000203' 'boulder' #0 vertex 0: ground --, vertex 600841.248975 m, -- mm above the ground
[RockPrecisionFixDiag]   rock 'Kerbin Xn0131000203' 'boulder' #0 vertex 90: ground --, vertex 600844.314757 m, -- mm above the ground
[RockPrecisionFixDiag]   rock 'Kerbin Xn0131000203' 'cactus' #0 vertex 53: ground --, vertex 600847.313377 m, -- mm above the ground
[RockPrecisionFixDiag]   rock 'Kerbin Xn0131000203' 'cactus' #0 vertex 33: ground --, vertex 600854.840508 m, -- mm above the ground
[RockPrecisionFixDiag]   rock 'Kerbin Xn0131000203' 'cactus' #0 vertex 334: ground --, vertex 600851.301552 m, -- mm above the ground
[RockPrecisionFixDiag]   rock 'Kerbin Xn0131000203' 'cactus' #0 vertex 100: ground --, vertex 600851.855997 m, -- mm above the ground
[RockPrecisionFixDiag]   rock 'Kerbin Xn0131000203' 'cactus' #0 vertex 159: ground --, vertex 600849.586220 m, -- mm above the ground
[RockPrecisionFixDiag]   rock 'Kerbin Xn0131000203' 'cactus' #0 vertex 418: ground --, vertex 600853.277219 m, -- mm above the ground
[RockPrecisionFixDiag]   rock 'Kerbin Xn0131000203' 'cactus' #0 vertex 303: ground --, vertex 600853.594936 m, -- mm above the ground
[RockPrecisionFixDiag]   rock 'Kerbin Xn0131000203' 'cactus' #0 vertex 125: ground --, vertex 600850.563953 m, -- mm above the ground
[RockPrecisionFixDiag]   rock 'Kerbin Xn0131000203' 'cactus' #0 vertex 340: ground --, vertex 600850.125173 m, -- mm above the ground
[RockPrecisionFixDiag]   rock 'Kerbin Xn0131000203' 'cactus' #0 vertex 348: ground --, vertex 600852.379846 m, -- mm above the ground
[RockPrecisionFixDiag]   rock 'Kerbin Xn0131000203' 'cactus' #1 vertex 53: ground --, vertex 600845.578516 m, -- mm above the ground
[RockPrecisionFixDiag]   rock 'Kerbin Xn0131000203' 'cactus' #1 vertex 33: ground --, vertex 600855.809251 m, -- mm above the ground
[RockPrecisionFixDiag]   rock 'Kerbin Xn0131000203' 'cactus' #1 vertex 334: ground --, vertex 600850.997399 m, -- mm above the ground
[RockPrecisionFixDiag]   rock 'Kerbin Xn0131000203' 'cactus' #1 vertex 100: ground --, vertex 600851.754428 m, -- mm above the ground
[RockPrecisionFixDiag]   rock 'Kerbin Xn0131000203' 'cactus' #1 vertex 159: ground --, vertex 600848.667953 m, -- mm above the ground
[RockPrecisionFixDiag]   rock 'Kerbin Xn0131000203' 'cactus' #1 vertex 418: ground --, vertex 600853.682781 m, -- mm above the ground
[RockPrecisionFixDiag]   rock 'Kerbin Xn0131000203' 'cactus' #1 vertex 303: ground --, vertex 600854.117674 m, -- mm above the ground
[RockPrecisionFixDiag]   rock 'Kerbin Xn0131000203' 'cactus' #1 vertex 125: ground --, vertex 600849.997682 m, -- mm above the ground
[RockPrecisionFixDiag]   rock 'Kerbin Xn0131000203' 'cactus' #1 vertex 340: ground --, vertex 600849.399049 m, -- mm above the ground
[RockPrecisionFixDiag]   rock 'Kerbin Xn0131000203' 'cactus' #1 vertex 348: ground --, vertex 600852.462989 m, -- mm above the ground
[RockPrecisionFixDiag]   rock 'Kerbin Xn0131000203' 'cactus' #2 vertex 53: ground --, vertex 600843.405808 m, -- mm above the ground
[RockPrecisionFixDiag]   rock 'Kerbin Xn0131000203' 'cactus' #2 vertex 33: ground --, vertex 600849.308698 m, -- mm above the ground
[RockPrecisionFixDiag]   rock 'Kerbin Xn0131000203' 'cactus' #2 vertex 334: ground --, vertex 600846.532668 m, -- mm above the ground
[RockPrecisionFixDiag]   rock 'Kerbin Xn0131000203' 'cactus' #2 vertex 100: ground --, vertex 600846.968895 m, -- mm above the ground
[RockPrecisionFixDiag]   rock 'Kerbin Xn0131000203' 'cactus' #2 vertex 159: ground --, vertex 600845.188300 m, -- mm above the ground
[RockPrecisionFixDiag]   rock 'Kerbin Xn0131000203' 'cactus' #2 vertex 418: ground --, vertex 600848.082055 m, -- mm above the ground
[RockPrecisionFixDiag]   rock 'Kerbin Xn0131000203' 'cactus' #2 vertex 303: ground --, vertex 600848.332474 m, -- mm above the ground
[RockPrecisionFixDiag]   rock 'Kerbin Xn0131000203' 'cactus' #2 vertex 125: ground --, vertex 600845.955398 m, -- mm above the ground
[RockPrecisionFixDiag]   rock 'Kerbin Xn0131000203' 'cactus' #2 vertex 340: ground --, vertex 600845.610358 m, -- mm above the ground
[RockPrecisionFixDiag]   rock 'Kerbin Xn0131000203' 'cactus' #2 vertex 348: ground --, vertex 600847.378299 m, -- mm above the ground
[RockPrecisionFixDiag]   rock 'Kerbin Xn0131000203' 'cactus' #3 vertex 53: ground --, vertex 600842.853502 m, -- mm above the ground
[RockPrecisionFixDiag]   rock 'Kerbin Xn0131000203' 'cactus' #3 vertex 33: ground --, vertex 600848.211762 m, -- mm above the ground
[RockPrecisionFixDiag]   rock 'Kerbin Xn0131000203' 'cactus' #3 vertex 334: ground --, vertex 600845.692164 m, -- mm above the ground
[RockPrecisionFixDiag]   rock 'Kerbin Xn0131000203' 'cactus' #3 vertex 100: ground --, vertex 600846.087555 m, -- mm above the ground
[RockPrecisionFixDiag]   rock 'Kerbin Xn0131000203' 'cactus' #3 vertex 159: ground --, vertex 600844.471486 m, -- mm above the ground
[RockPrecisionFixDiag]   rock 'Kerbin Xn0131000203' 'cactus' #3 vertex 418: ground --, vertex 600847.098577 m, -- mm above the ground
[RockPrecisionFixDiag]   rock 'Kerbin Xn0131000203' 'cactus' #3 vertex 303: ground --, vertex 600847.325374 m, -- mm above the ground
[RockPrecisionFixDiag]   rock 'Kerbin Xn0131000203' 'cactus' #3 vertex 125: ground --, vertex 600845.167673 m, -- mm above the ground
[RockPrecisionFixDiag]   rock 'Kerbin Xn0131000203' 'cactus' #3 vertex 340: ground --, vertex 600844.854858 m, -- mm above the ground
[RockPrecisionFixDiag]   rock 'Kerbin Xn0131000203' 'cactus' #3 vertex 348: ground --, vertex 600846.459761 m, -- mm above the ground
[RockPrecisionFixDiag]   rock 'Kerbin Xn0131000203' 'cactus' #4 vertex 53: ground --, vertex 600862.135928 m, -- mm above the ground
[RockPrecisionFixDiag]   rock 'Kerbin Xn0131000203' 'cactus' #4 vertex 33: ground --, vertex 600867.693825 m, -- mm above the ground
[RockPrecisionFixDiag]   rock 'Kerbin Xn0131000203' 'cactus' #4 vertex 334: ground --, vertex 600865.081084 m, -- mm above the ground
[RockPrecisionFixDiag]   rock 'Kerbin Xn0131000203' 'cactus' #4 vertex 100: ground --, vertex 600865.489622 m, -- mm above the ground
[RockPrecisionFixDiag]   rock 'Kerbin Xn0131000203' 'cactus' #4 vertex 159: ground --, vertex 600863.814131 m, -- mm above the ground
[RockPrecisionFixDiag]   rock 'Kerbin Xn0131000203' 'cactus' #4 vertex 418: ground --, vertex 600866.539922 m, -- mm above the ground
[RockPrecisionFixDiag]   rock 'Kerbin Xn0131000203' 'cactus' #4 vertex 303: ground --, vertex 600866.773720 m, -- mm above the ground
[RockPrecisionFixDiag]   rock 'Kerbin Xn0131000203' 'cactus' #4 vertex 125: ground --, vertex 600864.535725 m, -- mm above the ground
[RockPrecisionFixDiag]   rock 'Kerbin Xn0131000203' 'cactus' #4 vertex 340: ground --, vertex 600864.212425 m, -- mm above the ground
[RockPrecisionFixDiag]   rock 'Kerbin Xn0131000203' 'cactus' #4 vertex 348: ground 600862.644614 m, vertex 600865.877201 m, +3232.587 mm above the ground
[RockPrecisionFixDiag] End of record 1: 173 quads with rocks, 306 holders (0 not built yet); nearest quad 'Kerbin Xn0131000203': 6 rocks, 60 vertices measured, 56 without ground under them
