[RockPrecisionFixDiag] Record 4 on Kerbin: scatter on. Heights are distances from the centre of Kerbin, in metres
[RockPrecisionFixDiag]   quad 'Kerbin Zn3010000310': height 600205.532416 m, matrix 600205.532416 m, up 0.000 mm, across 0.000 mm
[RockPrecisionFixDiag]     holder 'Grass00': built, height 600205.537404 m, matrix 600205.580237 m, up +47.821 mm, across 25.126 mm
[RockPrecisionFixDiag]     holder 'Tree00': built, height 600205.537404 m, matrix 600205.580237 m, up +47.821 mm, across 25.126 mm
[RockPrecisionFixDiag]   quad 'Kerbin Zn3010000303': height 600185.474369 m, matrix 600185.474369 m, up 0.000 mm, across 0.000 mm
[RockPrecisionFixDiag]     holder 'Grass00': built, height 600185.491291 m, matrix 600185.514008 m, up +39.639 mm, across 8.839 mm
[RockPrecisionFixDiag]     holder 'Tree00': built, height 600185.491291 m, matrix 600185.514008 m, up +39.639 mm, across 8.839 mm
[RockPrecisionFixDiag]   quad 'Kerbin Zn3010000302': height 600252.928560 m, matrix 600252.928560 m, up 0.000 mm, across 0.000 mm
[RockPrecisionFixDiag]     holder 'Grass00': built, height 600252.970329 m, matrix 600252.991828 m, up +63.267 mm, across 7.329 mm
[RockPrecisionFixDiag]     holder 'Tree00': built, height 600252.970329 m, matrix 600252.991828 m, up +63.267 mm, across 7.329 mm
[RockPrecisionFixDiag]   quad 'Kerbin Zn3010000301': height 600205.190122 m, matrix 600205.190122 m, up 0.000 mm, across 0.000 mm
[RockPrecisionFixDiag]     holder 'Grass00': built, height 600205.258628 m, matrix 600205.237170 m, up +47.047 mm, across 14.083 mm
[RockPrecisionFixDiag]     holder 'Tree00': built, height 600205.258628 m, matrix 600205.237170 m, up +47.047 mm, across 14.083 mm
[RockPrecisionFixDiag]   quad 'Kerbin Zn3010000300': height 600251.411296 m, matrix 600251.411296 m, up 0.000 mm, across 0.000 mm
[RockPrecisionFixDiag]     holder 'Grass00': built, height 600251.414949 m, matrix 600251.457948 m, up +46.653 mm, across 31.466 mm
[RockPrecisionFixDiag]     holder 'Tree00': built, height 600251.414949 m, matrix 600251.457948 m, up +46.653 mm, across 31.466 mm
[RockPrecisionFixDiag]   quad 'Kerbin Zn3010000233': height 600281.401673 m, matrix 600281.401673 m, up 0.000 mm, across 0.000 mm
[RockPrecisionFixDiag]     holder 'Grass00': built, height 600281.465660 m, matrix 600281.465660 m, up +63.987 mm, across 30.786 mm
[RockPrecisionFixDiag]     holder 'Tree00': built, height 600281.465660 m, matrix 600281.465660 m, up +63.987 mm, across 30.786 mm
[RockPrecisionFixDiag]   quad 'Kerbin Zn3010000232': height 600245.839021 m, matrix 600245.839021 m, up 0.000 mm, across 0.000 mm
[RockPrecisionFixDiag]     holder 'Grass00': built, height 600245.836301 m, matrix 600245.858898 m, up +19.877 mm, across 14.102 mm
[RockPrecisionFixDiag]     holder 'Tree00': built, height 600245.836301 m, matrix 600245.858898 m, up +19.877 mm, across 14.102 mm
[RockPrecisionFixDiag]   quad 'Kerbin Zn3010000231': height 600273.718164 m, matrix 600273.718164 m, up 0.000 mm, across 0.000 mm
[RockPrecisionFixDiag]     holder 'Grass00': built, height 600273.792741 m, matrix 600273.770104 m, up +51.940 mm, across 36.178 mm
[RockPrecisionFixDiag]     holder 'Tree00': built, height 600273.792741 m, matrix 600273.770104 m, up +51.940 mm, across 36.178 mm
[RockPrecisionFixDiag]   quad 'Kerbin Zn3010000230': height 600239.584993 m, matrix 600239.584993 m, up 0.000 mm, across 0.000 mm
[RockPrecisionFixDiag]     holder 'Grass00': built, height 600239.631870 m, matrix 600239.675034 m, up +90.040 mm, across 19.026 mm
[RockPrecisionFixDiag]     holder 'Tree00': built, height 600239.631870 m, matrix 600239.675034 m, up +90.040 mm, across 19.026 mm
[RockPrecisionFixDiag]   quad 'Kerbin Zn3010000213': height 600292.233371 m, matrix 600292.233371 m, up 0.000 mm, across 0.000 mm
[RockPrecisionFixDiag]     holder 'Grass00': built, height 600292.272591 m, matrix 600292.251050 m, up +17.679 mm, across 2.676 mm
[RockPrecisionFixDiag]     holder 'Tree00': built, height 600292.272591 m, matrix 600292.251050 m, up +17.679 mm, across 2.676 mm
[RockPrecisionFixDiag]   quad 'Kerbin Zn3010000212': height 600278.908860 m, matrix 600278.908860 m, up 0.000 mm, across 0.000 mm
[RockPrecisionFixDiag]     holder 'Grass00': built, height 600278.920547 m, matrix 600278.920547 m, up +11.688 mm, across 2.344 mm
[RockPrecisionFixDiag]     holder 'Tree00': built, height 600278.920547 m, matrix 600278.920547 m, up +11.688 mm, across 2.344 mm
[RockPrecisionFixDiag]   quad 'Kerbin Zn3010000211': height 600331.669241 m, matrix 600331.669241 m, up 0.000 mm, across 0.000 mm
[RockPrecisionFixDiag]     holder 'Grass00': built, height 600331.731531 m, matrix 600331.688449 m, up +19.208 mm, across 5.315 mm
[RockPrecisionFixDiag]     holder 'Tree00': built, height 600331.731531 m, matrix 600331.688449 m, up +19.208 mm, across 5.315 mm
[RockPrecisionFixDiag]   quad 'Kerbin Zn3010000210': height 600271.300621 m, matrix 600271.300621 m, up 0.000 mm, across 0.000 mm
[RockPrecisionFixDiag]     holder 'Grass00': built, height 600271.331327 m, matrix 600271.331327 m, up +30.706 mm, across 8.826 mm
[RockPrecisionFixDiag]     holder 'Tree00': built, height 600271.331327 m, matrix 600271.331327 m, up +30.706 mm, across 8.826 mm
[RockPrecisionFixDiag]   quad 'Kerbin Zn3010000203': height 600237.244061 m, matrix 600237.244061 m, up 0.000 mm, across 0.000 mm
[RockPrecisionFixDiag]     holder 'Grass00': built, height 600237.283004 m, matrix 600237.260445 m, up +16.384 mm, across 17.101 mm
[RockPrecisionFixDiag]     holder 'Tree00': built, height 600237.283004 m, matrix 600237.260445 m, up +16.384 mm, across 17.101 mm
[RockPrecisionFixDiag]   quad 'Kerbin Zn3010000202': height 600240.650834 m, matrix 600240.650834 m, up 0.000 mm, across 0.000 mm
[RockPrecisionFixDiag]     holder 'Grass00': built, height 600240.683215 m, matrix 600240.726545 m, up +75.711 mm, across 13.245 mm
[RockPrecisionFixDiag]     holder 'Tree00': built, height 600240.683215 m, matrix 600240.726545 m, up +75.711 mm, across 13.245 mm
[RockPrecisionFixDiag]   quad 'Kerbin Zn3010000201': height 600253.845434 m, matrix 600253.845434 m, up 0.000 mm, across 0.000 mm
[RockPrecisionFixDiag]     holder 'Grass00': built, height 600253.930296 m, matrix 600253.930296 m, up +84.862 mm, across 45.139 mm
[RockPrecisionFixDiag]     holder 'Tree00': built, height 600253.930296 m, matrix 600253.930296 m, up +84.862 mm, across 45.139 mm
[RockPrecisionFixDiag]   quad 'Kerbin Zn3010000200': height 600248.967414 m, matrix 600248.967414 m, up 0.000 mm, across 0.000 mm
[RockPrecisionFixDiag]     holder 'Grass00': built, height 600249.008153 m, matrix 600249.030672 m, up +63.258 mm, across 50.262 mm
[RockPrecisionFixDiag]     holder 'Tree00': built, height 600249.008153 m, matrix 600249.030672 m, up +63.258 mm, across 50.262 mm
[RockPrecisionFixDiag]   quad 'Kerbin Zn3010000133': height 600126.805925 m, matrix 600126.805925 m, up 0.000 mm, across 0.000 mm
[RockPrecisionFixDiag]     holder 'Grass00': built, height 600126.863814 m, matrix 600126.863814 m, up +57.888 mm, across 17.932 mm
[RockPrecisionFixDiag]     holder 'Tree00': built, height 600126.863814 m, matrix 600126.863814 m, up +57.888 mm, across 17.932 mm
[RockPrecisionFixDiag]   quad 'Kerbin Zn3010000132': height 600212.377120 m, matrix 600212.377120 m, up 0.000 mm, across 0.000 mm
[RockPrecisionFixDiag]     holder 'Grass00': built, height 600212.379759 m, matrix 600212.401175 m, up +24.055 mm, across 5.394 mm
[RockPrecisionFixDiag]     holder 'Tree00': built, height 600212.379759 m, matrix 600212.401175 m, up +24.055 mm, across 5.394 mm
[RockPrecisionFixDiag]   quad 'Kerbin Zn3010000131': height 600164.314218 m, matrix 600164.314218 m, up 0.000 mm, across 0.000 mm
[RockPrecisionFixDiag]     holder 'Grass00': built, height 600164.332398 m, matrix 600164.353773 m, up +39.556 mm, across 14.702 mm
[RockPrecisionFixDiag]     holder 'Tree00': built, height 600164.332398 m, matrix 600164.353773 m, up +39.556 mm, across 14.702 mm
[RockPrecisionFixDiag]   quad 'Kerbin Zn3010000130': height 600190.635339 m, matrix 600190.635339 m, up 0.000 mm, across 0.000 mm
[RockPrecisionFixDiag]     holder 'Grass00': built, height 600190.611294 m, matrix 600190.632711 m, up -2.628 mm, across 26.533 mm
[RockPrecisionFixDiag]     holder 'Tree00': built, height 600190.611294 m, matrix 600190.632711 m, up -2.628 mm, across 26.533 mm
[RockPrecisionFixDiag]   quad 'Kerbin Zn3010000123': height 600203.275530 m, matrix 600203.275530 m, up 0.000 mm, across 0.000 mm
[RockPrecisionFixDiag]     holder 'Grass00': built, height 600203.360844 m, matrix 600203.360844 m, up +85.314 mm, across 6.084 mm
[RockPrecisionFixDiag]     holder 'Tree00': built, height 600203.360844 m, matrix 600203.360844 m, up +85.314 mm, across 6.084 mm
[RockPrecisionFixDiag]   quad 'Kerbin Zn3010000122': height 600239.513299 m, matrix 600239.513299 m, up 0.000 mm, across 0.000 mm
[RockPrecisionFixDiag]     holder 'Grass00': built, height 600239.471304 m, matrix 600239.536981 m, up +23.681 mm, across 8.839 mm
[RockPrecisionFixDiag]     holder 'Tree00': built, height 600239.471304 m, matrix 600239.536981 m, up +23.681 mm, across 8.839 mm
[RockPrecisionFixDiag]   quad 'Kerbin Zn3010000121': height 600217.201090 m, matrix 600217.201090 m, up 0.000 mm, across 0.000 mm
[RockPrecisionFixDiag]     holder 'Grass00': built, height 600217.245770 m, matrix 600217.267229 m, up +66.139 mm, across 10.826 mm
[RockPrecisionFixDiag]     holder 'Tree00': built, height 600217.245770 m, matrix 600217.267229 m, up +66.139 mm, across 10.826 mm
[RockPrecisionFixDiag]   quad 'Kerbin Zn3010000120': height 600226.532381 m, matrix 600226.532381 m, up 0.000 mm, across 0.000 mm
[RockPrecisionFixDiag]     holder 'Grass00': built, height 600226.556000 m, matrix 600226.578678 m, up +46.296 mm, across 10.251 mm
[RockPrecisionFixDiag]     holder 'Tree00': built, height 600226.556000 m, matrix 600226.578678 m, up +46.296 mm, across 10.251 mm
[RockPrecisionFixDiag]   quad 'Kerbin Zn3010000112': height 600227.195431 m, matrix 600227.195431 m, up 0.000 mm, across 0.000 mm
[RockPrecisionFixDiag]     holder 'Grass00': built, height 600227.227719 m, matrix 600227.226380 m, up +30.949 mm, across 6.000 mm
[RockPrecisionFixDiag]     holder 'Tree00': built, height 600227.227719 m, matrix 600227.226380 m, up +30.949 mm, across 6.000 mm
[RockPrecisionFixDiag]   quad 'Kerbin Zn3010000103': height 600230.029890 m, matrix 600230.029890 m, up 0.000 mm, across 0.000 mm
[RockPrecisionFixDiag]     holder 'Grass00': built, height 600230.111106 m, matrix 600230.068188 m, up +38.298 mm, across 10.653 mm
[RockPrecisionFixDiag]     holder 'Tree00': built, height 600230.111106 m, matrix 600230.068188 m, up +38.298 mm, across 10.653 mm
[RockPrecisionFixDiag]   quad 'Kerbin Zn3010000102': height 600230.717295 m, matrix 600230.717295 m, up 0.000 mm, across 0.000 mm
[RockPrecisionFixDiag]     holder 'Grass00': built, height 600230.730842 m, matrix 600230.730842 m, up +13.547 mm, across 6.115 mm
[RockPrecisionFixDiag]     holder 'Tree00': built, height 600230.730842 m, matrix 600230.730842 m, up +13.547 mm, across 6.115 mm
[RockPrecisionFixDiag]   quad 'Kerbin Zn3010000101': height 600259.953319 m, matrix 600259.953319 m, up 0.000 mm, across 0.000 mm
[RockPrecisionFixDiag]     holder 'Grass00': built, height 600259.978490 m, matrix 600259.999948 m, up +46.629 mm, across 2.989 mm
[RockPrecisionFixDiag]     holder 'Tree00': built, height 600259.978490 m, matrix 600259.999948 m, up +46.629 mm, across 2.989 mm
[RockPrecisionFixDiag]   quad 'Kerbin Zn3010000100': height 600253.724520 m, matrix 600253.724520 m, up 0.000 mm, across 0.000 mm
[RockPrecisionFixDiag]     holder 'Grass00': built, height 600253.740108 m, matrix 600253.805786 m, up +81.266 mm, across 25.396 mm
[RockPrecisionFixDiag]     holder 'Tree00': built, height 600253.740108 m, matrix 600253.805786 m, up +81.266 mm, across 25.396 mm
[RockPrecisionFixDiag]   quad 'Kerbin Zn3010000033': height 600313.717197 m, matrix 600313.717197 m, up 0.000 mm, across 0.000 mm
[RockPrecisionFixDiag]     holder 'Grass00': built, height 600313.745113 m, matrix 600313.789293 m, up +72.096 mm, across 17.342 mm
[RockPrecisionFixDiag]     holder 'Tree00': built, height 600313.745113 m, matrix 600313.789293 m, up +72.096 mm, across 17.342 mm
[RockPrecisionFixDiag]   quad 'Kerbin Zn3010000032': height 600248.663636 m, matrix 600248.663636 m, up 0.000 mm, across 0.000 mm
[RockPrecisionFixDiag]     holder 'Grass00': built, height 600248.695349 m, matrix 600248.695349 m, up +31.713 mm, across 17.652 mm
[RockPrecisionFixDiag]     holder 'Tree00': built, height 600248.695349 m, matrix 600248.695349 m, up +31.713 mm, across 17.652 mm
[RockPrecisionFixDiag]   quad 'Kerbin Zn3010000031': height 600280.001029 m, matrix 600280.001029 m, up 0.000 mm, across 0.000 mm
[RockPrecisionFixDiag]     holder 'Grass00': built, height 600280.024289 m, matrix 600280.024289 m, up +23.260 mm, across 2.132 mm
[RockPrecisionFixDiag]     holder 'Tree00': built, height 600280.024289 m, matrix 600280.024289 m, up +23.260 mm, across 2.132 mm
[RockPrecisionFixDiag]   quad 'Kerbin Zn3010000030': height 600256.866997 m, matrix 600256.866997 m, up 0.000 mm, across 0.000 mm
[RockPrecisionFixDiag]     holder 'Grass00': built, height 600256.899617 m, matrix 600256.943799 m, up +76.802 mm, across 24.219 mm
[RockPrecisionFixDiag]     holder 'Tree00': built, height 600256.899617 m, matrix 600256.943799 m, up +76.802 mm, across 24.219 mm
[RockPrecisionFixDiag]   quad 'Kerbin Zn3010000023': height 600244.637858 m, matrix 600244.637858 m, up 0.000 mm, across 0.000 mm
[RockPrecisionFixDiag]     holder 'Grass00': built, height 600244.703828 m, matrix 600244.682204 m, up +44.346 mm, across 9.577 mm
[RockPrecisionFixDiag]     holder 'Tree00': built, height 600244.703828 m, matrix 600244.682204 m, up +44.346 mm, across 9.577 mm
[RockPrecisionFixDiag]   quad 'Kerbin Zn3010000022': height 600288.746409 m, matrix 600288.746409 m, up 0.000 mm, across 0.000 mm
[RockPrecisionFixDiag]     holder 'Grass00': built, height 600288.839999 m, matrix 600288.796668 m, up +50.259 mm, across 9.745 mm
[RockPrecisionFixDiag]     holder 'Tree00': built, height 600288.839999 m, matrix 600288.796668 m, up +50.259 mm, across 9.745 mm
[RockPrecisionFixDiag]   quad 'Kerbin Zn3010000021': height 600225.876087 m, matrix 600225.876087 m, up 0.000 mm, across 0.000 mm
[RockPrecisionFixDiag]     holder 'Grass00': built, height 600225.915621 m, matrix 600225.915621 m, up +39.534 mm, across 7.801 mm
[RockPrecisionFixDiag]     holder 'Tree00': built, height 600225.915621 m, matrix 600225.915621 m, up +39.534 mm, across 7.801 mm
[RockPrecisionFixDiag]   quad 'Kerbin Zn3010000020': height 600242.273433 m, matrix 600242.273433 m, up 0.000 mm, across 0.000 mm
[RockPrecisionFixDiag]     holder 'Grass00': built, height 600242.308490 m, matrix 600242.307637 m, up +34.204 mm, across 34.850 mm
[RockPrecisionFixDiag]     holder 'Tree00': built, height 600242.308490 m, matrix 600242.307637 m, up +34.204 mm, across 34.850 mm
[RockPrecisionFixDiag]   quad 'Kerbin Zn3010000013': height 600242.615942 m, matrix 600242.615942 m, up 0.000 mm, across 0.000 mm
[RockPrecisionFixDiag]     holder 'Grass00': built, height 600242.615791 m, matrix 600242.615791 m, up -0.152 mm, across 20.028 mm
[RockPrecisionFixDiag]     holder 'Tree00': built, height 600242.615791 m, matrix 600242.615791 m, up -0.152 mm, across 20.028 mm
[RockPrecisionFixDiag]   quad 'Kerbin Zn3010000012': height 600273.374938 m, matrix 600273.374938 m, up 0.000 mm, across 0.000 mm
[RockPrecisionFixDiag]     holder 'Grass00': built, height 600273.398082 m, matrix 600273.398082 m, up +23.144 mm, across 37.313 mm
[RockPrecisionFixDiag]     holder 'Tree00': built, height 600273.398082 m, matrix 600273.398082 m, up +23.144 mm, across 37.313 mm
[RockPrecisionFixDiag]   quad 'Kerbin Zn3010000011': height 600220.717719 m, matrix 600220.717719 m, up 0.000 mm, across 0.000 mm
[RockPrecisionFixDiag]     holder 'Grass00': built, height 600220.686525 m, matrix 600220.729609 m, up +11.889 mm, across 5.927 mm
[RockPrecisionFixDiag]     holder 'Tree00': built, height 600220.686525 m, matrix 600220.729609 m, up +11.889 mm, across 5.927 mm
[RockPrecisionFixDiag]   quad 'Kerbin Zn3010000010': height 600189.655089 m, matrix 600189.655089 m, up 0.000 mm, across 0.000 mm
[RockPrecisionFixDiag]     holder 'Grass00': built, height 600189.666928 m, matrix 600189.666928 m, up +11.839 mm, across 4.217 mm
[RockPrecisionFixDiag]     holder 'Tree00': built, height 600189.666928 m, matrix 600189.666928 m, up +11.839 mm, across 4.217 mm
[RockPrecisionFixDiag]   quad 'Kerbin Zn3010000003': height 600238.468361 m, matrix 600238.468361 m, up 0.000 mm, across 0.000 mm
[RockPrecisionFixDiag]     holder 'Grass00': built, height 600238.454378 m, matrix 600238.497628 m, up +29.267 mm, across 4.044 mm
[RockPrecisionFixDiag]     holder 'Tree00': built, height 600238.454378 m, matrix 600238.497628 m, up +29.267 mm, across 4.044 mm
[RockPrecisionFixDiag]   quad 'Kerbin Zn3010000002': height 600219.460045 m, matrix 600219.460045 m, up 0.000 mm, across 0.000 mm
[RockPrecisionFixDiag]     holder 'Grass00': built, height 600219.501309 m, matrix 600219.501309 m, up +41.264 mm, across 9.086 mm
[RockPrecisionFixDiag]     holder 'Tree00': built, height 600219.501309 m, matrix 600219.501309 m, up +41.264 mm, across 9.086 mm
[RockPrecisionFixDiag]   quad 'Kerbin Zn3010000001': height 600248.200656 m, matrix 600248.200656 m, up 0.000 mm, across 0.000 mm
[RockPrecisionFixDiag]     holder 'Grass00': built, height 600248.235839 m, matrix 600248.258399 m, up +57.743 mm, across 4.848 mm
[RockPrecisionFixDiag]     holder 'Tree00': built, height 600248.235839 m, matrix 600248.258399 m, up +57.743 mm, across 4.848 mm
[RockPrecisionFixDiag]   quad 'Kerbin Zn3010000000': height 600249.582842 m, matrix 600249.582842 m, up 0.000 mm, across 0.000 mm
[RockPrecisionFixDiag]     holder 'Grass00': built, height 600249.658370 m, matrix 600249.659224 m, up +76.381 mm, across 14.599 mm
[RockPrecisionFixDiag]     holder 'Tree00': built, height 600249.658370 m, matrix 600249.659224 m, up +76.381 mm, across 14.599 mm
[RockPrecisionFixDiag]   quad 'Kerbin Zn1232222322': height 600241.011582 m, matrix 600241.011582 m, up 0.000 mm, across 0.000 mm
[RockPrecisionFixDiag]     holder 'Grass00': built, height 600241.052635 m, matrix 600241.095635 m, up +84.053 mm, across 18.043 mm
[RockPrecisionFixDiag]     holder 'Tree00': built, height 600241.052635 m, matrix 600241.095635 m, up +84.053 mm, across 18.043 mm
[RockPrecisionFixDiag]   quad 'Kerbin Zn1232222320': height 600203.253095 m, matrix 600203.253095 m, up 0.000 mm, across 0.000 mm
[RockPrecisionFixDiag]     holder 'Grass00': built, height 600203.275875 m, matrix 600203.297375 m, up +44.280 mm, across 36.238 mm
[RockPrecisionFixDiag]     holder 'Tree00': built, height 600203.275875 m, matrix 600203.297375 m, up +44.280 mm, across 36.238 mm
[RockPrecisionFixDiag]   quad 'Kerbin Zn1232222302': height 600210.795133 m, matrix 600210.795133 m, up 0.000 mm, across 0.000 mm
[RockPrecisionFixDiag]     holder 'Grass00': built, height 600210.839187 m, matrix 600210.817687 m, up +22.554 mm, across 10.286 mm
[RockPrecisionFixDiag]     holder 'Tree00': built, height 600210.839187 m, matrix 600210.817687 m, up +22.554 mm, across 10.286 mm
[RockPrecisionFixDiag]   quad 'Kerbin Zn1232222300': height 600210.992645 m, matrix 600210.992645 m, up 0.000 mm, across 0.000 mm
[RockPrecisionFixDiag]     holder 'Grass00': built, height 600211.086894 m, matrix 600211.086894 m, up +94.249 mm, across 24.194 mm
[RockPrecisionFixDiag]     holder 'Tree00': built, height 600211.086894 m, matrix 600211.086894 m, up +94.249 mm, across 24.194 mm
[RockPrecisionFixDiag]   quad 'Kerbin Zn1232222233': height 600173.701505 m, matrix 600173.701505 m, up 0.000 mm, across 0.000 mm
[RockPrecisionFixDiag]     holder 'Grass00': built, height 600173.801759 m, matrix 600173.758676 m, up +57.171 mm, across 0.483 mm
[RockPrecisionFixDiag]     holder 'Tree00': built, height 600173.801759 m, matrix 600173.758676 m, up +57.171 mm, across 0.483 mm
[RockPrecisionFixDiag]   quad 'Kerbin Zn1232222232': height 600186.581227 m, matrix 600186.581227 m, up 0.000 mm, across 0.000 mm
[RockPrecisionFixDiag]     holder 'Grass00': built, height 600186.637886 m, matrix 600186.637886 m, up +56.658 mm, across 36.702 mm
[RockPrecisionFixDiag]     holder 'Tree00': built, height 600186.637886 m, matrix 600186.637886 m, up +56.658 mm, across 36.702 mm
[RockPrecisionFixDiag]   quad 'Kerbin Zn1232222231': height 600177.289510 m, matrix 600177.289510 m, up 0.000 mm, across 0.000 mm
[RockPrecisionFixDiag]     holder 'Grass00': built, height 600177.320257 m, matrix 600177.298715 m, up +9.205 mm, across 11.799 mm
[RockPrecisionFixDiag]     holder 'Tree00': built, height 600177.320257 m, matrix 600177.298715 m, up +9.205 mm, across 11.799 mm
[RockPrecisionFixDiag]   quad 'Kerbin Zn1232222230': height 600176.853820 m, matrix 600176.853820 m, up 0.000 mm, across 0.000 mm
[RockPrecisionFixDiag]     holder 'Grass00': built, height 600176.918093 m, matrix 600176.919109 m, up +65.289 mm, across 6.861 mm
[RockPrecisionFixDiag]     holder 'Tree00': built, height 600176.918093 m, matrix 600176.919109 m, up +65.289 mm, across 6.861 mm
[RockPrecisionFixDiag]   quad 'Kerbin Zn3010000323': height 600194.806576 m, matrix 600194.806576 m, up 0.000 mm, across 0.000 mm
[RockPrecisionFixDiag]     holder 'Grass00': built, height 600194.874116 m, matrix 600194.831203 m, up +24.626 mm, across 11.263 mm
[RockPrecisionFixDiag]   quad 'Kerbin Zn3010000322': height 600203.817496 m, matrix 600203.817496 m, up 0.000 mm, across 0.000 mm
[RockPrecisionFixDiag]     holder 'Grass00': built, height 600203.844597 m, matrix 600203.843420 m, up +25.924 mm, across 8.902 mm
[RockPrecisionFixDiag]   quad 'Kerbin Zn3010000321': height 600207.436508 m, matrix 600207.436508 m, up 0.000 mm, across 0.000 mm
[RockPrecisionFixDiag]     holder 'Grass00': built, height 600207.460980 m, matrix 600207.460980 m, up +24.472 mm, across 24.489 mm
[RockPrecisionFixDiag]   quad 'Kerbin Zn3010000320': height 600225.973661 m, matrix 600225.973661 m, up 0.000 mm, across 0.000 mm
[RockPrecisionFixDiag]     holder 'Grass00': built, height 600225.964892 m, matrix 600226.007889 m, up +34.228 mm, across 27.770 mm
[RockPrecisionFixDiag]   quad 'Kerbin Zn3010000312': height 600141.400104 m, matrix 600141.400104 m, up 0.000 mm, across 0.000 mm
[RockPrecisionFixDiag]     holder 'Grass00': built, height 600141.495239 m, matrix 600141.451068 m, up +50.963 mm, across 32.914 mm
[RockPrecisionFixDiag]   quad 'Kerbin Zn3010000311': height 600080.089501 m, matrix 600080.089501 m, up 0.000 mm, across 0.000 mm
[RockPrecisionFixDiag]     holder 'Grass00': built, height 600080.125426 m, matrix 600080.125426 m, up +35.924 mm, across 30.908 mm
[RockPrecisionFixDiag]   quad 'Kerbin Zn3010001200': height 599939.945246 m, matrix 599939.945246 m, up 0.000 mm, across 0.000 mm
[RockPrecisionFixDiag]     holder 'boulder': built, height 599940.038113 m, matrix 599939.972613 m, up +27.367 mm, across 13.023 mm
[RockPrecisionFixDiag]   quad 'Kerbin Zn3010001022': height 599978.023806 m, matrix 599978.023806 m, up 0.000 mm, across 0.000 mm
[RockPrecisionFixDiag]     holder 'boulder': built, height 599978.100632 m, matrix 599978.100632 m, up +76.826 mm, across 29.127 mm
[RockPrecisionFixDiag]   quad 'Kerbin Zn3010000330': height 599959.150214 m, matrix 599959.150214 m, up 0.000 mm, across 0.000 mm
[RockPrecisionFixDiag]     holder 'boulder': built, height 599959.210998 m, matrix 599959.210998 m, up +60.784 mm, across 2.074 mm
[RockPrecisionFixDiag]   quad 'Kerbin Zn3010000313': height 600041.740728 m, matrix 600041.740728 m, up 0.000 mm, across 0.000 mm
[RockPrecisionFixDiag]     holder 'boulder': built, height 600041.759843 m, matrix 600041.782637 m, up +41.909 mm, across 1.916 mm
[RockPrecisionFixDiag]   rock 'Kerbin Zn3010000130' 'Grass00' #0: ground 600188.741803 m, lowest point 600188.292726 m, -449.078 mm above the ground
[RockPrecisionFixDiag]   rock 'Kerbin Zn3010000130' 'Grass00' #1: ground 600199.879693 m, lowest point 600199.628665 m, -251.028 mm above the ground
[RockPrecisionFixDiag]   rock 'Kerbin Zn3010000130' 'Grass00' #2: ground 600187.167811 m, lowest point 600186.915015 m, -252.796 mm above the ground
[RockPrecisionFixDiag]   rock 'Kerbin Zn3010000130' 'Grass00' #3: ground 600199.183921 m, lowest point 600198.932507 m, -251.414 mm above the ground
[RockPrecisionFixDiag]   rock 'Kerbin Zn3010000130' 'Grass00' #4: ground 600203.879283 m, lowest point 600203.669720 m, -209.562 mm above the ground
[RockPrecisionFixDiag]   rock 'Kerbin Zn3010000130' 'Grass00' #5: ground 600188.372346 m, lowest point 600187.983192 m, -389.154 mm above the ground
[RockPrecisionFixDiag]   rock 'Kerbin Zn3010000130' 'Grass00' #6: ground 600195.664454 m, lowest point 600195.412478 m, -251.976 mm above the ground
[RockPrecisionFixDiag]   rock 'Kerbin Zn3010000130' 'Grass00' #7: ground 600190.627242 m, lowest point 600189.569122 m, -1058.120 mm above the ground
[RockPrecisionFixDiag]   rock 'Kerbin Zn3010000130' 'Grass00' #8: ground 600196.368205 m, lowest point 600196.190814 m, -177.391 mm above the ground
[RockPrecisionFixDiag]   rock 'Kerbin Zn3010000130' 'Grass00' #9: ground 600202.364858 m, lowest point 600202.208081 m, -156.777 mm above the ground
[RockPrecisionFixDiag]   rock 'Kerbin Zn3010000130' 'Grass00' #10: ground 600187.153478 m, lowest point 600187.211988 m, +58.510 mm above the ground
[RockPrecisionFixDiag]   rock 'Kerbin Zn3010000130' 'Grass00' #11: ground 600191.839476 m, lowest point 600191.587428 m, -252.048 mm above the ground
[RockPrecisionFixDiag]   rock 'Kerbin Zn3010000130' 'Grass00' #12: ground 600186.701664 m, lowest point 600186.448880 m, -252.784 mm above the ground
[RockPrecisionFixDiag]   rock 'Kerbin Zn3010000130' 'Grass00' #13: ground 600187.057716 m, lowest point 600186.842905 m, -214.811 mm above the ground
[RockPrecisionFixDiag]   rock 'Kerbin Zn3010000130' 'Grass00' #14: ground 600193.668454 m, lowest point 600193.077840 m, -590.615 mm above the ground
[RockPrecisionFixDiag]   rock 'Kerbin Zn3010000130' 'Grass00' #15: ground 600195.857468 m, lowest point 600195.559562 m, -297.906 mm above the ground
[RockPrecisionFixDiag]   rock 'Kerbin Zn3010000130' 'Grass00' #16: ground 600204.261540 m, lowest point 600203.980138 m, -281.402 mm above the ground
[RockPrecisionFixDiag]   rock 'Kerbin Zn3010000130' 'Grass00' #17: ground 600197.572926 m, lowest point 600197.320920 m, -252.006 mm above the ground
[RockPrecisionFixDiag]   rock 'Kerbin Zn3010000130' 'Grass00' #18: ground 600192.417391 m, lowest point 600193.148786 m, +731.394 mm above the ground
[RockPrecisionFixDiag]   rock 'Kerbin Zn3010000130' 'Grass00' #19: ground 600205.228639 m, lowest point 600204.725779 m, -502.860 mm above the ground
[RockPrecisionFixDiag]   rock 'Kerbin Zn3010000130' 'Grass00' #20: ground 600201.921686 m, lowest point 600201.667583 m, -254.103 mm above the ground
[RockPrecisionFixDiag]   rock 'Kerbin Zn3010000130' 'Grass00' #21: ground 600192.748151 m, lowest point 600193.315342 m, +567.191 mm above the ground
[RockPrecisionFixDiag]   rock 'Kerbin Zn3010000130' 'Grass00' #22: ground 600191.739795 m, lowest point 600191.437731 m, -302.064 mm above the ground
[RockPrecisionFixDiag]   rock 'Kerbin Zn3010000130' 'Grass00' #23: ground 600188.457912 m, lowest point 600189.812841 m, +1354.929 mm above the ground
[RockPrecisionFixDiag]   rock 'Kerbin Zn3010000130' 'Grass00' #24: ground 600198.797419 m, lowest point 600198.298799 m, -498.619 mm above the ground
[RockPrecisionFixDiag]   rock 'Kerbin Zn3010000130' 'Grass00' #25: ground 600199.593997 m, lowest point 600199.328194 m, -265.803 mm above the ground
[RockPrecisionFixDiag]   rock 'Kerbin Zn3010000130' 'Grass00' #26: ground 600189.666521 m, lowest point 600189.414458 m, -252.063 mm above the ground
[RockPrecisionFixDiag]   rock 'Kerbin Zn3010000130' 'Grass00' #27: ground 600199.867496 m, lowest point 600199.529142 m, -338.355 mm above the ground
[RockPrecisionFixDiag]   rock 'Kerbin Zn3010000130' 'Grass00' #28: ground 600199.349221 m, lowest point 600199.097151 m, -252.070 mm above the ground
[RockPrecisionFixDiag]   rock 'Kerbin Zn3010000130' 'Grass00' #29: ground 600192.381214 m, lowest point 600192.129232 m, -251.982 mm above the ground
[RockPrecisionFixDiag]   rock 'Kerbin Zn3010000130' 'Grass00' #30: ground 600191.295988 m, lowest point 600191.042254 m, -253.734 mm above the ground
[RockPrecisionFixDiag]   rock 'Kerbin Zn3010000130' 'Grass00' #31: ground 600201.046452 m, lowest point 600200.716617 m, -329.835 mm above the ground
[RockPrecisionFixDiag]   rock 'Kerbin Zn3010000130' 'Grass00' #32: ground 600193.703240 m, lowest point 600193.403931 m, -299.309 mm above the ground
[RockPrecisionFixDiag]   rock 'Kerbin Zn3010000130' 'Grass00' #33: ground 600195.666180 m, lowest point 600195.430451 m, -235.730 mm above the ground
[RockPrecisionFixDiag]   rock 'Kerbin Zn3010000130' 'Grass00' #34: ground 600192.193394 m, lowest point 600192.386847 m, +193.453 mm above the ground
[RockPrecisionFixDiag]   rock 'Kerbin Zn3010000130' 'Grass00' #35: ground 600191.672404 m, lowest point 600191.418446 m, -253.958 mm above the ground
[RockPrecisionFixDiag]   rock 'Kerbin Zn3010000130' 'Grass00' #36: ground 600189.467610 m, lowest point 600189.213497 m, -254.113 mm above the ground
[RockPrecisionFixDiag]   rock 'Kerbin Zn3010000130' 'Grass00' #37: ground 600187.614386 m, lowest point 600187.362823 m, -251.563 mm above the ground
[RockPrecisionFixDiag]   rock 'Kerbin Zn3010000130' 'Grass00' #38: ground 600203.362037 m, lowest point 600203.163205 m, -198.832 mm above the ground
[RockPrecisionFixDiag]   rock 'Kerbin Zn3010000130' 'Grass00' #39: ground 600197.276527 m, lowest point 600196.540493 m, -736.034 mm above the ground
[RockPrecisionFixDiag]   rock 'Kerbin Zn3010000130' 'Grass00' #40: ground 600194.789346 m, lowest point 600194.629664 m, -159.681 mm above the ground
[RockPrecisionFixDiag]   rock 'Kerbin Zn3010000130' 'Grass00' #41: ground 600194.688121 m, lowest point 600194.435942 m, -252.179 mm above the ground
[RockPrecisionFixDiag]   rock 'Kerbin Zn3010000130' 'Grass00' #42: ground 600201.313304 m, lowest point 600200.976456 m, -336.848 mm above the ground
[RockPrecisionFixDiag]   rock 'Kerbin Zn3010000130' 'Grass00' #43: ground 600198.485564 m, lowest point 600198.233797 m, -251.767 mm above the ground
[RockPrecisionFixDiag]   rock 'Kerbin Zn3010000130' 'Grass00' #44: ground 600214.630557 m, lowest point 600214.379745 m, -250.812 mm above the ground
[RockPrecisionFixDiag]   rock 'Kerbin Zn3010000130' 'Grass00' #45: ground 600201.634280 m, lowest point 600201.337070 m, -297.210 mm above the ground
[RockPrecisionFixDiag]   rock 'Kerbin Zn3010000130' 'Grass00' #46: ground 600197.815248 m, lowest point 600197.953451 m, +138.203 mm above the ground
[RockPrecisionFixDiag]   rock 'Kerbin Zn3010000130' 'Grass00' #47: ground 600196.592614 m, lowest point 600196.340252 m, -252.362 mm above the ground
[RockPrecisionFixDiag]   rock 'Kerbin Zn3010000130' 'Grass00' #48: ground 600197.823189 m, lowest point 600196.927911 m, -895.278 mm above the ground
[RockPrecisionFixDiag]   rock 'Kerbin Zn3010000130' 'Grass00' #49: ground 600202.548128 m, lowest point 600202.296303 m, -251.826 mm above the ground
[RockPrecisionFixDiag]   rock 'Kerbin Zn3010000130' 'Grass00' #50: ground 600204.937255 m, lowest point 600202.886263 m, -2050.993 mm above the ground
[RockPrecisionFixDiag]   rock 'Kerbin Zn3010000130' 'Grass00' #51: ground 600206.954172 m, lowest point 600206.703173 m, -250.999 mm above the ground
[RockPrecisionFixDiag]   rock 'Kerbin Zn3010000130' 'Grass00' #52: ground 600196.626239 m, lowest point 600194.409965 m, -2216.274 mm above the ground
[RockPrecisionFixDiag]   rock 'Kerbin Zn3010000130' 'Grass00' #53: ground 600210.714262 m, lowest point 600210.755697 m, +41.435 mm above the ground
[RockPrecisionFixDiag]   rock 'Kerbin Zn3010000130' 'Grass00' #54: ground 600198.107717 m, lowest point 600199.698580 m, +1590.862 mm above the ground
[RockPrecisionFixDiag]   rock 'Kerbin Zn3010000130' 'Grass00' #55: ground 600187.000503 m, lowest point 600186.865587 m, -134.916 mm above the ground
[RockPrecisionFixDiag]   rock 'Kerbin Zn3010000130' 'Grass00' #56: ground 600195.469481 m, lowest point 600195.357564 m, -111.916 mm above the ground
[RockPrecisionFixDiag]   rock 'Kerbin Zn3010000130' 'Grass00' #57: ground 600191.624605 m, lowest point 600190.695507 m, -929.098 mm above the ground
[RockPrecisionFixDiag]   rock 'Kerbin Zn3010000130' 'Grass00' #58: ground 600201.633776 m, lowest point 600201.382835 m, -250.941 mm above the ground
[RockPrecisionFixDiag]   rock 'Kerbin Zn3010000130' 'Grass00' #59: ground 600195.807211 m, lowest point 600195.520664 m, -286.547 mm above the ground
[RockPrecisionFixDiag]   rock 'Kerbin Zn3010000130' 'Grass00' #60: ground 600206.967192 m, lowest point 600206.712109 m, -255.083 mm above the ground
[RockPrecisionFixDiag]   rock 'Kerbin Zn3010000130' 'Grass00' #61: ground 600211.746542 m, lowest point 600211.492829 m, -253.713 mm above the ground
[RockPrecisionFixDiag]   rock 'Kerbin Zn3010000130' 'Grass00' #62: ground 600199.591589 m, lowest point 600199.277275 m, -314.314 mm above the ground
[RockPrecisionFixDiag]   rock 'Kerbin Zn3010000130' 'Grass00' #63: ground 600203.606394 m, lowest point 600203.354053 m, -252.341 mm above the ground
[RockPrecisionFixDiag]   rock 'Kerbin Zn3010000130' 'Grass00' #64: ground 600204.277179 m, lowest point 600204.080851 m, -196.328 mm above the ground
[RockPrecisionFixDiag]   rock 'Kerbin Zn3010000130' 'Grass00' #65: ground 600192.272510 m, lowest point 600192.020533 m, -251.977 mm above the ground
[RockPrecisionFixDiag]   rock 'Kerbin Zn3010000130' 'Grass00' #66: ground 600201.826057 m, lowest point 600201.565806 m, -260.251 mm above the ground
[RockPrecisionFixDiag]   rock 'Kerbin Zn3010000130' 'Grass00' #67: ground 600192.927788 m, lowest point 600193.006006 m, +78.218 mm above the ground
[RockPrecisionFixDiag]   rock 'Kerbin Zn3010000130' 'Grass00' #68: ground 600198.142767 m, lowest point 600199.235283 m, +1092.516 mm above the ground
[RockPrecisionFixDiag]   rock 'Kerbin Zn3010000130' 'Grass00' #69: ground 600191.818458 m, lowest point 600191.620541 m, -197.917 mm above the ground
[RockPrecisionFixDiag]   rock 'Kerbin Zn3010000130' 'Grass00' #70: ground 600192.389001 m, lowest point 600192.274638 m, -114.363 mm above the ground
[RockPrecisionFixDiag]   rock 'Kerbin Zn3010000130' 'Grass00' #71: ground 600206.098710 m, lowest point 600204.320533 m, -1778.177 mm above the ground
[RockPrecisionFixDiag]   rock 'Kerbin Zn3010000130' 'Grass00' #72: ground 600192.982145 m, lowest point 600192.728988 m, -253.156 mm above the ground
[RockPrecisionFixDiag]   rock 'Kerbin Zn3010000130' 'Grass00' #73: ground 600188.558226 m, lowest point 600188.514192 m, -44.035 mm above the ground
[RockPrecisionFixDiag]   rock 'Kerbin Zn3010000130' 'Grass00' #74: ground 600201.692919 m, lowest point 600202.890359 m, +1197.440 mm above the ground
[RockPrecisionFixDiag]   rock 'Kerbin Zn3010000130' 'Grass00' #75: ground 600199.621340 m, lowest point 600199.369683 m, -251.657 mm above the ground
[RockPrecisionFixDiag]   rock 'Kerbin Zn3010000130' 'Grass00' #76: ground 600189.375388 m, lowest point 600188.493418 m, -881.971 mm above the ground
[RockPrecisionFixDiag]   rock 'Kerbin Zn3010000130' 'Grass00' #77: ground 600194.035632 m, lowest point 600193.714925 m, -320.707 mm above the ground
[RockPrecisionFixDiag]   rock 'Kerbin Zn3010000130' 'Grass00' #78: ground 600204.082544 m, lowest point 600203.830788 m, -251.756 mm above the ground
[RockPrecisionFixDiag]   rock 'Kerbin Zn3010000130' 'Grass00' #79: ground 600194.917435 m, lowest point 600194.702389 m, -215.046 mm above the ground
[RockPrecisionFixDiag]   rock 'Kerbin Zn3010000130' 'Grass00' #80: ground 600188.911996 m, lowest point 600188.498743 m, -413.252 mm above the ground
[RockPrecisionFixDiag]   rock 'Kerbin Zn3010000130' 'Grass00' #81: ground 600189.860158 m, lowest point 600189.832535 m, -27.623 mm above the ground
[RockPrecisionFixDiag]   rock 'Kerbin Zn3010000130' 'Grass00' #82: ground 600189.039256 m, lowest point 600188.800516 m, -238.740 mm above the ground
[RockPrecisionFixDiag]   rock 'Kerbin Zn3010000130' 'Grass00' #83: ground 600213.438040 m, lowest point 600213.188342 m, -249.698 mm above the ground
[RockPrecisionFixDiag]   rock 'Kerbin Zn3010000130' 'Grass00' #84: ground 600205.915159 m, lowest point 600205.662743 m, -252.417 mm above the ground
[RockPrecisionFixDiag]   rock 'Kerbin Zn3010000130' 'Grass00' #85: ground 600191.609027 m, lowest point 600191.111439 m, -497.588 mm above the ground
[RockPrecisionFixDiag]   rock 'Kerbin Zn3010000130' 'Grass00' #86: ground 600203.236625 m, lowest point 600202.984604 m, -252.021 mm above the ground
[RockPrecisionFixDiag]   rock 'Kerbin Zn3010000130' 'Grass00' #87: ground 600202.217555 m, lowest point 600201.984831 m, -232.724 mm above the ground
[RockPrecisionFixDiag]   rock 'Kerbin Zn3010000130' 'Grass00' #88: ground 600194.889085 m, lowest point 600194.681183 m, -207.902 mm above the ground
[RockPrecisionFixDiag]   rock 'Kerbin Zn3010000130' 'Grass00' #89: ground 600202.006115 m, lowest point 600201.773138 m, -232.977 mm above the ground
[RockPrecisionFixDiag]   rock 'Kerbin Zn3010000130' 'Grass00' #90: ground 600191.367395 m, lowest point 600191.115045 m, -252.350 mm above the ground
[RockPrecisionFixDiag]   rock 'Kerbin Zn3010000130' 'Grass00' #91: ground 600204.032588 m, lowest point 600203.587045 m, -445.543 mm above the ground
[RockPrecisionFixDiag]   rock 'Kerbin Zn3010000130' 'Grass00' #92: ground 600188.730735 m, lowest point 600188.478229 m, -252.506 mm above the ground
[RockPrecisionFixDiag]   rock 'Kerbin Zn3010000130' 'Grass00' #93: ground 600201.126541 m, lowest point 600200.711518 m, -415.023 mm above the ground
[RockPrecisionFixDiag]   rock 'Kerbin Zn3010000130' 'Grass00' #94: ground 600190.421735 m, lowest point 600190.167813 m, -253.921 mm above the ground
[RockPrecisionFixDiag]   rock 'Kerbin Zn3010000130' 'Grass00' #95: ground 600206.610782 m, lowest point 600206.358356 m, -252.426 mm above the ground
[RockPrecisionFixDiag]   rock 'Kerbin Zn3010000130' 'Grass00' #96: ground 600191.291850 m, lowest point 600191.066825 m, -225.025 mm above the ground
[RockPrecisionFixDiag]   rock 'Kerbin Zn3010000130' 'Grass00' #97: ground 600195.541719 m, lowest point 600195.287776 m, -253.943 mm above the ground
[RockPrecisionFixDiag]   rock 'Kerbin Zn3010000130' 'Grass00' #98: ground 600186.428833 m, lowest point 600186.252636 m, -176.197 mm above the ground
[RockPrecisionFixDiag]   rock 'Kerbin Zn3010000130' 'Grass00' #99: ground 600199.969618 m, lowest point 600199.717597 m, -252.021 mm above the ground
[RockPrecisionFixDiag]   rock 'Kerbin Zn3010000130' 'Grass00' #100: ground 600204.299398 m, lowest point 600204.098190 m, -201.208 mm above the ground
[RockPrecisionFixDiag]   rock 'Kerbin Zn3010000130' 'Grass00' #101: ground 600186.796753 m, lowest point 600186.557650 m, -239.104 mm above the ground
[RockPrecisionFixDiag]   rock 'Kerbin Zn3010000130' 'Grass00' #102: ground 600203.486194 m, lowest point 600203.157298 m, -328.896 mm above the ground
[RockPrecisionFixDiag]   rock 'Kerbin Zn3010000130' 'Grass00' #103: ground 600197.490154 m, lowest point 600197.473305 m, -16.849 mm above the ground
[RockPrecisionFixDiag]   rock 'Kerbin Zn3010000130' 'Grass00' #104: ground 600205.774645 m, lowest point 600205.462664 m, -311.981 mm above the ground
[RockPrecisionFixDiag]   rock 'Kerbin Zn3010000130' 'Grass00' #105: ground 600194.695726 m, lowest point 600194.529828 m, -165.898 mm above the ground
[RockPrecisionFixDiag]   rock 'Kerbin Zn3010000130' 'Grass00' #106: ground 600191.356536 m, lowest point 600191.843912 m, +487.376 mm above the ground
[RockPrecisionFixDiag]   rock 'Kerbin Zn3010000130' 'Grass00' #107: ground 600202.415684 m, lowest point 600202.145155 m, -270.528 mm above the ground
[RockPrecisionFixDiag]   rock 'Kerbin Zn3010000130' 'Grass00' #108: ground 600200.357585 m, lowest point 600200.064495 m, -293.090 mm above the ground
[RockPrecisionFixDiag]   rock 'Kerbin Zn3010000130' 'Grass00' #109: ground 600217.216434 m, lowest point 600216.963123 m, -253.311 mm above the ground
[RockPrecisionFixDiag]   rock 'Kerbin Zn3010000130' 'Grass00' #110: ground 600202.865231 m, lowest point 600202.664518 m, -200.713 mm above the ground
[RockPrecisionFixDiag]   rock 'Kerbin Zn3010000130' 'Grass00' #111: ground 600193.168109 m, lowest point 600192.916337 m, -251.773 mm above the ground
[RockPrecisionFixDiag]   rock 'Kerbin Zn3010000130' 'Grass00' #112: ground 600203.075526 m, lowest point 600204.188429 m, +1112.903 mm above the ground
[RockPrecisionFixDiag]   rock 'Kerbin Zn3010000130' 'Grass00' #113: ground 600204.763274 m, lowest point 600204.536051 m, -227.223 mm above the ground
[RockPrecisionFixDiag]   rock 'Kerbin Zn3010000130' 'Grass00' #114: ground 600191.502963 m, lowest point 600191.251698 m, -251.265 mm above the ground
[RockPrecisionFixDiag]   rock 'Kerbin Zn3010000130' 'Grass00' #115: ground 600189.789479 m, lowest point 600189.541618 m, -247.861 mm above the ground
[RockPrecisionFixDiag]   rock 'Kerbin Zn3010000130' 'Grass00' #116: ground 600205.770160 m, lowest point 600205.477640 m, -292.520 mm above the ground
[RockPrecisionFixDiag]   rock 'Kerbin Zn3010000130' 'Grass00' #117: ground 600202.305204 m, lowest point 600202.192900 m, -112.304 mm above the ground
[RockPrecisionFixDiag]   rock 'Kerbin Zn3010000130' 'Grass00' #118: ground 600205.886022 m, lowest point 600206.833459 m, +947.438 mm above the ground
[RockPrecisionFixDiag]   rock 'Kerbin Zn3010000130' 'Grass00' #119: ground 600195.305939 m, lowest point 600194.897438 m, -408.501 mm above the ground
[RockPrecisionFixDiag]   rock 'Kerbin Zn3010000130' 'Grass00' #120: ground 600203.048658 m, lowest point 600202.794547 m, -254.111 mm above the ground
[RockPrecisionFixDiag]   rock 'Kerbin Zn3010000130' 'Grass00' #121: ground 600200.266054 m, lowest point 600199.984927 m, -281.127 mm above the ground
[RockPrecisionFixDiag]   rock 'Kerbin Zn3010000130' 'Grass00' #122: ground 600189.835072 m, lowest point 600189.785924 m, -49.148 mm above the ground
[RockPrecisionFixDiag]   rock 'Kerbin Zn3010000130' 'Grass00' #123: ground 600204.515231 m, lowest point 600204.266873 m, -248.359 mm above the ground
[RockPrecisionFixDiag]   rock 'Kerbin Zn3010000130' 'Grass00' #124: ground 600195.577709 m, lowest point 600195.326882 m, -250.828 mm above the ground
[RockPrecisionFixDiag]   rock 'Kerbin Zn3010000130' 'Grass00' #125: ground 600193.877497 m, lowest point 600193.081282 m, -796.215 mm above the ground
[RockPrecisionFixDiag]   rock 'Kerbin Zn3010000130' 'Grass00' #126: ground 600192.357547 m, lowest point 600192.105774 m, -251.773 mm above the ground
[RockPrecisionFixDiag]   rock 'Kerbin Zn3010000130' 'Grass00' #127: ground 600203.852155 m, lowest point 600203.397148 m, -455.007 mm above the ground
[RockPrecisionFixDiag]   rock 'Kerbin Zn3010000130' 'Grass00' #128: ground 600195.662724 m, lowest point 600195.431314 m, -231.411 mm above the ground
[RockPrecisionFixDiag]   rock 'Kerbin Zn3010000130' 'Grass00' #129: ground 600197.548995 m, lowest point 600197.296294 m, -252.701 mm above the ground
[RockPrecisionFixDiag]   rock 'Kerbin Zn3010000130' 'Grass00' #130: ground 600204.572231 m, lowest point 600204.317600 m, -254.631 mm above the ground
[RockPrecisionFixDiag]   rock 'Kerbin Zn3010000130' 'Grass00' #131: ground 600188.077529 m, lowest point 600187.730611 m, -346.918 mm above the ground
[RockPrecisionFixDiag]   rock 'Kerbin Zn3010000130' 'Grass00' #132: ground 600193.894342 m, lowest point 600193.587144 m, -307.198 mm above the ground
[RockPrecisionFixDiag]   rock 'Kerbin Zn3010000130' 'Grass00' #133: ground 600195.124587 m, lowest point 600194.872847 m, -251.739 mm above the ground
[RockPrecisionFixDiag]   rock 'Kerbin Zn3010000130' 'Grass00' #134: ground 600196.208772 m, lowest point 600195.957031 m, -251.741 mm above the ground
[RockPrecisionFixDiag]   rock 'Kerbin Zn3010000130' 'Grass00' #135: ground 600186.681432 m, lowest point 600186.428637 m, -252.796 mm above the ground
[RockPrecisionFixDiag]   rock 'Kerbin Zn3010000130' 'Grass00' #136: ground 600195.406292 m, lowest point 600195.106598 m, -299.694 mm above the ground
[RockPrecisionFixDiag]   rock 'Kerbin Zn3010000130' 'Grass00' #137: ground 600190.024853 m, lowest point 600189.773097 m, -251.756 mm above the ground
[RockPrecisionFixDiag]   rock 'Kerbin Zn3010000130' 'Grass00' #138: ground 600199.803364 m, lowest point 600199.552422 m, -250.942 mm above the ground
[RockPrecisionFixDiag]   rock 'Kerbin Zn3010000130' 'Grass00' #139: ground 600194.125398 m, lowest point 600193.777306 m, -348.091 mm above the ground
[RockPrecisionFixDiag]   rock 'Kerbin Zn3010000130' 'Grass00' #140: ground 600196.644026 m, lowest point 600196.344542 m, -299.484 mm above the ground
[RockPrecisionFixDiag]   rock 'Kerbin Zn3010000130' 'Grass00' #141: ground 600186.525014 m, lowest point 600186.216060 m, -308.955 mm above the ground
[RockPrecisionFixDiag]   rock 'Kerbin Zn3010000130' 'Grass00' #142: ground 600188.696462 m, lowest point 600188.444393 m, -252.069 mm above the ground
[RockPrecisionFixDiag]   rock 'Kerbin Zn3010000130' 'Grass00' #143: ground 600188.449075 m, lowest point 600188.194498 m, -254.577 mm above the ground
[RockPrecisionFixDiag]   rock 'Kerbin Zn3010000130' 'Grass00' #144: ground 600190.598804 m, lowest point 600191.143901 m, +545.097 mm above the ground
[RockPrecisionFixDiag]   rock 'Kerbin Zn3010000130' 'Grass00' #145: ground 600189.470289 m, lowest point 600189.250176 m, -220.112 mm above the ground
[RockPrecisionFixDiag]   rock 'Kerbin Zn3010000130' 'Grass00' #146: ground 600196.976550 m, lowest point 600196.670419 m, -306.130 mm above the ground
[RockPrecisionFixDiag]   rock 'Kerbin Zn3010000130' 'Grass00' #147: ground 600202.271134 m, lowest point 600202.020817 m, -250.317 mm above the ground
[RockPrecisionFixDiag]   rock 'Kerbin Zn3010000130' 'Grass00' #148: ground 600189.457166 m, lowest point 600188.866732 m, -590.434 mm above the ground
[RockPrecisionFixDiag]   rock 'Kerbin Zn3010000130' 'Grass00' #149: ground 600197.516835 m, lowest point 600197.177141 m, -339.693 mm above the ground
[RockPrecisionFixDiag]   rock 'Kerbin Zn3010000130' 'Grass00' #150: ground 600191.155734 m, lowest point 600190.385494 m, -770.240 mm above the ground
[RockPrecisionFixDiag]   rock 'Kerbin Zn3010000130' 'Grass00' #151: ground 600190.820196 m, lowest point 600190.077076 m, -743.119 mm above the ground
[RockPrecisionFixDiag]   rock 'Kerbin Zn3010000130' 'Grass00' #152: ground 600211.754504 m, lowest point 600211.500802 m, -253.701 mm above the ground
[RockPrecisionFixDiag]   rock 'Kerbin Zn3010000130' 'Grass00' #153: ground 600187.251653 m, lowest point 600186.965921 m, -285.732 mm above the ground
[RockPrecisionFixDiag]   rock 'Kerbin Zn3010000130' 'Grass00' #154: ground 600187.028581 m, lowest point 600186.773758 m, -254.823 mm above the ground
[RockPrecisionFixDiag]   rock 'Kerbin Zn3010000130' 'Grass00' #155: ground 600186.716262 m, lowest point 600186.463455 m, -252.807 mm above the ground
[RockPrecisionFixDiag]   rock 'Kerbin Zn3010000130' 'Grass00' #156: ground 600186.341629 m, lowest point 600186.088951 m, -252.678 mm above the ground
[RockPrecisionFixDiag]   rock 'Kerbin Zn3010000130' 'Grass00' #157: ground 600196.158902 m, lowest point 600195.905652 m, -253.250 mm above the ground
[RockPrecisionFixDiag]   rock 'Kerbin Zn3010000130' 'Grass00' #158: ground 600204.301069 m, lowest point 600204.043579 m, -257.490 mm above the ground
[RockPrecisionFixDiag]   rock 'Kerbin Zn3010000130' 'Grass00' #159: ground 600190.778936 m, lowest point 600190.524306 m, -254.630 mm above the ground
[RockPrecisionFixDiag]   rock 'Kerbin Zn3010000130' 'Grass00' #160: ground 600201.337647 m, lowest point 600200.988746 m, -348.900 mm above the ground
[RockPrecisionFixDiag]   rock 'Kerbin Zn3010000130' 'Grass00' #161: ground 600198.040157 m, lowest point 600198.795361 m, +755.204 mm above the ground
[RockPrecisionFixDiag]   rock 'Kerbin Zn3010000130' 'Grass00' #162: ground 600205.296711 m, lowest point 600205.043802 m, -252.909 mm above the ground
[RockPrecisionFixDiag]   rock 'Kerbin Zn3010000130' 'Grass00' #163: ground 600188.835759 m, lowest point 600188.583233 m, -252.526 mm above the ground
[RockPrecisionFixDiag]   rock 'Kerbin Zn3010000130' 'Grass00' #164: ground 600191.294282 m, lowest point 600191.010744 m, -283.538 mm above the ground
[RockPrecisionFixDiag]   rock 'Kerbin Zn3010000130' 'Grass00' #165: ground 600201.357446 m, lowest point 600201.265283 m, -92.163 mm above the ground
[RockPrecisionFixDiag]   rock 'Kerbin Zn3010000130' 'Grass00' #166: ground 600204.620597 m, lowest point 600204.241809 m, -378.789 mm above the ground
[RockPrecisionFixDiag]   rock 'Kerbin Zn3010000130' 'Grass00' #167: ground 600199.300508 m, lowest point 600197.954261 m, -1346.247 mm above the ground
[RockPrecisionFixDiag]   rock 'Kerbin Zn3010000130' 'Grass00' #168: ground 600186.413494 m, lowest point 600186.141828 m, -271.666 mm above the ground
[RockPrecisionFixDiag]   rock 'Kerbin Zn3010000130' 'Grass00' #169: ground 600201.172838 m, lowest point 600200.858288 m, -314.551 mm above the ground
[RockPrecisionFixDiag]   rock 'Kerbin Zn3010000130' 'Grass00' #170: ground 600200.624185 m, lowest point 600200.378720 m, -245.465 mm above the ground
[RockPrecisionFixDiag]   rock 'Kerbin Zn3010000130' 'Grass00' #171: ground 600201.284997 m, lowest point 600201.060778 m, -224.219 mm above the ground
[RockPrecisionFixDiag]   rock 'Kerbin Zn3010000130' 'Grass00' #172: ground 600194.636006 m, lowest point 600194.351443 m, -284.563 mm above the ground
[RockPrecisionFixDiag]   rock 'Kerbin Zn3010000130' 'Grass00' #173: ground 600208.329799 m, lowest point 600208.079092 m, -250.707 mm above the ground
[RockPrecisionFixDiag]   rock 'Kerbin Zn3010000130' 'Grass00' #174: ground 600196.525143 m, lowest point 600196.287751 m, -237.391 mm above the ground
[RockPrecisionFixDiag]   rock 'Kerbin Zn3010000130' 'Grass00' #175: ground 600191.620181 m, lowest point 600191.327982 m, -292.199 mm above the ground
[RockPrecisionFixDiag]   rock 'Kerbin Zn3010000130' 'Grass00' #176: ground 600199.838567 m, lowest point 600199.675549 m, -163.018 mm above the ground
[RockPrecisionFixDiag]   rock 'Kerbin Zn3010000130' 'Grass00' #177: ground 600207.629306 m, lowest point 600207.378738 m, -250.568 mm above the ground
[RockPrecisionFixDiag]   rock 'Kerbin Zn3010000130' 'Grass00' #178: ground 600192.900703 m, lowest point 600192.675554 m, -225.149 mm above the ground
[RockPrecisionFixDiag]   rock 'Kerbin Zn3010000130' 'Grass00' #179: ground 600188.910299 m, lowest point 600188.669149 m, -241.150 mm above the ground
[RockPrecisionFixDiag]   rock 'Kerbin Zn3010000130' 'Grass00' #180: ground 600202.228191 m, lowest point 600201.974078 m, -254.113 mm above the ground
[RockPrecisionFixDiag]   rock 'Kerbin Zn3010000130' 'Grass00' #181: ground 600189.693750 m, lowest point 600189.588184 m, -105.566 mm above the ground
[RockPrecisionFixDiag]   rock 'Kerbin Zn3010000130' 'Grass00' #182: ground 600190.352519 m, lowest point 600190.099746 m, -252.773 mm above the ground
[RockPrecisionFixDiag]   rock 'Kerbin Zn3010000130' 'Grass00' #183: ground 600194.426839 m, lowest point 600194.146962 m, -279.878 mm above the ground
[RockPrecisionFixDiag]   rock 'Kerbin Zn3010000130' 'Grass00' #184: ground 600205.267924 m, lowest point 600205.032910 m, -235.015 mm above the ground
[RockPrecisionFixDiag]   rock 'Kerbin Zn3010000130' 'Grass00' #185: ground 600194.057120 m, lowest point 600193.805352 m, -251.768 mm above the ground
[RockPrecisionFixDiag]   rock 'Kerbin Zn3010000130' 'Grass00' #186: ground 600191.576010 m, lowest point 600191.322040 m, -253.970 mm above the ground
[RockPrecisionFixDiag]   rock 'Kerbin Zn3010000130' 'Grass00' #187: ground 600190.386911 m, lowest point 600190.113610 m, -273.302 mm above the ground
[RockPrecisionFixDiag]   rock 'Kerbin Zn3010000130' 'Grass00' #188: ground 600190.244853 m, lowest point 600190.052066 m, -192.787 mm above the ground
[RockPrecisionFixDiag]   rock 'Kerbin Zn3010000130' 'Grass00' #189: ground 600202.880815 m, lowest point 600202.648758 m, -232.057 mm above the ground
[RockPrecisionFixDiag]   rock 'Kerbin Zn3010000130' 'Grass00' #190: ground 600196.537741 m, lowest point 600196.245981 m, -291.760 mm above the ground
[RockPrecisionFixDiag]   rock 'Kerbin Zn3010000130' 'Grass00' #191: ground 600187.780106 m, lowest point 600187.527363 m, -252.742 mm above the ground
[RockPrecisionFixDiag]   rock 'Kerbin Zn3010000130' 'Grass00' #192: ground 600198.430123 m, lowest point 600198.635774 m, +205.651 mm above the ground
[RockPrecisionFixDiag]   rock 'Kerbin Zn3010000130' 'Grass00' #193: ground 600204.803274 m, lowest point 600204.706450 m, -96.825 mm above the ground
[RockPrecisionFixDiag]   rock 'Kerbin Zn3010000130' 'Grass00' #194: ground 600197.438043 m, lowest point 600197.217728 m, -220.315 mm above the ground
[RockPrecisionFixDiag]   rock 'Kerbin Zn3010000130' 'Grass00' #195: ground 600196.770593 m, lowest point 600196.517345 m, -253.248 mm above the ground
[RockPrecisionFixDiag]   rock 'Kerbin Zn3010000130' 'Grass00' #196: ground 600196.427944 m, lowest point 600196.181418 m, -246.526 mm above the ground
[RockPrecisionFixDiag]   rock 'Kerbin Zn3010000130' 'Grass00' #197: ground 600214.633337 m, lowest point 600214.452069 m, -181.268 mm above the ground
[RockPrecisionFixDiag]   rock 'Kerbin Zn3010000130' 'Grass00' #198: ground 600196.959255 m, lowest point 600196.675104 m, -284.151 mm above the ground
[RockPrecisionFixDiag]   rock 'Kerbin Zn3010000130' 'Grass00' #199: ground 600197.761207 m, lowest point 600197.508470 m, -252.737 mm above the ground
[RockPrecisionFixDiag]   rock 'Kerbin Zn3010000130' 'Tree00' #0: ground 600193.472955 m, lowest point 600192.383950 m, -1089.005 mm above the ground
[RockPrecisionFixDiag]   rock 'Kerbin Zn3010000130' 'Tree00' #1: ground 600189.306810 m, lowest point 600187.918261 m, -1388.549 mm above the ground
[RockPrecisionFixDiag]   rock 'Kerbin Zn3010000130' 'Tree00' #2: ground 600190.372747 m, lowest point 600188.873246 m, -1499.501 mm above the ground
[RockPrecisionFixDiag]   rock 'Kerbin Zn3010000130' 'Tree00' #3: ground 600204.503257 m, lowest point 600203.440285 m, -1062.972 mm above the ground
[RockPrecisionFixDiag]   rock 'Kerbin Zn3010000130' 'Tree00' #4: ground 600201.815258 m, lowest point 600200.438570 m, -1376.688 mm above the ground
[RockPrecisionFixDiag]   rock 'Kerbin Zn3010000130' 'Tree00' #5: ground 600193.744308 m, lowest point 600192.311977 m, -1432.331 mm above the ground
[RockPrecisionFixDiag]   rock 'Kerbin Zn3010000130' 'Tree00' #6: ground 600197.215015 m, lowest point 600196.001022 m, -1213.993 mm above the ground
[RockPrecisionFixDiag]   rock 'Kerbin Zn3010000130' 'Tree00' #7: ground 600202.658378 m, lowest point 600201.380303 m, -1278.075 mm above the ground
[RockPrecisionFixDiag]   rock 'Kerbin Zn3010000130' 'Tree00' #8: ground 600189.918084 m, lowest point 600188.524432 m, -1393.651 mm above the ground
[RockPrecisionFixDiag]   rock 'Kerbin Zn3010000130' 'Tree00' #9: ground 600217.814695 m, lowest point 600216.540677 m, -1274.018 mm above the ground
[RockPrecisionFixDiag]   rock 'Kerbin Zn3010000130' 'Tree00' #10: ground 600211.929451 m, lowest point 600210.582922 m, -1346.529 mm above the ground
[RockPrecisionFixDiag]   rock 'Kerbin Zn3010000130' 'Tree00' #11: ground 600194.300137 m, lowest point 600192.393981 m, -1906.156 mm above the ground
[RockPrecisionFixDiag]   rock 'Kerbin Zn3010000130' 'Tree00' #12: ground 600189.176952 m, lowest point 600188.366272 m, -810.680 mm above the ground
[RockPrecisionFixDiag]   rock 'Kerbin Zn3010000130' 'Tree00' #13: ground 600188.190479 m, lowest point 600186.809089 m, -1381.390 mm above the ground
[RockPrecisionFixDiag]   rock 'Kerbin Zn3010000130' 'Tree00' #14: ground 600197.997084 m, lowest point 600196.876441 m, -1120.644 mm above the ground
[RockPrecisionFixDiag]   rock 'Kerbin Zn3010000130' 'Tree00' #15: ground 600199.937886 m, lowest point 600198.371381 m, -1566.505 mm above the ground
[RockPrecisionFixDiag]   rock 'Kerbin Zn3010000130' 'Tree00' #16: ground 600188.856084 m, lowest point 600187.537484 m, -1318.600 mm above the ground
[RockPrecisionFixDiag]   rock 'Kerbin Zn3010000130' 'Tree00' #17: ground 600203.049740 m, lowest point 600201.918794 m, -1130.946 mm above the ground
[RockPrecisionFixDiag] End of record 4: 64 quads with rocks, 118 holders (0 not built yet); nearest quad 'Kerbin Zn3010000130': 218 rocks, 0 without ground under them
