[RockPrecisionFixDiag] Record 2 on Kerbin: scatter on. Heights are distances from the centre of Kerbin, in metres
[RockPrecisionFixDiag]   quad 'Kerbin Zn1232222230': height 600176.931180 m, matrix 600176.931180 m, up 0.000 mm, across 0.000 mm
[RockPrecisionFixDiag]     holder 'Grass00': built, height 600176.931180 m, matrix 600176.993404 m, up +62.224 mm, across 31.796 mm
[RockPrecisionFixDiag]     holder 'Tree00': built, height 600176.931180 m, matrix 600176.993404 m, up +62.224 mm, across 31.796 mm
[RockPrecisionFixDiag]   quad 'Kerbin Zn1232222231': height 600177.401832 m, matrix 600177.401832 m, up 0.000 mm, across 0.000 mm
[RockPrecisionFixDiag]     holder 'Grass00': built, height 600177.401832 m, matrix 600177.401832 m, up 0.000 mm, across 0.000 mm
[RockPrecisionFixDiag]     holder 'Tree00': built, height 600177.401832 m, matrix 600177.401832 m, up 0.000 mm, across 0.000 mm
[RockPrecisionFixDiag]   quad 'Kerbin Zn1232222232': height 600186.706241 m, matrix 600186.706241 m, up 0.000 mm, across 0.000 mm
[RockPrecisionFixDiag]     holder 'Grass00': built, height 600186.706241 m, matrix 600186.669180 m, up -37.061 mm, across 50.326 mm
[RockPrecisionFixDiag]     holder 'Tree00': built, height 600186.706241 m, matrix 600186.669180 m, up -37.061 mm, across 50.326 mm
[RockPrecisionFixDiag]   quad 'Kerbin Zn1232222233': height 600173.778980 m, matrix 600173.778980 m, up 0.000 mm, across 0.000 mm
[RockPrecisionFixDiag]     holder 'Grass00': built, height 600173.778980 m, matrix 600173.822661 m, up +43.681 mm, across 6.713 mm
[RockPrecisionFixDiag]     holder 'Tree00': built, height 600173.778980 m, matrix 600173.822661 m, up +43.681 mm, across 6.713 mm
[RockPrecisionFixDiag]   quad 'Kerbin Zn1232222300': height 600211.107881 m, matrix 600211.107881 m, up 0.000 mm, across 0.000 mm
[RockPrecisionFixDiag]     holder 'Grass00': built, height 600211.107881 m, matrix 600211.126319 m, up +18.438 mm, across 25.231 mm
[RockPrecisionFixDiag]     holder 'Tree00': built, height 600211.107881 m, matrix 600211.126319 m, up +18.438 mm, across 25.231 mm
[RockPrecisionFixDiag]   quad 'Kerbin Zn1232222302': height 600210.908349 m, matrix 600210.908349 m, up 0.000 mm, across 0.000 mm
[RockPrecisionFixDiag]     holder 'Grass00': built, height 600210.908349 m, matrix 600210.908349 m, up 0.000 mm, across 0.000 mm
[RockPrecisionFixDiag]     holder 'Tree00': built, height 600210.908349 m, matrix 600210.908349 m, up 0.000 mm, across 0.000 mm
[RockPrecisionFixDiag]   quad 'Kerbin Zn1232222320': height 600203.390917 m, matrix 600203.390917 m, up 0.000 mm, across 0.000 mm
[RockPrecisionFixDiag]     holder 'Grass00': built, height 600203.390917 m, matrix 600203.372479 m, up -18.438 mm, across 25.231 mm
[RockPrecisionFixDiag]     holder 'Tree00': built, height 600203.390917 m, matrix 600203.372479 m, up -18.438 mm, across 25.231 mm
[RockPrecisionFixDiag]   quad 'Kerbin Zn1232222322': height 600241.098360 m, matrix 600241.098360 m, up 0.000 mm, across 0.000 mm
[RockPrecisionFixDiag]     holder 'Grass00': built, height 600241.098360 m, matrix 600241.098360 m, up 0.000 mm, across 0.000 mm
[RockPrecisionFixDiag]     holder 'Tree00': built, height 600241.098360 m, matrix 600241.098360 m, up 0.000 mm, across 0.000 mm
[RockPrecisionFixDiag]   quad 'Kerbin Zn3010000000': height 600249.733210 m, matrix 600249.733210 m, up 0.000 mm, across 0.000 mm
[RockPrecisionFixDiag]     holder 'Grass00': built, height 600249.733210 m, matrix 600249.733210 m, up 0.000 mm, across 0.000 mm
[RockPrecisionFixDiag]     holder 'Tree00': built, height 600249.733210 m, matrix 600249.733210 m, up 0.000 mm, across 0.000 mm
[RockPrecisionFixDiag]   quad 'Kerbin Zn3010000001': height 600248.332019 m, matrix 600248.332019 m, up 0.000 mm, across 0.000 mm
[RockPrecisionFixDiag]     holder 'Grass00': built, height 600248.332019 m, matrix 600248.332019 m, up 0.000 mm, across 0.000 mm
[RockPrecisionFixDiag]     holder 'Tree00': built, height 600248.332019 m, matrix 600248.332019 m, up 0.000 mm, across 0.000 mm
[RockPrecisionFixDiag]   quad 'Kerbin Zn3010000002': height 600219.586752 m, matrix 600219.586752 m, up 0.000 mm, across 0.000 mm
[RockPrecisionFixDiag]     holder 'Grass00': built, height 600219.586752 m, matrix 600219.586752 m, up 0.000 mm, across 0.000 mm
[RockPrecisionFixDiag]     holder 'Tree00': built, height 600219.586752 m, matrix 600219.586752 m, up 0.000 mm, across 0.000 mm
[RockPrecisionFixDiag]   quad 'Kerbin Zn3010000003': height 600238.533951 m, matrix 600238.533951 m, up 0.000 mm, across 0.000 mm
[RockPrecisionFixDiag]     holder 'Grass00': built, height 600238.533951 m, matrix 600238.552528 m, up +18.577 mm, across 25.129 mm
[RockPrecisionFixDiag]     holder 'Tree00': built, height 600238.533951 m, matrix 600238.552528 m, up +18.577 mm, across 25.129 mm
[RockPrecisionFixDiag]   quad 'Kerbin Zn3010000010': height 600189.757000 m, matrix 600189.757000 m, up 0.000 mm, across 0.000 mm
[RockPrecisionFixDiag]     holder 'Grass00': built, height 600189.757000 m, matrix 600189.731837 m, up -25.163 mm, across 18.531 mm
[RockPrecisionFixDiag]     holder 'Tree00': built, height 600189.757000 m, matrix 600189.731837 m, up -25.163 mm, across 18.531 mm
[RockPrecisionFixDiag]   quad 'Kerbin Zn3010000011': height 600220.757124 m, matrix 600220.757124 m, up 0.000 mm, across 0.000 mm
[RockPrecisionFixDiag]     holder 'Grass00': built, height 600220.757124 m, matrix 600220.819290 m, up +62.166 mm, across 31.910 mm
[RockPrecisionFixDiag]     holder 'Tree00': built, height 600220.757124 m, matrix 600220.819290 m, up +62.166 mm, across 31.910 mm
[RockPrecisionFixDiag]   quad 'Kerbin Zn3010000012': height 600273.497207 m, matrix 600273.497207 m, up 0.000 mm, across 0.000 mm
[RockPrecisionFixDiag]     holder 'Grass00': built, height 600273.497207 m, matrix 600273.434984 m, up -62.224 mm, across 31.796 mm
[RockPrecisionFixDiag]     holder 'Tree00': built, height 600273.497207 m, matrix 600273.434984 m, up -62.224 mm, across 31.796 mm
[RockPrecisionFixDiag]   quad 'Kerbin Zn3010000013': height 600242.705780 m, matrix 600242.705780 m, up 0.000 mm, across 0.000 mm
[RockPrecisionFixDiag]     holder 'Grass00': built, height 600242.705780 m, matrix 600242.705780 m, up 0.000 mm, across 0.000 mm
[RockPrecisionFixDiag]     holder 'Tree00': built, height 600242.705780 m, matrix 600242.705780 m, up 0.000 mm, across 0.000 mm
[RockPrecisionFixDiag]   quad 'Kerbin Zn3010000020': height 600242.345072 m, matrix 600242.345072 m, up 0.000 mm, across 0.000 mm
[RockPrecisionFixDiag]     holder 'Grass00': built, height 600242.345072 m, matrix 600242.388789 m, up +43.717 mm, across 6.475 mm
[RockPrecisionFixDiag]     holder 'Tree00': built, height 600242.345072 m, matrix 600242.388789 m, up +43.717 mm, across 6.475 mm
[RockPrecisionFixDiag]   quad 'Kerbin Zn3010000021': height 600225.924989 m, matrix 600225.924989 m, up 0.000 mm, across 0.000 mm
[RockPrecisionFixDiag]     holder 'Grass00': built, height 600225.924989 m, matrix 600225.962142 m, up +37.153 mm, across 50.258 mm
[RockPrecisionFixDiag]     holder 'Tree00': built, height 600225.924989 m, matrix 600225.962142 m, up +37.153 mm, across 50.258 mm
[RockPrecisionFixDiag]   quad 'Kerbin Zn3010000022': height 600288.883513 m, matrix 600288.883513 m, up 0.000 mm, across 0.000 mm
[RockPrecisionFixDiag]     holder 'Grass00': built, height 600288.883513 m, matrix 600288.883513 m, up 0.000 mm, across 0.000 mm
[RockPrecisionFixDiag]     holder 'Tree00': built, height 600288.883513 m, matrix 600288.883513 m, up 0.000 mm, across 0.000 mm
[RockPrecisionFixDiag]   quad 'Kerbin Zn3010000023': height 600244.731114 m, matrix 600244.731114 m, up 0.000 mm, across 0.000 mm
[RockPrecisionFixDiag]     holder 'Grass00': built, height 600244.731114 m, matrix 600244.731114 m, up 0.000 mm, across 0.000 mm
[RockPrecisionFixDiag]     holder 'Tree00': built, height 600244.731114 m, matrix 600244.731114 m, up 0.000 mm, across 0.000 mm
[RockPrecisionFixDiag]   quad 'Kerbin Zn3010000030': height 600256.996921 m, matrix 600256.996921 m, up 0.000 mm, across 0.000 mm
[RockPrecisionFixDiag]     holder 'Grass00': built, height 600256.996921 m, matrix 600256.990289 m, up -6.633 mm, across 43.694 mm
[RockPrecisionFixDiag]     holder 'Tree00': built, height 600256.996921 m, matrix 600256.990289 m, up -6.633 mm, across 43.694 mm
[RockPrecisionFixDiag]   quad 'Kerbin Zn3010000031': height 600280.066484 m, matrix 600280.066484 m, up 0.000 mm, across 0.000 mm
[RockPrecisionFixDiag]     holder 'Grass00': built, height 600280.066484 m, matrix 600280.091681 m, up +25.197 mm, across 18.485 mm
[RockPrecisionFixDiag]     holder 'Tree00': built, height 600280.066484 m, matrix 600280.091681 m, up +25.197 mm, across 18.485 mm
[RockPrecisionFixDiag]   quad 'Kerbin Zn3010000032': height 600248.758464 m, matrix 600248.758464 m, up 0.000 mm, across 0.000 mm
[RockPrecisionFixDiag]     holder 'Grass00': built, height 600248.758464 m, matrix 600248.739934 m, up -18.530 mm, across 25.163 mm
[RockPrecisionFixDiag]     holder 'Tree00': built, height 600248.758464 m, matrix 600248.739934 m, up -18.530 mm, across 25.163 mm
[RockPrecisionFixDiag]   quad 'Kerbin Zn3010000033': height 600313.788097 m, matrix 600313.788097 m, up 0.000 mm, across 0.000 mm
[RockPrecisionFixDiag]     holder 'Grass00': built, height 600313.788097 m, matrix 600313.806581 m, up +18.484 mm, across 25.197 mm
[RockPrecisionFixDiag]     holder 'Tree00': built, height 600313.788097 m, matrix 600313.806581 m, up +18.484 mm, across 25.197 mm
[RockPrecisionFixDiag]   quad 'Kerbin Zn3010000100': height 600253.849710 m, matrix 600253.849710 m, up 0.000 mm, across 0.000 mm
[RockPrecisionFixDiag]     holder 'Grass00': built, height 600253.849710 m, matrix 600253.849710 m, up 0.000 mm, across 0.000 mm
[RockPrecisionFixDiag]     holder 'Tree00': built, height 600253.849710 m, matrix 600253.849710 m, up 0.000 mm, across 0.000 mm
[RockPrecisionFixDiag]   quad 'Kerbin Zn3010000101': height 600260.027234 m, matrix 600260.027234 m, up 0.000 mm, across 0.000 mm
[RockPrecisionFixDiag]     holder 'Grass00': built, height 600260.027234 m, matrix 600260.045626 m, up +18.392 mm, across 25.265 mm
[RockPrecisionFixDiag]     holder 'Tree00': built, height 600260.027234 m, matrix 600260.045626 m, up +18.392 mm, across 25.265 mm
[RockPrecisionFixDiag]   quad 'Kerbin Zn3010000102': height 600230.793805 m, matrix 600230.793805 m, up 0.000 mm, across 0.000 mm
[RockPrecisionFixDiag]     holder 'Grass00': built, height 600230.793805 m, matrix 600230.787012 m, up -6.793 mm, across 43.669 mm
[RockPrecisionFixDiag]     holder 'Tree00': built, height 600230.793805 m, matrix 600230.787012 m, up -6.793 mm, across 43.669 mm
[RockPrecisionFixDiag]   quad 'Kerbin Zn3010000103': height 600230.092810 m, matrix 600230.092810 m, up 0.000 mm, across 0.000 mm
[RockPrecisionFixDiag]     holder 'Grass00': built, height 600230.092810 m, matrix 600230.129593 m, up +36.784 mm, across 50.529 mm
[RockPrecisionFixDiag]     holder 'Tree00': built, height 600230.092810 m, matrix 600230.129593 m, up +36.784 mm, across 50.529 mm
[RockPrecisionFixDiag]   quad 'Kerbin Zn3010000112': height 600227.270998 m, matrix 600227.270998 m, up 0.000 mm, across 0.000 mm
[RockPrecisionFixDiag]     holder 'Grass00': built, height 600227.270998 m, matrix 600227.289344 m, up +18.346 mm, across 25.298 mm
[RockPrecisionFixDiag]     holder 'Tree00': built, height 600227.270998 m, matrix 600227.289344 m, up +18.346 mm, across 25.298 mm
[RockPrecisionFixDiag]   quad 'Kerbin Zn3010000120': height 600226.646828 m, matrix 600226.646828 m, up 0.000 mm, across 0.000 mm
[RockPrecisionFixDiag]     holder 'Grass00': built, height 600226.646828 m, matrix 600226.628390 m, up -18.438 mm, across 25.231 mm
[RockPrecisionFixDiag]     holder 'Tree00': built, height 600226.646828 m, matrix 600226.628390 m, up -18.438 mm, across 25.231 mm
[RockPrecisionFixDiag]   quad 'Kerbin Zn3010000121': height 600217.266030 m, matrix 600217.266030 m, up 0.000 mm, across 0.000 mm
[RockPrecisionFixDiag]     holder 'Grass00': built, height 600217.266030 m, matrix 600217.328078 m, up +62.048 mm, across 32.138 mm
[RockPrecisionFixDiag]     holder 'Tree00': built, height 600217.266030 m, matrix 600217.328078 m, up +62.048 mm, across 32.138 mm
[RockPrecisionFixDiag]   quad 'Kerbin Zn3010000122': height 600239.572926 m, matrix 600239.572926 m, up 0.000 mm, across 0.000 mm
[RockPrecisionFixDiag]     holder 'Grass00': built, height 600239.572926 m, matrix 600239.572926 m, up 0.000 mm, across 0.000 mm
[RockPrecisionFixDiag]     holder 'Tree00': built, height 600239.572926 m, matrix 600239.572926 m, up 0.000 mm, across 0.000 mm
[RockPrecisionFixDiag]   quad 'Kerbin Zn3010000123': height 600203.407454 m, matrix 600203.407454 m, up 0.000 mm, across 0.000 mm
[RockPrecisionFixDiag]     holder 'Grass00': built, height 600203.407454 m, matrix 600203.407454 m, up 0.000 mm, across 0.000 mm
[RockPrecisionFixDiag]     holder 'Tree00': built, height 600203.407454 m, matrix 600203.407454 m, up 0.000 mm, across 0.000 mm
[RockPrecisionFixDiag]   quad 'Kerbin Zn3010000130': height 600190.699277 m, matrix 600190.699277 m, up 0.000 mm, across 0.000 mm
[RockPrecisionFixDiag]     holder 'Grass00': built, height 600190.699277 m, matrix 600190.717623 m, up +18.346 mm, across 25.298 mm
[RockPrecisionFixDiag]     holder 'Tree00': built, height 600190.699277 m, matrix 600190.717623 m, up +18.346 mm, across 25.298 mm
[RockPrecisionFixDiag]   quad 'Kerbin Zn3010000131': height 600164.404277 m, matrix 600164.404277 m, up 0.000 mm, across 0.000 mm
[RockPrecisionFixDiag]     holder 'Grass00': built, height 600164.404277 m, matrix 600164.422576 m, up +18.299 mm, across 25.332 mm
[RockPrecisionFixDiag]     holder 'Tree00': built, height 600164.404277 m, matrix 600164.422576 m, up +18.299 mm, across 25.332 mm
[RockPrecisionFixDiag]   quad 'Kerbin Zn3010000132': height 600212.488303 m, matrix 600212.488303 m, up 0.000 mm, across 0.000 mm
[RockPrecisionFixDiag]     holder 'Grass00': built, height 600212.488303 m, matrix 600212.451612 m, up -36.691 mm, across 50.597 mm
[RockPrecisionFixDiag]     holder 'Tree00': built, height 600212.488303 m, matrix 600212.451612 m, up -36.691 mm, across 50.597 mm
[RockPrecisionFixDiag]   quad 'Kerbin Zn3010000133': height 600126.952342 m, matrix 600126.952342 m, up 0.000 mm, across 0.000 mm
[RockPrecisionFixDiag]     holder 'Grass00': built, height 600126.952342 m, matrix 600126.952342 m, up 0.000 mm, across 0.000 mm
[RockPrecisionFixDiag]     holder 'Tree00': built, height 600126.952342 m, matrix 600126.952342 m, up 0.000 mm, across 0.000 mm
[RockPrecisionFixDiag]   quad 'Kerbin Zn3010000200': height 600249.109950 m, matrix 600249.109950 m, up 0.000 mm, across 0.000 mm
[RockPrecisionFixDiag]     holder 'Grass00': built, height 600249.109950 m, matrix 600249.109950 m, up 0.000 mm, across 0.000 mm
[RockPrecisionFixDiag]     holder 'Tree00': built, height 600249.109950 m, matrix 600249.109950 m, up 0.000 mm, across 0.000 mm
[RockPrecisionFixDiag]   quad 'Kerbin Zn3010000201': height 600253.989114 m, matrix 600253.989114 m, up 0.000 mm, across 0.000 mm
[RockPrecisionFixDiag]     holder 'Grass00': built, height 600253.989114 m, matrix 600253.989114 m, up 0.000 mm, across 0.000 mm
[RockPrecisionFixDiag]     holder 'Tree00': built, height 600253.989114 m, matrix 600253.989114 m, up 0.000 mm, across 0.000 mm
[RockPrecisionFixDiag]   quad 'Kerbin Zn3010000202': height 600240.778160 m, matrix 600240.778160 m, up 0.000 mm, across 0.000 mm
[RockPrecisionFixDiag]     holder 'Grass00': built, height 600240.778160 m, matrix 600240.778160 m, up 0.000 mm, across 0.000 mm
[RockPrecisionFixDiag]     holder 'Tree00': built, height 600240.778160 m, matrix 600240.778160 m, up 0.000 mm, across 0.000 mm
[RockPrecisionFixDiag]   quad 'Kerbin Zn3010000203': height 600237.309157 m, matrix 600237.309157 m, up 0.000 mm, across 0.000 mm
[RockPrecisionFixDiag]     holder 'Grass00': built, height 600237.309157 m, matrix 600237.334285 m, up +25.128 mm, across 18.578 mm
[RockPrecisionFixDiag]     holder 'Tree00': built, height 600237.309157 m, matrix 600237.334285 m, up +25.128 mm, across 18.578 mm
[RockPrecisionFixDiag]   quad 'Kerbin Zn3010000210': height 600271.422207 m, matrix 600271.422207 m, up 0.000 mm, across 0.000 mm
[RockPrecisionFixDiag]     holder 'Grass00': built, height 600271.422207 m, matrix 600271.440737 m, up +18.530 mm, across 25.164 mm
[RockPrecisionFixDiag]     holder 'Tree00': built, height 600271.422207 m, matrix 600271.440737 m, up +18.530 mm, across 25.164 mm
[RockPrecisionFixDiag]   quad 'Kerbin Zn3010000211': height 600331.769110 m, matrix 600331.769110 m, up 0.000 mm, across 0.000 mm
[RockPrecisionFixDiag]     holder 'Grass00': built, height 600331.769110 m, matrix 600331.787594 m, up +18.484 mm, across 25.198 mm
[RockPrecisionFixDiag]     holder 'Tree00': built, height 600331.769110 m, matrix 600331.787594 m, up +18.484 mm, across 25.198 mm
[RockPrecisionFixDiag]   quad 'Kerbin Zn3010000212': height 600278.971631 m, matrix 600278.971631 m, up 0.000 mm, across 0.000 mm
[RockPrecisionFixDiag]     holder 'Grass00': built, height 600278.971631 m, matrix 600278.996793 m, up +25.162 mm, across 18.532 mm
[RockPrecisionFixDiag]     holder 'Tree00': built, height 600278.971631 m, matrix 600278.996793 m, up +25.162 mm, across 18.532 mm
[RockPrecisionFixDiag]   quad 'Kerbin Zn3010000213': height 600292.305276 m, matrix 600292.305276 m, up 0.000 mm, across 0.000 mm
[RockPrecisionFixDiag]     holder 'Grass00': built, height 600292.305276 m, matrix 600292.342242 m, up +36.967 mm, across 50.396 mm
[RockPrecisionFixDiag]     holder 'Tree00': built, height 600292.305276 m, matrix 600292.342242 m, up +36.967 mm, across 50.396 mm
[RockPrecisionFixDiag]   quad 'Kerbin Zn3010000230': height 600239.702869 m, matrix 600239.702869 m, up 0.000 mm, across 0.000 mm
[RockPrecisionFixDiag]     holder 'Grass00': built, height 600239.702869 m, matrix 600239.702869 m, up 0.000 mm, across 0.000 mm
[RockPrecisionFixDiag]     holder 'Tree00': built, height 600239.702869 m, matrix 600239.702869 m, up 0.000 mm, across 0.000 mm
[RockPrecisionFixDiag]   quad 'Kerbin Zn3010000231': height 600273.875347 m, matrix 600273.875347 m, up 0.000 mm, across 0.000 mm
[RockPrecisionFixDiag]     holder 'Grass00': built, height 600273.875347 m, matrix 600273.838381 m, up -36.966 mm, across 50.396 mm
[RockPrecisionFixDiag]     holder 'Tree00': built, height 600273.875347 m, matrix 600273.838381 m, up -36.966 mm, across 50.396 mm
[RockPrecisionFixDiag]   quad 'Kerbin Zn3010000232': height 600245.924736 m, matrix 600245.924736 m, up 0.000 mm, across 0.000 mm
[RockPrecisionFixDiag]     holder 'Grass00': built, height 600245.924736 m, matrix 600245.899575 m, up -25.161 mm, across 18.534 mm
[RockPrecisionFixDiag]     holder 'Tree00': built, height 600245.924736 m, matrix 600245.899575 m, up -25.161 mm, across 18.534 mm
[RockPrecisionFixDiag]   quad 'Kerbin Zn3010000233': height 600281.497051 m, matrix 600281.497051 m, up 0.000 mm, across 0.000 mm
[RockPrecisionFixDiag]     holder 'Grass00': built, height 600281.497051 m, matrix 600281.515534 m, up +18.482 mm, across 25.198 mm
[RockPrecisionFixDiag]     holder 'Tree00': built, height 600281.497051 m, matrix 600281.515534 m, up +18.482 mm, across 25.198 mm
[RockPrecisionFixDiag]   quad 'Kerbin Zn3010000300': height 600251.531777 m, matrix 600251.531777 m, up 0.000 mm, across 0.000 mm
[RockPrecisionFixDiag]     holder 'Grass00': built, height 600251.531777 m, matrix 600251.531777 m, up 0.000 mm, across 0.000 mm
[RockPrecisionFixDiag]     holder 'Tree00': built, height 600251.531777 m, matrix 600251.531777 m, up 0.000 mm, across 0.000 mm
[RockPrecisionFixDiag]   quad 'Kerbin Zn3010000301': height 600205.319251 m, matrix 600205.319251 m, up 0.000 mm, across 0.000 mm
[RockPrecisionFixDiag]     holder 'Grass00': built, height 600205.319251 m, matrix 600205.337642 m, up +18.391 mm, across 25.265 mm
[RockPrecisionFixDiag]     holder 'Tree00': built, height 600205.319251 m, matrix 600205.337642 m, up +18.391 mm, across 25.265 mm
[RockPrecisionFixDiag]   quad 'Kerbin Zn3010000302': height 600253.047482 m, matrix 600253.047482 m, up 0.000 mm, across 0.000 mm
[RockPrecisionFixDiag]     holder 'Grass00': built, height 600253.047482 m, matrix 600253.047482 m, up 0.000 mm, across 0.000 mm
[RockPrecisionFixDiag]     holder 'Tree00': built, height 600253.047482 m, matrix 600253.047482 m, up 0.000 mm, across 0.000 mm
[RockPrecisionFixDiag]   quad 'Kerbin Zn3010000303': height 600185.519989 m, matrix 600185.519989 m, up 0.000 mm, across 0.000 mm
[RockPrecisionFixDiag]     holder 'Grass00': built, height 600185.519989 m, matrix 600185.545252 m, up +25.263 mm, across 18.394 mm
[RockPrecisionFixDiag]     holder 'Tree00': built, height 600185.519989 m, matrix 600185.545252 m, up +25.263 mm, across 18.394 mm
[RockPrecisionFixDiag]   quad 'Kerbin Zn3010000310': height 600205.665676 m, matrix 600205.665676 m, up 0.000 mm, across 0.000 mm
[RockPrecisionFixDiag]     holder 'Grass00': built, height 600205.665676 m, matrix 600205.665676 m, up 0.000 mm, across 0.000 mm
[RockPrecisionFixDiag]     holder 'Tree00': built, height 600205.665676 m, matrix 600205.665676 m, up 0.000 mm, across 0.000 mm
[RockPrecisionFixDiag]   quad 'Kerbin Zn3010000311': height 600080.223922 m, matrix 600080.223922 m, up 0.000 mm, across 0.000 mm
[RockPrecisionFixDiag]     holder 'Grass00': built, height 600080.223922 m, matrix 600080.223922 m, up 0.000 mm, across 0.000 mm
[RockPrecisionFixDiag]   quad 'Kerbin Zn3010000312': height 600141.522544 m, matrix 600141.522544 m, up 0.000 mm, across 0.000 mm
[RockPrecisionFixDiag]     holder 'Grass00': built, height 600141.522544 m, matrix 600141.522544 m, up 0.000 mm, across 0.000 mm
[RockPrecisionFixDiag]   quad 'Kerbin Zn3010000320': height 600226.091232 m, matrix 600226.091232 m, up 0.000 mm, across 0.000 mm
[RockPrecisionFixDiag]     holder 'Grass00': built, height 600226.091232 m, matrix 600226.072795 m, up -18.437 mm, across 25.232 mm
[RockPrecisionFixDiag]   quad 'Kerbin Zn3010000321': height 600207.532934 m, matrix 600207.532934 m, up 0.000 mm, across 0.000 mm
[RockPrecisionFixDiag]     holder 'Grass00': built, height 600207.532934 m, matrix 600207.532934 m, up 0.000 mm, across 0.000 mm
[RockPrecisionFixDiag]   quad 'Kerbin Zn3010000323': height 600194.856198 m, matrix 600194.856198 m, up 0.000 mm, across 0.000 mm
[RockPrecisionFixDiag]     holder 'Grass00': built, height 600194.856198 m, matrix 600194.881460 m, up +25.262 mm, across 18.395 mm
[RockPrecisionFixDiag]   quad 'Kerbin Zn3010000322': height 600203.904674 m, matrix 600203.904674 m, up 0.000 mm, across 0.000 mm
[RockPrecisionFixDiag]     holder 'Grass00': built, height 600203.904674 m, matrix 600203.923110 m, up +18.436 mm, across 25.232 mm
[RockPrecisionFixDiag]   quad 'Kerbin Zn3010000313': height 600041.859509 m, matrix 600041.859509 m, up 0.000 mm, across 0.000 mm
[RockPrecisionFixDiag]     holder 'boulder': built, height 600041.859509 m, matrix 600041.852478 m, up -7.032 mm, across 43.631 mm
[RockPrecisionFixDiag]   quad 'Kerbin Zn3010000330': height 599959.280104 m, matrix 599959.280104 m, up 0.000 mm, across 0.000 mm
[RockPrecisionFixDiag]     holder 'boulder': built, height 599959.280104 m, matrix 599959.280104 m, up 0.000 mm, across 0.000 mm
[RockPrecisionFixDiag]   quad 'Kerbin Zn3010001022': height 599978.163124 m, matrix 599978.163124 m, up 0.000 mm, across 0.000 mm
[RockPrecisionFixDiag]     holder 'boulder': built, height 599978.163124 m, matrix 599978.144871 m, up -18.253 mm, across 25.365 mm
[RockPrecisionFixDiag]   quad 'Kerbin Zn3010001200': height 599940.063481 m, matrix 599940.063481 m, up 0.000 mm, across 0.000 mm
[RockPrecisionFixDiag]     holder 'boulder': built, height 599940.063481 m, matrix 599940.063481 m, up 0.000 mm, across 0.000 mm
[RockPrecisionFixDiag]   rock 'Kerbin Zn3010000130' 'Grass00' #0: ground 600188.841381 m, lowest point 600188.405150 m, -436.231 mm above the ground
[RockPrecisionFixDiag]   rock 'Kerbin Zn3010000130' 'Grass00' #1: ground 600200.030889 m, lowest point 600199.800769 m, -230.119 mm above the ground
[RockPrecisionFixDiag]   rock 'Kerbin Zn3010000130' 'Grass00' #2: ground 600187.262752 m, lowest point 600187.030927 m, -231.824 mm above the ground
[RockPrecisionFixDiag]   rock 'Kerbin Zn3010000130' 'Grass00' #3: ground 600199.285090 m, lowest point 600199.054616 m, -230.474 mm above the ground
[RockPrecisionFixDiag]   rock 'Kerbin Zn3010000130' 'Grass00' #4: ground 600203.989984 m, lowest point 600203.862132 m, -127.852 mm above the ground
[RockPrecisionFixDiag]   rock 'Kerbin Zn3010000130' 'Grass00' #5: ground 600188.470532 m, lowest point 600188.090262 m, -380.270 mm above the ground
[RockPrecisionFixDiag]   rock 'Kerbin Zn3010000130' 'Grass00' #6: ground 600195.778371 m, lowest point 600195.547364 m, -231.008 mm above the ground
[RockPrecisionFixDiag]   rock 'Kerbin Zn3010000130' 'Grass00' #7: ground 600190.730529 m, lowest point 600189.700837 m, -1029.692 mm above the ground
[RockPrecisionFixDiag]   rock 'Kerbin Zn3010000130' 'Grass00' #8: ground 600196.476259 m, lowest point 600196.319844 m, -156.415 mm above the ground
[RockPrecisionFixDiag]   rock 'Kerbin Zn3010000130' 'Grass00' #9: ground 600202.414993 m, lowest point 600202.282996 m, -131.998 mm above the ground
[RockPrecisionFixDiag]   rock 'Kerbin Zn3010000130' 'Grass00' #10: ground 600187.246477 m, lowest point 600187.319240 m, +72.763 mm above the ground
[RockPrecisionFixDiag]   rock 'Kerbin Zn3010000130' 'Grass00' #11: ground 600192.006444 m, lowest point 600191.775334 m, -231.111 mm above the ground
[RockPrecisionFixDiag]   rock 'Kerbin Zn3010000130' 'Grass00' #12: ground 600186.838147 m, lowest point 600186.606317 m, -231.830 mm above the ground
[RockPrecisionFixDiag]   rock 'Kerbin Zn3010000130' 'Grass00' #13: ground 600187.148666 m, lowest point 600186.954214 m, -194.452 mm above the ground
[RockPrecisionFixDiag]   rock 'Kerbin Zn3010000130' 'Grass00' #14: ground 600193.744689 m, lowest point 600193.224038 m, -520.651 mm above the ground
[RockPrecisionFixDiag]   rock 'Kerbin Zn3010000130' 'Grass00' #15: ground 600195.960585 m, lowest point 600195.685593 m, -274.993 mm above the ground
[RockPrecisionFixDiag]   rock 'Kerbin Zn3010000130' 'Grass00' #16: ground 600204.381529 m, lowest point 600204.120543 m, -260.986 mm above the ground
[RockPrecisionFixDiag]   rock 'Kerbin Zn3010000130' 'Grass00' #17: ground 600197.654121 m, lowest point 600197.422228 m, -231.894 mm above the ground
[RockPrecisionFixDiag]   rock 'Kerbin Zn3010000130' 'Grass00' #18: ground 600192.527759 m, lowest point 600193.272506 m, +744.746 mm above the ground
[RockPrecisionFixDiag]   rock 'Kerbin Zn3010000130' 'Grass00' #19: ground 600205.349698 m, lowest point 600204.844028 m, -505.670 mm above the ground
[RockPrecisionFixDiag]   rock 'Kerbin Zn3010000130' 'Grass00' #20: ground 600202.015501 m, lowest point 600201.782450 m, -233.051 mm above the ground
[RockPrecisionFixDiag]   rock 'Kerbin Zn3010000130' 'Grass00' #21: ground 600192.865713 m, lowest point 600193.473547 m, +607.834 mm above the ground
[RockPrecisionFixDiag]   rock 'Kerbin Zn3010000130' 'Grass00' #22: ground 600191.839515 m, lowest point 600191.559161 m, -280.354 mm above the ground
[RockPrecisionFixDiag]   rock 'Kerbin Zn3010000130' 'Grass00' #23: ground 600188.580361 m, lowest point 600189.959447 m, +1379.086 mm above the ground
[RockPrecisionFixDiag]   rock 'Kerbin Zn3010000130' 'Grass00' #24: ground 600198.908603 m, lowest point 600198.430591 m, -478.012 mm above the ground
[RockPrecisionFixDiag]   rock 'Kerbin Zn3010000130' 'Grass00' #25: ground 600199.722681 m, lowest point 600199.478367 m, -244.314 mm above the ground
[RockPrecisionFixDiag]   rock 'Kerbin Zn3010000130' 'Grass00' #26: ground 600189.775866 m, lowest point 600189.544750 m, -231.116 mm above the ground
[RockPrecisionFixDiag]   rock 'Kerbin Zn3010000130' 'Grass00' #27: ground 600199.935098 m, lowest point 600199.617073 m, -318.025 mm above the ground
[RockPrecisionFixDiag]   rock 'Kerbin Zn3010000130' 'Grass00' #28: ground 600199.474838 m, lowest point 600199.243722 m, -231.116 mm above the ground
[RockPrecisionFixDiag]   rock 'Kerbin Zn3010000130' 'Grass00' #29: ground 600192.522569 m, lowest point 600192.291547 m, -231.022 mm above the ground
[RockPrecisionFixDiag]   rock 'Kerbin Zn3010000130' 'Grass00' #30: ground 600191.412326 m, lowest point 600191.179608 m, -232.718 mm above the ground
[RockPrecisionFixDiag]   rock 'Kerbin Zn3010000130' 'Grass00' #31: ground 600201.142903 m, lowest point 600200.834210 m, -308.693 mm above the ground
[RockPrecisionFixDiag]   rock 'Kerbin Zn3010000130' 'Grass00' #32: ground 600193.842864 m, lowest point 600193.565832 m, -277.032 mm above the ground
[RockPrecisionFixDiag]   rock 'Kerbin Zn3010000130' 'Grass00' #33: ground 600195.804312 m, lowest point 600195.588013 m, -216.299 mm above the ground
[RockPrecisionFixDiag]   rock 'Kerbin Zn3010000130' 'Grass00' #34: ground 600192.333152 m, lowest point 600192.544213 m, +211.061 mm above the ground
[RockPrecisionFixDiag]   rock 'Kerbin Zn3010000130' 'Grass00' #35: ground 600191.783573 m, lowest point 600191.550679 m, -232.894 mm above the ground
[RockPrecisionFixDiag]   rock 'Kerbin Zn3010000130' 'Grass00' #36: ground 600189.551876 m, lowest point 600189.318812 m, -233.065 mm above the ground
[RockPrecisionFixDiag]   rock 'Kerbin Zn3010000130' 'Grass00' #37: ground 600187.737525 m, lowest point 600187.506886 m, -230.639 mm above the ground
[RockPrecisionFixDiag]   rock 'Kerbin Zn3010000130' 'Grass00' #38: ground 600203.462069 m, lowest point 600203.283520 m, -178.548 mm above the ground
[RockPrecisionFixDiag]   rock 'Kerbin Zn3010000130' 'Grass00' #39: ground 600197.406021 m, lowest point 600196.698042 m, -707.979 mm above the ground
[RockPrecisionFixDiag]   rock 'Kerbin Zn3010000130' 'Grass00' #40: ground 600194.923222 m, lowest point 600194.780374 m, -142.847 mm above the ground
[RockPrecisionFixDiag]   rock 'Kerbin Zn3010000130' 'Grass00' #41: ground 600194.811636 m, lowest point 600194.580365 m, -231.271 mm above the ground
[RockPrecisionFixDiag]   rock 'Kerbin Zn3010000130' 'Grass00' #42: ground 600201.445729 m, lowest point 600201.130739 m, -314.991 mm above the ground
[RockPrecisionFixDiag]   rock 'Kerbin Zn3010000130' 'Grass00' #43: ground 600198.573201 m, lowest point 600198.342352 m, -230.849 mm above the ground
[RockPrecisionFixDiag]   rock 'Kerbin Zn3010000130' 'Grass00' #44: ground 600214.796130 m, lowest point 600214.566195 m, -229.935 mm above the ground
[RockPrecisionFixDiag]   rock 'Kerbin Zn3010000130' 'Grass00' #45: ground 600201.719953 m, lowest point 600201.443267 m, -276.686 mm above the ground
[RockPrecisionFixDiag]   rock 'Kerbin Zn3010000130' 'Grass00' #46: ground 600197.909999 m, lowest point 600198.066354 m, +156.355 mm above the ground
[RockPrecisionFixDiag]   rock 'Kerbin Zn3010000130' 'Grass00' #47: ground 600196.750287 m, lowest point 600196.518886 m, -231.401 mm above the ground
[RockPrecisionFixDiag]   rock 'Kerbin Zn3010000130' 'Grass00' #48: ground 600197.933634 m, lowest point 600197.062603 m, -871.031 mm above the ground
[RockPrecisionFixDiag]   rock 'Kerbin Zn3010000130' 'Grass00' #49: ground 600202.608736 m, lowest point 600202.377832 m, -230.904 mm above the ground
[RockPrecisionFixDiag]   rock 'Kerbin Zn3010000130' 'Grass00' #50: ground 600205.047742 m, lowest point 600203.014933 m, -2032.809 mm above the ground
[RockPrecisionFixDiag]   rock 'Kerbin Zn3010000130' 'Grass00' #51: ground 600207.054965 m, lowest point 600206.824867 m, -230.098 mm above the ground
[RockPrecisionFixDiag]   rock 'Kerbin Zn3010000130' 'Grass00' #52: ground 600196.741923 m, lowest point 600194.521486 m, -2220.437 mm above the ground
[RockPrecisionFixDiag]   rock 'Kerbin Zn3010000130' 'Grass00' #53: ground 600210.847259 m, lowest point 600210.914154 m, +66.895 mm above the ground
[RockPrecisionFixDiag]   rock 'Kerbin Zn3010000130' 'Grass00' #54: ground 600198.220741 m, lowest point 600199.826399 m, +1605.658 mm above the ground
[RockPrecisionFixDiag]   rock 'Kerbin Zn3010000130' 'Grass00' #55: ground 600187.133081 m, lowest point 600187.015769 m, -117.312 mm above the ground
[RockPrecisionFixDiag]   rock 'Kerbin Zn3010000130' 'Grass00' #56: ground 600195.626132 m, lowest point 600195.534484 m, -91.649 mm above the ground
[RockPrecisionFixDiag]   rock 'Kerbin Zn3010000130' 'Grass00' #57: ground 600191.745042 m, lowest point 600190.817476 m, -927.566 mm above the ground
[RockPrecisionFixDiag]   rock 'Kerbin Zn3010000130' 'Grass00' #58: ground 600201.745602 m, lowest point 600201.515552 m, -230.050 mm above the ground
[RockPrecisionFixDiag]   rock 'Kerbin Zn3010000130' 'Grass00' #59: ground 600195.878778 m, lowest point 600195.612830 m, -265.949 mm above the ground
[RockPrecisionFixDiag]   rock 'Kerbin Zn3010000130' 'Grass00' #60: ground 600207.080661 m, lowest point 600206.846650 m, -234.011 mm above the ground
[RockPrecisionFixDiag]   rock 'Kerbin Zn3010000130' 'Grass00' #61: ground 600211.859144 m, lowest point 600211.626496 m, -232.648 mm above the ground
[RockPrecisionFixDiag]   rock 'Kerbin Zn3010000130' 'Grass00' #62: ground 600199.697643 m, lowest point 600199.404024 m, -293.620 mm above the ground
[RockPrecisionFixDiag]   rock 'Kerbin Zn3010000130' 'Grass00' #63: ground 600203.757207 m, lowest point 600203.525796 m, -231.411 mm above the ground
[RockPrecisionFixDiag]   rock 'Kerbin Zn3010000130' 'Grass00' #64: ground 600204.360850 m, lowest point 600204.185641 m, -175.210 mm above the ground
[RockPrecisionFixDiag]   rock 'Kerbin Zn3010000130' 'Grass00' #65: ground 600192.412858 m, lowest point 600192.181834 m, -231.023 mm above the ground
[RockPrecisionFixDiag]   rock 'Kerbin Zn3010000130' 'Grass00' #66: ground 600201.902994 m, lowest point 600201.663030 m, -239.964 mm above the ground
[RockPrecisionFixDiag]   rock 'Kerbin Zn3010000130' 'Grass00' #67: ground 600193.037498 m, lowest point 600193.128223 m, +90.725 mm above the ground
[RockPrecisionFixDiag]   rock 'Kerbin Zn3010000130' 'Grass00' #68: ground 600198.261294 m, lowest point 600199.346797 m, +1085.503 mm above the ground
[RockPrecisionFixDiag]   rock 'Kerbin Zn3010000130' 'Grass00' #69: ground 600191.917365 m, lowest point 600191.739644 m, -177.721 mm above the ground
[RockPrecisionFixDiag]   rock 'Kerbin Zn3010000130' 'Grass00' #70: ground 600192.490322 m, lowest point 600192.389884 m, -100.439 mm above the ground
[RockPrecisionFixDiag]   rock 'Kerbin Zn3010000130' 'Grass00' #71: ground 600206.196333 m, lowest point 600204.449611 m, -1746.722 mm above the ground
[RockPrecisionFixDiag]   rock 'Kerbin Zn3010000130' 'Grass00' #72: ground 600193.082983 m, lowest point 600192.851060 m, -231.923 mm above the ground
[RockPrecisionFixDiag]   rock 'Kerbin Zn3010000130' 'Grass00' #73: ground 600188.651869 m, lowest point 600188.625759 m, -26.110 mm above the ground
[RockPrecisionFixDiag]   rock 'Kerbin Zn3010000130' 'Grass00' #74: ground 600201.811890 m, lowest point 600203.021642 m, +1209.752 mm above the ground
[RockPrecisionFixDiag]   rock 'Kerbin Zn3010000130' 'Grass00' #75: ground 600199.717945 m, lowest point 600199.487197 m, -230.748 mm above the ground
[RockPrecisionFixDiag]   rock 'Kerbin Zn3010000130' 'Grass00' #76: ground 600189.499208 m, lowest point 600188.644607 m, -854.601 mm above the ground
[RockPrecisionFixDiag]   rock 'Kerbin Zn3010000130' 'Grass00' #77: ground 600194.143260 m, lowest point 600193.843937 m, -299.323 mm above the ground
[RockPrecisionFixDiag]   rock 'Kerbin Zn3010000130' 'Grass00' #78: ground 600204.208962 m, lowest point 600203.978172 m, -230.790 mm above the ground
[RockPrecisionFixDiag]   rock 'Kerbin Zn3010000130' 'Grass00' #79: ground 600194.999043 m, lowest point 600194.804465 m, -194.578 mm above the ground
[RockPrecisionFixDiag]   rock 'Kerbin Zn3010000130' 'Grass00' #80: ground 600189.020734 m, lowest point 600188.647132 m, -373.602 mm above the ground
[RockPrecisionFixDiag]   rock 'Kerbin Zn3010000130' 'Grass00' #81: ground 600189.983860 m, lowest point 600189.980943 m, -2.917 mm above the ground
[RockPrecisionFixDiag]   rock 'Kerbin Zn3010000130' 'Grass00' #82: ground 600189.129822 m, lowest point 600188.929985 m, -199.837 mm above the ground
[RockPrecisionFixDiag]   rock 'Kerbin Zn3010000130' 'Grass00' #83: ground 600213.551604 m, lowest point 600213.322725 m, -228.879 mm above the ground
[RockPrecisionFixDiag]   rock 'Kerbin Zn3010000130' 'Grass00' #84: ground 600206.059005 m, lowest point 600205.827548 m, -231.457 mm above the ground
[RockPrecisionFixDiag]   rock 'Kerbin Zn3010000130' 'Grass00' #85: ground 600191.714087 m, lowest point 600191.227319 m, -486.768 mm above the ground
[RockPrecisionFixDiag]   rock 'Kerbin Zn3010000130' 'Grass00' #86: ground 600203.343804 m, lowest point 600203.112729 m, -231.074 mm above the ground
[RockPrecisionFixDiag]   rock 'Kerbin Zn3010000130' 'Grass00' #87: ground 600202.308287 m, lowest point 600202.095843 m, -212.444 mm above the ground
[RockPrecisionFixDiag]   rock 'Kerbin Zn3010000130' 'Grass00' #88: ground 600195.013189 m, lowest point 600194.827386 m, -185.803 mm above the ground
[RockPrecisionFixDiag]   rock 'Kerbin Zn3010000130' 'Grass00' #89: ground 600202.123288 m, lowest point 600201.910175 m, -213.112 mm above the ground
[RockPrecisionFixDiag]   rock 'Kerbin Zn3010000130' 'Grass00' #90: ground 600191.467319 m, lowest point 600191.235927 m, -231.392 mm above the ground
[RockPrecisionFixDiag]   rock 'Kerbin Zn3010000130' 'Grass00' #91: ground 600204.135518 m, lowest point 600203.708229 m, -427.289 mm above the ground
[RockPrecisionFixDiag]   rock 'Kerbin Zn3010000130' 'Grass00' #92: ground 600188.825851 m, lowest point 600188.594282 m, -231.569 mm above the ground
[RockPrecisionFixDiag]   rock 'Kerbin Zn3010000130' 'Grass00' #93: ground 600201.259388 m, lowest point 600200.865626 m, -393.762 mm above the ground
[RockPrecisionFixDiag]   rock 'Kerbin Zn3010000130' 'Grass00' #94: ground 600190.539069 m, lowest point 600190.306186 m, -232.883 mm above the ground
[RockPrecisionFixDiag]   rock 'Kerbin Zn3010000130' 'Grass00' #95: ground 600206.750861 m, lowest point 600206.519401 m, -231.460 mm above the ground
[RockPrecisionFixDiag]   rock 'Kerbin Zn3010000130' 'Grass00' #96: ground 600191.406326 m, lowest point 600191.202262 m, -204.065 mm above the ground
[RockPrecisionFixDiag]   rock 'Kerbin Zn3010000130' 'Grass00' #97: ground 600195.657029 m, lowest point 600195.424147 m, -232.882 mm above the ground
[RockPrecisionFixDiag]   rock 'Kerbin Zn3010000130' 'Grass00' #98: ground 600186.536210 m, lowest point 600186.379653 m, -156.558 mm above the ground
[RockPrecisionFixDiag]   rock 'Kerbin Zn3010000130' 'Grass00' #99: ground 600200.075454 m, lowest point 600199.844382 m, -231.072 mm above the ground
[RockPrecisionFixDiag]   rock 'Kerbin Zn3010000130' 'Grass00' #100: ground 600204.396523 m, lowest point 600204.216192 m, -180.331 mm above the ground
[RockPrecisionFixDiag]   rock 'Kerbin Zn3010000130' 'Grass00' #101: ground 600186.890244 m, lowest point 600186.671360 m, -218.884 mm above the ground
[RockPrecisionFixDiag]   rock 'Kerbin Zn3010000130' 'Grass00' #102: ground 600203.572019 m, lowest point 600203.264271 m, -307.747 mm above the ground
[RockPrecisionFixDiag]   rock 'Kerbin Zn3010000130' 'Grass00' #103: ground 600197.583086 m, lowest point 600197.585541 m, +2.455 mm above the ground
[RockPrecisionFixDiag]   rock 'Kerbin Zn3010000130' 'Grass00' #104: ground 600205.885145 m, lowest point 600205.592623 m, -292.522 mm above the ground
[RockPrecisionFixDiag]   rock 'Kerbin Zn3010000130' 'Grass00' #105: ground 600194.833494 m, lowest point 600194.684751 m, -148.744 mm above the ground
[RockPrecisionFixDiag]   rock 'Kerbin Zn3010000130' 'Grass00' #106: ground 600191.467763 m, lowest point 600191.981967 m, +514.204 mm above the ground
[RockPrecisionFixDiag]   rock 'Kerbin Zn3010000130' 'Grass00' #107: ground 600202.529327 m, lowest point 600202.280385 m, -248.943 mm above the ground
[RockPrecisionFixDiag]   rock 'Kerbin Zn3010000130' 'Grass00' #108: ground 600200.488142 m, lowest point 600200.216675 m, -271.467 mm above the ground
[RockPrecisionFixDiag]   rock 'Kerbin Zn3010000130' 'Grass00' #109: ground 600217.286243 m, lowest point 600217.053992 m, -232.252 mm above the ground
[RockPrecisionFixDiag]   rock 'Kerbin Zn3010000130' 'Grass00' #110: ground 600202.970509 m, lowest point 600202.791812 m, -178.697 mm above the ground
[RockPrecisionFixDiag]   rock 'Kerbin Zn3010000130' 'Grass00' #111: ground 600193.316396 m, lowest point 600193.085539 m, -230.857 mm above the ground
[RockPrecisionFixDiag]   rock 'Kerbin Zn3010000130' 'Grass00' #112: ground 600203.181420 m, lowest point 600204.305124 m, +1123.704 mm above the ground
[RockPrecisionFixDiag]   rock 'Kerbin Zn3010000130' 'Grass00' #113: ground 600204.893129 m, lowest point 600204.687312 m, -205.817 mm above the ground
[RockPrecisionFixDiag]   rock 'Kerbin Zn3010000130' 'Grass00' #114: ground 600191.599062 m, lowest point 600191.368653 m, -230.409 mm above the ground
[RockPrecisionFixDiag]   rock 'Kerbin Zn3010000130' 'Grass00' #115: ground 600189.897128 m, lowest point 600189.670843 m, -226.286 mm above the ground
[RockPrecisionFixDiag]   rock 'Kerbin Zn3010000130' 'Grass00' #116: ground 600205.928583 m, lowest point 600205.657120 m, -271.463 mm above the ground
[RockPrecisionFixDiag]   rock 'Kerbin Zn3010000130' 'Grass00' #117: ground 600202.382696 m, lowest point 600202.293735 m, -88.961 mm above the ground
[RockPrecisionFixDiag]   rock 'Kerbin Zn3010000130' 'Grass00' #118: ground 600206.019140 m, lowest point 600206.991924 m, +972.784 mm above the ground
[RockPrecisionFixDiag]   rock 'Kerbin Zn3010000130' 'Grass00' #119: ground 600195.459717 m, lowest point 600195.072566 m, -387.150 mm above the ground
[RockPrecisionFixDiag]   rock 'Kerbin Zn3010000130' 'Grass00' #120: ground 600203.188643 m, lowest point 600202.955565 m, -233.078 mm above the ground
[RockPrecisionFixDiag]   rock 'Kerbin Zn3010000130' 'Grass00' #121: ground 600200.377066 m, lowest point 600200.117423 m, -259.643 mm above the ground
[RockPrecisionFixDiag]   rock 'Kerbin Zn3010000130' 'Grass00' #122: ground 600189.954777 m, lowest point 600189.908135 m, -46.642 mm above the ground
[RockPrecisionFixDiag]   rock 'Kerbin Zn3010000130' 'Grass00' #123: ground 600204.645096 m, lowest point 600204.418652 m, -226.443 mm above the ground
[RockPrecisionFixDiag]   rock 'Kerbin Zn3010000130' 'Grass00' #124: ground 600195.708487 m, lowest point 600195.478562 m, -229.925 mm above the ground
[RockPrecisionFixDiag]   rock 'Kerbin Zn3010000130' 'Grass00' #125: ground 600193.992293 m, lowest point 600193.177174 m, -815.120 mm above the ground
[RockPrecisionFixDiag]   rock 'Kerbin Zn3010000130' 'Grass00' #126: ground 600192.444027 m, lowest point 600192.213198 m, -230.829 mm above the ground
[RockPrecisionFixDiag]   rock 'Kerbin Zn3010000130' 'Grass00' #127: ground 600203.978481 m, lowest point 600203.508336 m, -470.145 mm above the ground
[RockPrecisionFixDiag]   rock 'Kerbin Zn3010000130' 'Grass00' #128: ground 600195.800542 m, lowest point 600195.588674 m, -211.867 mm above the ground
[RockPrecisionFixDiag]   rock 'Kerbin Zn3010000130' 'Grass00' #129: ground 600197.657264 m, lowest point 600197.425548 m, -231.716 mm above the ground
[RockPrecisionFixDiag]   rock 'Kerbin Zn3010000130' 'Grass00' #130: ground 600204.696616 m, lowest point 600204.462584 m, -234.032 mm above the ground
[RockPrecisionFixDiag]   rock 'Kerbin Zn3010000130' 'Grass00' #131: ground 600188.198503 m, lowest point 600187.883541 m, -314.962 mm above the ground
[RockPrecisionFixDiag]   rock 'Kerbin Zn3010000130' 'Grass00' #132: ground 600194.031519 m, lowest point 600193.745711 m, -285.808 mm above the ground
[RockPrecisionFixDiag]   rock 'Kerbin Zn3010000130' 'Grass00' #133: ground 600195.229308 m, lowest point 600194.998496 m, -230.812 mm above the ground
[RockPrecisionFixDiag]   rock 'Kerbin Zn3010000130' 'Grass00' #134: ground 600196.281592 m, lowest point 600196.050786 m, -230.806 mm above the ground
[RockPrecisionFixDiag]   rock 'Kerbin Zn3010000130' 'Grass00' #135: ground 600186.815189 m, lowest point 600186.583350 m, -231.839 mm above the ground
[RockPrecisionFixDiag]   rock 'Kerbin Zn3010000130' 'Grass00' #136: ground 600195.561440 m, lowest point 600195.282933 m, -278.507 mm above the ground
[RockPrecisionFixDiag]   rock 'Kerbin Zn3010000130' 'Grass00' #137: ground 600190.127996 m, lowest point 600189.897177 m, -230.818 mm above the ground
[RockPrecisionFixDiag]   rock 'Kerbin Zn3010000130' 'Grass00' #138: ground 600199.893012 m, lowest point 600199.663011 m, -230.001 mm above the ground
[RockPrecisionFixDiag]   rock 'Kerbin Zn3010000130' 'Grass00' #139: ground 600194.233905 m, lowest point 600193.907111 m, -326.794 mm above the ground
[RockPrecisionFixDiag]   rock 'Kerbin Zn3010000130' 'Grass00' #140: ground 600196.738742 m, lowest point 600196.458518 m, -280.224 mm above the ground
[RockPrecisionFixDiag]   rock 'Kerbin Zn3010000130' 'Grass00' #141: ground 600186.630897 m, lowest point 600186.342629 m, -288.268 mm above the ground
[RockPrecisionFixDiag]   rock 'Kerbin Zn3010000130' 'Grass00' #142: ground 600188.823596 m, lowest point 600188.592500 m, -231.096 mm above the ground
[RockPrecisionFixDiag]   rock 'Kerbin Zn3010000130' 'Grass00' #143: ground 600188.545708 m, lowest point 600188.312200 m, -233.508 mm above the ground
[RockPrecisionFixDiag]   rock 'Kerbin Zn3010000130' 'Grass00' #144: ground 600190.666438 m, lowest point 600191.285900 m, +619.462 mm above the ground
[RockPrecisionFixDiag]   rock 'Kerbin Zn3010000130' 'Grass00' #145: ground 600189.576207 m, lowest point 600189.377126 m, -199.081 mm above the ground
[RockPrecisionFixDiag]   rock 'Kerbin Zn3010000130' 'Grass00' #146: ground 600197.097380 m, lowest point 600196.813721 m, -283.659 mm above the ground
[RockPrecisionFixDiag]   rock 'Kerbin Zn3010000130' 'Grass00' #147: ground 600202.390611 m, lowest point 600202.161196 m, -229.415 mm above the ground
[RockPrecisionFixDiag]   rock 'Kerbin Zn3010000130' 'Grass00' #148: ground 600189.584233 m, lowest point 600189.031136 m, -553.098 mm above the ground
[RockPrecisionFixDiag]   rock 'Kerbin Zn3010000130' 'Grass00' #149: ground 600197.596005 m, lowest point 600197.277332 m, -318.673 mm above the ground
[RockPrecisionFixDiag]   rock 'Kerbin Zn3010000130' 'Grass00' #150: ground 600191.277196 m, lowest point 600190.513051 m, -764.145 mm above the ground
[RockPrecisionFixDiag]   rock 'Kerbin Zn3010000130' 'Grass00' #151: ground 600190.923732 m, lowest point 600190.236006 m, -687.726 mm above the ground
[RockPrecisionFixDiag]   rock 'Kerbin Zn3010000130' 'Grass00' #152: ground 600211.867617 m, lowest point 600211.634958 m, -232.659 mm above the ground
[RockPrecisionFixDiag]   rock 'Kerbin Zn3010000130' 'Grass00' #153: ground 600187.384573 m, lowest point 600187.120088 m, -264.485 mm above the ground
[RockPrecisionFixDiag]   rock 'Kerbin Zn3010000130' 'Grass00' #154: ground 600187.119605 m, lowest point 600186.885837 m, -233.768 mm above the ground
[RockPrecisionFixDiag]   rock 'Kerbin Zn3010000130' 'Grass00' #155: ground 600186.854722 m, lowest point 600186.622911 m, -231.811 mm above the ground
[RockPrecisionFixDiag]   rock 'Kerbin Zn3010000130' 'Grass00' #156: ground 600186.429254 m, lowest point 600186.197570 m, -231.684 mm above the ground
[RockPrecisionFixDiag]   rock 'Kerbin Zn3010000130' 'Grass00' #157: ground 600196.247036 m, lowest point 600196.014797 m, -232.239 mm above the ground
[RockPrecisionFixDiag]   rock 'Kerbin Zn3010000130' 'Grass00' #158: ground 600204.403252 m, lowest point 600204.166122 m, -237.130 mm above the ground
[RockPrecisionFixDiag]   rock 'Kerbin Zn3010000130' 'Grass00' #159: ground 600190.844010 m, lowest point 600190.610432 m, -233.578 mm above the ground
[RockPrecisionFixDiag]   rock 'Kerbin Zn3010000130' 'Grass00' #160: ground 600201.476679 m, lowest point 600201.155176 m, -321.503 mm above the ground
[RockPrecisionFixDiag]   rock 'Kerbin Zn3010000130' 'Grass00' #161: ground 600198.165566 m, lowest point 600198.926837 m, +761.271 mm above the ground
[RockPrecisionFixDiag]   rock 'Kerbin Zn3010000130' 'Grass00' #162: ground 600205.415929 m, lowest point 600205.183980 m, -231.949 mm above the ground
[RockPrecisionFixDiag]   rock 'Kerbin Zn3010000130' 'Grass00' #163: ground 600188.935464 m, lowest point 600188.703911 m, -231.554 mm above the ground
[RockPrecisionFixDiag]   rock 'Kerbin Zn3010000130' 'Grass00' #164: ground 600191.408570 m, lowest point 600191.146692 m, -261.878 mm above the ground
[RockPrecisionFixDiag]   rock 'Kerbin Zn3010000130' 'Grass00' #165: ground 600201.463284 m, lowest point 600201.392131 m, -71.154 mm above the ground
[RockPrecisionFixDiag]   rock 'Kerbin Zn3010000130' 'Grass00' #166: ground 600204.730104 m, lowest point 600204.354929 m, -375.176 mm above the ground
[RockPrecisionFixDiag]   rock 'Kerbin Zn3010000130' 'Grass00' #167: ground 600199.393090 m, lowest point 600198.083824 m, -1309.266 mm above the ground
[RockPrecisionFixDiag]   rock 'Kerbin Zn3010000130' 'Grass00' #168: ground 600186.518766 m, lowest point 600186.267490 m, -251.275 mm above the ground
[RockPrecisionFixDiag]   rock 'Kerbin Zn3010000130' 'Grass00' #169: ground 600201.290631 m, lowest point 600200.996802 m, -293.829 mm above the ground
[RockPrecisionFixDiag]   rock 'Kerbin Zn3010000130' 'Grass00' #170: ground 600200.761690 m, lowest point 600200.536909 m, -224.781 mm above the ground
[RockPrecisionFixDiag]   rock 'Kerbin Zn3010000130' 'Grass00' #171: ground 600201.418956 m, lowest point 600201.210785 m, -208.172 mm above the ground
[RockPrecisionFixDiag]   rock 'Kerbin Zn3010000130' 'Grass00' #172: ground 600194.727314 m, lowest point 600194.463861 m, -263.454 mm above the ground
[RockPrecisionFixDiag]   rock 'Kerbin Zn3010000130' 'Grass00' #173: ground 600208.467904 m, lowest point 600208.238095 m, -229.809 mm above the ground
[RockPrecisionFixDiag]   rock 'Kerbin Zn3010000130' 'Grass00' #174: ground 600196.624675 m, lowest point 600196.409604 m, -215.070 mm above the ground
[RockPrecisionFixDiag]   rock 'Kerbin Zn3010000130' 'Grass00' #175: ground 600191.698353 m, lowest point 600191.426473 m, -271.880 mm above the ground
[RockPrecisionFixDiag]   rock 'Kerbin Zn3010000130' 'Grass00' #176: ground 600199.906681 m, lowest point 600199.763808 m, -142.873 mm above the ground
[RockPrecisionFixDiag]   rock 'Kerbin Zn3010000130' 'Grass00' #177: ground 600207.720536 m, lowest point 600207.490859 m, -229.677 mm above the ground
[RockPrecisionFixDiag]   rock 'Kerbin Zn3010000130' 'Grass00' #178: ground 600193.029322 m, lowest point 600192.825317 m, -204.005 mm above the ground
[RockPrecisionFixDiag]   rock 'Kerbin Zn3010000130' 'Grass00' #179: ground 600189.001870 m, lowest point 600188.777377 m, -224.494 mm above the ground
[RockPrecisionFixDiag]   rock 'Kerbin Zn3010000130' 'Grass00' #180: ground 600202.320958 m, lowest point 600202.087889 m, -233.069 mm above the ground
[RockPrecisionFixDiag]   rock 'Kerbin Zn3010000130' 'Grass00' #181: ground 600189.759785 m, lowest point 600189.672290 m, -87.495 mm above the ground
[RockPrecisionFixDiag]   rock 'Kerbin Zn3010000130' 'Grass00' #182: ground 600190.455857 m, lowest point 600190.224105 m, -231.752 mm above the ground
[RockPrecisionFixDiag]   rock 'Kerbin Zn3010000130' 'Grass00' #183: ground 600194.539988 m, lowest point 600194.281497 m, -258.491 mm above the ground
[RockPrecisionFixDiag]   rock 'Kerbin Zn3010000130' 'Grass00' #184: ground 600205.356924 m, lowest point 600205.142958 m, -213.965 mm above the ground
[RockPrecisionFixDiag]   rock 'Kerbin Zn3010000130' 'Grass00' #185: ground 600194.188544 m, lowest point 600193.957687 m, -230.857 mm above the ground
[RockPrecisionFixDiag]   rock 'Kerbin Zn3010000130' 'Grass00' #186: ground 600191.683547 m, lowest point 600191.450635 m, -232.912 mm above the ground
[RockPrecisionFixDiag]   rock 'Kerbin Zn3010000130' 'Grass00' #187: ground 600190.539380 m, lowest point 600190.287112 m, -252.268 mm above the ground
[RockPrecisionFixDiag]   rock 'Kerbin Zn3010000130' 'Grass00' #188: ground 600190.371525 m, lowest point 600190.199130 m, -172.396 mm above the ground
[RockPrecisionFixDiag]   rock 'Kerbin Zn3010000130' 'Grass00' #189: ground 600203.018183 m, lowest point 600202.807298 m, -210.885 mm above the ground
[RockPrecisionFixDiag]   rock 'Kerbin Zn3010000130' 'Grass00' #190: ground 600196.637579 m, lowest point 600196.366490 m, -271.089 mm above the ground
[RockPrecisionFixDiag]   rock 'Kerbin Zn3010000130' 'Grass00' #191: ground 600187.913173 m, lowest point 600187.681422 m, -231.750 mm above the ground
[RockPrecisionFixDiag]   rock 'Kerbin Zn3010000130' 'Grass00' #192: ground 600198.543444 m, lowest point 600198.772044 m, +228.601 mm above the ground
[RockPrecisionFixDiag]   rock 'Kerbin Zn3010000130' 'Grass00' #193: ground 600204.888652 m, lowest point 600204.813815 m, -74.837 mm above the ground
[RockPrecisionFixDiag]   rock 'Kerbin Zn3010000130' 'Grass00' #194: ground 600197.563820 m, lowest point 600197.366017 m, -197.803 mm above the ground
[RockPrecisionFixDiag]   rock 'Kerbin Zn3010000130' 'Grass00' #195: ground 600196.851627 m, lowest point 600196.619375 m, -232.252 mm above the ground
[RockPrecisionFixDiag]   rock 'Kerbin Zn3010000130' 'Grass00' #196: ground 600196.523171 m, lowest point 600196.297604 m, -225.566 mm above the ground
[RockPrecisionFixDiag]   rock 'Kerbin Zn3010000130' 'Grass00' #197: ground 600214.748404 m, lowest point 600214.569980 m, -178.424 mm above the ground
[RockPrecisionFixDiag]   rock 'Kerbin Zn3010000130' 'Grass00' #198: ground 600197.039238 m, lowest point 600196.775986 m, -263.252 mm above the ground
[RockPrecisionFixDiag]   rock 'Kerbin Zn3010000130' 'Grass00' #199: ground 600197.858946 m, lowest point 600197.625905 m, -233.041 mm above the ground
[RockPrecisionFixDiag]   rock 'Kerbin Zn3010000130' 'Tree00' #0: ground 600193.600751 m, lowest point 600192.533170 m, -1067.581 mm above the ground
[RockPrecisionFixDiag]   rock 'Kerbin Zn3010000130' 'Tree00' #1: ground 600189.401332 m, lowest point 600188.034522 m, -1366.810 mm above the ground
[RockPrecisionFixDiag]   rock 'Kerbin Zn3010000130' 'Tree00' #2: ground 600190.489692 m, lowest point 600189.013908 m, -1475.784 mm above the ground
[RockPrecisionFixDiag]   rock 'Kerbin Zn3010000130' 'Tree00' #3: ground 600204.646705 m, lowest point 600203.645719 m, -1000.986 mm above the ground
[RockPrecisionFixDiag]   rock 'Kerbin Zn3010000130' 'Tree00' #4: ground 600201.933876 m, lowest point 600200.579589 m, -1354.287 mm above the ground
[RockPrecisionFixDiag]   rock 'Kerbin Zn3010000130' 'Tree00' #5: ground 600193.875750 m, lowest point 600192.465009 m, -1410.741 mm above the ground
[RockPrecisionFixDiag]   rock 'Kerbin Zn3010000130' 'Tree00' #6: ground 600197.356489 m, lowest point 600196.162740 m, -1193.749 mm above the ground
[RockPrecisionFixDiag]   rock 'Kerbin Zn3010000130' 'Tree00' #7: ground 600202.789486 m, lowest point 600201.533784 m, -1255.701 mm above the ground
[RockPrecisionFixDiag]   rock 'Kerbin Zn3010000130' 'Tree00' #8: ground 600190.085017 m, lowest point 600188.709922 m, -1375.095 mm above the ground
[RockPrecisionFixDiag]   rock 'Kerbin Zn3010000130' 'Tree00' #9: ground 600217.936371 m, lowest point 600216.682883 m, -1253.487 mm above the ground
[RockPrecisionFixDiag]   rock 'Kerbin Zn3010000130' 'Tree00' #10: ground 600212.014585 m, lowest point 600210.687886 m, -1326.699 mm above the ground
[RockPrecisionFixDiag]   rock 'Kerbin Zn3010000130' 'Tree00' #11: ground 600194.406358 m, lowest point 600192.503118 m, -1903.241 mm above the ground
[RockPrecisionFixDiag]   rock 'Kerbin Zn3010000130' 'Tree00' #12: ground 600189.271933 m, lowest point 600188.491429 m, -780.504 mm above the ground
[RockPrecisionFixDiag]   rock 'Kerbin Zn3010000130' 'Tree00' #13: ground 600188.294334 m, lowest point 600186.920063 m, -1374.271 mm above the ground
[RockPrecisionFixDiag]   rock 'Kerbin Zn3010000130' 'Tree00' #14: ground 600198.074246 m, lowest point 600196.975115 m, -1099.131 mm above the ground
[RockPrecisionFixDiag]   rock 'Kerbin Zn3010000130' 'Tree00' #15: ground 600200.043520 m, lowest point 600198.484604 m, -1558.917 mm above the ground
[RockPrecisionFixDiag]   rock 'Kerbin Zn3010000130' 'Tree00' #16: ground 600188.971322 m, lowest point 600187.673347 m, -1297.975 mm above the ground
[RockPrecisionFixDiag]   rock 'Kerbin Zn3010000130' 'Tree00' #17: ground 600203.163218 m, lowest point 600202.054247 m, -1108.972 mm above the ground
[RockPrecisionFixDiag] End of record 2: 64 quads with rocks, 118 holders (0 not built yet); nearest quad 'Kerbin Zn3010000130': 218 rocks, 0 without ground under them
