[RockPrecisionFixDiag] Record 6 on Kerbin: scatter on. Heights are distances from the centre of Kerbin, in metres
[RockPrecisionFixDiag]   quad 'Kerbin Zn1232222230': height 600176.903871 m, matrix 600176.903871 m, up 0.000 mm, across 0.000 mm
[RockPrecisionFixDiag]     holder 'Grass00': built, height 600176.903871 m, matrix 600176.924105 m, up +20.235 mm, across 23.814 mm
[RockPrecisionFixDiag]     holder 'Tree00': built, height 600176.903871 m, matrix 600176.924105 m, up +20.235 mm, across 23.814 mm
[RockPrecisionFixDiag]   quad 'Kerbin Zn1232222231': height 600177.340422 m, matrix 600177.340422 m, up 0.000 mm, across 0.000 mm
[RockPrecisionFixDiag]     holder 'Grass00': built, height 600177.340422 m, matrix 600177.340422 m, up 0.000 mm, across 0.000 mm
[RockPrecisionFixDiag]     holder 'Tree00': built, height 600177.340422 m, matrix 600177.340422 m, up 0.000 mm, across 0.000 mm
[RockPrecisionFixDiag]   quad 'Kerbin Zn1232222232': height 600186.637934 m, matrix 600186.637934 m, up 0.000 mm, across 0.000 mm
[RockPrecisionFixDiag]     holder 'Grass00': built, height 600186.637934 m, matrix 600186.658169 m, up +20.235 mm, across 23.814 mm
[RockPrecisionFixDiag]     holder 'Tree00': built, height 600186.637934 m, matrix 600186.658169 m, up +20.235 mm, across 23.814 mm
[RockPrecisionFixDiag]   quad 'Kerbin Zn1232222233': height 600173.816326 m, matrix 600173.816326 m, up 0.000 mm, across 0.000 mm
[RockPrecisionFixDiag]     holder 'Grass00': built, height 600173.816326 m, matrix 600173.752093 m, up -64.233 mm, across 27.511 mm
[RockPrecisionFixDiag]     holder 'Tree00': built, height 600173.816326 m, matrix 600173.752093 m, up -64.233 mm, across 27.511 mm
[RockPrecisionFixDiag]   quad 'Kerbin Zn1232222300': height 600211.103315 m, matrix 600211.103315 m, up 0.000 mm, across 0.000 mm
[RockPrecisionFixDiag]     holder 'Grass00': built, height 600211.103315 m, matrix 600211.083168 m, up -20.147 mm, across 23.889 mm
[RockPrecisionFixDiag]     holder 'Tree00': built, height 600211.103315 m, matrix 600211.083168 m, up -20.147 mm, across 23.889 mm
[RockPrecisionFixDiag]   quad 'Kerbin Zn1232222302': height 600210.875779 m, matrix 600210.875779 m, up 0.000 mm, across 0.000 mm
[RockPrecisionFixDiag]     holder 'Grass00': built, height 600210.875779 m, matrix 600210.835485 m, up -40.294 mm, across 47.777 mm
[RockPrecisionFixDiag]     holder 'Tree00': built, height 600210.875779 m, matrix 600210.835485 m, up -40.294 mm, across 47.777 mm
[RockPrecisionFixDiag]   quad 'Kerbin Zn1232222320': height 600203.310435 m, matrix 600203.310435 m, up 0.000 mm, across 0.000 mm
[RockPrecisionFixDiag]     holder 'Grass00': built, height 600203.310435 m, matrix 600203.350729 m, up +40.295 mm, across 47.776 mm
[RockPrecisionFixDiag]     holder 'Tree00': built, height 600203.310435 m, matrix 600203.350729 m, up +40.295 mm, across 47.776 mm
[RockPrecisionFixDiag]   quad 'Kerbin Zn1232222322': height 600241.080899 m, matrix 600241.080899 m, up 0.000 mm, across 0.000 mm
[RockPrecisionFixDiag]     holder 'Grass00': built, height 600241.080899 m, matrix 600241.101047 m, up +20.147 mm, across 23.888 mm
[RockPrecisionFixDiag]     holder 'Tree00': built, height 600241.080899 m, matrix 600241.101047 m, up +20.147 mm, across 23.888 mm
[RockPrecisionFixDiag]   quad 'Kerbin Zn3010000000': height 600249.634234 m, matrix 600249.634234 m, up 0.000 mm, across 0.000 mm
[RockPrecisionFixDiag]     holder 'Grass00': built, height 600249.634234 m, matrix 600249.671460 m, up +37.227 mm, across 91.541 mm
[RockPrecisionFixDiag]     holder 'Tree00': built, height 600249.634234 m, matrix 600249.671460 m, up +37.227 mm, across 91.541 mm
[RockPrecisionFixDiag]   quad 'Kerbin Zn3010000001': height 600248.330250 m, matrix 600248.330250 m, up 0.000 mm, across 0.000 mm
[RockPrecisionFixDiag]     holder 'Grass00': built, height 600248.330250 m, matrix 600248.265916 m, up -64.334 mm, across 27.276 mm
[RockPrecisionFixDiag]     holder 'Tree00': built, height 600248.330250 m, matrix 600248.265916 m, up -64.334 mm, across 27.276 mm
[RockPrecisionFixDiag]   quad 'Kerbin Zn3010000002': height 600219.553594 m, matrix 600219.553594 m, up 0.000 mm, across 0.000 mm
[RockPrecisionFixDiag]     holder 'Grass00': built, height 600219.553594 m, matrix 600219.512950 m, up -40.644 mm, across 47.480 mm
[RockPrecisionFixDiag]     holder 'Tree00': built, height 600219.553594 m, matrix 600219.512950 m, up -40.644 mm, across 47.480 mm
[RockPrecisionFixDiag]   quad 'Kerbin Zn3010000003': height 600238.557892 m, matrix 600238.557892 m, up 0.000 mm, across 0.000 mm
[RockPrecisionFixDiag]     holder 'Grass00': built, height 600238.557892 m, matrix 600238.513837 m, up -44.055 mm, across 3.501 mm
[RockPrecisionFixDiag]     holder 'Tree00': built, height 600238.557892 m, matrix 600238.513837 m, up -44.055 mm, across 3.501 mm
[RockPrecisionFixDiag]   quad 'Kerbin Zn3010000010': height 600189.695212 m, matrix 600189.695212 m, up 0.000 mm, across 0.000 mm
[RockPrecisionFixDiag]     holder 'Grass00': built, height 600189.695212 m, matrix 600189.695212 m, up 0.000 mm, across 0.000 mm
[RockPrecisionFixDiag]     holder 'Tree00': built, height 600189.695212 m, matrix 600189.695212 m, up 0.000 mm, across 0.000 mm
[RockPrecisionFixDiag]   quad 'Kerbin Zn3010000011': height 600220.759094 m, matrix 600220.759094 m, up 0.000 mm, across 0.000 mm
[RockPrecisionFixDiag]     holder 'Grass00': built, height 600220.759094 m, matrix 600220.782945 m, up +23.851 mm, across 20.191 mm
[RockPrecisionFixDiag]     holder 'Tree00': built, height 600220.759094 m, matrix 600220.782945 m, up +23.851 mm, across 20.191 mm
[RockPrecisionFixDiag]   quad 'Kerbin Zn3010000012': height 600273.368165 m, matrix 600273.368165 m, up 0.000 mm, across 0.000 mm
[RockPrecisionFixDiag]     holder 'Grass00': built, height 600273.368165 m, matrix 600273.452683 m, up +84.518 mm, across 51.208 mm
[RockPrecisionFixDiag]     holder 'Tree00': built, height 600273.368165 m, matrix 600273.452683 m, up +84.518 mm, across 51.208 mm
[RockPrecisionFixDiag]   quad 'Kerbin Zn3010000013': height 600242.705642 m, matrix 600242.705642 m, up 0.000 mm, across 0.000 mm
[RockPrecisionFixDiag]     holder 'Grass00': built, height 600242.705642 m, matrix 600242.665260 m, up -40.382 mm, across 47.703 mm
[RockPrecisionFixDiag]     holder 'Tree00': built, height 600242.705642 m, matrix 600242.665260 m, up -40.382 mm, across 47.703 mm
[RockPrecisionFixDiag]   quad 'Kerbin Zn3010000020': height 600242.348272 m, matrix 600242.348272 m, up 0.000 mm, across 0.000 mm
[RockPrecisionFixDiag]     holder 'Grass00': built, height 600242.348272 m, matrix 600242.348272 m, up 0.000 mm, across 0.000 mm
[RockPrecisionFixDiag]     holder 'Tree00': built, height 600242.348272 m, matrix 600242.348272 m, up 0.000 mm, across 0.000 mm
[RockPrecisionFixDiag]   quad 'Kerbin Zn3010000021': height 600225.927612 m, matrix 600225.927612 m, up 0.000 mm, across 0.000 mm
[RockPrecisionFixDiag]     holder 'Grass00': built, height 600225.927612 m, matrix 600225.927612 m, up 0.000 mm, across 0.000 mm
[RockPrecisionFixDiag]     holder 'Tree00': built, height 600225.927612 m, matrix 600225.927612 m, up 0.000 mm, across 0.000 mm
[RockPrecisionFixDiag]   quad 'Kerbin Zn3010000022': height 600288.794157 m, matrix 600288.794157 m, up 0.000 mm, across 0.000 mm
[RockPrecisionFixDiag]     holder 'Grass00': built, height 600288.794157 m, matrix 600288.838218 m, up +44.061 mm, across 3.430 mm
[RockPrecisionFixDiag]     holder 'Tree00': built, height 600288.794157 m, matrix 600288.838218 m, up +44.061 mm, across 3.430 mm
[RockPrecisionFixDiag]   quad 'Kerbin Zn3010000023': height 600244.667564 m, matrix 600244.667564 m, up 0.000 mm, across 0.000 mm
[RockPrecisionFixDiag]     holder 'Grass00': built, height 600244.667564 m, matrix 600244.708120 m, up +40.556 mm, across 47.555 mm
[RockPrecisionFixDiag]     holder 'Tree00': built, height 600244.667564 m, matrix 600244.708120 m, up +40.556 mm, across 47.555 mm
[RockPrecisionFixDiag]   quad 'Kerbin Zn3010000030': height 600256.933945 m, matrix 600256.933945 m, up 0.000 mm, across 0.000 mm
[RockPrecisionFixDiag]     holder 'Grass00': built, height 600256.933945 m, matrix 600256.933945 m, up 0.000 mm, across 0.000 mm
[RockPrecisionFixDiag]     holder 'Tree00': built, height 600256.933945 m, matrix 600256.933945 m, up 0.000 mm, across 0.000 mm
[RockPrecisionFixDiag]   quad 'Kerbin Zn3010000031': height 600280.044198 m, matrix 600280.044198 m, up 0.000 mm, across 0.000 mm
[RockPrecisionFixDiag]     holder 'Grass00': built, height 600280.044198 m, matrix 600280.044198 m, up 0.000 mm, across 0.000 mm
[RockPrecisionFixDiag]     holder 'Tree00': built, height 600280.044198 m, matrix 600280.044198 m, up 0.000 mm, across 0.000 mm
[RockPrecisionFixDiag]   quad 'Kerbin Zn3010000032': height 600248.730750 m, matrix 600248.730750 m, up 0.000 mm, across 0.000 mm
[RockPrecisionFixDiag]     holder 'Grass00': built, height 600248.730750 m, matrix 600248.710516 m, up -20.234 mm, across 23.815 mm
[RockPrecisionFixDiag]     holder 'Tree00': built, height 600248.730750 m, matrix 600248.710516 m, up -20.234 mm, across 23.815 mm
[RockPrecisionFixDiag]   quad 'Kerbin Zn3010000033': height 600313.761875 m, matrix 600313.761875 m, up 0.000 mm, across 0.000 mm
[RockPrecisionFixDiag]     holder 'Grass00': built, height 600313.761875 m, matrix 600313.782065 m, up +20.191 mm, across 23.852 mm
[RockPrecisionFixDiag]     holder 'Tree00': built, height 600313.761875 m, matrix 600313.782065 m, up +20.191 mm, across 23.852 mm
[RockPrecisionFixDiag]   quad 'Kerbin Zn3010000100': height 600253.764857 m, matrix 600253.764857 m, up 0.000 mm, across 0.000 mm
[RockPrecisionFixDiag]     holder 'Grass00': built, height 600253.764857 m, matrix 600253.785004 m, up +20.147 mm, across 23.888 mm
[RockPrecisionFixDiag]     holder 'Tree00': built, height 600253.764857 m, matrix 600253.785004 m, up +20.147 mm, across 23.888 mm
[RockPrecisionFixDiag]   quad 'Kerbin Zn3010000101': height 600260.019243 m, matrix 600260.019243 m, up 0.000 mm, across 0.000 mm
[RockPrecisionFixDiag]     holder 'Grass00': built, height 600260.019243 m, matrix 600259.979035 m, up -40.207 mm, across 47.850 mm
[RockPrecisionFixDiag]     holder 'Tree00': built, height 600260.019243 m, matrix 600259.979035 m, up -40.207 mm, across 47.850 mm
[RockPrecisionFixDiag]   quad 'Kerbin Zn3010000102': height 600230.719049 m, matrix 600230.719049 m, up 0.000 mm, across 0.000 mm
[RockPrecisionFixDiag]     holder 'Grass00': built, height 600230.719049 m, matrix 600230.759344 m, up +40.295 mm, across 47.776 mm
[RockPrecisionFixDiag]     holder 'Tree00': built, height 600230.719049 m, matrix 600230.759344 m, up +40.295 mm, across 47.776 mm
[RockPrecisionFixDiag]   quad 'Kerbin Zn3010000103': height 600230.097334 m, matrix 600230.097334 m, up 0.000 mm, across 0.000 mm
[RockPrecisionFixDiag]     holder 'Grass00': built, height 600230.097334 m, matrix 600230.093512 m, up -3.821 mm, across 44.029 mm
[RockPrecisionFixDiag]     holder 'Tree00': built, height 600230.097334 m, matrix 600230.093512 m, up -3.821 mm, across 44.029 mm
[RockPrecisionFixDiag]   quad 'Kerbin Zn3010000112': height 600227.214358 m, matrix 600227.214358 m, up 0.000 mm, across 0.000 mm
[RockPrecisionFixDiag]     holder 'Grass00': built, height 600227.214358 m, matrix 600227.214358 m, up 0.000 mm, across 0.000 mm
[RockPrecisionFixDiag]     holder 'Tree00': built, height 600227.214358 m, matrix 600227.214358 m, up 0.000 mm, across 0.000 mm
[RockPrecisionFixDiag]   quad 'Kerbin Zn3010000120': height 600226.584252 m, matrix 600226.584252 m, up 0.000 mm, across 0.000 mm
[RockPrecisionFixDiag]     holder 'Grass00': built, height 600226.584252 m, matrix 600226.604399 m, up +20.147 mm, across 23.888 mm
[RockPrecisionFixDiag]     holder 'Tree00': built, height 600226.584252 m, matrix 600226.604399 m, up +20.147 mm, across 23.888 mm
[RockPrecisionFixDiag]   quad 'Kerbin Zn3010000121': height 600217.276264 m, matrix 600217.276264 m, up 0.000 mm, across 0.000 mm
[RockPrecisionFixDiag]     holder 'Grass00': built, height 600217.276264 m, matrix 600217.276264 m, up 0.000 mm, across 0.000 mm
[RockPrecisionFixDiag]     holder 'Tree00': built, height 600217.276264 m, matrix 600217.276264 m, up 0.000 mm, across 0.000 mm
[RockPrecisionFixDiag]   quad 'Kerbin Zn3010000122': height 600239.584260 m, matrix 600239.584260 m, up 0.000 mm, across 0.000 mm
[RockPrecisionFixDiag]     holder 'Grass00': built, height 600239.584260 m, matrix 600239.584260 m, up 0.000 mm, across 0.000 mm
[RockPrecisionFixDiag]     holder 'Tree00': built, height 600239.584260 m, matrix 600239.584260 m, up 0.000 mm, across 0.000 mm
[RockPrecisionFixDiag]   quad 'Kerbin Zn3010000123': height 600203.389338 m, matrix 600203.389338 m, up 0.000 mm, across 0.000 mm
[RockPrecisionFixDiag]     holder 'Grass00': built, height 600203.389338 m, matrix 600203.349131 m, up -40.207 mm, across 47.851 mm
[RockPrecisionFixDiag]     holder 'Tree00': built, height 600203.389338 m, matrix 600203.349131 m, up -40.207 mm, across 47.851 mm
[RockPrecisionFixDiag]   quad 'Kerbin Zn3010000130': height 600190.637670 m, matrix 600190.637670 m, up 0.000 mm, across 0.000 mm
[RockPrecisionFixDiag]     holder 'Grass00': built, height 600190.637670 m, matrix 600190.681691 m, up +44.021 mm, across 3.907 mm
[RockPrecisionFixDiag]     holder 'Tree00': built, height 600190.637670 m, matrix 600190.681691 m, up +44.021 mm, across 3.907 mm
[RockPrecisionFixDiag]   quad 'Kerbin Zn3010000131': height 600164.404894 m, matrix 600164.404894 m, up 0.000 mm, across 0.000 mm
[RockPrecisionFixDiag]     holder 'Grass00': built, height 600164.404894 m, matrix 600164.384878 m, up -20.016 mm, across 23.998 mm
[RockPrecisionFixDiag]     holder 'Tree00': built, height 600164.404894 m, matrix 600164.384878 m, up -20.016 mm, across 23.998 mm
[RockPrecisionFixDiag]   quad 'Kerbin Zn3010000132': height 600212.371475 m, matrix 600212.371475 m, up 0.000 mm, across 0.000 mm
[RockPrecisionFixDiag]     holder 'Grass00': built, height 600212.371475 m, matrix 600212.411594 m, up +40.119 mm, across 47.924 mm
[RockPrecisionFixDiag]     holder 'Tree00': built, height 600212.371475 m, matrix 600212.411594 m, up +40.119 mm, across 47.924 mm
[RockPrecisionFixDiag]   quad 'Kerbin Zn3010000133': height 600126.849848 m, matrix 600126.849848 m, up 0.000 mm, across 0.000 mm
[RockPrecisionFixDiag]     holder 'Grass00': built, height 600126.849848 m, matrix 600126.869864 m, up +20.016 mm, across 23.999 mm
[RockPrecisionFixDiag]     holder 'Tree00': built, height 600126.849848 m, matrix 600126.869864 m, up +20.016 mm, across 23.999 mm
[RockPrecisionFixDiag]   quad 'Kerbin Zn3010000200': height 600249.006270 m, matrix 600249.006270 m, up 0.000 mm, across 0.000 mm
[RockPrecisionFixDiag]     holder 'Grass00': built, height 600249.006270 m, matrix 600249.046912 m, up +40.643 mm, across 47.481 mm
[RockPrecisionFixDiag]     holder 'Tree00': built, height 600249.006270 m, matrix 600249.046912 m, up +40.643 mm, across 47.481 mm
[RockPrecisionFixDiag]   quad 'Kerbin Zn3010000201': height 600253.892229 m, matrix 600253.892229 m, up 0.000 mm, across 0.000 mm
[RockPrecisionFixDiag]     holder 'Grass00': built, height 600253.892229 m, matrix 600253.912507 m, up +20.278 mm, across 23.778 mm
[RockPrecisionFixDiag]     holder 'Tree00': built, height 600253.892229 m, matrix 600253.912507 m, up +20.278 mm, across 23.778 mm
[RockPrecisionFixDiag]   quad 'Kerbin Zn3010000202': height 600240.735725 m, matrix 600240.735725 m, up 0.000 mm, across 0.000 mm
[RockPrecisionFixDiag]     holder 'Grass00': built, height 600240.735725 m, matrix 600240.756046 m, up +20.321 mm, across 23.741 mm
[RockPrecisionFixDiag]     holder 'Tree00': built, height 600240.735725 m, matrix 600240.756046 m, up +20.321 mm, across 23.741 mm
[RockPrecisionFixDiag]   quad 'Kerbin Zn3010000203': height 600237.256196 m, matrix 600237.256196 m, up 0.000 mm, across 0.000 mm
[RockPrecisionFixDiag]     holder 'Grass00': built, height 600237.256196 m, matrix 600237.296751 m, up +40.555 mm, across 47.556 mm
[RockPrecisionFixDiag]     holder 'Tree00': built, height 600237.256196 m, matrix 600237.296751 m, up +40.555 mm, across 47.556 mm
[RockPrecisionFixDiag]   quad 'Kerbin Zn3010000210': height 600271.367523 m, matrix 600271.367523 m, up 0.000 mm, across 0.000 mm
[RockPrecisionFixDiag]     holder 'Grass00': built, height 600271.367523 m, matrix 600271.387757 m, up +20.234 mm, across 23.815 mm
[RockPrecisionFixDiag]     holder 'Tree00': built, height 600271.367523 m, matrix 600271.387757 m, up +20.234 mm, across 23.815 mm
[RockPrecisionFixDiag]   quad 'Kerbin Zn3010000211': height 600331.733997 m, matrix 600331.733997 m, up 0.000 mm, across 0.000 mm
[RockPrecisionFixDiag]     holder 'Grass00': built, height 600331.733997 m, matrix 600331.754188 m, up +20.190 mm, across 23.852 mm
[RockPrecisionFixDiag]     holder 'Tree00': built, height 600331.733997 m, matrix 600331.754188 m, up +20.190 mm, across 23.852 mm
[RockPrecisionFixDiag]   quad 'Kerbin Zn3010000212': height 600279.005249 m, matrix 600279.005249 m, up 0.000 mm, across 0.000 mm
[RockPrecisionFixDiag]     holder 'Grass00': built, height 600279.005249 m, matrix 600278.944547 m, up -60.701 mm, across 71.445 mm
[RockPrecisionFixDiag]     holder 'Tree00': built, height 600279.005249 m, matrix 600278.944547 m, up -60.701 mm, across 71.445 mm
[RockPrecisionFixDiag]   quad 'Kerbin Zn3010000213': height 600292.312636 m, matrix 600292.312636 m, up 0.000 mm, across 0.000 mm
[RockPrecisionFixDiag]     holder 'Grass00': built, height 600292.312636 m, matrix 600292.272256 m, up -40.380 mm, across 47.704 mm
[RockPrecisionFixDiag]     holder 'Tree00': built, height 600292.312636 m, matrix 600292.272256 m, up -40.380 mm, across 47.704 mm
[RockPrecisionFixDiag]   quad 'Kerbin Zn3010000230': height 600239.650953 m, matrix 600239.650953 m, up 0.000 mm, across 0.000 mm
[RockPrecisionFixDiag]     holder 'Grass00': built, height 600239.650953 m, matrix 600239.650953 m, up 0.000 mm, across 0.000 mm
[RockPrecisionFixDiag]     holder 'Tree00': built, height 600239.650953 m, matrix 600239.650953 m, up 0.000 mm, across 0.000 mm
[RockPrecisionFixDiag]   quad 'Kerbin Zn3010000231': height 600273.763440 m, matrix 600273.763440 m, up 0.000 mm, across 0.000 mm
[RockPrecisionFixDiag]     holder 'Grass00': built, height 600273.763440 m, matrix 600273.803819 m, up +40.379 mm, across 47.705 mm
[RockPrecisionFixDiag]     holder 'Tree00': built, height 600273.763440 m, matrix 600273.803819 m, up +40.379 mm, across 47.705 mm
[RockPrecisionFixDiag]   quad 'Kerbin Zn3010000232': height 600245.895191 m, matrix 600245.895191 m, up 0.000 mm, across 0.000 mm
[RockPrecisionFixDiag]     holder 'Grass00': built, height 600245.895191 m, matrix 600245.874958 m, up -20.233 mm, across 23.816 mm
[RockPrecisionFixDiag]     holder 'Tree00': built, height 600245.895191 m, matrix 600245.874958 m, up -20.233 mm, across 23.816 mm
[RockPrecisionFixDiag]   quad 'Kerbin Zn3010000233': height 600281.499315 m, matrix 600281.499315 m, up 0.000 mm, across 0.000 mm
[RockPrecisionFixDiag]     holder 'Grass00': built, height 600281.499315 m, matrix 600281.475466 m, up -23.849 mm, across 20.194 mm
[RockPrecisionFixDiag]     holder 'Tree00': built, height 600281.499315 m, matrix 600281.475466 m, up -23.849 mm, across 20.194 mm
[RockPrecisionFixDiag]   quad 'Kerbin Zn3010000300': height 600251.472952 m, matrix 600251.472952 m, up 0.000 mm, across 0.000 mm
[RockPrecisionFixDiag]     holder 'Grass00': built, height 600251.472952 m, matrix 600251.513245 m, up +40.293 mm, across 47.777 mm
[RockPrecisionFixDiag]     holder 'Tree00': built, height 600251.472952 m, matrix 600251.513245 m, up +40.293 mm, across 47.777 mm
[RockPrecisionFixDiag]   quad 'Kerbin Zn3010000301': height 600205.249743 m, matrix 600205.249743 m, up 0.000 mm, across 0.000 mm
[RockPrecisionFixDiag]     holder 'Grass00': built, height 600205.249743 m, matrix 600205.289949 m, up +40.206 mm, across 47.851 mm
[RockPrecisionFixDiag]     holder 'Tree00': built, height 600205.249743 m, matrix 600205.289949 m, up +40.206 mm, across 47.851 mm
[RockPrecisionFixDiag]   quad 'Kerbin Zn3010000302': height 600252.975112 m, matrix 600252.975112 m, up 0.000 mm, across 0.000 mm
[RockPrecisionFixDiag]     holder 'Grass00': built, height 600252.975112 m, matrix 600252.975112 m, up 0.000 mm, across 0.000 mm
[RockPrecisionFixDiag]     holder 'Tree00': built, height 600252.975112 m, matrix 600252.975112 m, up 0.000 mm, across 0.000 mm
[RockPrecisionFixDiag]   quad 'Kerbin Zn3010000303': height 600185.533533 m, matrix 600185.533533 m, up 0.000 mm, across 0.000 mm
[RockPrecisionFixDiag]     holder 'Grass00': built, height 600185.533533 m, matrix 600185.533533 m, up 0.000 mm, across 0.000 mm
[RockPrecisionFixDiag]     holder 'Tree00': built, height 600185.533533 m, matrix 600185.533533 m, up 0.000 mm, across 0.000 mm
[RockPrecisionFixDiag]   quad 'Kerbin Zn3010000310': height 600205.565289 m, matrix 600205.565289 m, up 0.000 mm, across 0.000 mm
[RockPrecisionFixDiag]     holder 'Grass00': built, height 600205.565289 m, matrix 600205.625467 m, up +60.178 mm, across 71.887 mm
[RockPrecisionFixDiag]     holder 'Tree00': built, height 600205.565289 m, matrix 600205.625467 m, up +60.178 mm, across 71.887 mm
[RockPrecisionFixDiag]   quad 'Kerbin Zn3010000311': height 600080.157337 m, matrix 600080.157337 m, up 0.000 mm, across 0.000 mm
[RockPrecisionFixDiag]     holder 'Grass00': built, height 600080.157337 m, matrix 600080.157337 m, up 0.000 mm, across 0.000 mm
[RockPrecisionFixDiag]   quad 'Kerbin Zn3010000312': height 600141.439735 m, matrix 600141.439735 m, up 0.000 mm, across 0.000 mm
[RockPrecisionFixDiag]     holder 'Grass00': built, height 600141.439735 m, matrix 600141.483754 m, up +44.019 mm, across 3.928 mm
[RockPrecisionFixDiag]   quad 'Kerbin Zn3010000320': height 600226.018682 m, matrix 600226.018682 m, up 0.000 mm, across 0.000 mm
[RockPrecisionFixDiag]     holder 'Grass00': built, height 600226.018682 m, matrix 600226.038828 m, up +20.146 mm, across 23.889 mm
[RockPrecisionFixDiag]   quad 'Kerbin Zn3010000321': height 600207.510123 m, matrix 600207.510123 m, up 0.000 mm, across 0.000 mm
[RockPrecisionFixDiag]     holder 'Grass00': built, height 600207.510123 m, matrix 600207.490021 m, up -20.102 mm, across 23.926 mm
[RockPrecisionFixDiag]   quad 'Kerbin Zn3010000323': height 600194.855591 m, matrix 600194.855591 m, up 0.000 mm, across 0.000 mm
[RockPrecisionFixDiag]     holder 'Grass00': built, height 600194.855591 m, matrix 600194.855591 m, up 0.000 mm, across 0.000 mm
[RockPrecisionFixDiag]   quad 'Kerbin Zn3010000322': height 600203.846671 m, matrix 600203.846671 m, up 0.000 mm, across 0.000 mm
[RockPrecisionFixDiag]     holder 'Grass00': built, height 600203.846671 m, matrix 600203.866817 m, up +20.145 mm, across 23.890 mm
[RockPrecisionFixDiag]   quad 'Kerbin Zn3010000313': height 600041.772140 m, matrix 600041.772140 m, up 0.000 mm, across 0.000 mm
[RockPrecisionFixDiag]     holder 'boulder': built, height 600041.772140 m, matrix 600041.796137 m, up +23.997 mm, across 20.018 mm
[RockPrecisionFixDiag]   quad 'Kerbin Zn3010000330': height 599959.192171 m, matrix 599959.192171 m, up 0.000 mm, across 0.000 mm
[RockPrecisionFixDiag]     holder 'boulder': built, height 599959.192171 m, matrix 599959.212230 m, up +20.058 mm, across 23.963 mm
[RockPrecisionFixDiag]   quad 'Kerbin Zn3010001022': height 599978.115756 m, matrix 599978.115756 m, up 0.000 mm, across 0.000 mm
[RockPrecisionFixDiag]     holder 'boulder': built, height 599978.115756 m, matrix 599978.139790 m, up +24.034 mm, across 19.973 mm
[RockPrecisionFixDiag]   quad 'Kerbin Zn3010001200': height 599939.999671 m, matrix 599939.999671 m, up 0.000 mm, across 0.000 mm
[RockPrecisionFixDiag]     holder 'boulder': built, height 599939.999671 m, matrix 599940.019642 m, up +19.972 mm, across 24.035 mm
[RockPrecisionFixDiag]   rock 'Kerbin Zn3010000130' 'Grass00' #0: ground 600188.793131 m, lowest point 600188.378309 m, -414.823 mm above the ground
[RockPrecisionFixDiag]   rock 'Kerbin Zn3010000130' 'Grass00' #1: ground 600199.937917 m, lowest point 600199.732055 m, -205.861 mm above the ground
[RockPrecisionFixDiag]   rock 'Kerbin Zn3010000130' 'Grass00' #2: ground 600187.205184 m, lowest point 600186.999154 m, -206.031 mm above the ground
[RockPrecisionFixDiag]   rock 'Kerbin Zn3010000130' 'Grass00' #3: ground 600199.277509 m, lowest point 600199.071707 m, -205.802 mm above the ground
[RockPrecisionFixDiag]   rock 'Kerbin Zn3010000130' 'Grass00' #4: ground 600203.940047 m, lowest point 600203.808871 m, -131.176 mm above the ground
[RockPrecisionFixDiag]   rock 'Kerbin Zn3010000130' 'Grass00' #5: ground 600188.395697 m, lowest point 600188.057429 m, -338.268 mm above the ground
[RockPrecisionFixDiag]   rock 'Kerbin Zn3010000130' 'Grass00' #6: ground 600195.692081 m, lowest point 600195.486121 m, -205.960 mm above the ground
[RockPrecisionFixDiag]   rock 'Kerbin Zn3010000130' 'Grass00' #7: ground 600190.693077 m, lowest point 600189.657636 m, -1035.440 mm above the ground
[RockPrecisionFixDiag]   rock 'Kerbin Zn3010000130' 'Grass00' #8: ground 600196.450955 m, lowest point 600196.320024 m, -130.931 mm above the ground
[RockPrecisionFixDiag]   rock 'Kerbin Zn3010000130' 'Grass00' #9: ground 600202.420454 m, lowest point 600202.309592 m, -110.862 mm above the ground
[RockPrecisionFixDiag]   rock 'Kerbin Zn3010000130' 'Grass00' #10: ground 600187.198818 m, lowest point 600187.284366 m, +85.548 mm above the ground
[RockPrecisionFixDiag]   rock 'Kerbin Zn3010000130' 'Grass00' #11: ground 600191.892900 m, lowest point 600191.686950 m, -205.950 mm above the ground
[RockPrecisionFixDiag]   rock 'Kerbin Zn3010000130' 'Grass00' #12: ground 600186.747090 m, lowest point 600186.541086 m, -206.003 mm above the ground
[RockPrecisionFixDiag]   rock 'Kerbin Zn3010000130' 'Grass00' #13: ground 600187.092457 m, lowest point 600186.924969 m, -167.488 mm above the ground
[RockPrecisionFixDiag]   rock 'Kerbin Zn3010000130' 'Grass00' #14: ground 600193.699769 m, lowest point 600193.212416 m, -487.352 mm above the ground
[RockPrecisionFixDiag]   rock 'Kerbin Zn3010000130' 'Grass00' #15: ground 600195.962663 m, lowest point 600195.712289 m, -250.374 mm above the ground
[RockPrecisionFixDiag]   rock 'Kerbin Zn3010000130' 'Grass00' #16: ground 600204.329826 m, lowest point 600204.095628 m, -234.198 mm above the ground
[RockPrecisionFixDiag]   rock 'Kerbin Zn3010000130' 'Grass00' #17: ground 600197.605879 m, lowest point 600197.399901 m, -205.978 mm above the ground
[RockPrecisionFixDiag]   rock 'Kerbin Zn3010000130' 'Grass00' #18: ground 600192.501651 m, lowest point 600193.294630 m, +792.979 mm above the ground
[RockPrecisionFixDiag]   rock 'Kerbin Zn3010000130' 'Grass00' #19: ground 600205.305930 m, lowest point 600204.841015 m, -464.914 mm above the ground
[RockPrecisionFixDiag]   rock 'Kerbin Zn3010000130' 'Grass00' #20: ground 600201.971622 m, lowest point 600201.765420 m, -206.202 mm above the ground
[RockPrecisionFixDiag]   rock 'Kerbin Zn3010000130' 'Grass00' #21: ground 600192.779259 m, lowest point 600193.417634 m, +638.375 mm above the ground
[RockPrecisionFixDiag]   rock 'Kerbin Zn3010000130' 'Grass00' #22: ground 600191.805973 m, lowest point 600191.550360 m, -255.613 mm above the ground
[RockPrecisionFixDiag]   rock 'Kerbin Zn3010000130' 'Grass00' #23: ground 600188.566961 m, lowest point 600189.936432 m, +1369.471 mm above the ground
[RockPrecisionFixDiag]   rock 'Kerbin Zn3010000130' 'Grass00' #24: ground 600198.830964 m, lowest point 600198.377651 m, -453.313 mm above the ground
[RockPrecisionFixDiag]   rock 'Kerbin Zn3010000130' 'Grass00' #25: ground 600199.666229 m, lowest point 600199.448094 m, -218.135 mm above the ground
[RockPrecisionFixDiag]   rock 'Kerbin Zn3010000130' 'Grass00' #26: ground 600189.719242 m, lowest point 600189.513345 m, -205.897 mm above the ground
[RockPrecisionFixDiag]   rock 'Kerbin Zn3010000130' 'Grass00' #27: ground 600199.921821 m, lowest point 600199.632401 m, -289.420 mm above the ground
[RockPrecisionFixDiag]   rock 'Kerbin Zn3010000130' 'Grass00' #28: ground 600199.415437 m, lowest point 600199.209536 m, -205.901 mm above the ground
[RockPrecisionFixDiag]   rock 'Kerbin Zn3010000130' 'Grass00' #29: ground 600192.424554 m, lowest point 600192.218661 m, -205.892 mm above the ground
[RockPrecisionFixDiag]   rock 'Kerbin Zn3010000130' 'Grass00' #30: ground 600191.355769 m, lowest point 600191.149632 m, -206.137 mm above the ground
[RockPrecisionFixDiag]   rock 'Kerbin Zn3010000130' 'Grass00' #31: ground 600201.054953 m, lowest point 600200.772477 m, -282.476 mm above the ground
[RockPrecisionFixDiag]   rock 'Kerbin Zn3010000130' 'Grass00' #32: ground 600193.797393 m, lowest point 600193.546761 m, -250.632 mm above the ground
[RockPrecisionFixDiag]   rock 'Kerbin Zn3010000130' 'Grass00' #33: ground 600195.767863 m, lowest point 600195.579770 m, -188.093 mm above the ground
[RockPrecisionFixDiag]   rock 'Kerbin Zn3010000130' 'Grass00' #34: ground 600192.229051 m, lowest point 600192.496364 m, +267.313 mm above the ground
[RockPrecisionFixDiag]   rock 'Kerbin Zn3010000130' 'Grass00' #35: ground 600191.737053 m, lowest point 600191.530847 m, -206.207 mm above the ground
[RockPrecisionFixDiag]   rock 'Kerbin Zn3010000130' 'Grass00' #36: ground 600189.519979 m, lowest point 600189.313781 m, -206.198 mm above the ground
[RockPrecisionFixDiag]   rock 'Kerbin Zn3010000130' 'Grass00' #37: ground 600187.660813 m, lowest point 600187.454990 m, -205.823 mm above the ground
[RockPrecisionFixDiag]   rock 'Kerbin Zn3010000130' 'Grass00' #38: ground 600203.475399 m, lowest point 600203.324506 m, -150.893 mm above the ground
[RockPrecisionFixDiag]   rock 'Kerbin Zn3010000130' 'Grass00' #39: ground 600197.342564 m, lowest point 600196.656494 m, -686.071 mm above the ground
[RockPrecisionFixDiag]   rock 'Kerbin Zn3010000130' 'Grass00' #40: ground 600194.863706 m, lowest point 600194.726794 m, -136.912 mm above the ground
[RockPrecisionFixDiag]   rock 'Kerbin Zn3010000130' 'Grass00' #41: ground 600194.760856 m, lowest point 600194.554883 m, -205.973 mm above the ground
[RockPrecisionFixDiag]   rock 'Kerbin Zn3010000130' 'Grass00' #42: ground 600201.348449 m, lowest point 600201.058224 m, -290.224 mm above the ground
[RockPrecisionFixDiag]   rock 'Kerbin Zn3010000130' 'Grass00' #43: ground 600198.525403 m, lowest point 600198.319549 m, -205.854 mm above the ground
[RockPrecisionFixDiag]   rock 'Kerbin Zn3010000130' 'Grass00' #44: ground 600214.746566 m, lowest point 600214.540847 m, -205.719 mm above the ground
[RockPrecisionFixDiag]   rock 'Kerbin Zn3010000130' 'Grass00' #45: ground 600201.706449 m, lowest point 600201.457034 m, -249.415 mm above the ground
[RockPrecisionFixDiag]   rock 'Kerbin Zn3010000130' 'Grass00' #46: ground 600197.857523 m, lowest point 600198.023036 m, +165.513 mm above the ground
[RockPrecisionFixDiag]   rock 'Kerbin Zn3010000130' 'Grass00' #47: ground 600196.616937 m, lowest point 600196.410987 m, -205.950 mm above the ground
[RockPrecisionFixDiag]   rock 'Kerbin Zn3010000130' 'Grass00' #48: ground 600197.879170 m, lowest point 600197.031836 m, -847.334 mm above the ground
[RockPrecisionFixDiag]   rock 'Kerbin Zn3010000130' 'Grass00' #49: ground 600202.588187 m, lowest point 600202.382310 m, -205.877 mm above the ground
[RockPrecisionFixDiag]   rock 'Kerbin Zn3010000130' 'Grass00' #50: ground 600204.988706 m, lowest point 600203.006897 m, -1981.808 mm above the ground
[RockPrecisionFixDiag]   rock 'Kerbin Zn3010000130' 'Grass00' #51: ground 600207.030206 m, lowest point 600206.824455 m, -205.751 mm above the ground
[RockPrecisionFixDiag]   rock 'Kerbin Zn3010000130' 'Grass00' #52: ground 600196.710178 m, lowest point 600194.521306 m, -2188.872 mm above the ground
[RockPrecisionFixDiag]   rock 'Kerbin Zn3010000130' 'Grass00' #53: ground 600210.812722 m, lowest point 600210.854104 m, +41.382 mm above the ground
[RockPrecisionFixDiag]   rock 'Kerbin Zn3010000130' 'Grass00' #54: ground 600198.154360 m, lowest point 600199.745250 m, +1590.890 mm above the ground
[RockPrecisionFixDiag]   rock 'Kerbin Zn3010000130' 'Grass00' #55: ground 600187.082445 m, lowest point 600186.985369 m, -97.076 mm above the ground
[RockPrecisionFixDiag]   rock 'Kerbin Zn3010000130' 'Grass00' #56: ground 600195.560229 m, lowest point 600195.493927 m, -66.302 mm above the ground
[RockPrecisionFixDiag]   rock 'Kerbin Zn3010000130' 'Grass00' #57: ground 600191.664105 m, lowest point 600190.796467 m, -867.639 mm above the ground
[RockPrecisionFixDiag]   rock 'Kerbin Zn3010000130' 'Grass00' #58: ground 600201.728022 m, lowest point 600201.522303 m, -205.719 mm above the ground
[RockPrecisionFixDiag]   rock 'Kerbin Zn3010000130' 'Grass00' #59: ground 600195.831935 m, lowest point 600195.591213 m, -240.722 mm above the ground
[RockPrecisionFixDiag]   rock 'Kerbin Zn3010000130' 'Grass00' #60: ground 600206.989414 m, lowest point 600206.783041 m, -206.374 mm above the ground
[RockPrecisionFixDiag]   rock 'Kerbin Zn3010000130' 'Grass00' #61: ground 600211.804853 m, lowest point 600211.598718 m, -206.135 mm above the ground
[RockPrecisionFixDiag]   rock 'Kerbin Zn3010000130' 'Grass00' #62: ground 600199.648763 m, lowest point 600199.382566 m, -266.197 mm above the ground
[RockPrecisionFixDiag]   rock 'Kerbin Zn3010000130' 'Grass00' #63: ground 600203.696540 m, lowest point 600203.490348 m, -206.192 mm above the ground
[RockPrecisionFixDiag]   rock 'Kerbin Zn3010000130' 'Grass00' #64: ground 600204.384042 m, lowest point 600204.235618 m, -148.424 mm above the ground
[RockPrecisionFixDiag]   rock 'Kerbin Zn3010000130' 'Grass00' #65: ground 600192.317489 m, lowest point 600192.111594 m, -205.895 mm above the ground
[RockPrecisionFixDiag]   rock 'Kerbin Zn3010000130' 'Grass00' #66: ground 600201.869433 m, lowest point 600201.655716 m, -213.717 mm above the ground
[RockPrecisionFixDiag]   rock 'Kerbin Zn3010000130' 'Grass00' #67: ground 600192.985567 m, lowest point 600193.106905 m, +121.338 mm above the ground
[RockPrecisionFixDiag]   rock 'Kerbin Zn3010000130' 'Grass00' #68: ground 600198.205205 m, lowest point 600199.349964 m, +1144.759 mm above the ground
[RockPrecisionFixDiag]   rock 'Kerbin Zn3010000130' 'Grass00' #69: ground 600191.890466 m, lowest point 600191.740136 m, -150.329 mm above the ground
[RockPrecisionFixDiag]   rock 'Kerbin Zn3010000130' 'Grass00' #70: ground 600192.445088 m, lowest point 600192.383703 m, -61.386 mm above the ground
[RockPrecisionFixDiag]   rock 'Kerbin Zn3010000130' 'Grass00' #71: ground 600206.115262 m, lowest point 600204.444513 m, -1670.748 mm above the ground
[RockPrecisionFixDiag]   rock 'Kerbin Zn3010000130' 'Grass00' #72: ground 600192.994867 m, lowest point 600192.788742 m, -206.125 mm above the ground
[RockPrecisionFixDiag]   rock 'Kerbin Zn3010000130' 'Grass00' #73: ground 600188.618158 m, lowest point 600188.628162 m, +10.005 mm above the ground
[RockPrecisionFixDiag]   rock 'Kerbin Zn3010000130' 'Grass00' #74: ground 600201.780822 m, lowest point 600203.038957 m, +1258.135 mm above the ground
[RockPrecisionFixDiag]   rock 'Kerbin Zn3010000130' 'Grass00' #75: ground 600199.665775 m, lowest point 600199.459924 m, -205.851 mm above the ground
[RockPrecisionFixDiag]   rock 'Kerbin Zn3010000130' 'Grass00' #76: ground 600189.439124 m, lowest point 600188.620504 m, -818.620 mm above the ground
[RockPrecisionFixDiag]   rock 'Kerbin Zn3010000130' 'Grass00' #77: ground 600194.081633 m, lowest point 600193.808474 m, -273.159 mm above the ground
[RockPrecisionFixDiag]   rock 'Kerbin Zn3010000130' 'Grass00' #78: ground 600204.161571 m, lowest point 600203.955449 m, -206.122 mm above the ground
[RockPrecisionFixDiag]   rock 'Kerbin Zn3010000130' 'Grass00' #79: ground 600194.934175 m, lowest point 600194.766490 m, -167.684 mm above the ground
[RockPrecisionFixDiag]   rock 'Kerbin Zn3010000130' 'Grass00' #80: ground 600188.988542 m, lowest point 600188.609115 m, -379.427 mm above the ground
[RockPrecisionFixDiag]   rock 'Kerbin Zn3010000130' 'Grass00' #81: ground 600189.952383 m, lowest point 600189.965875 m, +13.492 mm above the ground
[RockPrecisionFixDiag]   rock 'Kerbin Zn3010000130' 'Grass00' #82: ground 600189.072544 m, lowest point 600188.903380 m, -169.164 mm above the ground
[RockPrecisionFixDiag]   rock 'Kerbin Zn3010000130' 'Grass00' #83: ground 600213.498855 m, lowest point 600213.293268 m, -205.587 mm above the ground
[RockPrecisionFixDiag]   rock 'Kerbin Zn3010000130' 'Grass00' #84: ground 600205.978953 m, lowest point 600205.772602 m, -206.351 mm above the ground
[RockPrecisionFixDiag]   rock 'Kerbin Zn3010000130' 'Grass00' #85: ground 600191.629234 m, lowest point 600191.161864 m, -467.370 mm above the ground
[RockPrecisionFixDiag]   rock 'Kerbin Zn3010000130' 'Grass00' #86: ground 600203.306891 m, lowest point 600203.100991 m, -205.900 mm above the ground
[RockPrecisionFixDiag]   rock 'Kerbin Zn3010000130' 'Grass00' #87: ground 600202.285931 m, lowest point 600202.099637 m, -186.295 mm above the ground
[RockPrecisionFixDiag]   rock 'Kerbin Zn3010000130' 'Grass00' #88: ground 600194.961275 m, lowest point 600194.801839 m, -159.436 mm above the ground
[RockPrecisionFixDiag]   rock 'Kerbin Zn3010000130' 'Grass00' #89: ground 600202.075806 m, lowest point 600201.888748 m, -187.058 mm above the ground
[RockPrecisionFixDiag]   rock 'Kerbin Zn3010000130' 'Grass00' #90: ground 600191.429835 m, lowest point 600191.223906 m, -205.929 mm above the ground
[RockPrecisionFixDiag]   rock 'Kerbin Zn3010000130' 'Grass00' #91: ground 600204.046334 m, lowest point 600203.644146 m, -402.189 mm above the ground
[RockPrecisionFixDiag]   rock 'Kerbin Zn3010000130' 'Grass00' #92: ground 600188.803623 m, lowest point 600188.597655 m, -205.969 mm above the ground
[RockPrecisionFixDiag]   rock 'Kerbin Zn3010000130' 'Grass00' #93: ground 600201.239812 m, lowest point 600200.871294 m, -368.519 mm above the ground
[RockPrecisionFixDiag]   rock 'Kerbin Zn3010000130' 'Grass00' #94: ground 600190.516453 m, lowest point 600190.310282 m, -206.171 mm above the ground
[RockPrecisionFixDiag]   rock 'Kerbin Zn3010000130' 'Grass00' #95: ground 600206.664981 m, lowest point 600206.458643 m, -206.339 mm above the ground
[RockPrecisionFixDiag]   rock 'Kerbin Zn3010000130' 'Grass00' #96: ground 600191.329073 m, lowest point 600191.150385 m, -178.688 mm above the ground
[RockPrecisionFixDiag]   rock 'Kerbin Zn3010000130' 'Grass00' #97: ground 600195.604936 m, lowest point 600195.398764 m, -206.172 mm above the ground
[RockPrecisionFixDiag]   rock 'Kerbin Zn3010000130' 'Grass00' #98: ground 600186.518482 m, lowest point 600186.387446 m, -131.035 mm above the ground
[RockPrecisionFixDiag]   rock 'Kerbin Zn3010000130' 'Grass00' #99: ground 600200.022505 m, lowest point 600199.816610 m, -205.896 mm above the ground
[RockPrecisionFixDiag]   rock 'Kerbin Zn3010000130' 'Grass00' #100: ground 600204.301003 m, lowest point 600204.148156 m, -152.847 mm above the ground
[RockPrecisionFixDiag]   rock 'Kerbin Zn3010000130' 'Grass00' #101: ground 600186.824400 m, lowest point 600186.631185 m, -193.215 mm above the ground
[RockPrecisionFixDiag]   rock 'Kerbin Zn3010000130' 'Grass00' #102: ground 600203.495393 m, lowest point 600203.213475 m, -281.917 mm above the ground
[RockPrecisionFixDiag]   rock 'Kerbin Zn3010000130' 'Grass00' #103: ground 600197.529421 m, lowest point 600197.544090 m, +14.668 mm above the ground
[RockPrecisionFixDiag]   rock 'Kerbin Zn3010000130' 'Grass00' #104: ground 600205.821982 m, lowest point 600205.554479 m, -267.503 mm above the ground
[RockPrecisionFixDiag]   rock 'Kerbin Zn3010000130' 'Grass00' #105: ground 600194.780632 m, lowest point 600194.639000 m, -141.632 mm above the ground
[RockPrecisionFixDiag]   rock 'Kerbin Zn3010000130' 'Grass00' #106: ground 600191.407717 m, lowest point 600191.940074 m, +532.357 mm above the ground
[RockPrecisionFixDiag]   rock 'Kerbin Zn3010000130' 'Grass00' #107: ground 600202.508257 m, lowest point 600202.285619 m, -222.638 mm above the ground
[RockPrecisionFixDiag]   rock 'Kerbin Zn3010000130' 'Grass00' #108: ground 600200.414411 m, lowest point 600200.167442 m, -246.969 mm above the ground
[RockPrecisionFixDiag]   rock 'Kerbin Zn3010000130' 'Grass00' #109: ground 600217.262746 m, lowest point 600217.056676 m, -206.071 mm above the ground
[RockPrecisionFixDiag]   rock 'Kerbin Zn3010000130' 'Grass00' #110: ground 600202.881898 m, lowest point 600202.728418 m, -153.480 mm above the ground
[RockPrecisionFixDiag]   rock 'Kerbin Zn3010000130' 'Grass00' #111: ground 600193.200206 m, lowest point 600192.994341 m, -205.866 mm above the ground
[RockPrecisionFixDiag]   rock 'Kerbin Zn3010000130' 'Grass00' #112: ground 600203.162247 m, lowest point 600204.338716 m, +1176.469 mm above the ground
[RockPrecisionFixDiag]   rock 'Kerbin Zn3010000130' 'Grass00' #113: ground 600204.845026 m, lowest point 600204.666472 m, -178.553 mm above the ground
[RockPrecisionFixDiag]   rock 'Kerbin Zn3010000130' 'Grass00' #114: ground 600191.548418 m, lowest point 600191.342660 m, -205.758 mm above the ground
[RockPrecisionFixDiag]   rock 'Kerbin Zn3010000130' 'Grass00' #115: ground 600189.877827 m, lowest point 600189.676440 m, -201.386 mm above the ground
[RockPrecisionFixDiag]   rock 'Kerbin Zn3010000130' 'Grass00' #116: ground 600205.844555 m, lowest point 600205.599196 m, -245.360 mm above the ground
[RockPrecisionFixDiag]   rock 'Kerbin Zn3010000130' 'Grass00' #117: ground 600202.363258 m, lowest point 600202.287641 m, -75.617 mm above the ground
[RockPrecisionFixDiag]   rock 'Kerbin Zn3010000130' 'Grass00' #118: ground 600205.945244 m, lowest point 600206.931407 m, +986.163 mm above the ground
[RockPrecisionFixDiag]   rock 'Kerbin Zn3010000130' 'Grass00' #119: ground 600195.396612 m, lowest point 600195.034618 m, -361.994 mm above the ground
[RockPrecisionFixDiag]   rock 'Kerbin Zn3010000130' 'Grass00' #120: ground 600203.138282 m, lowest point 600202.932058 m, -206.223 mm above the ground
[RockPrecisionFixDiag]   rock 'Kerbin Zn3010000130' 'Grass00' #121: ground 600200.312185 m, lowest point 600200.077872 m, -234.313 mm above the ground
[RockPrecisionFixDiag]   rock 'Kerbin Zn3010000130' 'Grass00' #122: ground 600189.889921 m, lowest point 600189.893899 m, +3.978 mm above the ground
[RockPrecisionFixDiag]   rock 'Kerbin Zn3010000130' 'Grass00' #123: ground 600204.595806 m, lowest point 600204.396629 m, -199.177 mm above the ground
[RockPrecisionFixDiag]   rock 'Kerbin Zn3010000130' 'Grass00' #124: ground 600195.631505 m, lowest point 600195.425397 m, -206.108 mm above the ground
[RockPrecisionFixDiag]   rock 'Kerbin Zn3010000130' 'Grass00' #125: ground 600193.947783 m, lowest point 600193.162490 m, -785.293 mm above the ground
[RockPrecisionFixDiag]   rock 'Kerbin Zn3010000130' 'Grass00' #126: ground 600192.367898 m, lowest point 600192.162062 m, -205.836 mm above the ground
[RockPrecisionFixDiag]   rock 'Kerbin Zn3010000130' 'Grass00' #127: ground 600203.914142 m, lowest point 600203.513475 m, -400.667 mm above the ground
[RockPrecisionFixDiag]   rock 'Kerbin Zn3010000130' 'Grass00' #128: ground 600195.764323 m, lowest point 600195.580673 m, -183.650 mm above the ground
[RockPrecisionFixDiag]   rock 'Kerbin Zn3010000130' 'Grass00' #129: ground 600197.613423 m, lowest point 600197.407429 m, -205.994 mm above the ground
[RockPrecisionFixDiag]   rock 'Kerbin Zn3010000130' 'Grass00' #130: ground 600204.633580 m, lowest point 600204.425218 m, -208.362 mm above the ground
[RockPrecisionFixDiag]   rock 'Kerbin Zn3010000130' 'Grass00' #131: ground 600188.155943 m, lowest point 600187.847553 m, -308.390 mm above the ground
[RockPrecisionFixDiag]   rock 'Kerbin Zn3010000130' 'Grass00' #132: ground 600194.009532 m, lowest point 600193.750115 m, -259.417 mm above the ground
[RockPrecisionFixDiag]   rock 'Kerbin Zn3010000130' 'Grass00' #133: ground 600195.194886 m, lowest point 600194.989038 m, -205.848 mm above the ground
[RockPrecisionFixDiag]   rock 'Kerbin Zn3010000130' 'Grass00' #134: ground 600196.228005 m, lowest point 600196.022169 m, -205.836 mm above the ground
[RockPrecisionFixDiag]   rock 'Kerbin Zn3010000130' 'Grass00' #135: ground 600186.726508 m, lowest point 600186.520501 m, -206.007 mm above the ground
[RockPrecisionFixDiag]   rock 'Kerbin Zn3010000130' 'Grass00' #136: ground 600195.497690 m, lowest point 600195.244015 m, -253.676 mm above the ground
[RockPrecisionFixDiag]   rock 'Kerbin Zn3010000130' 'Grass00' #137: ground 600190.079161 m, lowest point 600189.873322 m, -205.839 mm above the ground
[RockPrecisionFixDiag]   rock 'Kerbin Zn3010000130' 'Grass00' #138: ground 600199.846536 m, lowest point 600199.640598 m, -205.937 mm above the ground
[RockPrecisionFixDiag]   rock 'Kerbin Zn3010000130' 'Grass00' #139: ground 600194.210663 m, lowest point 600193.910386 m, -300.276 mm above the ground
[RockPrecisionFixDiag]   rock 'Kerbin Zn3010000130' 'Grass00' #140: ground 600196.743777 m, lowest point 600196.482949 m, -260.827 mm above the ground
[RockPrecisionFixDiag]   rock 'Kerbin Zn3010000130' 'Grass00' #141: ground 600186.552564 m, lowest point 600186.290388 m, -262.176 mm above the ground
[RockPrecisionFixDiag]   rock 'Kerbin Zn3010000130' 'Grass00' #142: ground 600188.757306 m, lowest point 600188.551393 m, -205.913 mm above the ground
[RockPrecisionFixDiag]   rock 'Kerbin Zn3010000130' 'Grass00' #143: ground 600188.491155 m, lowest point 600188.284878 m, -206.277 mm above the ground
[RockPrecisionFixDiag]   rock 'Kerbin Zn3010000130' 'Grass00' #144: ground 600190.614622 m, lowest point 600191.277947 m, +663.325 mm above the ground
[RockPrecisionFixDiag]   rock 'Kerbin Zn3010000130' 'Grass00' #145: ground 600189.596640 m, lowest point 600189.421747 m, -174.893 mm above the ground
[RockPrecisionFixDiag]   rock 'Kerbin Zn3010000130' 'Grass00' #146: ground 600197.066385 m, lowest point 600196.807935 m, -258.451 mm above the ground
[RockPrecisionFixDiag]   rock 'Kerbin Zn3010000130' 'Grass00' #147: ground 600202.353115 m, lowest point 600202.147448 m, -205.668 mm above the ground
[RockPrecisionFixDiag]   rock 'Kerbin Zn3010000130' 'Grass00' #148: ground 600189.514615 m, lowest point 600188.959662 m, -554.953 mm above the ground
[RockPrecisionFixDiag]   rock 'Kerbin Zn3010000130' 'Grass00' #149: ground 600197.555722 m, lowest point 600197.262729 m, -292.993 mm above the ground
[RockPrecisionFixDiag]   rock 'Kerbin Zn3010000130' 'Grass00' #150: ground 600191.200922 m, lowest point 600190.488662 m, -712.260 mm above the ground
[RockPrecisionFixDiag]   rock 'Kerbin Zn3010000130' 'Grass00' #151: ground 600190.877750 m, lowest point 600190.179390 m, -698.360 mm above the ground
[RockPrecisionFixDiag]   rock 'Kerbin Zn3010000130' 'Grass00' #152: ground 600211.812156 m, lowest point 600211.606021 m, -206.135 mm above the ground
[RockPrecisionFixDiag]   rock 'Kerbin Zn3010000130' 'Grass00' #153: ground 600187.339346 m, lowest point 600187.098690 m, -240.656 mm above the ground
[RockPrecisionFixDiag]   rock 'Kerbin Zn3010000130' 'Grass00' #154: ground 600187.085596 m, lowest point 600186.879286 m, -206.310 mm above the ground
[RockPrecisionFixDiag]   rock 'Kerbin Zn3010000130' 'Grass00' #155: ground 600186.761963 m, lowest point 600186.555946 m, -206.017 mm above the ground
[RockPrecisionFixDiag]   rock 'Kerbin Zn3010000130' 'Grass00' #156: ground 600186.381330 m, lowest point 600186.175330 m, -205.999 mm above the ground
[RockPrecisionFixDiag]   rock 'Kerbin Zn3010000130' 'Grass00' #157: ground 600196.255886 m, lowest point 600196.049839 m, -206.047 mm above the ground
[RockPrecisionFixDiag]   rock 'Kerbin Zn3010000130' 'Grass00' #158: ground 600204.376680 m, lowest point 600204.165613 m, -211.067 mm above the ground
[RockPrecisionFixDiag]   rock 'Kerbin Zn3010000130' 'Grass00' #159: ground 600190.779564 m, lowest point 600190.573279 m, -206.285 mm above the ground
[RockPrecisionFixDiag]   rock 'Kerbin Zn3010000130' 'Grass00' #160: ground 600201.383521 m, lowest point 600201.079525 m, -303.996 mm above the ground
[RockPrecisionFixDiag]   rock 'Kerbin Zn3010000130' 'Grass00' #161: ground 600198.090563 m, lowest point 600198.925278 m, +834.715 mm above the ground
[RockPrecisionFixDiag]   rock 'Kerbin Zn3010000130' 'Grass00' #162: ground 600205.386340 m, lowest point 600205.180332 m, -206.008 mm above the ground
[RockPrecisionFixDiag]   rock 'Kerbin Zn3010000130' 'Grass00' #163: ground 600188.899200 m, lowest point 600188.693235 m, -205.965 mm above the ground
[RockPrecisionFixDiag]   rock 'Kerbin Zn3010000130' 'Grass00' #164: ground 600191.331391 m, lowest point 600191.095185 m, -236.206 mm above the ground
[RockPrecisionFixDiag]   rock 'Kerbin Zn3010000130' 'Grass00' #165: ground 600201.418114 m, lowest point 600201.374943 m, -43.171 mm above the ground
[RockPrecisionFixDiag]   rock 'Kerbin Zn3010000130' 'Grass00' #166: ground 600204.665079 m, lowest point 600204.309421 m, -355.658 mm above the ground
[RockPrecisionFixDiag]   rock 'Kerbin Zn3010000130' 'Grass00' #167: ground 600199.369146 m, lowest point 600198.078625 m, -1290.522 mm above the ground
[RockPrecisionFixDiag]   rock 'Kerbin Zn3010000130' 'Grass00' #168: ground 600186.457726 m, lowest point 600186.231566 m, -226.160 mm above the ground
[RockPrecisionFixDiag]   rock 'Kerbin Zn3010000130' 'Grass00' #169: ground 600201.191283 m, lowest point 600200.924944 m, -266.339 mm above the ground
[RockPrecisionFixDiag]   rock 'Kerbin Zn3010000130' 'Grass00' #170: ground 600200.720243 m, lowest point 600200.521761 m, -198.482 mm above the ground
[RockPrecisionFixDiag]   rock 'Kerbin Zn3010000130' 'Grass00' #171: ground 600201.338371 m, lowest point 600201.137892 m, -200.478 mm above the ground
[RockPrecisionFixDiag]   rock 'Kerbin Zn3010000130' 'Grass00' #172: ground 600194.660831 m, lowest point 600194.421855 m, -238.976 mm above the ground
[RockPrecisionFixDiag]   rock 'Kerbin Zn3010000130' 'Grass00' #173: ground 600208.417342 m, lowest point 600208.211639 m, -205.703 mm above the ground
[RockPrecisionFixDiag]   rock 'Kerbin Zn3010000130' 'Grass00' #174: ground 600196.586153 m, lowest point 600196.396664 m, -189.489 mm above the ground
[RockPrecisionFixDiag]   rock 'Kerbin Zn3010000130' 'Grass00' #175: ground 600191.648634 m, lowest point 600191.403912 m, -244.723 mm above the ground
[RockPrecisionFixDiag]   rock 'Kerbin Zn3010000130' 'Grass00' #176: ground 600199.889459 m, lowest point 600199.773390 m, -116.068 mm above the ground
[RockPrecisionFixDiag]   rock 'Kerbin Zn3010000130' 'Grass00' #177: ground 600207.677663 m, lowest point 600207.471983 m, -205.680 mm above the ground
[RockPrecisionFixDiag]   rock 'Kerbin Zn3010000130' 'Grass00' #178: ground 600192.949776 m, lowest point 600192.770091 m, -179.684 mm above the ground
[RockPrecisionFixDiag]   rock 'Kerbin Zn3010000130' 'Grass00' #179: ground 600188.981589 m, lowest point 600188.786686 m, -194.903 mm above the ground
[RockPrecisionFixDiag]   rock 'Kerbin Zn3010000130' 'Grass00' #180: ground 600202.270834 m, lowest point 600202.064616 m, -206.218 mm above the ground
[RockPrecisionFixDiag]   rock 'Kerbin Zn3010000130' 'Grass00' #181: ground 600189.721754 m, lowest point 600189.654461 m, -67.293 mm above the ground
[RockPrecisionFixDiag]   rock 'Kerbin Zn3010000130' 'Grass00' #182: ground 600190.441641 m, lowest point 600190.235653 m, -205.988 mm above the ground
[RockPrecisionFixDiag]   rock 'Kerbin Zn3010000130' 'Grass00' #183: ground 600194.477928 m, lowest point 600194.245146 m, -232.782 mm above the ground
[RockPrecisionFixDiag]   rock 'Kerbin Zn3010000130' 'Grass00' #184: ground 600205.342573 m, lowest point 600205.152964 m, -189.608 mm above the ground
[RockPrecisionFixDiag]   rock 'Kerbin Zn3010000130' 'Grass00' #185: ground 600194.097174 m, lowest point 600193.891305 m, -205.870 mm above the ground
[RockPrecisionFixDiag]   rock 'Kerbin Zn3010000130' 'Grass00' #186: ground 600191.639506 m, lowest point 600191.433300 m, -206.207 mm above the ground
[RockPrecisionFixDiag]   rock 'Kerbin Zn3010000130' 'Grass00' #187: ground 600190.442475 m, lowest point 600190.214610 m, -227.865 mm above the ground
[RockPrecisionFixDiag]   rock 'Kerbin Zn3010000130' 'Grass00' #188: ground 600190.327096 m, lowest point 600190.179510 m, -147.586 mm above the ground
[RockPrecisionFixDiag]   rock 'Kerbin Zn3010000130' 'Grass00' #189: ground 600202.973386 m, lowest point 600202.787881 m, -185.505 mm above the ground
[RockPrecisionFixDiag]   rock 'Kerbin Zn3010000130' 'Grass00' #190: ground 600196.594496 m, lowest point 600196.348351 m, -246.144 mm above the ground
[RockPrecisionFixDiag]   rock 'Kerbin Zn3010000130' 'Grass00' #191: ground 600187.862136 m, lowest point 600187.656154 m, -205.982 mm above the ground
[RockPrecisionFixDiag]   rock 'Kerbin Zn3010000130' 'Grass00' #192: ground 600198.521148 m, lowest point 600198.771194 m, +250.045 mm above the ground
[RockPrecisionFixDiag]   rock 'Kerbin Zn3010000130' 'Grass00' #193: ground 600204.920560 m, lowest point 600204.874143 m, -46.417 mm above the ground
[RockPrecisionFixDiag]   rock 'Kerbin Zn3010000130' 'Grass00' #194: ground 600197.509711 m, lowest point 600197.336869 m, -172.843 mm above the ground
[RockPrecisionFixDiag]   rock 'Kerbin Zn3010000130' 'Grass00' #195: ground 600196.860581 m, lowest point 600196.654521 m, -206.061 mm above the ground
[RockPrecisionFixDiag]   rock 'Kerbin Zn3010000130' 'Grass00' #196: ground 600196.485620 m, lowest point 600196.286743 m, -198.877 mm above the ground
[RockPrecisionFixDiag]   rock 'Kerbin Zn3010000130' 'Grass00' #197: ground 600214.717695 m, lowest point 600214.570771 m, -146.924 mm above the ground
[RockPrecisionFixDiag]   rock 'Kerbin Zn3010000130' 'Grass00' #198: ground 600196.987547 m, lowest point 600196.750329 m, -237.218 mm above the ground
[RockPrecisionFixDiag]   rock 'Kerbin Zn3010000130' 'Grass00' #199: ground 600197.791925 m, lowest point 600197.584769 m, -207.156 mm above the ground
[RockPrecisionFixDiag]   rock 'Kerbin Zn3010000130' 'Tree00' #0: ground 600193.541519 m, lowest point 600192.498862 m, -1042.657 mm above the ground
[RockPrecisionFixDiag]   rock 'Kerbin Zn3010000130' 'Tree00' #1: ground 600189.358694 m, lowest point 600188.017376 m, -1341.318 mm above the ground
[RockPrecisionFixDiag]   rock 'Kerbin Zn3010000130' 'Tree00' #2: ground 600190.458175 m, lowest point 600189.007856 m, -1450.319 mm above the ground
[RockPrecisionFixDiag]   rock 'Kerbin Zn3010000130' 'Tree00' #3: ground 600204.567406 m, lowest point 600203.572280 m, -995.127 mm above the ground
[RockPrecisionFixDiag]   rock 'Kerbin Zn3010000130' 'Tree00' #4: ground 600201.884192 m, lowest point 600200.555407 m, -1328.785 mm above the ground
[RockPrecisionFixDiag]   rock 'Kerbin Zn3010000130' 'Tree00' #5: ground 600193.852868 m, lowest point 600192.469964 m, -1382.904 mm above the ground
[RockPrecisionFixDiag]   rock 'Kerbin Zn3010000130' 'Tree00' #6: ground 600197.283531 m, lowest point 600196.115471 m, -1168.060 mm above the ground
[RockPrecisionFixDiag]   rock 'Kerbin Zn3010000130' 'Tree00' #7: ground 600202.784965 m, lowest point 600201.556714 m, -1228.252 mm above the ground
[RockPrecisionFixDiag]   rock 'Kerbin Zn3010000130' 'Tree00' #8: ground 600189.987903 m, lowest point 600188.640722 m, -1347.181 mm above the ground
[RockPrecisionFixDiag]   rock 'Kerbin Zn3010000130' 'Tree00' #9: ground 600217.882094 m, lowest point 600216.653188 m, -1228.906 mm above the ground
[RockPrecisionFixDiag]   rock 'Kerbin Zn3010000130' 'Tree00' #10: ground 600212.025266 m, lowest point 600210.728328 m, -1296.938 mm above the ground
[RockPrecisionFixDiag]   rock 'Kerbin Zn3010000130' 'Tree00' #11: ground 600194.387871 m, lowest point 600192.503011 m, -1884.860 mm above the ground
[RockPrecisionFixDiag]   rock 'Kerbin Zn3010000130' 'Tree00' #12: ground 600189.213081 m, lowest point 600188.442710 m, -770.371 mm above the ground
[RockPrecisionFixDiag]   rock 'Kerbin Zn3010000130' 'Tree00' #13: ground 600188.216433 m, lowest point 600186.887554 m, -1328.878 mm above the ground
[RockPrecisionFixDiag]   rock 'Kerbin Zn3010000130' 'Tree00' #14: ground 600198.007076 m, lowest point 600196.931853 m, -1075.223 mm above the ground
[RockPrecisionFixDiag]   rock 'Kerbin Zn3010000130' 'Tree00' #15: ground 600200.041970 m, lowest point 600198.486239 m, -1555.731 mm above the ground
[RockPrecisionFixDiag]   rock 'Kerbin Zn3010000130' 'Tree00' #16: ground 600188.928641 m, lowest point 600187.658176 m, -1270.464 mm above the ground
[RockPrecisionFixDiag]   rock 'Kerbin Zn3010000130' 'Tree00' #17: ground 600203.068850 m, lowest point 600201.984292 m, -1084.557 mm above the ground
[RockPrecisionFixDiag] End of record 6: 64 quads with rocks, 118 holders (0 not built yet); nearest quad 'Kerbin Zn3010000130': 218 rocks, 0 without ground under them
