[RockPrecisionFixDiag] Record 6 on Kerbin: scatter on. Heights are distances from the centre of Kerbin, in metres
[RockPrecisionFixDiag]   quad 'Kerbin Zn3010000310': height 600205.532416 m, matrix 600205.532416 m, up 0.000 mm, across 0.000 mm
[RockPrecisionFixDiag]     holder 'Grass00': built, height 600205.570708 m, matrix 600205.545095 m, up +12.679 mm, across 28.355 mm
[RockPrecisionFixDiag]     holder 'Tree00': built, height 600205.570708 m, matrix 600205.545095 m, up +12.679 mm, across 28.355 mm
[RockPrecisionFixDiag]   quad 'Kerbin Zn3010000303': height 600185.474400 m, matrix 600185.474400 m, up 0.000 mm, across 0.000 mm
[RockPrecisionFixDiag]     holder 'Grass00': built, height 600185.445472 m, matrix 600185.496763 m, up +22.364 mm, across 9.280 mm
[RockPrecisionFixDiag]     holder 'Tree00': built, height 600185.445472 m, matrix 600185.496763 m, up +22.364 mm, across 9.280 mm
[RockPrecisionFixDiag]   quad 'Kerbin Zn3010000302': height 600252.928675 m, matrix 600252.928675 m, up 0.000 mm, across 0.000 mm
[RockPrecisionFixDiag]     holder 'Grass00': built, height 600252.964554 m, matrix 600252.964554 m, up +35.879 mm, across 4.399 mm
[RockPrecisionFixDiag]     holder 'Tree00': built, height 600252.964554 m, matrix 600252.964554 m, up +35.879 mm, across 4.399 mm
[RockPrecisionFixDiag]   quad 'Kerbin Zn3010000301': height 600205.190149 m, matrix 600205.190149 m, up 0.000 mm, across 0.000 mm
[RockPrecisionFixDiag]     holder 'Grass00': built, height 600205.242758 m, matrix 600205.268404 m, up +78.255 mm, across 7.585 mm
[RockPrecisionFixDiag]     holder 'Tree00': built, height 600205.242758 m, matrix 600205.268404 m, up +78.255 mm, across 7.585 mm
[RockPrecisionFixDiag]   quad 'Kerbin Zn3010000300': height 600251.411267 m, matrix 600251.411267 m, up 0.000 mm, across 0.000 mm
[RockPrecisionFixDiag]     holder 'Grass00': built, height 600251.390492 m, matrix 600251.441849 m, up +30.582 mm, across 0.185 mm
[RockPrecisionFixDiag]     holder 'Tree00': built, height 600251.390492 m, matrix 600251.441849 m, up +30.582 mm, across 0.185 mm
[RockPrecisionFixDiag]   quad 'Kerbin Zn3010000233': height 600281.401698 m, matrix 600281.401698 m, up 0.000 mm, across 0.000 mm
[RockPrecisionFixDiag]     holder 'Grass00': built, height 600281.424553 m, matrix 600281.398843 m, up -2.854 mm, across 28.084 mm
[RockPrecisionFixDiag]     holder 'Tree00': built, height 600281.424553 m, matrix 600281.398843 m, up -2.854 mm, across 28.084 mm
[RockPrecisionFixDiag]   quad 'Kerbin Zn3010000232': height 600245.839132 m, matrix 600245.839132 m, up 0.000 mm, across 0.000 mm
[RockPrecisionFixDiag]     holder 'Grass00': built, height 600245.860466 m, matrix 600245.808982 m, up -30.150 mm, across 31.122 mm
[RockPrecisionFixDiag]     holder 'Tree00': built, height 600245.860466 m, matrix 600245.808982 m, up -30.150 mm, across 31.122 mm
[RockPrecisionFixDiag]   quad 'Kerbin Zn3010000231': height 600273.718287 m, matrix 600273.718287 m, up 0.000 mm, across 0.000 mm
[RockPrecisionFixDiag]     holder 'Grass00': built, height 600273.810164 m, matrix 600273.733034 m, up +14.747 mm, across 27.794 mm
[RockPrecisionFixDiag]     holder 'Tree00': built, height 600273.810164 m, matrix 600273.733034 m, up +14.747 mm, across 27.794 mm
[RockPrecisionFixDiag]   quad 'Kerbin Zn3010000230': height 600239.585178 m, matrix 600239.585178 m, up 0.000 mm, across 0.000 mm
[RockPrecisionFixDiag]     holder 'Grass00': built, height 600239.568911 m, matrix 600239.620396 m, up +35.219 mm, across 5.122 mm
[RockPrecisionFixDiag]     holder 'Tree00': built, height 600239.568911 m, matrix 600239.620396 m, up +35.219 mm, across 5.122 mm
[RockPrecisionFixDiag]   quad 'Kerbin Zn3010000213': height 600292.233362 m, matrix 600292.233362 m, up 0.000 mm, across 0.000 mm
[RockPrecisionFixDiag]     holder 'Grass00': built, height 600292.235212 m, matrix 600292.209502 m, up -23.860 mm, across 12.925 mm
[RockPrecisionFixDiag]     holder 'Tree00': built, height 600292.235212 m, matrix 600292.209502 m, up -23.860 mm, across 12.925 mm
[RockPrecisionFixDiag]   quad 'Kerbin Zn3010000212': height 600278.908980 m, matrix 600278.908980 m, up 0.000 mm, across 0.000 mm
[RockPrecisionFixDiag]     holder 'Grass00': built, height 600278.855036 m, matrix 600278.906523 m, up -2.458 mm, across 15.201 mm
[RockPrecisionFixDiag]     holder 'Tree00': built, height 600278.855036 m, matrix 600278.906523 m, up -2.458 mm, across 15.201 mm
[RockPrecisionFixDiag]   quad 'Kerbin Zn3010000211': height 600331.669238 m, matrix 600331.669238 m, up 0.000 mm, across 0.000 mm
[RockPrecisionFixDiag]     holder 'Grass00': built, height 600331.686321 m, matrix 600331.678371 m, up +9.133 mm, across 7.638 mm
[RockPrecisionFixDiag]     holder 'Tree00': built, height 600331.686321 m, matrix 600331.678371 m, up +9.133 mm, across 7.638 mm
[RockPrecisionFixDiag]   quad 'Kerbin Zn3010000210': height 600271.300773 m, matrix 600271.300773 m, up 0.000 mm, across 0.000 mm
[RockPrecisionFixDiag]     holder 'Grass00': built, height 600271.295187 m, matrix 600271.320931 m, up +20.158 mm, across 7.765 mm
[RockPrecisionFixDiag]     holder 'Tree00': built, height 600271.295187 m, matrix 600271.320931 m, up +20.158 mm, across 7.765 mm
[RockPrecisionFixDiag]   quad 'Kerbin Zn3010000203': height 600237.244037 m, matrix 600237.244037 m, up 0.000 mm, across 0.000 mm
[RockPrecisionFixDiag]     holder 'Grass00': built, height 600237.295013 m, matrix 600237.243462 m, up -0.575 mm, across 13.418 mm
[RockPrecisionFixDiag]     holder 'Tree00': built, height 600237.295013 m, matrix 600237.243462 m, up -0.575 mm, across 13.418 mm
[RockPrecisionFixDiag]   quad 'Kerbin Zn3010000202': height 600240.651191 m, matrix 600240.651191 m, up 0.000 mm, across 0.000 mm
[RockPrecisionFixDiag]     holder 'Grass00': built, height 600240.672447 m, matrix 600240.680637 m, up +29.446 mm, across 0.811 mm
[RockPrecisionFixDiag]     holder 'Tree00': built, height 600240.672447 m, matrix 600240.680637 m, up +29.446 mm, across 0.811 mm
[RockPrecisionFixDiag]   quad 'Kerbin Zn3010000201': height 600253.845414 m, matrix 600253.845414 m, up 0.000 mm, across 0.000 mm
[RockPrecisionFixDiag]     holder 'Grass00': built, height 600253.858908 m, matrix 600253.867017 m, up +21.603 mm, across 0.060 mm
[RockPrecisionFixDiag]     holder 'Tree00': built, height 600253.858908 m, matrix 600253.867017 m, up +21.603 mm, across 0.060 mm
[RockPrecisionFixDiag]   quad 'Kerbin Zn3010000200': height 600248.967298 m, matrix 600248.967298 m, up 0.000 mm, across 0.000 mm
[RockPrecisionFixDiag]     holder 'Grass00': built, height 600249.006895 m, matrix 600249.024514 m, up +57.215 mm, across 5.892 mm
[RockPrecisionFixDiag]     holder 'Tree00': built, height 600249.006895 m, matrix 600249.024514 m, up +57.215 mm, across 5.892 mm
[RockPrecisionFixDiag]   quad 'Kerbin Zn3010000133': height 600126.805869 m, matrix 600126.805869 m, up 0.000 mm, across 0.000 mm
[RockPrecisionFixDiag]     holder 'Grass00': built, height 600126.840766 m, matrix 600126.815185 m, up +9.317 mm, across 29.327 mm
[RockPrecisionFixDiag]     holder 'Tree00': built, height 600126.840766 m, matrix 600126.815185 m, up +9.317 mm, across 29.327 mm
[RockPrecisionFixDiag]   quad 'Kerbin Zn3010000132': height 600212.377119 m, matrix 600212.377119 m, up 0.000 mm, across 0.000 mm
[RockPrecisionFixDiag]     holder 'Grass00': built, height 600212.349629 m, matrix 600212.375243 m, up -1.876 mm, across 19.048 mm
[RockPrecisionFixDiag]     holder 'Tree00': built, height 600212.349629 m, matrix 600212.375243 m, up -1.876 mm, across 19.048 mm
[RockPrecisionFixDiag]   quad 'Kerbin Zn3010000131': height 600164.314234 m, matrix 600164.314234 m, up 0.000 mm, across 0.000 mm
[RockPrecisionFixDiag]     holder 'Grass00': built, height 600164.308362 m, matrix 600164.282781 m, up -31.453 mm, across 6.712 mm
[RockPrecisionFixDiag]     holder 'Tree00': built, height 600164.308362 m, matrix 600164.282781 m, up -31.453 mm, across 6.712 mm
[RockPrecisionFixDiag]   quad 'Kerbin Zn3010000130': height 600190.635340 m, matrix 600190.635340 m, up 0.000 mm, across 0.000 mm
[RockPrecisionFixDiag]     holder 'Grass00': built, height 600190.648138 m, matrix 600190.596911 m, up -38.429 mm, across 35.988 mm
[RockPrecisionFixDiag]     holder 'Tree00': built, height 600190.648138 m, matrix 600190.596911 m, up -38.429 mm, across 35.988 mm
[RockPrecisionFixDiag]   quad 'Kerbin Zn3010000123': height 600203.275534 m, matrix 600203.275534 m, up 0.000 mm, across 0.000 mm
[RockPrecisionFixDiag]     holder 'Grass00': built, height 600203.342370 m, matrix 600203.308932 m, up +33.398 mm, across 32.377 mm
[RockPrecisionFixDiag]     holder 'Tree00': built, height 600203.342370 m, matrix 600203.308932 m, up +33.398 mm, across 32.377 mm
[RockPrecisionFixDiag]   quad 'Kerbin Zn3010000122': height 600239.513312 m, matrix 600239.513312 m, up 0.000 mm, across 0.000 mm
[RockPrecisionFixDiag]     holder 'Grass00': built, height 600239.529846 m, matrix 600239.504167 m, up -9.145 mm, across 44.222 mm
[RockPrecisionFixDiag]     holder 'Tree00': built, height 600239.529846 m, matrix 600239.504167 m, up -9.145 mm, across 44.222 mm
[RockPrecisionFixDiag]   quad 'Kerbin Zn3010000121': height 600217.201081 m, matrix 600217.201081 m, up 0.000 mm, across 0.000 mm
[RockPrecisionFixDiag]     holder 'Grass00': built, height 600217.248802 m, matrix 600217.241011 m, up +39.929 mm, across 20.394 mm
[RockPrecisionFixDiag]     holder 'Tree00': built, height 600217.248802 m, matrix 600217.241011 m, up +39.929 mm, across 20.394 mm
[RockPrecisionFixDiag]   quad 'Kerbin Zn3010000120': height 600226.532487 m, matrix 600226.532487 m, up 0.000 mm, across 0.000 mm
[RockPrecisionFixDiag]     holder 'Grass00': built, height 600226.538153 m, matrix 600226.538153 m, up +5.666 mm, across 7.955 mm
[RockPrecisionFixDiag]     holder 'Tree00': built, height 600226.538153 m, matrix 600226.538153 m, up +5.666 mm, across 7.955 mm
[RockPrecisionFixDiag]   quad 'Kerbin Zn3010000112': height 600227.195431 m, matrix 600227.195431 m, up 0.000 mm, across 0.000 mm
[RockPrecisionFixDiag]     holder 'Grass00': built, height 600227.180549 m, matrix 600227.180549 m, up -14.882 mm, across 29.875 mm
[RockPrecisionFixDiag]     holder 'Tree00': built, height 600227.180549 m, matrix 600227.180549 m, up -14.882 mm, across 29.875 mm
[RockPrecisionFixDiag]   quad 'Kerbin Zn3010000103': height 600230.029890 m, matrix 600230.029890 m, up 0.000 mm, across 0.000 mm
[RockPrecisionFixDiag]     holder 'Grass00': built, height 600230.108725 m, matrix 600230.013930 m, up -15.959 mm, across 23.010 mm
[RockPrecisionFixDiag]     holder 'Tree00': built, height 600230.108725 m, matrix 600230.013930 m, up -15.959 mm, across 23.010 mm
[RockPrecisionFixDiag]   quad 'Kerbin Zn3010000102': height 600230.717325 m, matrix 600230.717325 m, up 0.000 mm, across 0.000 mm
[RockPrecisionFixDiag]     holder 'Grass00': built, height 600230.707432 m, matrix 600230.707432 m, up -9.893 mm, across 34.788 mm
[RockPrecisionFixDiag]     holder 'Tree00': built, height 600230.707432 m, matrix 600230.707432 m, up -9.893 mm, across 34.788 mm
[RockPrecisionFixDiag]   quad 'Kerbin Zn3010000101': height 600259.953354 m, matrix 600259.953354 m, up 0.000 mm, across 0.000 mm
[RockPrecisionFixDiag]     holder 'Grass00': built, height 600259.919916 m, matrix 600259.971209 m, up +17.855 mm, across 25.647 mm
[RockPrecisionFixDiag]     holder 'Tree00': built, height 600259.919916 m, matrix 600259.971209 m, up +17.855 mm, across 25.647 mm
[RockPrecisionFixDiag]   quad 'Kerbin Zn3010000100': height 600253.724572 m, matrix 600253.724572 m, up 0.000 mm, across 0.000 mm
[RockPrecisionFixDiag]     holder 'Grass00': built, height 600253.735190 m, matrix 600253.735190 m, up +10.618 mm, across 32.449 mm
[RockPrecisionFixDiag]     holder 'Tree00': built, height 600253.735190 m, matrix 600253.735190 m, up +10.618 mm, across 32.449 mm
[RockPrecisionFixDiag]   quad 'Kerbin Zn3010000033': height 600313.717197 m, matrix 600313.717197 m, up 0.000 mm, across 0.000 mm
[RockPrecisionFixDiag]     holder 'Grass00': built, height 600313.715011 m, matrix 600313.715011 m, up -2.187 mm, across 23.468 mm
[RockPrecisionFixDiag]     holder 'Tree00': built, height 600313.715011 m, matrix 600313.715011 m, up -2.187 mm, across 23.468 mm
[RockPrecisionFixDiag]   quad 'Kerbin Zn3010000032': height 600248.663752 m, matrix 600248.663752 m, up 0.000 mm, across 0.000 mm
[RockPrecisionFixDiag]     holder 'Grass00': built, height 600248.721455 m, matrix 600248.644224 m, up -19.529 mm, across 58.187 mm
[RockPrecisionFixDiag]     holder 'Tree00': built, height 600248.721455 m, matrix 600248.644224 m, up -19.529 mm, across 58.187 mm
[RockPrecisionFixDiag]   quad 'Kerbin Zn3010000031': height 600280.000960 m, matrix 600280.000960 m, up 0.000 mm, across 0.000 mm
[RockPrecisionFixDiag]     holder 'Grass00': built, height 600279.981577 m, matrix 600279.999338 m, up -1.621 mm, across 22.781 mm
[RockPrecisionFixDiag]     holder 'Tree00': built, height 600279.981577 m, matrix 600279.999338 m, up -1.621 mm, across 22.781 mm
[RockPrecisionFixDiag]   quad 'Kerbin Zn3010000030': height 600256.867030 m, matrix 600256.867030 m, up 0.000 mm, across 0.000 mm
[RockPrecisionFixDiag]     holder 'Grass00': built, height 600256.954664 m, matrix 600256.920889 m, up +53.859 mm, across 15.399 mm
[RockPrecisionFixDiag]     holder 'Tree00': built, height 600256.954664 m, matrix 600256.920889 m, up +53.859 mm, across 15.399 mm
[RockPrecisionFixDiag]   quad 'Kerbin Zn3010000023': height 600244.637752 m, matrix 600244.637752 m, up 0.000 mm, across 0.000 mm
[RockPrecisionFixDiag]     holder 'Grass00': built, height 600244.678140 m, matrix 600244.652364 m, up +14.612 mm, across 1.140 mm
[RockPrecisionFixDiag]     holder 'Tree00': built, height 600244.678140 m, matrix 600244.652364 m, up +14.612 mm, across 1.140 mm
[RockPrecisionFixDiag]   quad 'Kerbin Zn3010000022': height 600288.746475 m, matrix 600288.746475 m, up 0.000 mm, across 0.000 mm
[RockPrecisionFixDiag]     holder 'Grass00': built, height 600288.809806 m, matrix 600288.732379 m, up -14.096 mm, across 11.396 mm
[RockPrecisionFixDiag]     holder 'Tree00': built, height 600288.809806 m, matrix 600288.732379 m, up -14.096 mm, across 11.396 mm
[RockPrecisionFixDiag]   quad 'Kerbin Zn3010000021': height 600225.876190 m, matrix 600225.876190 m, up 0.000 mm, across 0.000 mm
[RockPrecisionFixDiag]     holder 'Grass00': built, height 600225.896735 m, matrix 600225.845182 m, up -31.009 mm, across 53.218 mm
[RockPrecisionFixDiag]     holder 'Tree00': built, height 600225.896735 m, matrix 600225.845182 m, up -31.009 mm, across 53.218 mm
[RockPrecisionFixDiag]   quad 'Kerbin Zn3010000020': height 600242.273487 m, matrix 600242.273487 m, up 0.000 mm, across 0.000 mm
[RockPrecisionFixDiag]     holder 'Grass00': built, height 600242.319494 m, matrix 600242.311304 m, up +37.817 mm, across 9.069 mm
[RockPrecisionFixDiag]     holder 'Tree00': built, height 600242.319494 m, matrix 600242.311304 m, up +37.817 mm, across 9.069 mm
[RockPrecisionFixDiag]   quad 'Kerbin Zn3010000013': height 600242.615912 m, matrix 600242.615912 m, up 0.000 mm, across 0.000 mm
[RockPrecisionFixDiag]     holder 'Grass00': built, height 600242.589893 m, matrix 600242.572131 m, up -43.781 mm, across 6.209 mm
[RockPrecisionFixDiag]     holder 'Tree00': built, height 600242.589893 m, matrix 600242.572131 m, up -43.781 mm, across 6.209 mm
[RockPrecisionFixDiag]   quad 'Kerbin Zn3010000012': height 600273.374929 m, matrix 600273.374929 m, up 0.000 mm, across 0.000 mm
[RockPrecisionFixDiag]     holder 'Grass00': built, height 600273.389246 m, matrix 600273.363501 m, up -11.427 mm, across 5.789 mm
[RockPrecisionFixDiag]     holder 'Tree00': built, height 600273.389246 m, matrix 600273.363501 m, up -11.427 mm, across 5.789 mm
[RockPrecisionFixDiag]   quad 'Kerbin Zn3010000011': height 600220.717797 m, matrix 600220.717797 m, up 0.000 mm, across 0.000 mm
[RockPrecisionFixDiag]     holder 'Grass00': built, height 600220.643960 m, matrix 600220.721096 m, up +3.299 mm, across 19.383 mm
[RockPrecisionFixDiag]     holder 'Tree00': built, height 600220.643960 m, matrix 600220.721096 m, up +3.299 mm, across 19.383 mm
[RockPrecisionFixDiag]   quad 'Kerbin Zn3010000010': height 600189.655048 m, matrix 600189.655048 m, up 0.000 mm, across 0.000 mm
[RockPrecisionFixDiag]     holder 'Grass00': built, height 600189.689474 m, matrix 600189.637985 m, up -17.063 mm, across 32.485 mm
[RockPrecisionFixDiag]     holder 'Tree00': built, height 600189.689474 m, matrix 600189.637985 m, up -17.063 mm, across 32.485 mm
[RockPrecisionFixDiag]   quad 'Kerbin Zn3010000003': height 600238.468367 m, matrix 600238.468367 m, up 0.000 mm, across 0.000 mm
[RockPrecisionFixDiag]     holder 'Grass00': built, height 600238.495388 m, matrix 600238.443834 m, up -24.533 mm, across 61.803 mm
[RockPrecisionFixDiag]     holder 'Tree00': built, height 600238.495388 m, matrix 600238.443834 m, up -24.533 mm, across 61.803 mm
[RockPrecisionFixDiag]   quad 'Kerbin Zn3010000002': height 600219.460140 m, matrix 600219.460140 m, up 0.000 mm, across 0.000 mm
[RockPrecisionFixDiag]     holder 'Grass00': built, height 600219.497570 m, matrix 600219.489380 m, up +29.240 mm, across 48.028 mm
[RockPrecisionFixDiag]     holder 'Tree00': built, height 600219.497570 m, matrix 600219.489380 m, up +29.240 mm, across 48.028 mm
[RockPrecisionFixDiag]   quad 'Kerbin Zn3010000001': height 600248.200775 m, matrix 600248.200775 m, up 0.000 mm, across 0.000 mm
[RockPrecisionFixDiag]     holder 'Grass00': built, height 600248.217983 m, matrix 600248.217983 m, up +17.208 mm, across 4.690 mm
[RockPrecisionFixDiag]     holder 'Tree00': built, height 600248.217983 m, matrix 600248.217983 m, up +17.208 mm, across 4.690 mm
[RockPrecisionFixDiag]   quad 'Kerbin Zn3010000000': height 600249.583066 m, matrix 600249.583066 m, up 0.000 mm, across 0.000 mm
[RockPrecisionFixDiag]     holder 'Grass00': built, height 600249.605241 m, matrix 600249.656860 m, up +73.794 mm, across 4.606 mm
[RockPrecisionFixDiag]     holder 'Tree00': built, height 600249.605241 m, matrix 600249.656860 m, up +73.794 mm, across 4.606 mm
[RockPrecisionFixDiag]   quad 'Kerbin Zn1232222322': height 600241.011589 m, matrix 600241.011589 m, up 0.000 mm, across 0.000 mm
[RockPrecisionFixDiag]     holder 'Grass00': built, height 600241.026770 m, matrix 600241.026770 m, up +15.181 mm, across 22.748 mm
[RockPrecisionFixDiag]     holder 'Tree00': built, height 600241.026770 m, matrix 600241.026770 m, up +15.181 mm, across 22.748 mm
[RockPrecisionFixDiag]   quad 'Kerbin Zn1232222320': height 600203.253180 m, matrix 600203.253180 m, up 0.000 mm, across 0.000 mm
[RockPrecisionFixDiag]     holder 'Grass00': built, height 600203.244902 m, matrix 600203.296260 m, up +43.080 mm, across 8.782 mm
[RockPrecisionFixDiag]     holder 'Tree00': built, height 600203.244902 m, matrix 600203.296260 m, up +43.080 mm, across 8.782 mm
[RockPrecisionFixDiag]   quad 'Kerbin Zn1232222302': height 600210.795165 m, matrix 600210.795165 m, up 0.000 mm, across 0.000 mm
[RockPrecisionFixDiag]     holder 'Grass00': built, height 600210.813570 m, matrix 600210.787891 m, up -7.274 mm, across 53.773 mm
[RockPrecisionFixDiag]     holder 'Tree00': built, height 600210.813570 m, matrix 600210.787891 m, up -7.274 mm, across 53.773 mm
[RockPrecisionFixDiag]   quad 'Kerbin Zn1232222300': height 600210.992670 m, matrix 600210.992670 m, up 0.000 mm, across 0.000 mm
[RockPrecisionFixDiag]     holder 'Grass00': built, height 600211.060781 m, matrix 600211.009423 m, up +16.753 mm, across 29.085 mm
[RockPrecisionFixDiag]     holder 'Tree00': built, height 600211.060781 m, matrix 600211.009423 m, up +16.753 mm, across 29.085 mm
[RockPrecisionFixDiag]   quad 'Kerbin Zn1232222233': height 600173.701476 m, matrix 600173.701476 m, up 0.000 mm, across 0.000 mm
[RockPrecisionFixDiag]     holder 'Grass00': built, height 600173.711856 m, matrix 600173.729618 m, up +28.142 mm, across 6.375 mm
[RockPrecisionFixDiag]     holder 'Tree00': built, height 600173.711856 m, matrix 600173.729618 m, up +28.142 mm, across 6.375 mm
[RockPrecisionFixDiag]   quad 'Kerbin Zn1232222232': height 600186.581248 m, matrix 600186.581248 m, up 0.000 mm, across 0.000 mm
[RockPrecisionFixDiag]     holder 'Grass00': built, height 600186.604158 m, matrix 600186.604158 m, up +22.910 mm, across 33.727 mm
[RockPrecisionFixDiag]     holder 'Tree00': built, height 600186.604158 m, matrix 600186.604158 m, up +22.910 mm, across 33.727 mm
[RockPrecisionFixDiag]   quad 'Kerbin Zn1232222231': height 600177.289382 m, matrix 600177.289382 m, up 0.000 mm, across 0.000 mm
[RockPrecisionFixDiag]     holder 'Grass00': built, height 600177.264841 m, matrix 600177.264841 m, up -24.541 mm, across 35.350 mm
[RockPrecisionFixDiag]     holder 'Tree00': built, height 600177.264841 m, matrix 600177.264841 m, up -24.541 mm, across 35.350 mm
[RockPrecisionFixDiag]   quad 'Kerbin Zn1232222230': height 600176.853630 m, matrix 600176.853630 m, up 0.000 mm, across 0.000 mm
[RockPrecisionFixDiag]     holder 'Grass00': built, height 600176.895477 m, matrix 600176.895477 m, up +41.847 mm, across 0.504 mm
[RockPrecisionFixDiag]     holder 'Tree00': built, height 600176.895477 m, matrix 600176.895477 m, up +41.847 mm, across 0.504 mm
[RockPrecisionFixDiag]   quad 'Kerbin Zn3010000323': height 600194.806555 m, matrix 600194.806555 m, up 0.000 mm, across 0.000 mm
[RockPrecisionFixDiag]     holder 'Grass00': built, height 600194.791858 m, matrix 600194.766214 m, up -40.341 mm, across 46.312 mm
[RockPrecisionFixDiag]   quad 'Kerbin Zn3010000322': height 600203.817439 m, matrix 600203.817439 m, up 0.000 mm, across 0.000 mm
[RockPrecisionFixDiag]     holder 'Grass00': built, height 600203.874128 m, matrix 600203.797098 m, up -20.341 mm, across 39.214 mm
[RockPrecisionFixDiag]   quad 'Kerbin Zn3010000321': height 600207.436512 m, matrix 600207.436512 m, up 0.000 mm, across 0.000 mm
[RockPrecisionFixDiag]     holder 'Grass00': built, height 600207.426479 m, matrix 600207.444333 m, up +7.820 mm, across 42.747 mm
[RockPrecisionFixDiag]   quad 'Kerbin Zn3010000320': height 600225.973604 m, matrix 600225.973604 m, up 0.000 mm, across 0.000 mm
[RockPrecisionFixDiag]     holder 'Grass00': built, height 600225.995625 m, matrix 600225.995625 m, up +22.022 mm, across 15.480 mm
[RockPrecisionFixDiag]   quad 'Kerbin Zn3010000312': height 600141.400107 m, matrix 600141.400107 m, up 0.000 mm, across 0.000 mm
[RockPrecisionFixDiag]     holder 'Grass00': built, height 600141.407210 m, matrix 600141.432823 m, up +32.716 mm, across 9.755 mm
[RockPrecisionFixDiag]   quad 'Kerbin Zn3010000311': height 600080.089523 m, matrix 600080.089523 m, up 0.000 mm, across 0.000 mm
[RockPrecisionFixDiag]     holder 'Grass00': built, height 600080.169620 m, matrix 600080.118459 m, up +28.937 mm, across 10.641 mm
[RockPrecisionFixDiag]   quad 'Kerbin Zn3010001200': height 599939.945262 m, matrix 599939.945262 m, up 0.000 mm, across 0.000 mm
[RockPrecisionFixDiag]     holder 'boulder': built, height 599939.930223 m, matrix 599939.973765 m, up +28.503 mm, across 17.999 mm
[RockPrecisionFixDiag]   quad 'Kerbin Zn3010001022': height 599978.023783 m, matrix 599978.023783 m, up 0.000 mm, across 0.000 mm
[RockPrecisionFixDiag]     holder 'boulder': built, height 599978.081281 m, matrix 599978.081281 m, up +57.498 mm, across 8.252 mm
[RockPrecisionFixDiag]   quad 'Kerbin Zn3010000330': height 599959.150208 m, matrix 599959.150208 m, up 0.000 mm, across 0.000 mm
[RockPrecisionFixDiag]     holder 'boulder': built, height 599959.232464 m, matrix 599959.181240 m, up +31.031 mm, across 18.730 mm
[RockPrecisionFixDiag]   quad 'Kerbin Zn3010000313': height 600041.740727 m, matrix 600041.740727 m, up 0.000 mm, across 0.000 mm
[RockPrecisionFixDiag]     holder 'boulder': built, height 600041.724033 m, matrix 600041.749613 m, up +8.885 mm, across 0.558 mm
[RockPrecisionFixDiag]   rock 'Kerbin Zn3010000130' 'Grass00' #0: ground 600188.736668 m, lowest point 600188.256953 m, -479.715 mm above the ground
[RockPrecisionFixDiag]   rock 'Kerbin Zn3010000130' 'Grass00' #1: ground 600199.882288 m, lowest point 600199.592856 m, -289.432 mm above the ground
[RockPrecisionFixDiag]   rock 'Kerbin Zn3010000130' 'Grass00' #2: ground 600187.167772 m, lowest point 600186.879248 m, -288.524 mm above the ground
[RockPrecisionFixDiag]   rock 'Kerbin Zn3010000130' 'Grass00' #3: ground 600199.186878 m, lowest point 600198.896742 m, -290.136 mm above the ground
[RockPrecisionFixDiag]   rock 'Kerbin Zn3010000130' 'Grass00' #4: ground 600203.879015 m, lowest point 600203.633899 m, -245.117 mm above the ground
[RockPrecisionFixDiag]   rock 'Kerbin Zn3010000130' 'Grass00' #5: ground 600188.374547 m, lowest point 600187.947396 m, -427.151 mm above the ground
[RockPrecisionFixDiag]   rock 'Kerbin Zn3010000130' 'Grass00' #6: ground 600195.665488 m, lowest point 600195.376739 m, -288.749 mm above the ground
[RockPrecisionFixDiag]   rock 'Kerbin Zn3010000130' 'Grass00' #7: ground 600190.627917 m, lowest point 600189.533346 m, -1094.571 mm above the ground
[RockPrecisionFixDiag]   rock 'Kerbin Zn3010000130' 'Grass00' #8: ground 600196.368150 m, lowest point 600196.155015 m, -213.134 mm above the ground
[RockPrecisionFixDiag]   rock 'Kerbin Zn3010000130' 'Grass00' #9: ground 600202.367165 m, lowest point 600202.172256 m, -194.909 mm above the ground
[RockPrecisionFixDiag]   rock 'Kerbin Zn3010000130' 'Grass00' #10: ground 600187.151172 m, lowest point 600187.176188 m, +25.017 mm above the ground
[RockPrecisionFixDiag]   rock 'Kerbin Zn3010000130' 'Grass00' #11: ground 600191.840432 m, lowest point 600191.551639 m, -288.793 mm above the ground
[RockPrecisionFixDiag]   rock 'Kerbin Zn3010000130' 'Grass00' #12: ground 600186.701313 m, lowest point 600186.413102 m, -288.211 mm above the ground
[RockPrecisionFixDiag]   rock 'Kerbin Zn3010000130' 'Grass00' #13: ground 600187.055411 m, lowest point 600186.807104 m, -248.307 mm above the ground
[RockPrecisionFixDiag]   rock 'Kerbin Zn3010000130' 'Grass00' #14: ground 600193.669058 m, lowest point 600193.042049 m, -627.008 mm above the ground
[RockPrecisionFixDiag]   rock 'Kerbin Zn3010000130' 'Grass00' #15: ground 600195.855546 m, lowest point 600195.523705 m, -331.841 mm above the ground
[RockPrecisionFixDiag]   rock 'Kerbin Zn3010000130' 'Grass00' #16: ground 600204.260469 m, lowest point 600203.944314 m, -316.155 mm above the ground
[RockPrecisionFixDiag]   rock 'Kerbin Zn3010000130' 'Grass00' #17: ground 600197.570969 m, lowest point 600197.285071 m, -285.898 mm above the ground
[RockPrecisionFixDiag]   rock 'Kerbin Zn3010000130' 'Grass00' #18: ground 600192.417314 m, lowest point 600193.113020 m, +695.706 mm above the ground
[RockPrecisionFixDiag]   rock 'Kerbin Zn3010000130' 'Grass00' #19: ground 600205.233182 m, lowest point 600204.689984 m, -543.198 mm above the ground
[RockPrecisionFixDiag]   rock 'Kerbin Zn3010000130' 'Grass00' #20: ground 600201.919334 m, lowest point 600201.631830 m, -287.504 mm above the ground
[RockPrecisionFixDiag]   rock 'Kerbin Zn3010000130' 'Grass00' #21: ground 600192.746693 m, lowest point 600193.279562 m, +532.869 mm above the ground
[RockPrecisionFixDiag]   rock 'Kerbin Zn3010000130' 'Grass00' #22: ground 600191.737474 m, lowest point 600191.401907 m, -335.568 mm above the ground
[RockPrecisionFixDiag]   rock 'Kerbin Zn3010000130' 'Grass00' #23: ground 600188.460417 m, lowest point 600189.777024 m, +1316.607 mm above the ground
[RockPrecisionFixDiag]   rock 'Kerbin Zn3010000130' 'Grass00' #24: ground 600198.796612 m, lowest point 600198.262985 m, -533.626 mm above the ground
[RockPrecisionFixDiag]   rock 'Kerbin Zn3010000130' 'Grass00' #25: ground 600199.593278 m, lowest point 600199.292313 m, -300.965 mm above the ground
[RockPrecisionFixDiag]   rock 'Kerbin Zn3010000130' 'Grass00' #26: ground 600189.667859 m, lowest point 600189.378668 m, -289.191 mm above the ground
[RockPrecisionFixDiag]   rock 'Kerbin Zn3010000130' 'Grass00' #27: ground 600199.864087 m, lowest point 600199.493313 m, -370.774 mm above the ground
[RockPrecisionFixDiag]   rock 'Kerbin Zn3010000130' 'Grass00' #28: ground 600199.350547 m, lowest point 600199.061342 m, -289.206 mm above the ground
[RockPrecisionFixDiag]   rock 'Kerbin Zn3010000130' 'Grass00' #29: ground 600192.382755 m, lowest point 600192.093439 m, -289.316 mm above the ground
[RockPrecisionFixDiag]   rock 'Kerbin Zn3010000130' 'Grass00' #30: ground 600191.293392 m, lowest point 600191.006464 m, -286.928 mm above the ground
[RockPrecisionFixDiag]   rock 'Kerbin Zn3010000130' 'Grass00' #31: ground 600201.043219 m, lowest point 600200.680773 m, -362.445 mm above the ground
[RockPrecisionFixDiag]   rock 'Kerbin Zn3010000130' 'Grass00' #32: ground 600193.698808 m, lowest point 600193.368087 m, -330.720 mm above the ground
[RockPrecisionFixDiag]   rock 'Kerbin Zn3010000130' 'Grass00' #33: ground 600195.664335 m, lowest point 600195.394593 m, -269.742 mm above the ground
[RockPrecisionFixDiag]   rock 'Kerbin Zn3010000130' 'Grass00' #34: ground 600192.194738 m, lowest point 600192.351067 m, +156.329 mm above the ground
[RockPrecisionFixDiag]   rock 'Kerbin Zn3010000130' 'Grass00' #35: ground 600191.668971 m, lowest point 600191.382669 m, -286.302 mm above the ground
[RockPrecisionFixDiag]   rock 'Kerbin Zn3010000130' 'Grass00' #36: ground 600189.465446 m, lowest point 600189.177707 m, -287.739 mm above the ground
[RockPrecisionFixDiag]   rock 'Kerbin Zn3010000130' 'Grass00' #37: ground 600187.616899 m, lowest point 600187.327028 m, -289.871 mm above the ground
[RockPrecisionFixDiag]   rock 'Kerbin Zn3010000130' 'Grass00' #38: ground 600203.362112 m, lowest point 600203.127358 m, -234.754 mm above the ground
[RockPrecisionFixDiag]   rock 'Kerbin Zn3010000130' 'Grass00' #39: ground 600197.277583 m, lowest point 600196.504715 m, -772.868 mm above the ground
[RockPrecisionFixDiag]   rock 'Kerbin Zn3010000130' 'Grass00' #40: ground 600194.793161 m, lowest point 600194.593896 m, -199.265 mm above the ground
[RockPrecisionFixDiag]   rock 'Kerbin Zn3010000130' 'Grass00' #41: ground 600194.688531 m, lowest point 600194.400164 m, -288.367 mm above the ground
[RockPrecisionFixDiag]   rock 'Kerbin Zn3010000130' 'Grass00' #42: ground 600201.314907 m, lowest point 600200.940599 m, -374.308 mm above the ground
[RockPrecisionFixDiag]   rock 'Kerbin Zn3010000130' 'Grass00' #43: ground 600198.487650 m, lowest point 600198.198014 m, -289.636 mm above the ground
[RockPrecisionFixDiag]   rock 'Kerbin Zn3010000130' 'Grass00' #44: ground 600214.634876 m, lowest point 600214.343967 m, -290.909 mm above the ground
[RockPrecisionFixDiag]   rock 'Kerbin Zn3010000130' 'Grass00' #45: ground 600201.630581 m, lowest point 600201.301227 m, -329.354 mm above the ground
[RockPrecisionFixDiag]   rock 'Kerbin Zn3010000130' 'Grass00' #46: ground 600197.812897 m, lowest point 600197.917628 m, +104.730 mm above the ground
[RockPrecisionFixDiag]   rock 'Kerbin Zn3010000130' 'Grass00' #47: ground 600196.593278 m, lowest point 600196.304470 m, -288.808 mm above the ground
[RockPrecisionFixDiag]   rock 'Kerbin Zn3010000130' 'Grass00' #48: ground 600197.818120 m, lowest point 600196.892098 m, -926.022 mm above the ground
[RockPrecisionFixDiag]   rock 'Kerbin Zn3010000130' 'Grass00' #49: ground 600202.550146 m, lowest point 600202.260588 m, -289.559 mm above the ground
[RockPrecisionFixDiag]   rock 'Kerbin Zn3010000130' 'Grass00' #50: ground 600204.938228 m, lowest point 600202.850465 m, -2087.763 mm above the ground
[RockPrecisionFixDiag]   rock 'Kerbin Zn3010000130' 'Grass00' #51: ground 600206.958279 m, lowest point 600206.667382 m, -290.897 mm above the ground
[RockPrecisionFixDiag]   rock 'Kerbin Zn3010000130' 'Grass00' #52: ground 600196.624361 m, lowest point 600194.374121 m, -2250.240 mm above the ground
[RockPrecisionFixDiag]   rock 'Kerbin Zn3010000130' 'Grass00' #53: ground 600210.718575 m, lowest point 600210.719904 m, +1.329 mm above the ground
[RockPrecisionFixDiag]   rock 'Kerbin Zn3010000130' 'Grass00' #54: ground 600198.108634 m, lowest point 600199.662740 m, +1554.106 mm above the ground
[RockPrecisionFixDiag]   rock 'Kerbin Zn3010000130' 'Grass00' #55: ground 600187.000643 m, lowest point 600186.829834 m, -170.809 mm above the ground
[RockPrecisionFixDiag]   rock 'Kerbin Zn3010000130' 'Grass00' #56: ground 600195.471750 m, lowest point 600195.321709 m, -150.041 mm above the ground
[RockPrecisionFixDiag]   rock 'Kerbin Zn3010000130' 'Grass00' #57: ground 600191.624783 m, lowest point 600190.659765 m, -965.018 mm above the ground
[RockPrecisionFixDiag]   rock 'Kerbin Zn3010000130' 'Grass00' #58: ground 600201.637854 m, lowest point 600201.347076 m, -290.778 mm above the ground
[RockPrecisionFixDiag]   rock 'Kerbin Zn3010000130' 'Grass00' #59: ground 600195.805712 m, lowest point 600195.484833 m, -320.880 mm above the ground
[RockPrecisionFixDiag]   rock 'Kerbin Zn3010000130' 'Grass00' #60: ground 600206.961426 m, lowest point 600206.676353 m, -285.073 mm above the ground
[RockPrecisionFixDiag]   rock 'Kerbin Zn3010000130' 'Grass00' #61: ground 600211.746036 m, lowest point 600211.457068 m, -288.968 mm above the ground
[RockPrecisionFixDiag]   rock 'Kerbin Zn3010000130' 'Grass00' #62: ground 600199.586530 m, lowest point 600199.241451 m, -345.079 mm above the ground
[RockPrecisionFixDiag]   rock 'Kerbin Zn3010000130' 'Grass00' #63: ground 600203.604704 m, lowest point 600203.318276 m, -286.428 mm above the ground
[RockPrecisionFixDiag]   rock 'Kerbin Zn3010000130' 'Grass00' #64: ground 600204.277666 m, lowest point 600204.044995 m, -232.672 mm above the ground
[RockPrecisionFixDiag]   rock 'Kerbin Zn3010000130' 'Grass00' #65: ground 600192.274059 m, lowest point 600191.984738 m, -289.321 mm above the ground
[RockPrecisionFixDiag]   rock 'Kerbin Zn3010000130' 'Grass00' #66: ground 600201.826494 m, lowest point 600201.529961 m, -296.532 mm above the ground
[RockPrecisionFixDiag]   rock 'Kerbin Zn3010000130' 'Grass00' #67: ground 600192.930004 m, lowest point 600192.970151 m, +40.147 mm above the ground
[RockPrecisionFixDiag]   rock 'Kerbin Zn3010000130' 'Grass00' #68: ground 600198.139957 m, lowest point 600199.199461 m, +1059.505 mm above the ground
[RockPrecisionFixDiag]   rock 'Kerbin Zn3010000130' 'Grass00' #69: ground 600191.816570 m, lowest point 600191.584716 m, -231.853 mm above the ground
[RockPrecisionFixDiag]   rock 'Kerbin Zn3010000130' 'Grass00' #70: ground 600192.389617 m, lowest point 600192.238882 m, -150.735 mm above the ground
[RockPrecisionFixDiag]   rock 'Kerbin Zn3010000130' 'Grass00' #71: ground 600206.100814 m, lowest point 600204.284751 m, -1816.063 mm above the ground
[RockPrecisionFixDiag]   rock 'Kerbin Zn3010000130' 'Grass00' #72: ground 600192.980752 m, lowest point 600192.693186 m, -287.566 mm above the ground
[RockPrecisionFixDiag]   rock 'Kerbin Zn3010000130' 'Grass00' #73: ground 600188.557667 m, lowest point 600188.478398 m, -79.269 mm above the ground
[RockPrecisionFixDiag]   rock 'Kerbin Zn3010000130' 'Grass00' #74: ground 600201.694349 m, lowest point 600202.854489 m, +1160.140 mm above the ground
[RockPrecisionFixDiag]   rock 'Kerbin Zn3010000130' 'Grass00' #75: ground 600199.623643 m, lowest point 600199.333903 m, -289.740 mm above the ground
[RockPrecisionFixDiag]   rock 'Kerbin Zn3010000130' 'Grass00' #76: ground 600189.375349 m, lowest point 600188.457611 m, -917.738 mm above the ground
[RockPrecisionFixDiag]   rock 'Kerbin Zn3010000130' 'Grass00' #77: ground 600194.032251 m, lowest point 600193.679113 m, -353.138 mm above the ground
[RockPrecisionFixDiag]   rock 'Kerbin Zn3010000130' 'Grass00' #78: ground 600204.082228 m, lowest point 600203.795008 m, -287.220 mm above the ground
[RockPrecisionFixDiag]   rock 'Kerbin Zn3010000130' 'Grass00' #79: ground 600194.915896 m, lowest point 600194.666563 m, -249.333 mm above the ground
[RockPrecisionFixDiag]   rock 'Kerbin Zn3010000130' 'Grass00' #80: ground 600188.915617 m, lowest point 600188.462988 m, -452.629 mm above the ground
[RockPrecisionFixDiag]   rock 'Kerbin Zn3010000130' 'Grass00' #81: ground 600189.860333 m, lowest point 600189.796720 m, -63.613 mm above the ground
[RockPrecisionFixDiag]   rock 'Kerbin Zn3010000130' 'Grass00' #82: ground 600189.034713 m, lowest point 600188.764751 m, -269.961 mm above the ground
[RockPrecisionFixDiag]   rock 'Kerbin Zn3010000130' 'Grass00' #83: ground 600213.444948 m, lowest point 600213.152557 m, -292.391 mm above the ground
[RockPrecisionFixDiag]   rock 'Kerbin Zn3010000130' 'Grass00' #84: ground 600205.912071 m, lowest point 600205.626976 m, -285.095 mm above the ground
[RockPrecisionFixDiag]   rock 'Kerbin Zn3010000130' 'Grass00' #85: ground 600191.604464 m, lowest point 600191.075663 m, -528.801 mm above the ground
[RockPrecisionFixDiag]   rock 'Kerbin Zn3010000130' 'Grass00' #86: ground 600203.239850 m, lowest point 600202.948811 m, -291.040 mm above the ground
[RockPrecisionFixDiag]   rock 'Kerbin Zn3010000130' 'Grass00' #87: ground 600202.219100 m, lowest point 600201.948984 m, -270.116 mm above the ground
[RockPrecisionFixDiag]   rock 'Kerbin Zn3010000130' 'Grass00' #88: ground 600194.884323 m, lowest point 600194.645354 m, -238.969 mm above the ground
[RockPrecisionFixDiag]   rock 'Kerbin Zn3010000130' 'Grass00' #89: ground 600202.006022 m, lowest point 600201.737304 m, -268.718 mm above the ground
[RockPrecisionFixDiag]   rock 'Kerbin Zn3010000130' 'Grass00' #90: ground 600191.368082 m, lowest point 600191.079273 m, -288.808 mm above the ground
[RockPrecisionFixDiag]   rock 'Kerbin Zn3010000130' 'Grass00' #91: ground 600204.028643 m, lowest point 600203.551219 m, -477.424 mm above the ground
[RockPrecisionFixDiag]   rock 'Kerbin Zn3010000130' 'Grass00' #92: ground 600188.732977 m, lowest point 600188.442474 m, -290.503 mm above the ground
[RockPrecisionFixDiag]   rock 'Kerbin Zn3010000130' 'Grass00' #93: ground 600201.126876 m, lowest point 600200.675670 m, -451.206 mm above the ground
[RockPrecisionFixDiag]   rock 'Kerbin Zn3010000130' 'Grass00' #94: ground 600190.418691 m, lowest point 600190.132015 m, -286.676 mm above the ground
[RockPrecisionFixDiag]   rock 'Kerbin Zn3010000130' 'Grass00' #95: ground 600206.607668 m, lowest point 600206.322591 m, -285.077 mm above the ground
[RockPrecisionFixDiag]   rock 'Kerbin Zn3010000130' 'Grass00' #96: ground 600191.291816 m, lowest point 600191.031017 m, -260.799 mm above the ground
[RockPrecisionFixDiag]   rock 'Kerbin Zn3010000130' 'Grass00' #97: ground 600195.539687 m, lowest point 600195.251976 m, -287.711 mm above the ground
[RockPrecisionFixDiag]   rock 'Kerbin Zn3010000130' 'Grass00' #98: ground 600186.429402 m, lowest point 600186.216866 m, -212.536 mm above the ground
[RockPrecisionFixDiag]   rock 'Kerbin Zn3010000130' 'Grass00' #99: ground 600199.971057 m, lowest point 600199.681801 m, -289.255 mm above the ground
[RockPrecisionFixDiag]   rock 'Kerbin Zn3010000130' 'Grass00' #100: ground 600204.296153 m, lowest point 600204.062346 m, -233.807 mm above the ground
[RockPrecisionFixDiag]   rock 'Kerbin Zn3010000130' 'Grass00' #101: ground 600186.798945 m, lowest point 600186.521850 m, -277.095 mm above the ground
[RockPrecisionFixDiag]   rock 'Kerbin Zn3010000130' 'Grass00' #102: ground 600203.485332 m, lowest point 600203.121476 m, -363.856 mm above the ground
[RockPrecisionFixDiag]   rock 'Kerbin Zn3010000130' 'Grass00' #103: ground 600197.487817 m, lowest point 600197.437469 m, -50.348 mm above the ground
[RockPrecisionFixDiag]   rock 'Kerbin Zn3010000130' 'Grass00' #104: ground 600205.779006 m, lowest point 600205.426818 m, -352.188 mm above the ground
[RockPrecisionFixDiag]   rock 'Kerbin Zn3010000130' 'Grass00' #105: ground 600194.699706 m, lowest point 600194.494066 m, -205.640 mm above the ground
[RockPrecisionFixDiag]   rock 'Kerbin Zn3010000130' 'Grass00' #106: ground 600191.351374 m, lowest point 600191.808128 m, +456.754 mm above the ground
[RockPrecisionFixDiag]   rock 'Kerbin Zn3010000130' 'Grass00' #107: ground 600202.413532 m, lowest point 600202.109289 m, -304.243 mm above the ground
[RockPrecisionFixDiag]   rock 'Kerbin Zn3010000130' 'Grass00' #108: ground 600200.359105 m, lowest point 600200.028644 m, -330.461 mm above the ground
[RockPrecisionFixDiag]   rock 'Kerbin Zn3010000130' 'Grass00' #109: ground 600217.214905 m, lowest point 600216.927346 m, -287.558 mm above the ground
[RockPrecisionFixDiag]   rock 'Kerbin Zn3010000130' 'Grass00' #110: ground 600202.861826 m, lowest point 600202.628704 m, -233.122 mm above the ground
[RockPrecisionFixDiag]   rock 'Kerbin Zn3010000130' 'Grass00' #111: ground 600193.170134 m, lowest point 600192.880547 m, -289.588 mm above the ground
[RockPrecisionFixDiag]   rock 'Kerbin Zn3010000130' 'Grass00' #112: ground 600203.075571 m, lowest point 600204.152577 m, +1077.006 mm above the ground
[RockPrecisionFixDiag]   rock 'Kerbin Zn3010000130' 'Grass00' #113: ground 600204.759314 m, lowest point 600204.500201 m, -259.112 mm above the ground
[RockPrecisionFixDiag]   rock 'Kerbin Zn3010000130' 'Grass00' #114: ground 600191.506202 m, lowest point 600191.215962 m, -290.240 mm above the ground
[RockPrecisionFixDiag]   rock 'Kerbin Zn3010000130' 'Grass00' #115: ground 600189.789662 m, lowest point 600189.505811 m, -283.851 mm above the ground
[RockPrecisionFixDiag]   rock 'Kerbin Zn3010000130' 'Grass00' #116: ground 600205.768961 m, lowest point 600205.441802 m, -327.159 mm above the ground
[RockPrecisionFixDiag]   rock 'Kerbin Zn3010000130' 'Grass00' #117: ground 600202.305624 m, lowest point 600202.157054 m, -148.570 mm above the ground
[RockPrecisionFixDiag]   rock 'Kerbin Zn3010000130' 'Grass00' #118: ground 600205.886514 m, lowest point 600206.797682 m, +911.168 mm above the ground
[RockPrecisionFixDiag]   rock 'Kerbin Zn3010000130' 'Grass00' #119: ground 600195.304931 m, lowest point 600194.861600 m, -443.331 mm above the ground
[RockPrecisionFixDiag]   rock 'Kerbin Zn3010000130' 'Grass00' #120: ground 600203.045232 m, lowest point 600202.758787 m, -286.445 mm above the ground
[RockPrecisionFixDiag]   rock 'Kerbin Zn3010000130' 'Grass00' #121: ground 600200.267492 m, lowest point 600199.949062 m, -318.430 mm above the ground
[RockPrecisionFixDiag]   rock 'Kerbin Zn3010000130' 'Grass00' #122: ground 600189.837170 m, lowest point 600189.750150 m, -87.021 mm above the ground
[RockPrecisionFixDiag]   rock 'Kerbin Zn3010000130' 'Grass00' #123: ground 600204.511271 m, lowest point 600204.231028 m, -280.243 mm above the ground
[RockPrecisionFixDiag]   rock 'Kerbin Zn3010000130' 'Grass00' #124: ground 600195.578422 m, lowest point 600195.291088 m, -287.334 mm above the ground
[RockPrecisionFixDiag]   rock 'Kerbin Zn3010000130' 'Grass00' #125: ground 600193.879666 m, lowest point 600193.045524 m, -834.142 mm above the ground
[RockPrecisionFixDiag]   rock 'Kerbin Zn3010000130' 'Grass00' #126: ground 600192.359588 m, lowest point 600192.069995 m, -289.594 mm above the ground
[RockPrecisionFixDiag]   rock 'Kerbin Zn3010000130' 'Grass00' #127: ground 600203.851877 m, lowest point 600203.361299 m, -490.578 mm above the ground
[RockPrecisionFixDiag]   rock 'Kerbin Zn3010000130' 'Grass00' #128: ground 600195.660866 m, lowest point 600195.395454 m, -265.412 mm above the ground
[RockPrecisionFixDiag]   rock 'Kerbin Zn3010000130' 'Grass00' #129: ground 600197.549431 m, lowest point 600197.260482 m, -288.949 mm above the ground
[RockPrecisionFixDiag]   rock 'Kerbin Zn3010000130' 'Grass00' #130: ground 600204.571177 m, lowest point 600204.281771 m, -289.406 mm above the ground
[RockPrecisionFixDiag]   rock 'Kerbin Zn3010000130' 'Grass00' #131: ground 600188.081172 m, lowest point 600187.694851 m, -386.320 mm above the ground
[RockPrecisionFixDiag]   rock 'Kerbin Zn3010000130' 'Grass00' #132: ground 600193.891282 m, lowest point 600193.551334 m, -339.948 mm above the ground
[RockPrecisionFixDiag]   rock 'Kerbin Zn3010000130' 'Grass00' #133: ground 600195.126744 m, lowest point 600194.837089 m, -289.655 mm above the ground
[RockPrecisionFixDiag]   rock 'Kerbin Zn3010000130' 'Grass00' #134: ground 600196.210943 m, lowest point 600195.921282 m, -289.660 mm above the ground
[RockPrecisionFixDiag]   rock 'Kerbin Zn3010000130' 'Grass00' #135: ground 600186.681094 m, lowest point 600186.392862 m, -288.232 mm above the ground
[RockPrecisionFixDiag]   rock 'Kerbin Zn3010000130' 'Grass00' #136: ground 600195.407781 m, lowest point 600195.070733 m, -337.048 mm above the ground
[RockPrecisionFixDiag]   rock 'Kerbin Zn3010000130' 'Grass00' #137: ground 600190.026964 m, lowest point 600189.737324 m, -289.639 mm above the ground
[RockPrecisionFixDiag]   rock 'Kerbin Zn3010000130' 'Grass00' #138: ground 600199.805425 m, lowest point 600199.516687 m, -288.738 mm above the ground
[RockPrecisionFixDiag]   rock 'Kerbin Zn3010000130' 'Grass00' #139: ground 600194.123745 m, lowest point 600193.741461 m, -382.284 mm above the ground
[RockPrecisionFixDiag]   rock 'Kerbin Zn3010000130' 'Grass00' #140: ground 600196.647682 m, lowest point 600196.308786 m, -338.896 mm above the ground
[RockPrecisionFixDiag]   rock 'Kerbin Zn3010000130' 'Grass00' #141: ground 600186.522041 m, lowest point 600186.180259 m, -341.782 mm above the ground
[RockPrecisionFixDiag]   rock 'Kerbin Zn3010000130' 'Grass00' #142: ground 600188.697823 m, lowest point 600188.408614 m, -289.209 mm above the ground
[RockPrecisionFixDiag]   rock 'Kerbin Zn3010000130' 'Grass00' #143: ground 600188.444526 m, lowest point 600188.158740 m, -285.786 mm above the ground
[RockPrecisionFixDiag]   rock 'Kerbin Zn3010000130' 'Grass00' #144: ground 600190.594077 m, lowest point 600191.108096 m, +514.019 mm above the ground
[RockPrecisionFixDiag]   rock 'Kerbin Zn3010000130' 'Grass00' #145: ground 600189.469188 m, lowest point 600189.214352 m, -254.836 mm above the ground
[RockPrecisionFixDiag]   rock 'Kerbin Zn3010000130' 'Grass00' #146: ground 600196.974674 m, lowest point 600196.634575 m, -340.099 mm above the ground
[RockPrecisionFixDiag]   rock 'Kerbin Zn3010000130' 'Grass00' #147: ground 600202.276684 m, lowest point 600201.985018 m, -291.666 mm above the ground
[RockPrecisionFixDiag]   rock 'Kerbin Zn3010000130' 'Grass00' #148: ground 600189.459055 m, lowest point 600188.830938 m, -628.117 mm above the ground
[RockPrecisionFixDiag]   rock 'Kerbin Zn3010000130' 'Grass00' #149: ground 600197.514495 m, lowest point 600197.141312 m, -373.183 mm above the ground
[RockPrecisionFixDiag]   rock 'Kerbin Zn3010000130' 'Grass00' #150: ground 600191.155880 m, lowest point 600190.349753 m, -806.127 mm above the ground
[RockPrecisionFixDiag]   rock 'Kerbin Zn3010000130' 'Grass00' #151: ground 600190.821746 m, lowest point 600190.041305 m, -780.441 mm above the ground
[RockPrecisionFixDiag]   rock 'Kerbin Zn3010000130' 'Grass00' #152: ground 600211.754001 m, lowest point 600211.465032 m, -288.968 mm above the ground
[RockPrecisionFixDiag]   rock 'Kerbin Zn3010000130' 'Grass00' #153: ground 600187.254133 m, lowest point 600186.930108 m, -324.025 mm above the ground
[RockPrecisionFixDiag]   rock 'Kerbin Zn3010000130' 'Grass00' #154: ground 600187.026230 m, lowest point 600186.737994 m, -288.236 mm above the ground
[RockPrecisionFixDiag]   rock 'Kerbin Zn3010000130' 'Grass00' #155: ground 600186.715888 m, lowest point 600186.427694 m, -288.193 mm above the ground
[RockPrecisionFixDiag]   rock 'Kerbin Zn3010000130' 'Grass00' #156: ground 600186.341552 m, lowest point 600186.053198 m, -288.354 mm above the ground
[RockPrecisionFixDiag]   rock 'Kerbin Zn3010000130' 'Grass00' #157: ground 600196.157472 m, lowest point 600195.869898 m, -287.573 mm above the ground
[RockPrecisionFixDiag]   rock 'Kerbin Zn3010000130' 'Grass00' #158: ground 600204.300835 m, lowest point 600204.007726 m, -293.110 mm above the ground
[RockPrecisionFixDiag]   rock 'Kerbin Zn3010000130' 'Grass00' #159: ground 600190.774926 m, lowest point 600190.488507 m, -286.418 mm above the ground
[RockPrecisionFixDiag]   rock 'Kerbin Zn3010000130' 'Grass00' #160: ground 600201.338982 m, lowest point 600200.952938 m, -386.044 mm above the ground
[RockPrecisionFixDiag]   rock 'Kerbin Zn3010000130' 'Grass00' #161: ground 600198.042524 m, lowest point 600198.759509 m, +716.985 mm above the ground
[RockPrecisionFixDiag]   rock 'Kerbin Zn3010000130' 'Grass00' #162: ground 600205.296155 m, lowest point 600205.008077 m, -288.078 mm above the ground
[RockPrecisionFixDiag]   rock 'Kerbin Zn3010000130' 'Grass00' #163: ground 600188.836062 m, lowest point 600188.547469 m, -288.593 mm above the ground
[RockPrecisionFixDiag]   rock 'Kerbin Zn3010000130' 'Grass00' #164: ground 600191.294250 m, lowest point 600190.974935 m, -319.315 mm above the ground
[RockPrecisionFixDiag]   rock 'Kerbin Zn3010000130' 'Grass00' #165: ground 600201.352372 m, lowest point 600201.229449 m, -122.923 mm above the ground
[RockPrecisionFixDiag]   rock 'Kerbin Zn3010000130' 'Grass00' #166: ground 600204.619898 m, lowest point 600204.205990 m, -413.908 mm above the ground
[RockPrecisionFixDiag]   rock 'Kerbin Zn3010000130' 'Grass00' #167: ground 600199.298175 m, lowest point 600197.918472 m, -1379.703 mm above the ground
[RockPrecisionFixDiag]   rock 'Kerbin Zn3010000130' 'Grass00' #168: ground 600186.416002 m, lowest point 600186.106028 m, -309.974 mm above the ground
[RockPrecisionFixDiag]   rock 'Kerbin Zn3010000130' 'Grass00' #169: ground 600201.170060 m, lowest point 600200.822452 m, -347.608 mm above the ground
[RockPrecisionFixDiag]   rock 'Kerbin Zn3010000130' 'Grass00' #170: ground 600200.625281 m, lowest point 600200.342871 m, -282.410 mm above the ground
[RockPrecisionFixDiag]   rock 'Kerbin Zn3010000130' 'Grass00' #171: ground 600201.286547 m, lowest point 600201.024940 m, -261.608 mm above the ground
[RockPrecisionFixDiag]   rock 'Kerbin Zn3010000130' 'Grass00' #172: ground 600194.638408 m, lowest point 600194.315598 m, -322.810 mm above the ground
[RockPrecisionFixDiag]   rock 'Kerbin Zn3010000130' 'Grass00' #173: ground 600208.334348 m, lowest point 600208.043299 m, -291.049 mm above the ground
[RockPrecisionFixDiag]   rock 'Kerbin Zn3010000130' 'Grass00' #174: ground 600196.525367 m, lowest point 600196.251889 m, -273.478 mm above the ground
[RockPrecisionFixDiag]   rock 'Kerbin Zn3010000130' 'Grass00' #175: ground 600191.617065 m, lowest point 600191.292176 m, -324.889 mm above the ground
[RockPrecisionFixDiag]   rock 'Kerbin Zn3010000130' 'Grass00' #176: ground 600199.835167 m, lowest point 600199.639718 m, -195.449 mm above the ground
[RockPrecisionFixDiag]   rock 'Kerbin Zn3010000130' 'Grass00' #177: ground 600207.634178 m, lowest point 600207.342946 m, -291.233 mm above the ground
[RockPrecisionFixDiag]   rock 'Kerbin Zn3010000130' 'Grass00' #178: ground 600192.901861 m, lowest point 600192.639726 m, -262.135 mm above the ground
[RockPrecisionFixDiag]   rock 'Kerbin Zn3010000130' 'Grass00' #179: ground 600188.910586 m, lowest point 600188.633377 m, -277.210 mm above the ground
[RockPrecisionFixDiag]   rock 'Kerbin Zn3010000130' 'Grass00' #180: ground 600202.225808 m, lowest point 600201.938309 m, -287.499 mm above the ground
[RockPrecisionFixDiag]   rock 'Kerbin Zn3010000130' 'Grass00' #181: ground 600189.690448 m, lowest point 600189.552388 m, -138.060 mm above the ground
[RockPrecisionFixDiag]   rock 'Kerbin Zn3010000130' 'Grass00' #182: ground 600190.354254 m, lowest point 600190.063981 m, -290.273 mm above the ground
[RockPrecisionFixDiag]   rock 'Kerbin Zn3010000130' 'Grass00' #183: ground 600194.425288 m, lowest point 600194.111138 m, -314.149 mm above the ground
[RockPrecisionFixDiag]   rock 'Kerbin Zn3010000130' 'Grass00' #184: ground 600205.268512 m, lowest point 600204.997048 m, -271.464 mm above the ground
[RockPrecisionFixDiag]   rock 'Kerbin Zn3010000130' 'Grass00' #185: ground 600194.059161 m, lowest point 600193.769567 m, -289.594 mm above the ground
[RockPrecisionFixDiag]   rock 'Kerbin Zn3010000130' 'Grass00' #186: ground 600191.572581 m, lowest point 600191.286271 m, -286.311 mm above the ground
[RockPrecisionFixDiag]   rock 'Kerbin Zn3010000130' 'Grass00' #187: ground 600190.391184 m, lowest point 600190.077818 m, -313.366 mm above the ground
[RockPrecisionFixDiag]   rock 'Kerbin Zn3010000130' 'Grass00' #188: ground 600190.246388 m, lowest point 600190.016243 m, -230.145 mm above the ground
[RockPrecisionFixDiag]   rock 'Kerbin Zn3010000130' 'Grass00' #189: ground 600202.880698 m, lowest point 600202.612929 m, -267.769 mm above the ground
[RockPrecisionFixDiag]   rock 'Kerbin Zn3010000130' 'Grass00' #190: ground 600196.539066 m, lowest point 600196.210155 m, -328.911 mm above the ground
[RockPrecisionFixDiag]   rock 'Kerbin Zn3010000130' 'Grass00' #191: ground 600187.779824 m, lowest point 600187.491604 m, -288.220 mm above the ground
[RockPrecisionFixDiag]   rock 'Kerbin Zn3010000130' 'Grass00' #192: ground 600198.430413 m, lowest point 600198.600015 m, +169.602 mm above the ground
[RockPrecisionFixDiag]   rock 'Kerbin Zn3010000130' 'Grass00' #193: ground 600204.803828 m, lowest point 600204.670617 m, -133.212 mm above the ground
[RockPrecisionFixDiag]   rock 'Kerbin Zn3010000130' 'Grass00' #194: ground 600197.436350 m, lowest point 600197.181876 m, -254.474 mm above the ground
[RockPrecisionFixDiag]   rock 'Kerbin Zn3010000130' 'Grass00' #195: ground 600196.769147 m, lowest point 600196.481584 m, -287.563 mm above the ground
[RockPrecisionFixDiag]   rock 'Kerbin Zn3010000130' 'Grass00' #196: ground 600196.426233 m, lowest point 600196.145577 m, -280.656 mm above the ground
[RockPrecisionFixDiag]   rock 'Kerbin Zn3010000130' 'Grass00' #197: ground 600214.632190 m, lowest point 600214.416309 m, -215.881 mm above the ground
[RockPrecisionFixDiag]   rock 'Kerbin Zn3010000130' 'Grass00' #198: ground 600196.957356 m, lowest point 600196.639244 m, -318.112 mm above the ground
[RockPrecisionFixDiag]   rock 'Kerbin Zn3010000130' 'Grass00' #199: ground 600197.761234 m, lowest point 600197.472646 m, -288.588 mm above the ground
[RockPrecisionFixDiag]   rock 'Kerbin Zn3010000130' 'Tree00' #0: ground 600193.474988 m, lowest point 600192.348174 m, -1126.814 mm above the ground
[RockPrecisionFixDiag]   rock 'Kerbin Zn3010000130' 'Tree00' #1: ground 600189.305611 m, lowest point 600187.882473 m, -1423.138 mm above the ground
[RockPrecisionFixDiag]   rock 'Kerbin Zn3010000130' 'Tree00' #2: ground 600190.368323 m, lowest point 600188.837427 m, -1530.896 mm above the ground
[RockPrecisionFixDiag]   rock 'Kerbin Zn3010000130' 'Tree00' #3: ground 600204.502921 m, lowest point 600203.404447 m, -1098.475 mm above the ground
[RockPrecisionFixDiag]   rock 'Kerbin Zn3010000130' 'Tree00' #4: ground 600201.812910 m, lowest point 600200.402732 m, -1410.177 mm above the ground
[RockPrecisionFixDiag]   rock 'Kerbin Zn3010000130' 'Tree00' #5: ground 600193.738831 m, lowest point 600192.276163 m, -1462.668 mm above the ground
[RockPrecisionFixDiag]   rock 'Kerbin Zn3010000130' 'Tree00' #6: ground 600197.216603 m, lowest point 600195.965177 m, -1251.426 mm above the ground
[RockPrecisionFixDiag]   rock 'Kerbin Zn3010000130' 'Tree00' #7: ground 600202.659858 m, lowest point 600201.344450 m, -1315.408 mm above the ground
[RockPrecisionFixDiag]   rock 'Kerbin Zn3010000130' 'Tree00' #8: ground 600189.919448 m, lowest point 600188.488650 m, -1430.798 mm above the ground
[RockPrecisionFixDiag]   rock 'Kerbin Zn3010000130' 'Tree00' #9: ground 600217.819863 m, lowest point 600216.504940 m, -1314.923 mm above the ground
[RockPrecisionFixDiag]   rock 'Kerbin Zn3010000130' 'Tree00' #10: ground 600211.926962 m, lowest point 600210.547153 m, -1379.809 mm above the ground
[RockPrecisionFixDiag]   rock 'Kerbin Zn3010000130' 'Tree00' #11: ground 600194.300085 m, lowest point 600192.358185 m, -1941.901 mm above the ground
[RockPrecisionFixDiag]   rock 'Kerbin Zn3010000130' 'Tree00' #12: ground 600189.175530 m, lowest point 600188.330475 m, -845.055 mm above the ground
[RockPrecisionFixDiag]   rock 'Kerbin Zn3010000130' 'Tree00' #13: ground 600188.192678 m, lowest point 600186.773295 m, -1419.384 mm above the ground
[RockPrecisionFixDiag]   rock 'Kerbin Zn3010000130' 'Tree00' #14: ground 600197.998670 m, lowest point 600196.840699 m, -1157.971 mm above the ground
[RockPrecisionFixDiag]   rock 'Kerbin Zn3010000130' 'Tree00' #15: ground 600199.941020 m, lowest point 600198.335521 m, -1605.499 mm above the ground
[RockPrecisionFixDiag]   rock 'Kerbin Zn3010000130' 'Tree00' #16: ground 600188.854694 m, lowest point 600187.501684 m, -1353.011 mm above the ground
[RockPrecisionFixDiag]   rock 'Kerbin Zn3010000130' 'Tree00' #17: ground 600203.051082 m, lowest point 600201.882993 m, -1168.089 mm above the ground
[RockPrecisionFixDiag] End of record 6: 64 quads with rocks, 118 holders (0 not built yet); nearest quad 'Kerbin Zn3010000130': 218 rocks, 0 without ground under them
